2019-01-11 17:19:07,244 - tornado.application - INFO - #################  send msg to client successfully,the msg is as follow:  #################
2019-01-11 17:19:27,265 - tornado.application - INFO - #################  send msg to client successfully,the msg is as follow:  #################
2019-01-11 17:19:47,284 - tornado.application - INFO - #################  send msg to client successfully,the msg is as follow:  #################
2019-01-11 17:22:27,434 - tornado.application - INFO - {'state': 'heartbeat', 'worker_id': 13902}
2019-01-11 17:24:27,524 - tornado.application - INFO - #################  send msg to client successfully,the msg is as follow:  #################
2019-01-11 17:25:31,247 - tornado.application - INFO - {'msgId': '78b2986b-8ad2-475b-afe5-245b55fe0b61', 'data': {'class_name': 'FeatureFilter', 'param': {'workId': 1692, 'output_show_result': '/liyiwen/5/1692/50ea6b36-efb5-4fb6-97dc-5c08896b673f/feature_filter/output_show_result', 'input': '/liyiwen/5/1692/b74e3c4d-1175-4e1b-8dd3-77b9b196b7a7', 'output': '/liyiwen/5/1692/50ea6b36-efb5-4fb6-97dc-5c08896b673f/feature_filter/output', 'froce_features': [], 'y_col': 'GEO_Y', 'force_enter': '', 'id_features': 0, 'val_features': 0, 'missingvalue_features': 1, 'zero_importance_features': 0, 'low_importance_features': 0, 'colinear_features': 0, 'missingvalue_features_value': '0.8', 'low_importance_features_value': '0.2', 'colinear_features_value': '0.9', 'pre_node_id': 'b74e3c4d-1175-4e1b-8dd3-77b9b196b7a7', 'nodeId': '50ea6b36-efb5-4fb6-97dc-5c08896b673f', 'small_batch': 1}, 'user_name': '5', 'node_id': '50ea6b36-efb5-4fb6-97dc-5c08896b673f'}}
2019-01-11 17:25:31,248 - tornado.application - INFO - {'user_name': '5', 'id': '50ea6b36-efb5-4fb6-97dc-5c08896b673f', 'method': 'FeatureFilter', 'state': 'busy', 'worker_id': 13902}
2019-01-11 17:25:31,248 - tornado.application - INFO - ##############  Test Sparksession state  ##############
work_id = 1692 and module_name like "b74e3c4d-1175-4e1b-8dd3-77b9b196b7a7"
SELECT rows FROM gai_component_rows WHERE work_id = 1692 and node_id = "b74e3c4d-1175-4e1b-8dd3-77b9b196b7a7" and output = "null"
{'rows': 51279, 'columns': 11, 'output': 'null'}
usegai_spark_application_0
2019-01-11 17:25:39,212 - tornado.application - INFO - ---job process done---
2019-01-11 17:25:39,213 - tornado.application - INFO - {'user_name': '5', 'id': '50ea6b36-efb5-4fb6-97dc-5c08896b673f', 'method': 'FeatureFilter', 'state': 'done', 'worker_id': 13902}
19/01/11 17:36:43 WARN BlockManagerMasterEndpoint: No more replicas available for rdd_350_0 !
[Stage 121:>                                                        (0 + 1) / 1]19/01/11 17:40:02 WARN YarnSchedulerBackend$YarnSchedulerEndpoint: Requesting driver to remove executor 1 for reason Container killed by YARN for exceeding memory limits. 8.1 GB of 8 GB physical memory used. Consider boosting spark.yarn.executor.memoryOverhead.
19/01/11 17:40:02 ERROR YarnScheduler: Lost executor 1 on datanode.ai.test.com: Container killed by YARN for exceeding memory limits. 8.1 GB of 8 GB physical memory used. Consider boosting spark.yarn.executor.memoryOverhead.
[Stage 121:>                                                        (0 + 1) / 1]19/01/11 17:40:03 WARN TransportChannelHandler: Exception in connection from /10.111.32.202:46212
	at sun.nio.ch.FileDispatcherImpl.read0(Native Method)
	at io.netty.channel.socket.nio.NioSocketChannel.doReadBytes(NioSocketChannel.java:343)
	at io.netty.channel.nio.NioEventLoop.processSelectedKey(NioEventLoop.java:645)
[Stage 121:>                                                        (0 + 1) / 1]
19/01/11 17:47:03 WARN YarnSchedulerBackend$YarnSchedulerEndpoint: Requesting driver to remove executor 3 for reason Container killed by YARN for exceeding memory limits. 8.0 GB of 8 GB physical memory used. Consider boosting spark.yarn.executor.memoryOverhead.
19/01/11 17:47:03 ERROR TaskSetManager: Task 0 in stage 121.0 failed 4 times; aborting job
  File "/server/app/anaconda3/lib/python3.6/site-packages/pyspark/sql/dataframe.py", line 466, in collect
  File "/server/app/anaconda3/lib/python3.6/site-packages/py4j/protocol.py", line 319, in get_return_value
    format(target_id, ".", name), value)
py4j.protocol.Py4JJavaError: An error occurred while calling o13088.collectToPython.
: org.apache.spark.SparkException: Job aborted due to stage failure: Task 0 in stage 121.0 failed 4 times, most recent failure: Lost task 0.3 in stage 121.0 (TID 1032, namenode.ai.test.com, executor 3): ExecutorLostFailure (executor 3 exited caused by one of the running tasks) Reason: Container killed by YARN for exceeding memory limits. 8.0 GB of 8 GB physical memory used. Consider boosting spark.yarn.executor.memoryOverhead.
Driver stacktrace:
	at org.apache.spark.scheduler.DAGScheduler$$anonfun$abortStage$1.apply(DAGScheduler.scala:1586)
	at scala.collection.mutable.ArrayBuffer.foreach(ArrayBuffer.scala:48)
	at scala.Option.foreach(Option.scala:257)
	at org.apache.spark.SparkContext.runJob(SparkContext.scala:2034)
	at org.apache.spark.SparkContext.runJob(SparkContext.scala:2055)
	at org.apache.spark.SparkContext.runJob(SparkContext.scala:2074)
	at org.apache.spark.sql.Dataset.collectToPython(Dataset.scala:3192)
	at java.lang.reflect.Method.invoke(Method.java:498)
	at py4j.commands.AbstractCommand.invokeMethod(AbstractCommand.java:132)
	at java.lang.Thread.run(Thread.java:745)
2019-01-11 17:47:43,822 - tornado.application - INFO - {'state': 'heartbeat', 'worker_id': 13902}
2019-01-11 17:48:03,837 - tornado.application - INFO - #################  send msg to client successfully,the msg is as follow:  #################
2019-01-11 17:48:03,837 - tornado.application - INFO - {'state': 'heartbeat', 'worker_id': 13902}
2019-01-11 17:48:23,856 - tornado.application - INFO - #################  send msg to client successfully,the msg is as follow:  #################
2019-01-11 17:49:23,887 - tornado.application - INFO - {'state': 'heartbeat', 'worker_id': 13902}
2019-01-11 17:49:43,893 - tornado.application - INFO - #################  send msg to client successfully,the msg is as follow:  #################
2019-01-11 17:51:23,991 - tornado.application - INFO - {'state': 'heartbeat', 'worker_id': 13902}
2019-01-11 17:51:44,011 - tornado.application - INFO - #################  send msg to client successfully,the msg is as follow:  #################
2019-01-11 17:51:44,012 - tornado.application - INFO - {'state': 'heartbeat', 'worker_id': 13902}
2019-01-11 17:52:24,040 - tornado.application - INFO - #################  send msg to client successfully,the msg is as follow:  #################
2019-01-11 17:53:24,097 - tornado.application - INFO - {'state': 'heartbeat', 'worker_id': 13902}
2019-01-11 17:53:44,110 - tornado.application - INFO - {'state': 'heartbeat', 'worker_id': 13902}
2019-01-11 17:54:04,131 - tornado.application - INFO - #################  send msg to client successfully,the msg is as follow:  #################
2019-01-11 17:54:24,150 - tornado.application - INFO - {'state': 'heartbeat', 'worker_id': 13902}
2019-01-11 17:55:04,186 - tornado.application - INFO - {'state': 'heartbeat', 'worker_id': 13902}
2019-01-11 17:55:44,227 - tornado.application - INFO - #################  send msg to client successfully,the msg is as follow:  #################
2019-01-11 17:56:04,235 - tornado.application - INFO - {'state': 'heartbeat', 'worker_id': 13902}
2019-01-11 17:57:44,334 - tornado.application - INFO - {'state': 'heartbeat', 'worker_id': 13902}
2019-01-11 17:58:04,363 - tornado.application - INFO - {'state': 'heartbeat', 'worker_id': 13902}
2019-01-11 17:59:24,440 - tornado.application - INFO - #################  send msg to client successfully,the msg is as follow:  #################

2019-01-11 18:01:00,125 - tornado.application - INFO - #################  send msg to client successfully,the msg is as follow:  #################
2019-01-11 18:01:00,125 - tornado.application - INFO - {'user_name': '5', 'id': '3503e6f6-07eb-4d78-8557-86b56ee56723', 'method': 'ReadingData', 'state': 'busy', 'worker_id': 13902}
19/01/11 18:02:29 WARN TaskSetManager: Lost task 0.0 in stage 124.0 (TID 1065, datanode.ai.test.com, executor 5): org.apache.spark.SparkException: Task failed while writing rows.
	at org.apache.spark.sql.execution.datasources.FileFormatWriter$$anonfun$write$1.apply(FileFormatWriter.scala:197)
	at org.apache.spark.scheduler.Task.run(Task.scala:109)
	at java.util.concurrent.ThreadPoolExecutor.runWorker(ThreadPoolExecutor.java:1142)
	at java.util.concurrent.ThreadPoolExecutor$Worker.run(ThreadPoolExecutor.java:617)
	at org.apache.spark.sql.execution.datasources.csv.UnivocityGenerator.close(UnivocityGenerator.scala:86)
	at org.apache.spark.sql.execution.datasources.csv.CsvOutputWriter.close(CSVFileFormat.scala:155)
	at org.apache.spark.sql.execution.datasources.FileFormatWriter$$anonfun$org$apache$spark$sql$execution$datasources$FileFormatWriter$$executeTask$3.apply(FileFormatWriter.scala:269)
	at org.apache.spark.sql.execution.datasources.FileFormatWriter$$anonfun$org$apache$spark$sql$execution$datasources$FileFormatWriter$$executeTask$3.apply(FileFormatWriter.scala:267)
	at org.apache.hadoop.hdfs.server.namenode.FSNamesystem.completeFileInternal(FSNamesystem.java:3785)
	at org.apache.hadoop.hdfs.server.namenode.FSNamesystem.completeFile(FSNamesystem.java:3752)
	at org.apache.hadoop.ipc.RPC$Server.call(RPC.java:982)
	at org.apache.hadoop.security.UserGroupInformation.doAs(UserGroupInformation.java:1869)
	at org.apache.hadoop.ipc.Server$Handler.run(Server.java:2347)

	at org.apache.hadoop.hdfs.protocolPB.ClientNamenodeProtocolTranslatorPB.complete(ClientNamenodeProtocolTranslatorPB.java:503)
	at sun.reflect.NativeMethodAccessorImpl.invoke0(Native Method)
	at org.apache.hadoop.hdfs.DFSOutputStream.close(DFSOutputStream.java:2437)
	at sun.nio.cs.StreamEncoder.implClose(StreamEncoder.java:320)
	at java.io.OutputStreamWriter.close(OutputStreamWriter.java:233)
	at org.apache.spark.scheduler.ResultTask.runTask(ResultTask.scala:87)
	at org.apache.spark.executor.Executor$TaskRunner.run(Executor.scala:345)
	at com.univocity.parsers.common.AbstractWriter.close(AbstractWriter.java:878)
	at org.apache.spark.sql.execution.datasources.FileFormatWriter$SingleDirectoryWriteTask.execute(FileFormatWriter.scala:396)
	at org.apache.spark.sql.execution.datasources.FileFormatWriter$.org$apache$spark$sql$execution$datasources$FileFormatWriter$$executeTask(FileFormatWriter.scala:272)
	... 8 more
	at org.apache.hadoop.hdfs.server.namenode.FSNamesystem.checkUCBlock(FSNamesystem.java:6729)
	at org.apache.hadoop.ipc.RPC$Server.call(RPC.java:982)
	at org.apache.hadoop.ipc.Client.call(Client.java:1398)
	at java.lang.reflect.Method.invoke(Method.java:498)
	at com.sun.proxy.$Proxy14.updateBlockForPipeline(Unknown Source)
	at org.apache.hadoop.hdfs.DFSOutputStream$DataStreamer.run(DFSOutputStream.java:512)

2019-01-11 18:03:31,012 - tornado.application - INFO - {'user_name': '5', 'id': '3503e6f6-07eb-4d78-8557-86b56ee56723', 'method': 'ReadingData', 'state': 'done', 'worker_id': 13902, 'result': 'bad_65'}
                                                                                
19/01/11 18:13:26 ERROR YarnScheduler: Lost executor 7 on namenode.ai.test.com: Container killed by YARN for exceeding memory limits. 8.1 GB of 8 GB physical memory used. Consider boosting spark.yarn.executor.memoryOverhead.
19/01/11 18:13:26 WARN YarnSchedulerBackend$YarnSchedulerEndpoint: Requesting driver to remove executor 7 for reason Container killed by YARN for exceeding memory limits. 8.1 GB of 8 GB physical memory used. Consider boosting spark.yarn.executor.memoryOverhead.
[Stage 146:>                                                        (0 + 1) / 1]19/01/11 18:17:45 WARN YarnSchedulerBackend$YarnSchedulerEndpoint: Requesting driver to remove executor 5 for reason Container killed by YARN for exceeding memory limits. 8.0 GB of 8 GB physical memory used. Consider boosting spark.yarn.executor.memoryOverhead.
19/01/11 18:17:45 WARN TaskSetManager: Lost task 0.1 in stage 146.0 (TID 1242, datanode.ai.test.com, executor 5): ExecutorLostFailure (executor 5 exited caused by one of the running tasks) Reason: Container killed by YARN for exceeding memory limits. 8.0 GB of 8 GB physical memory used. Consider boosting spark.yarn.executor.memoryOverhead.
	at io.netty.buffer.PooledUnsafeDirectByteBuf.setBytes(PooledUnsafeDirectByteBuf.java:288)
[Stage 146:>                                                        (0 + 1) / 1]
[Stage 146:>                                                        (0 + 1) / 1]
19/01/11 18:22:05 WARN YarnSchedulerBackend$YarnSchedulerEndpoint: Requesting driver to remove executor 8 for reason Container killed by YARN for exceeding memory limits. 9.0 GB of 8 GB physical memory used. Consider boosting spark.yarn.executor.memoryOverhead.
19/01/11 18:22:05 ERROR YarnScheduler: Lost executor 8 on namenode.ai.test.com: Container killed by YARN for exceeding memory limits. 9.0 GB of 8 GB physical memory used. Consider boosting spark.yarn.executor.memoryOverhead.
19/01/11 18:22:05 WARN TaskSetManager: Lost task 0.2 in stage 146.0 (TID 1243, namenode.ai.test.com, executor 8): ExecutorLostFailure (executor 8 exited caused by one of the running tasks) Reason: Container killed by YARN for exceeding memory limits. 9.0 GB of 8 GB physical memory used. Consider boosting spark.yarn.executor.memoryOverhead.
19/01/11 18:26:58 WARN YarnSchedulerBackend$YarnSchedulerEndpoint: Requesting driver to remove executor 9 for reason Container killed by YARN for exceeding memory limits. 8.5 GB of 8 GB physical memory used. Consider boosting spark.yarn.executor.memoryOverhead.
19/01/11 18:26:58 ERROR TaskSetManager: Task 0 in stage 146.0 failed 4 times; aborting job
2019-01-11 18:26:58,965 - tornado.application - INFO - #################  send msg to client successfully,the msg is as follow:  #################
2019-01-11 18:26:58,966 - tornado.application - INFO - ---job process  error---
    result = handler.execute(gai_ss.sparkContext, gai_ss)
    final_onehot_encoders_df.take(1)
  File "/server/app/anaconda3/lib/python3.6/site-packages/py4j/java_gateway.py", line 1133, in __call__
: org.apache.spark.SparkException: Job aborted due to stage failure: Task 0 in stage 146.0 failed 4 times, most recent failure: Lost task 0.3 in stage 146.0 (TID 1244, datanode.ai.test.com, executor 9): ExecutorLostFailure (executor 9 exited caused by one of the running tasks) Reason: Container killed by YARN for exceeding memory limits. 8.5 GB of 8 GB physical memory used. Consider boosting spark.yarn.executor.memoryOverhead.
	at org.apache.spark.scheduler.DAGScheduler.abortStage(DAGScheduler.scala:1586)
	at org.apache.spark.scheduler.DAGScheduler.runJob(DAGScheduler.scala:642)
	at org.apache.spark.sql.Dataset.withNewExecutionId(Dataset.scala:3225)
	at py4j.commands.CallCommand.execute(CallCommand.java:79)
	at java.lang.Thread.run(Thread.java:745)
2019-01-11 18:26:58,978 - tornado.application - INFO - IDLE
2019-01-11 18:26:59,631 - tornado.application - INFO - receive message
2019-01-11 18:26:59,632 - tornado.application - INFO - #################  send msg to client successfully,the msg is as follow:  #################
2019-01-11 18:26:59,632 - tornado.application - INFO - {'user_name': '5', 'id': '60a2ceb8-8805-43cd-98e9-2228a930d543', 'method': 'DecisionTree', 'state': 'busy', 'worker_id': 13902}
2019-01-11 18:26:59,632 - tornado.application - INFO - ##############  Test Sparksession state  ##############
[Stage 148:===>                                                    (1 + 9) / 17]
[Stage 148:================>                                       (5 + 9) / 17]
[Stage 148:==========================>                             (8 + 9) / 17]
[Stage 148:======================================>                (12 + 5) / 17]
[Stage 148:=============================================>         (14 + 3) / 17]

[Stage 150:>                                                       (0 + 9) / 17]
[Stage 150:===================>                                    (6 + 9) / 17]
[Stage 150:=============================>                          (9 + 8) / 17]
[Stage 150:===================================================>   (16 + 1) / 17]
+----------------+------------------+-----------+----+----+---------+---------+
mdkir==>hdfs_path==>/user/dp/file/data//liyiwen/5/1697/60a2ceb8-8805-43cd-98e9-2228a930d543/pmml
hdfs_status =0, hdfs_output = 19/01/11 18:27:45 INFO fs.TrashPolicyDefault: Moved: 'hdfs://namenode.ai.test.com:8020/user/dp/file/data/liyiwen/5/1697/60a2ceb8-8805-43cd-98e9-2228a930d543/pmml' to trash at: hdfs://namenode.ai.test.com:8020/user/dp/.Trash/Current/user/dp/file/data/liyiwen/5/1697/60a2ceb8-8805-43cd-98e9-2228a930d543/pmml
[Stage 162:=============>                                          (4 + 9) / 17]
[Stage 162:=======================>                                (7 + 9) / 17]
[Stage 162:=============================================>         (14 + 3) / 17]
[Stage 162:===================================================>   (16 + 1) / 17]
[Stage 163:>                                                      (1 + 9) / 200]
[Stage 163:=>                                                     (5 + 9) / 200]
[Stage 163:==>                                                   (11 + 9) / 200]
[Stage 163:===>                                                  (14 + 9) / 200]
[Stage 163:========>                                             (32 + 9) / 200]
[Stage 163:========>                                             (33 + 9) / 200]
[Stage 163:=========>                                            (34 + 9) / 200]
[Stage 163:==========>                                           (40 + 9) / 200]
[Stage 163:============>                                        (49 + 10) / 200]
[Stage 163:=============>                                        (51 + 9) / 200]
[Stage 163:==============>                                       (53 + 9) / 200]
[Stage 163:==============>                                       (54 + 9) / 200]
[Stage 163:==============>                                       (55 + 9) / 200]
[Stage 163:================>                                     (62 + 9) / 200]
[Stage 163:=================>                                    (64 + 9) / 200]
[Stage 163:===================>                                  (71 + 9) / 200]
[Stage 163:======================>                               (83 + 9) / 200]
[Stage 163:=======================>                              (88 + 9) / 200]
[Stage 163:=========================>                            (93 + 9) / 200]
[Stage 163:==========================>                          (100 + 9) / 200]
[Stage 163:===========================>                         (103 + 9) / 200]
[Stage 163:============================>                        (107 + 9) / 200]
[Stage 163:===============================>                     (120 + 9) / 200]
[Stage 163:=================================>                   (125 + 9) / 200]
[Stage 163:=====================================>               (142 + 9) / 200]
[Stage 163:=======================================>             (149 + 9) / 200]
[Stage 163:=======================================>             (150 + 9) / 200]
[Stage 163:========================================>            (151 + 9) / 200]
[Stage 163:========================================>            (152 + 9) / 200]
[Stage 163:========================================>            (153 + 9) / 200]
[Stage 163:=========================================>           (157 + 9) / 200]
[Stage 163:===========================================>         (163 + 9) / 200]
[Stage 163:============================================>        (169 + 9) / 200]
[Stage 163:=============================================>       (170 + 9) / 200]
[Stage 163:===================================================> (193 + 7) / 200]
19/01/11 18:28:58 WARN TaskSetManager: Stage 164 contains a task of very large size (123 KB). The maximum recommended task size is 100 KB.
[Stage 165:======>                                                 (2 + 9) / 17]
[Stage 165:=============================>                          (9 + 8) / 17]
[Stage 166:==============================>                      (116 + 9) / 200]
{'rows': 78317, 'columns': 1821, 'output': 'null'}
/server/app/anaconda3/lib/python3.6/site-packages/pyspark/sql/session.py:360: UserWarning: Using RDD of dict to inferSchema is deprecated. Use pyspark.sql.Row instead
[Stage 177:>                                                       (0 + 9) / 50]
[Stage 177:===>                                                    (3 + 9) / 50]
workId: this key is error
pre_node_id: this key is error
[Stage 200:>                                                        (0 + 1) / 1]

[Stage 210:>                                                        (0 + 1) / 1]
Traceback (most recent call last):
    res = self._query(query)
    rowcount = self._do_query(q)
  File "/server/app/anaconda3/lib/python3.6/site-packages/MySQLdb/cursors.py", line 374, in _do_query
    db.query(q)
execute() first
Traceback (most recent call last):
  File "/server/app/anaconda3/lib/python3.6/site-packages/MySQLdb/cursors.py", line 422, in fetchone
19/01/11 18:29:29 WARN TaskSetManager: Stage 224 contains a task of very large size (123 KB). The maximum recommended task size is 100 KB.
lowest_pro: this key is error
custom_fields: this key is error
custom_box: this key is error
std_score ---start----
19/01/11 18:29:33 WARN TaskSetManager: Stage 241 contains a task of very large size (123 KB). The maximum recommended task size is 100 KB.

    handler.update(table_name, data, condition)
execute() first
  File "/tmp/spark-c4ad1411-58c7-464e-a822-b7a877d0017e/userFiles-4721d7af-cd87-488e-a05c-d8d7f515164b/gai_platform.zip/gai_feature_project/data_preprocessing_dataframe/utils.py", line 494, in insert_table_rows_columns
  File "/server/app/anaconda3/lib/python3.6/site-packages/MySQLdb/cursors.py", line 422, in fetchone
    self.errorhandler(self, ProgrammingError, "execute() first")
19/01/11 18:29:40 WARN WindowExec: No Partition Defined for Window operation! Moving all data to a single partition, this can cause serious performance degradation.
19/01/11 18:29:43 WARN WindowExec: No Partition Defined for Window operation! Moving all data to a single partition, this can cause serious performance degradation.
19/01/11 18:29:43 WARN WindowExec: No Partition Defined for Window operation! Moving all data to a single partition, this can cause serious performance degradation.
19/01/11 18:29:43 WARN WindowExec: No Partition Defined for Window operation! Moving all data to a single partition, this can cause serious performance degradation.

[Stage 285:>                                                        (0 + 1) / 1]
+--------------------+--------------------+--------------------+
|iVBORw0KGgoAAAANS...|iVBORw0KGgoAAAANS...|iVBORw0KGgoAAAANS...|iVBORw0KGgoAAAANS...|iVBORw0KGgoAAAANS...|     iVBORw0KGgoAAAANS...|iVBORw0KGgoAAAANS...|
2019-01-11 18:38:02,113 - tornado.application - INFO - ---job process done---
2019-01-11 18:38:02,114 - tornado.application - INFO - #################  send msg to client successfully,the msg is as follow:  #################
2019-01-11 18:38:02,114 - tornado.application - INFO - {'user_name': '5', 'id': '60a2ceb8-8805-43cd-98e9-2228a930d543', 'method': 'DecisionTree', 'state': 'done', 'worker_id': 13902}
2019-01-11 18:38:02,114 - tornado.application - INFO - sparkcontext process cost time:662.482786655426
2019-01-11 18:38:07,008 - tornado.application - INFO - receive message
usegai_spark_application_0
2019-01-11 18:38:07,011 - tornado.application - INFO - #################  send msg to client successfully,the msg is as follow:  #################
2019-01-11 18:38:07,011 - tornado.application - INFO - {'user_name': '5', 'id': 'd521db8b-746a-4595-88e2-6e4f69c36ed4', 'method': 'Kmeans', 'state': 'busy', 'worker_id': 13902}
bucket_type: this key is error
bucket_num: this key is error
SELECT fields FROM gai_module_data WHERE work_id = 1697 and module_name like "ad74b8dc-b617-4b85-9941-6aef8211f9c2"
[Stage 300:>                                                       (0 + 9) / 17]
[Stage 300:=========>                                              (3 + 9) / 17]
[Stage 300:=========>                                             (3 + 11) / 17]
[Stage 300:===================>                                   (6 + 11) / 17]
|        columns_type|
+--------------------+
2019-01-14 10:37:54,520 - tornado.application - INFO - #################  send msg to client successfully,the msg is as follow:  #################
2019-01-14 10:38:01,113 - tornado.application - INFO - #################  send msg to client successfully,the msg is as follow:  #################
[Stage 0:>                                                        (0 + 11) / 16]
19/01/14 10:38:06 WARN Utils: Truncated the string representation of a plan since it was too large. This behavior can be adjusted by setting 'spark.debug.maxToStringFields' in SparkEnv.conf.
[Stage 1:>                                                         (0 + 9) / 16]
                                                                                
                                                                                

[Stage 17:>                                                         (0 + 4) / 6]
[Stage 17:======================================>                   (4 + 2) / 6]
  warnings.warn("Using RDD of dict to inferSchema is deprecated. "
2019-01-14 10:38:30,710 - tornado.application - INFO - {'user_name': '8', 'id': '3ec1a93e-309d-4ef8-a26b-6a2aa6dbd147', 'method': 'DataCodeProcess', 'state': 'done', 'worker_id': 2898}
2019-01-14 10:38:50,727 - tornado.application - INFO - #################  send msg to client successfully,the msg is as follow:  #################
2019-01-14 10:39:10,730 - tornado.application - INFO - {'state': 'heartbeat', 'worker_id': 2898}
2019-01-14 10:39:30,749 - tornado.application - INFO - #################  send msg to client successfully,the msg is as follow:  #################
2019-01-14 10:39:30,749 - tornado.application - INFO - {'state': 'heartbeat', 'worker_id': 2898}
2019-01-14 10:41:10,833 - tornado.application - INFO - #################  send msg to client successfully,the msg is as follow:  #################
2019-01-14 10:42:30,913 - tornado.application - INFO - #################  send msg to client successfully,the msg is as follow:  #################
2019-01-14 10:42:50,930 - tornado.application - INFO - #################  send msg to client successfully,the msg is as follow:  #################
2019-01-14 10:43:10,951 - tornado.application - INFO - #################  send msg to client successfully,the msg is as follow:  #################
2019-01-14 10:43:30,970 - tornado.application - INFO - {'state': 'heartbeat', 'worker_id': 2898}
2019-01-14 10:44:11,007 - tornado.application - INFO - #################  send msg to client successfully,the msg is as follow:  #################
2019-01-14 10:44:31,015 - tornado.application - INFO - {'state': 'heartbeat', 'worker_id': 2898}
2019-01-14 10:45:31,060 - tornado.application - INFO - #################  send msg to client successfully,the msg is as follow:  #################
2019-01-14 10:45:51,080 - tornado.application - INFO - #################  send msg to client successfully,the msg is as follow:  #################
2019-01-14 10:46:11,089 - tornado.application - INFO - {'state': 'heartbeat', 'worker_id': 2898}
2019-01-14 10:46:51,128 - tornado.application - INFO - {'state': 'heartbeat', 'worker_id': 2898}
2019-01-14 10:47:31,163 - tornado.application - INFO - #################  send msg to client successfully,the msg is as follow:  #################
2019-01-14 10:48:31,218 - tornado.application - INFO - {'state': 'heartbeat', 'worker_id': 2898}
2019-01-14 10:48:51,236 - tornado.application - INFO - {'state': 'heartbeat', 'worker_id': 2898}
2019-01-14 10:49:11,252 - tornado.application - INFO - {'state': 'heartbeat', 'worker_id': 2898}
2019-01-14 10:49:31,270 - tornado.application - INFO - #################  send msg to client successfully,the msg is as follow:  #################
2019-01-14 10:49:51,286 - tornado.application - INFO - {'state': 'heartbeat', 'worker_id': 2898}
2019-01-14 10:50:31,320 - tornado.application - INFO - {'state': 'heartbeat', 'worker_id': 2898}
2019-01-14 10:51:11,344 - tornado.application - INFO - #################  send msg to client successfully,the msg is as follow:  #################
2019-01-14 10:52:31,376 - tornado.application - INFO - {'state': 'heartbeat', 'worker_id': 2898}
2019-01-14 10:52:51,383 - tornado.application - INFO - #################  send msg to client successfully,the msg is as follow:  #################
2019-01-14 10:54:11,450 - tornado.application - INFO - {'state': 'heartbeat', 'worker_id': 2898}
2019-01-14 10:55:11,494 - tornado.application - INFO - #################  send msg to client successfully,the msg is as follow:  #################
2019-01-14 10:56:11,553 - tornado.application - INFO - #################  send msg to client successfully,the msg is as follow:  #################
2019-01-14 10:56:31,573 - tornado.application - INFO - #################  send msg to client successfully,the msg is as follow:  #################
2019-01-14 10:56:51,586 - tornado.application - INFO - {'state': 'heartbeat', 'worker_id': 2898}
2019-01-14 10:57:11,607 - tornado.application - INFO - #################  send msg to client successfully,the msg is as follow:  #################
2019-01-14 10:58:11,665 - tornado.application - INFO - {'state': 'heartbeat', 'worker_id': 2898}
2019-01-14 11:01:11,830 - tornado.application - INFO - {'state': 'heartbeat', 'worker_id': 2898}
2019-01-14 11:01:51,868 - tornado.application - INFO - #################  send msg to client successfully,the msg is as follow:  #################
2019-01-14 11:01:51,868 - tornado.application - INFO - {'state': 'heartbeat', 'worker_id': 2898}
2019-01-14 11:04:11,980 - tornado.application - INFO - {'state': 'heartbeat', 'worker_id': 2898}
2019-01-14 11:04:31,994 - tornado.application - INFO - {'state': 'heartbeat', 'worker_id': 2898}
2019-01-14 11:04:52,013 - tornado.application - INFO - {'state': 'heartbeat', 'worker_id': 2898}
2019-01-14 11:05:52,041 - tornado.application - INFO - {'state': 'heartbeat', 'worker_id': 2898}
2019-01-14 11:06:32,080 - tornado.application - INFO - #################  send msg to client successfully,the msg is as follow:  #################
2019-01-14 11:07:12,122 - tornado.application - INFO - #################  send msg to client successfully,the msg is as follow:  #################
2019-01-14 11:07:12,122 - tornado.application - INFO - {'state': 'heartbeat', 'worker_id': 2898}
2019-01-14 11:07:52,157 - tornado.application - INFO - #################  send msg to client successfully,the msg is as follow:  #################
2019-01-14 11:09:12,216 - tornado.application - INFO - {'state': 'heartbeat', 'worker_id': 2898}
2019-01-14 11:09:52,246 - tornado.application - INFO - #################  send msg to client successfully,the msg is as follow:  #################
2019-01-14 11:09:52,246 - tornado.application - INFO - {'state': 'heartbeat', 'worker_id': 2898}
2019-01-14 11:11:32,333 - tornado.application - INFO - {'state': 'heartbeat', 'worker_id': 2898}
2019-01-14 11:11:52,350 - tornado.application - INFO - {'state': 'heartbeat', 'worker_id': 2898}
2019-01-14 11:12:52,405 - tornado.application - INFO - {'state': 'heartbeat', 'worker_id': 2898}
2019-01-14 11:13:32,446 - tornado.application - INFO - {'state': 'heartbeat', 'worker_id': 2898}
2019-01-14 11:13:52,466 - tornado.application - INFO - {'state': 'heartbeat', 'worker_id': 2898}
2019-01-14 11:14:12,486 - tornado.application - INFO - #################  send msg to client successfully,the msg is as follow:  #################
2019-01-14 11:14:32,507 - tornado.application - INFO - #################  send msg to client successfully,the msg is as follow:  #################
2019-01-14 11:14:52,519 - tornado.application - INFO - {'state': 'heartbeat', 'worker_id': 2898}
2019-01-14 11:15:12,539 - tornado.application - INFO - {'state': 'heartbeat', 'worker_id': 2898}
2019-01-14 11:15:32,560 - tornado.application - INFO - #################  send msg to client successfully,the msg is as follow:  #################
2019-01-14 11:15:32,560 - tornado.application - INFO - {'state': 'heartbeat', 'worker_id': 2898}
2019-01-14 11:15:52,580 - tornado.application - INFO - #################  send msg to client successfully,the msg is as follow:  #################
2019-01-14 11:16:12,601 - tornado.application - INFO - #################  send msg to client successfully,the msg is as follow:  #################
2019-01-14 11:16:52,637 - tornado.application - INFO - #################  send msg to client successfully,the msg is as follow:  #################
2019-01-14 11:17:32,669 - tornado.application - INFO - #################  send msg to client successfully,the msg is as follow:  #################
2019-01-14 11:17:32,669 - tornado.application - INFO - {'state': 'heartbeat', 'worker_id': 2898}
2019-01-14 11:17:52,684 - tornado.application - INFO - #################  send msg to client successfully,the msg is as follow:  #################
2019-01-14 11:18:12,705 - tornado.application - INFO - #################  send msg to client successfully,the msg is as follow:  #################
2019-01-14 11:18:32,714 - tornado.application - INFO - {'state': 'heartbeat', 'worker_id': 2898}
2019-01-14 11:19:12,755 - tornado.application - INFO - {'state': 'heartbeat', 'worker_id': 2898}
2019-01-14 11:19:32,770 - tornado.application - INFO - #################  send msg to client successfully,the msg is as follow:  #################
2019-01-14 11:22:12,906 - tornado.application - INFO - #################  send msg to client successfully,the msg is as follow:  #################
2019-01-14 11:22:32,927 - tornado.application - INFO - #################  send msg to client successfully,the msg is as follow:  #################
2019-01-14 11:23:32,984 - tornado.application - INFO - {'state': 'heartbeat', 'worker_id': 2898}
2019-01-14 11:24:13,025 - tornado.application - INFO - #################  send msg to client successfully,the msg is as follow:  #################
2019-01-14 11:24:13,026 - tornado.application - INFO - {'state': 'heartbeat', 'worker_id': 2898}
2019-01-14 11:25:13,087 - tornado.application - INFO - #################  send msg to client successfully,the msg is as follow:  #################
2019-01-14 11:25:13,087 - tornado.application - INFO - {'state': 'heartbeat', 'worker_id': 2898}
2019-01-14 11:25:53,124 - tornado.application - INFO - #################  send msg to client successfully,the msg is as follow:  #################
2019-01-14 11:26:13,144 - tornado.application - INFO - #################  send msg to client successfully,the msg is as follow:  #################
2019-01-14 11:26:33,163 - tornado.application - INFO - #################  send msg to client successfully,the msg is as follow:  #################
2019-01-14 11:26:53,172 - tornado.application - INFO - {'state': 'heartbeat', 'worker_id': 2898}
2019-01-14 11:27:53,233 - tornado.application - INFO - {'state': 'heartbeat', 'worker_id': 2898}
2019-01-14 11:28:13,254 - tornado.application - INFO - #################  send msg to client successfully,the msg is as follow:  #################
2019-01-14 11:28:46,192 - tornado.application - INFO - receive message
worker
SELECT fields FROM gai_module_data WHERE work_id = 1767 and module_name like "4c97a3ef-abea-41c8-9d8b-8a3fc44e6d7d"
SELECT rows FROM gai_component_rows WHERE work_id = 1767 and node_id = "3ec1a93e-309d-4ef8-a26b-6a2aa6dbd147" and output = "null"
2019-01-14 11:28:46,199 - tornado.application - INFO - {'user_name': '8', 'id': 'daa8eeb9-b99a-4b71-be53-a1278ad307d4', 'method': 'ReadingData', 'state': 'busy', 'worker_id': 2898}
[Stage 24:>                                                        (0 + 9) / 16]
[Stage 24:===>                                                     (1 + 9) / 16]
[Stage 24:=================>                                       (5 + 9) / 16]
[Stage 25:=======>                                                  (1 + 7) / 8]
2019-01-14 11:29:09,680 - tornado.application - INFO - IDLE
2019-01-14 11:29:09,680 - tornado.application - INFO - sparkcontext process cost time:23.48353385925293
2019-01-14 11:29:09,841 - tornado.application - INFO - receive message
2019-01-14 11:29:09,842 - tornado.application - INFO - {'user_name': '8', 'id': 'c6b90612-c527-4efb-ad9f-9d79d7646b57', 'method': 'DataCleanFilter', 'state': 'busy', 'worker_id': 2898}
  File "/tmp/spark-bd186670-7a53-49bc-99cb-55b694ed1a4e/userFiles-adfb143f-100a-428d-b103-4801d53c1959/gai_platform.zip/gai_feature_project/data_preprocessing_dataframe/DataCleanFilter.py", line 71, in execute
    filtered_df = self.filter_data(df)
2019-01-14 11:29:11,237 - tornado.application - INFO - IDLE
2019-01-14 11:29:11,237 - tornado.application - INFO - sparkcontext process cost time:1.3957021236419678
2019-01-14 11:29:35,512 - tornado.application - INFO - {'user_name': '8', 'id': 'c6b90612-c527-4efb-ad9f-9d79d7646b57', 'method': 'DataCleanFilter', 'state': 'busy', 'worker_id': 2898}
2019-01-14 11:29:35,512 - tornado.application - INFO - ##############  Test Sparksession state  ##############
[Stage 31:=====================>                                   (6 + 9) / 16]
[Stage 31:====================================================>   (15 + 1) / 16]
[Stage 32:>                                                         (0 + 1) / 1]
[Stage 34:===========================================>              (6 + 2) / 8]
   ##########################  
WARN: clear_fields value is []
filter_conditions: this key is error
2019-01-14 11:30:24,724 - tornado.application - INFO - #################  send msg to client successfully,the msg is as follow:  #################
2019-01-14 11:31:04,760 - tornado.application - INFO - #################  send msg to client successfully,the msg is as follow:  #################
2019-01-14 11:31:24,780 - tornado.application - INFO - #################  send msg to client successfully,the msg is as follow:  #################
2019-01-14 11:31:44,801 - tornado.application - INFO - #################  send msg to client successfully,the msg is as follow:  #################
2019-01-14 11:32:24,823 - tornado.application - INFO - #################  send msg to client successfully,the msg is as follow:  #################
2019-01-14 11:32:44,843 - tornado.application - INFO - #################  send msg to client successfully,the msg is as follow:  #################
2019-01-14 11:33:04,851 - tornado.application - INFO - #################  send msg to client successfully,the msg is as follow:  #################
2019-01-14 11:34:24,910 - tornado.application - INFO - #################  send msg to client successfully,the msg is as follow:  #################
2019-01-14 11:36:25,021 - tornado.application - INFO - #################  send msg to client successfully,the msg is as follow:  #################
2019-01-14 11:37:25,080 - tornado.application - INFO - #################  send msg to client successfully,the msg is as follow:  #################
2019-01-14 11:38:05,121 - tornado.application - INFO - {'state': 'heartbeat', 'worker_id': 2898}
2019-01-14 11:38:45,147 - tornado.application - INFO - #################  send msg to client successfully,the msg is as follow:  #################
2019-01-14 11:38:45,147 - tornado.application - INFO - {'state': 'heartbeat', 'worker_id': 2898}
2019-01-14 11:39:05,148 - tornado.application - INFO - {'state': 'heartbeat', 'worker_id': 2898}
2019-01-14 11:39:45,175 - tornado.application - INFO - {'state': 'heartbeat', 'worker_id': 2898}
2019-01-14 11:40:45,227 - tornado.application - INFO - {'state': 'heartbeat', 'worker_id': 2898}
2019-01-14 11:41:25,267 - tornado.application - INFO - #################  send msg to client successfully,the msg is as follow:  #################
2019-01-14 11:41:45,287 - tornado.application - INFO - {'state': 'heartbeat', 'worker_id': 2898}
2019-01-14 11:42:45,339 - tornado.application - INFO - {'state': 'heartbeat', 'worker_id': 2898}
2019-01-14 11:43:05,350 - tornado.application - INFO - {'state': 'heartbeat', 'worker_id': 2898}
2019-01-14 11:45:25,458 - tornado.application - INFO - {'state': 'heartbeat', 'worker_id': 2898}
2019-01-14 11:45:45,471 - tornado.application - INFO - {'state': 'heartbeat', 'worker_id': 2898}
2019-01-14 11:46:05,487 - tornado.application - INFO - {'state': 'heartbeat', 'worker_id': 2898}
2019-01-14 11:46:25,505 - tornado.application - INFO - #################  send msg to client successfully,the msg is as follow:  #################
2019-01-14 11:46:45,525 - tornado.application - INFO - {'state': 'heartbeat', 'worker_id': 2898}
2019-01-14 11:47:05,541 - tornado.application - INFO - {'state': 'heartbeat', 'worker_id': 2898}
2019-01-14 11:47:25,554 - tornado.application - INFO - {'state': 'heartbeat', 'worker_id': 2898}
2019-01-14 11:48:05,593 - tornado.application - INFO - {'state': 'heartbeat', 'worker_id': 2898}
2019-01-14 11:48:25,613 - tornado.application - INFO - {'state': 'heartbeat', 'worker_id': 2898}
2019-01-14 11:49:41,824 - tornado.application - INFO - {'msgId': 'f878f8cb-07f9-49cf-9158-5015601c2cd5', 'data': {'class_name': 'MissingValueFill', 'param': {'workId': 1767, 'output_missing_comments': '/yangyang/10/1767/bf02ff40-d50d-4dff-879d-6a3b0dd0f128/missing_value/missing_illustration', 'input': '/yangyang/10/1767/3ec1a93e-309d-4ef8-a26b-6a2aa6dbd147/bin', 'output': '/yangyang/10/1767/bf02ff40-d50d-4dff-879d-6a3b0dd0f128/missing_value/output', 'operation_name': 'duplicate_value_process', 'pre_node_id': '3ec1a93e-309d-4ef8-a26b-6a2aa6dbd147', 'nodeId': 'bf02ff40-d50d-4dff-879d-6a3b0dd0f128', 'number_flag': 1, 'number_fields': [{'checked': True, 'name': '2018_LESS_05_LESS_05_LESS_col_24_day', 'children': False, 'type': 'double', 'parent': 'DOUBLE', 'state': ''}, {'checked': True, 'name': 'col_80_LESS_col_24_day', 'children': False, 'type': 'double', 'parent': 'DOUBLE', 'state': ''}, {'checked': True, 'name': 'float_col_5_0', 'children': False, 'type': 'double', 'parent': 'DOUBLE', 'state': ''}, {'checked': True, 'name': 'float_col_6_0', 'children': False, 'type': 'double', 'parent': 'DOUBLE', 'state': ''}, {'checked': True, 'name': 'float_col_20_0', 'children': False, 'type': 'double', 'parent': 'DOUBLE', 'state': ''}, {'checked': True, 'name': 'float_col_22_0', 'children': False, 'type': 'double', 'parent': 'DOUBLE', 'state': ''}, {'checked': True, 'name': 'float_col_76_0', 'children': False, 'type': 'double', 'parent': 'DOUBLE', 'state': ''}, {'checked': True, 'name': 'float_col_77_0', 'children': False, 'type': 'double', 'parent': 'DOUBLE', 'state': ''}, {'checked': True, 'name': 'float_col_84_0', 'children': False, 'type': 'double', 'parent': 'DOUBLE', 'state': ''}, {'checked': True, 'name': 'LabelEncoder_col_7', 'children': False, 'type': 'double', 'parent': 'DOUBLE', 'state': ''}, {'checked': True, 'name': 'LabelEncoder_substr_col_3_0', 'children': False, 'type': 'double', 'parent': 'DOUBLE', 'state': ''}, {'checked': True, 'name': 'LabelEncoder_substr_col_12_0', 'children': False, 'type': 'double', 'parent': 'DOUBLE', 'state': ''}, {'checked': True, 'name': 'LabelEncoder_substr_col_10_0', 'children': False, 'type': 'double', 'parent': 'DOUBLE', 'state': ''}], 'number_custom': 0, 'number_custom_intial_null_value': '', 'number_replace': 'avg', 'number_custom_replace_initial_value': '', 'string_flag': 0, 'string_fileds': [], 'string_custom': 0, 'string_custom_intial_null_value': '', 'string_custom_replace_initial_null_value': '', 'small_batch': 1, 'y_col': ''}, 'user_name': '8', 'node_id': 'bf02ff40-d50d-4dff-879d-6a3b0dd0f128'}}
2019-01-14 11:49:45,522 - tornado.application - INFO - #################  send msg to client successfully,the msg is as follow:  #################
  File "/tmp/spark-bd186670-7a53-49bc-99cb-55b694ed1a4e/userFiles-adfb143f-100a-428d-b103-4801d53c1959/gai_platform.zip/gai_feature_project/data_preprocessing_dataframe/MissingValueFill.py", line 729, in generate_str_number_case_when_by_parameter
ValueError: ('该列 2018_LESS_05_LESS_05_LESS_col_24_day 无法计算平均值', '请确认该列是否为空')
2019-01-14 11:49:46,035 - tornado.application - INFO - run in worker model worker
Setting default log level to "WARN".
To adjust logging level use sc.setLogLevel(newLevel). For SparkR, use setLogLevel(newLevel).
Setting default log level to "WARN".
2019-01-14 18:01:04,163 - tornado.application - INFO - {'state': 'heartbeat', 'worker_id': 23658}
2019-01-14 18:01:44,197 - tornado.application - INFO - #################  send msg to client successfully,the msg is as follow:  #################
2019-01-14 18:02:24,230 - tornado.application - INFO - {'state': 'heartbeat', 'worker_id': 23658}
2019-01-14 18:04:57,971 - tornado.application - INFO - receive message
2019-01-14 18:04:57,972 - tornado.application - INFO - {'msgId': '15756bf8-97b0-4821-b8bf-0a678fd8dcdc', 'data': {'class_name': 'FeatureEDA', 'param': {'workId': 1702, 'input': '/liyiwen/5/1702/93d57a14-0921-4197-b2be-2b71e2a2087e/add_feature_column', 'output': '/liyiwen/5/1702/05260920-56aa-4d79-ae53-563327ac66cd', 'operation_name': 'feature_eda', 'delimiter': ',', 'select_fields': [{'name': 'gid', 'type': 'string', 'show': True, 'parent': 'STRING'}, {'name': 'realname', 'type': 'string', 'show': True, 'parent': 'STRING'}, {'name': 'certid', 'type': 'string', 'show': True, 'parent': 'STRING'}, {'name': 'cdca001', 'type': 'string', 'show': True, 'parent': 'STRING'}, {'name': 'cdca002', 'type': 'string', 'show': True, 'parent': 'STRING'}, {'name': 'cdca004', 'type': 'string', 'show': True, 'parent': 'STRING'}, {'name': 'cdca005', 'type': 'string', 'show': True, 'parent': 'STRING'}, {'name': 'cdca006', 'type': 'string', 'show': True, 'parent': 'STRING'}, {'name': 'cdca007', 'type': 'string', 'show': True, 'parent': 'STRING'}, {'name': 'cdtb072', 'type': 'string', 'show': True, 'parent': 'STRING'}, {'name': 'cdtb080', 'type': 'string', 'show': True, 'parent': 'STRING'}, {'name': 'cdtb150', 'type': 'string', 'show': True, 'parent': 'STRING'}, {'name': 'cdtb151', 'type': 'string', 'show': True, 'parent': 'STRING'}, {'name': 'cdtb153', 'type': 'string', 'show': True, 'parent': 'STRING'}, {'name': 'cdtp089', 'type': 'string', 'show': True, 'parent': 'STRING'}, {'name': 'cdtp090', 'type': 'string', 'show': True, 'parent': 'STRING'}, {'name': 'cdtb225', 'type': 'string', 'show': True, 'parent': 'STRING'}, {'name': 'cdtb227', 'type': 'string', 'show': True, 'parent': 'STRING'}, {'name': 'cdtb229', 'type': 'string', 'show': True, 'parent': 'STRING'}, {'name': 'cdtb231', 'type': 'string', 'show': True, 'parent': 'STRING'}, {'name': 'cdtb268', 'type': 'string', 'show': True, 'parent': 'STRING'}, {'name': 'cdtb269', 'type': 'string', 'show': True, 'parent': 'STRING'}, {'name': 'cdtb270', 'type': 'string', 'show': True, 'parent': 'STRING'}, {'name': 'cdtb272', 'type': 'string', 'show': True, 'parent': 'STRING'}, {'name': 'cdtb275', 'type': 'string', 'show': True, 'parent': 'STRING'}, {'name': 'cdtb277', 'type': 'string', 'show': True, 'parent': 'STRING'}, {'name': 'cdtb280', 'type': 'string', 'show': True, 'parent': 'STRING'}, {'name': 'cdtb282', 'type': 'string', 'show': True, 'parent': 'STRING'}, {'name': 'cdtb285', 'type': 'string', 'show': True, 'parent': 'STRING'}, {'name': 'cdtb289', 'type': 'string', 'show': True, 'parent': 'STRING'}, {'name': 'cdtb290', 'type': 'string', 'show': True, 'parent': 'STRING'}, {'name': 'cdtb293', 'type': 'string', 'show': True, 'parent': 'STRING'}, {'name': 'cdtb294', 'type': 'string', 'show': True, 'parent': 'STRING'}, {'name': 'cdtc058', 'type': 'string', 'show': True, 'parent': 'STRING'}, {'name': 'cdtc059', 'type': 'string', 'show': True, 'parent': 'STRING'}, {'name': 'cdtc060', 'type': 'string', 'show': True, 'parent': 'STRING'}, {'name': 'cdct013', 'type': 'string', 'show': True, 'parent': 'STRING'}, {'name': 'cdct014', 'type': 'string', 'show': True, 'parent': 'STRING'}, {'name': 'client_nmbr', 'type': 'string', 'show': True, 'parent': 'STRING'}, {'name': 'batch', 'type': 'string', 'show': True, 'parent': 'STRING'}, {'name': 'yearmonth', 'type': 'double', 'show': True, 'parent': 'DOUBLE'}, {'name': 'cdca003', 'type': 'double', 'show': True, 'parent': 'DOUBLE'}, {'name': 'cdca008', 'type': 'double', 'show': True, 'parent': 'DOUBLE'}, {'name': 'csrl001', 'type': 'double', 'show': True, 'parent': 'DOUBLE'}, {'name': 'csrl002', 'type': 'double', 'show': True, 'parent': 'DOUBLE'}, {'name': 'csrl003', 'type': 'double', 'show': True, 'parent': 'DOUBLE'}, {'name': 'csrl004', 'type': 'double', 'show': True, 'parent': 'DOUBLE'}, {'name': 'cswc001', 'type': 'double', 'show': True, 'parent': 'DOUBLE'}, {'name': 'cswc002', 'type': 'double', 'show': True, 'parent': 'DOUBLE'}, {'name': 'csss001', 'type': 'double', 'show': True, 'parent': 'DOUBLE'}, {'name': 'csss002', 'type': 'double', 'show': True, 'parent': 'DOUBLE'}, {'name': 'csss003', 'type': 'double', 'show': True, 'parent': 'DOUBLE'}, {'name': 'cssp001', 'type': 'double', 'show': True, 'parent': 'DOUBLE'}, {'name': 'cssp002', 'type': 'double', 'show': True, 'parent': 'DOUBLE'}, {'name': 'cssp003', 'type': 'double', 'show': True, 'parent': 'DOUBLE'}, {'name': 'cdtb001', 'type': 'double', 'show': True, 'parent': 'DOUBLE'}, {'name': 'cdtb002', 'type': 'double', 'show': True, 'parent': 'DOUBLE'}, {'name': 'cdtb003', 'type': 'double', 'show': True, 'parent': 'DOUBLE'}, {'name': 'cdtb004', 'type': 'double', 'show': True, 'parent': 'DOUBLE'}, {'name': 'cdtb005', 'type': 'double', 'show': True, 'parent': 'DOUBLE'}, {'name': 'cdtb006', 'type': 'double', 'show': True, 'parent': 'DOUBLE'}, {'name': 'cdtb007', 'type': 'double', 'show': True, 'parent': 'DOUBLE'}, {'name': 'cdtb008', 'type': 'double', 'show': True, 'parent': 'DOUBLE'}, {'name': 'cdtb009', 'type': 'double', 'show': True, 'parent': 'DOUBLE'}, {'name': 'cdtb010', 'type': 'double', 'show': True, 'parent': 'DOUBLE'}, {'name': 'cdtb011', 'type': 'double', 'show': True, 'parent': 'DOUBLE'}, {'name': 'cdtb012', 'type': 'double', 'show': True, 'parent': 'DOUBLE'}, {'name': 'cdtb013', 'type': 'double', 'show': True, 'parent': 'DOUBLE'}, {'name': 'cdtb014', 'type': 'double', 'show': True, 'parent': 'DOUBLE'}, {'name': 'cdtb015', 'type': 'double', 'show': True, 'parent': 'DOUBLE'}, {'name': 'cdtb016', 'type': 'double', 'show': True, 'parent': 'DOUBLE'}, {'name': 'cdtb017', 'type': 'double', 'show': True, 'parent': 'DOUBLE'}, {'name': 'cdtb018', 'type': 'double', 'show': True, 'parent': 'DOUBLE'}, {'name': 'cdtb019', 'type': 'double', 'show': True, 'parent': 'DOUBLE'}, {'name': 'cdtb020', 'type': 'double', 'show': True, 'parent': 'DOUBLE'}, {'name': 'cdtb021', 'type': 'double', 'show': True, 'parent': 'DOUBLE'}, {'name': 'cdtb022', 'type': 'double', 'show': True, 'parent': 'DOUBLE'}, {'name': 'cdtb023', 'type': 'double', 'show': True, 'parent': 'DOUBLE'}, {'name': 'cdtb024', 'type': 'double', 'show': True, 'parent': 'DOUBLE'}, {'name': 'cdtb025', 'type': 'double', 'show': True, 'parent': 'DOUBLE'}, {'name': 'cdtb026', 'type': 'double', 'show': True, 'parent': 'DOUBLE'}, {'name': 'cdtb027', 'type': 'double', 'show': True, 'parent': 'DOUBLE'}, {'name': 'cdtb028', 'type': 'double', 'show': True, 'parent': 'DOUBLE'}, {'name': 'cdtb029', 'type': 'double', 'show': True, 'parent': 'DOUBLE'}, {'name': 'cdtb030', 'type': 'double', 'show': True, 'parent': 'DOUBLE'}, {'name': 'cdtb031', 'type': 'double', 'show': True, 'parent': 'DOUBLE'}, {'name': 'cdtb032', 'type': 'double', 'show': True, 'parent': 'DOUBLE'}, {'name': 'cdtb033', 'type': 'double', 'show': True, 'parent': 'DOUBLE'}, {'name': 'cdtb034', 'type': 'double', 'show': True, 'parent': 'DOUBLE'}, {'name': 'cdtb035', 'type': 'double', 'show': True, 'parent': 'DOUBLE'}, {'name': 'cdtb036', 'type': 'double', 'show': True, 'parent': 'DOUBLE'}, {'name': 'cdtb037', 'type': 'double', 'show': True, 'parent': 'DOUBLE'}, {'name': 'cdtb038', 'type': 'double', 'show': True, 'parent': 'DOUBLE'}, {'name': 'cdtb039', 'type': 'double', 'show': True, 'parent': 'DOUBLE'}, {'name': 'cdtb040', 'type': 'double', 'show': True, 'parent': 'DOUBLE'}, {'name': 'cdtb041', 'type': 'double', 'show': True, 'parent': 'DOUBLE'}, {'name': 'cdtb042', 'type': 'double', 'show': True, 'parent': 'DOUBLE'}, {'name': 'cdtb043', 'type': 'double', 'show': True, 'parent': 'DOUBLE'}, {'name': 'cdtb044', 'type': 'double', 'show': True, 'parent': 'DOUBLE'}, {'name': 'cdtb045', 'type': 'double', 'show': True, 'parent': 'DOUBLE'}, {'name': 'cdtb046', 'type': 'double', 'show': True, 'parent': 'DOUBLE'}, {'name': 'cdtb047', 'type': 'double', 'show': True, 'parent': 'DOUBLE'}, {'name': 'cdtb048', 'type': 'double', 'show': True, 'parent': 'DOUBLE'}, {'name': 'cdtb049', 'type': 'double', 'show': True, 'parent': 'DOUBLE'}, {'name': 'cdtb050', 'type': 'double', 'show': True, 'parent': 'DOUBLE'}, {'name': 'cdtb051', 'type': 'double', 'show': True, 'parent': 'DOUBLE'}, {'name': 'cdtb052', 'type': 'double', 'show': True, 'parent': 'DOUBLE'}, {'name': 'cdtb053', 'type': 'double', 'show': True, 'parent': 'DOUBLE'}, {'name': 'cdtb054', 'type': 'double', 'show': True, 'parent': 'DOUBLE'}, {'name': 'cdtb055', 'type': 'double', 'show': True, 'parent': 'DOUBLE'}, {'name': 'cdtb056', 'type': 'double', 'show': True, 'parent': 'DOUBLE'}, {'name': 'cdtb057', 'type': 'double', 'show': True, 'parent': 'DOUBLE'}, {'name': 'cdtb058', 'type': 'double', 'show': True, 'parent': 'DOUBLE'}, {'name': 'cdtb059', 'type': 'double', 'show': True, 'parent': 'DOUBLE'}, {'name': 'cdtb060', 'type': 'double', 'show': True, 'parent': 'DOUBLE'}, {'name': 'cdtb061', 'type': 'double', 'show': True, 'parent': 'DOUBLE'}, {'name': 'cdtb062', 'type': 'double', 'show': True, 'parent': 'DOUBLE'}, {'name': 'cdtb063', 'type': 'double', 'show': True, 'parent': 'DOUBLE'}, {'name': 'cdtb064', 'type': 'double', 'show': True, 'parent': 'DOUBLE'}, {'name': 'cdtb065', 'type': 'double', 'show': True, 'parent': 'DOUBLE'}, {'name': 'cdtb066', 'type': 'double', 'show': True, 'parent': 'DOUBLE'}, {'name': 'cdtb067', 'type': 'double', 'show': True, 'parent': 'DOUBLE'}, {'name': 'cdtb068', 'type': 'double', 'show': True, 'parent': 'DOUBLE'}, {'name': 'cdtb069', 'type': 'double', 'show': True, 'parent': 'DOUBLE'}, {'name': 'cdtb070', 'type': 'double', 'show': True, 'parent': 'DOUBLE'}, {'name': 'cdtb071', 'type': 'double', 'show': True, 'parent': 'DOUBLE'}, {'name': 'cdtb073', 'type': 'double', 'show': True, 'parent': 'DOUBLE'}, {'name': 'cdtb074', 'type': 'double', 'show': True, 'parent': 'DOUBLE'}, {'name': 'cdtb075', 'type': 'double', 'show': True, 'parent': 'DOUBLE'}, {'name': 'cdtb076', 'type': 'double', 'show': True, 'parent': 'DOUBLE'}, {'name': 'cdtb077', 'type': 'double', 'show': True, 'parent': 'DOUBLE'}, {'name': 'cdtb078', 'type': 'double', 'show': True, 'parent': 'DOUBLE'}, {'name': 'cdtb079', 'type': 'double', 'show': True, 'parent': 'DOUBLE'}, {'name': 'cdtb081', 'type': 'double', 'show': True, 'parent': 'DOUBLE'}, {'name': 'cdtb082', 'type': 'double', 'show': True, 'parent': 'DOUBLE'}, {'name': 'cdtb083', 'type': 'double', 'show': True, 'parent': 'DOUBLE'}, {'name': 'cdtb084', 'type': 'double', 'show': True, 'parent': 'DOUBLE'}, {'name': 'cdtb085', 'type': 'double', 'show': True, 'parent': 'DOUBLE'}, {'name': 'cdtb086', 'type': 'double', 'show': True, 'parent': 'DOUBLE'}, {'name': 'cdtb087', 'type': 'double', 'show': True, 'parent': 'DOUBLE'}, {'name': 'cdtb088', 'type': 'double', 'show': True, 'parent': 'DOUBLE'}, {'name': 'cdtb089', 'type': 'double', 'show': True, 'parent': 'DOUBLE'}, {'name': 'cdtb090', 'type': 'double', 'show': True, 'parent': 'DOUBLE'}, {'name': 'cdtb091', 'type': 'double', 'show': True, 'parent': 'DOUBLE'}, {'name': 'cdtb092', 'type': 'double', 'show': True, 'parent': 'DOUBLE'}, {'name': 'cdtb093', 'type': 'double', 'show': True, 'parent': 'DOUBLE'}, {'name': 'cdtb094', 'type': 'double', 'show': True, 'parent': 'DOUBLE'}, {'name': 'cdtb095', 'type': 'double', 'show': True, 'parent': 'DOUBLE'}, {'name': 'cdtb096', 'type': 'double', 'show': True, 'parent': 'DOUBLE'}, {'name': 'cdtb097', 'type': 'double', 'show': True, 'parent': 'DOUBLE'}, {'name': 'cdtb098', 'type': 'double', 'show': True, 'parent': 'DOUBLE'}, {'name': 'cdtb099', 'type': 'double', 'show': True, 'parent': 'DOUBLE'}, {'name': 'cdtb100', 'type': 'double', 'show': True, 'parent': 'DOUBLE'}, {'name': 'cdtb101', 'type': 'double', 'show': True, 'parent': 'DOUBLE'}, {'name': 'cdtb102', 'type': 'double', 'show': True, 'parent': 'DOUBLE'}, {'name': 'cdtb103', 'type': 'double', 'show': True, 'parent': 'DOUBLE'}, {'name': 'cdtb104', 'type': 'double', 'show': True, 'parent': 'DOUBLE'}, {'name': 'cdtb105', 'type': 'double', 'show': True, 'parent': 'DOUBLE'}, {'name': 'cdtb106', 'type': 'double', 'show': True, 'parent': 'DOUBLE'}, {'name': 'cdtb107', 'type': 'double', 'show': True, 'parent': 'DOUBLE'}, {'name': 'cdtb108', 'type': 'double', 'show': True, 'parent': 'DOUBLE'}, {'name': 'cdtp001', 'type': 'double', 'show': True, 'parent': 'DOUBLE'}, {'name': 'cdtp002', 'type': 'double', 'show': True, 'parent': 'DOUBLE'}, {'name': 'cdtp003', 'type': 'double', 'show': True, 'parent': 'DOUBLE'}, {'name': 'cdtp004', 'type': 'double', 'show': True, 'parent': 'DOUBLE'}, {'name': 'cdtp005', 'type': 'double', 'show': True, 'parent': 'DOUBLE'}, {'name': 'cdtp006', 'type': 'double', 'show': True, 'parent': 'DOUBLE'}, {'name': 'cdtp007', 'type': 'double', 'show': True, 'parent': 'DOUBLE'}, {'name': 'cdtp008', 'type': 'double', 'show': True, 'parent': 'DOUBLE'}, {'name': 'cdtp009', 'type': 'double', 'show': True, 'parent': 'DOUBLE'}, {'name': 'cdtp010', 'type': 'double', 'show': True, 'parent': 'DOUBLE'}, {'name': 'cdtp011', 'type': 'double', 'show': True, 'parent': 'DOUBLE'}, {'name': 'cdtp012', 'type': 'double', 'show': True, 'parent': 'DOUBLE'}, {'name': 'cdtp013', 'type': 'double', 'show': True, 'parent': 'DOUBLE'}, {'name': 'cdtp014', 'type': 'double', 'show': True, 'parent': 'DOUBLE'}, {'name': 'cdtp015', 'type': 'double', 'show': True, 'parent': 'DOUBLE'}, {'name': 'cdtp016', 'type': 'double', 'show': True, 'parent': 'DOUBLE'}, {'name': 'cdtp017', 'type': 'double', 'show': True, 'parent': 'DOUBLE'}, {'name': 'cdtp018', 'type': 'double', 'show': True, 'parent': 'DOUBLE'}, {'name': 'cdtp019', 'type': 'double', 'show': True, 'parent': 'DOUBLE'}, {'name': 'cdtp020', 'type': 'double', 'show': True, 'parent': 'DOUBLE'}, {'name': 'cdtp021', 'type': 'double', 'show': True, 'parent': 'DOUBLE'}, {'name': 'cdtp022', 'type': 'double', 'show': True, 'parent': 'DOUBLE'}, {'name': 'cdtp023', 'type': 'double', 'show': True, 'parent': 'DOUBLE'}, {'name': 'cdtp024', 'type': 'double', 'show': True, 'parent': 'DOUBLE'}, {'name': 'cdtp025', 'type': 'double', 'show': True, 'parent': 'DOUBLE'}, {'name': 'cdtp026', 'type': 'double', 'show': True, 'parent': 'DOUBLE'}, {'name': 'cdtp027', 'type': 'double', 'show': True, 'parent': 'DOUBLE'}, {'name': 'cdtp028', 'type': 'double', 'show': True, 'parent': 'DOUBLE'}, {'name': 'cdtp029', 'type': 'double', 'show': True, 'parent': 'DOUBLE'}, {'name': 'cdtp030', 'type': 'double', 'show': True, 'parent': 'DOUBLE'}, {'name': 'cdtp031', 'type': 'double', 'show': True, 'parent': 'DOUBLE'}, {'name': 'cdtp032', 'type': 'double', 'show': True, 'parent': 'DOUBLE'}, {'name': 'cdtp033', 'type': 'double', 'show': True, 'parent': 'DOUBLE'}, {'name': 'cdtp034', 'type': 'double', 'show': True, 'parent': 'DOUBLE'}, {'name': 'cdtp035', 'type': 'double', 'show': True, 'parent': 'DOUBLE'}, {'name': 'cdtp036', 'type': 'double', 'show': True, 'parent': 'DOUBLE'}, {'name': 'cdtp037', 'type': 'double', 'show': True, 'parent': 'DOUBLE'}, {'name': 'cdtp038', 'type': 'double', 'show': True, 'parent': 'DOUBLE'}, {'name': 'cdtp039', 'type': 'double', 'show': True, 'parent': 'DOUBLE'}, {'name': 'cdtp040', 'type': 'double', 'show': True, 'parent': 'DOUBLE'}, {'name': 'cdtp041', 'type': 'double', 'show': True, 'parent': 'DOUBLE'}, {'name': 'cdtp042', 'type': 'double', 'show': True, 'parent': 'DOUBLE'}, {'name': 'cdtp043', 'type': 'double', 'show': True, 'parent': 'DOUBLE'}, {'name': 'cdtp044', 'type': 'double', 'show': True, 'parent': 'DOUBLE'}, {'name': 'cdtp045', 'type': 'double', 'show': True, 'parent': 'DOUBLE'}, {'name': 'cdtp046', 'type': 'double', 'show': True, 'parent': 'DOUBLE'}, {'name': 'cdtp047', 'type': 'double', 'show': True, 'parent': 'DOUBLE'}, {'name': 'cdtp048', 'type': 'double', 'show': True, 'parent': 'DOUBLE'}, {'name': 'cdtp049', 'type': 'double', 'show': True, 'parent': 'DOUBLE'}, {'name': 'cdtp050', 'type': 'double', 'show': True, 'parent': 'DOUBLE'}, {'name': 'cdtp051', 'type': 'double', 'show': True, 'parent': 'DOUBLE'}, {'name': 'cdtp052', 'type': 'double', 'show': True, 'parent': 'DOUBLE'}, {'name': 'cdtp053', 'type': 'double', 'show': True, 'parent': 'DOUBLE'}, {'name': 'cdtp054', 'type': 'double', 'show': True, 'parent': 'DOUBLE'}, {'name': 'cdtp055', 'type': 'double', 'show': True, 'parent': 'DOUBLE'}, {'name': 'cdtp056', 'type': 'double', 'show': True, 'parent': 'DOUBLE'}, {'name': 'cdtp057', 'type': 'double', 'show': True, 'parent': 'DOUBLE'}, {'name': 'cdtp058', 'type': 'double', 'show': True, 'parent': 'DOUBLE'}, {'name': 'cdtp059', 'type': 'double', 'show': True, 'parent': 'DOUBLE'}, {'name': 'cdtp060', 'type': 'double', 'show': True, 'parent': 'DOUBLE'}, {'name': 'cdtc001', 'type': 'double', 'show': True, 'parent': 'DOUBLE'}, {'name': 'cdtc002', 'type': 'double', 'show': True, 'parent': 'DOUBLE'}, {'name': 'cdtc003', 'type': 'double', 'show': True, 'parent': 'DOUBLE'}, {'name': 'cdtc004', 'type': 'double', 'show': True, 'parent': 'DOUBLE'}, {'name': 'cdtc005', 'type': 'double', 'show': True, 'parent': 'DOUBLE'}, {'name': 'cdtc006', 'type': 'double', 'show': True, 'parent': 'DOUBLE'}, {'name': 'cdct001', 'type': 'double', 'show': True, 'parent': 'DOUBLE'}, {'name': 'cdct002', 'type': 'double', 'show': True, 'parent': 'DOUBLE'}, {'name': 'cdct003', 'type': 'double', 'show': True, 'parent': 'DOUBLE'}, {'name': 'cdtb109', 'type': 'double', 'show': True, 'parent': 'DOUBLE'}, {'name': 'cdtb110', 'type': 'double', 'show': True, 'parent': 'DOUBLE'}, {'name': 'cdtb111', 'type': 'double', 'show': True, 'parent': 'DOUBLE'}, {'name': 'cdtb112', 'type': 'double', 'show': True, 'parent': 'DOUBLE'}, {'name': 'cdtb113', 'type': 'double', 'show': True, 'parent': 'DOUBLE'}, {'name': 'cdtb114', 'type': 'double', 'show': True, 'parent': 'DOUBLE'}, {'name': 'cdtb115', 'type': 'double', 'show': True, 'parent': 'DOUBLE'}, {'name': 'cdtb116', 'type': 'double', 'show': True, 'parent': 'DOUBLE'}, {'name': 'cdtb117', 'type': 'double', 'show': True, 'parent': 'DOUBLE'}, {'name': 'cdtb118', 'type': 'double', 'show': True, 'parent': 'DOUBLE'}, {'name': 'cdtb119', 'type': 'double', 'show': True, 'parent': 'DOUBLE'}, {'name': 'cdtb120', 'type': 'double', 'show': True, 'parent': 'DOUBLE'}, {'name': 'cdtb121', 'type': 'double', 'show': True, 'parent': 'DOUBLE'}, {'name': 'cdtb122', 'type': 'double', 'show': True, 'parent': 'DOUBLE'}, {'name': 'cdtb123', 'type': 'double', 'show': True, 'parent': 'DOUBLE'}, {'name': 'cdtb124', 'type': 'double', 'show': True, 'parent': 'DOUBLE'}, {'name': 'cdtb125', 'type': 'double', 'show': True, 'parent': 'DOUBLE'}, {'name': 'cdtb126', 'type': 'double', 'show': True, 'parent': 'DOUBLE'}, {'name': 'cdtb127', 'type': 'double', 'show': True, 'parent': 'DOUBLE'}, {'name': 'cdtb128', 'type': 'double', 'show': True, 'parent': 'DOUBLE'}, {'name': 'cdtb129', 'type': 'double', 'show': True, 'parent': 'DOUBLE'}, {'name': 'cdtb130', 'type': 'double', 'show': True, 'parent': 'DOUBLE'}, {'name': 'cdtb131', 'type': 'double', 'show': True, 'parent': 'DOUBLE'}, {'name': 'cdtb132', 'type': 'double', 'show': True, 'parent': 'DOUBLE'}, {'name': 'cdtb133', 'type': 'double', 'show': True, 'parent': 'DOUBLE'}, {'name': 'cdtb134', 'type': 'double', 'show': True, 'parent': 'DOUBLE'}, {'name': 'cdtb135', 'type': 'double', 'show': True, 'parent': 'DOUBLE'}, {'name': 'cdtb136', 'type': 'double', 'show': True, 'parent': 'DOUBLE'}, {'name': 'cdtb137', 'type': 'double', 'show': True, 'parent': 'DOUBLE'}, {'name': 'cdtb138', 'type': 'double', 'show': True, 'parent': 'DOUBLE'}, {'name': 'cdtb139', 'type': 'double', 'show': True, 'parent': 'DOUBLE'}, {'name': 'cdtb140', 'type': 'double', 'show': True, 'parent': 'DOUBLE'}, {'name': 'cdtb141', 'type': 'double', 'show': True, 'parent': 'DOUBLE'}, {'name': 'cdtb142', 'type': 'double', 'show': True, 'parent': 'DOUBLE'}, {'name': 'cdtb143', 'type': 'double', 'show': True, 'parent': 'DOUBLE'}, {'name': 'cdtb144', 'type': 'double', 'show': True, 'parent': 'DOUBLE'}, {'name': 'cdtb145', 'type': 'double', 'show': True, 'parent': 'DOUBLE'}, {'name': 'cdtb146', 'type': 'double', 'show': True, 'parent': 'DOUBLE'}, {'name': 'cdtb147', 'type': 'double', 'show': True, 'parent': 'DOUBLE'}, {'name': 'cdtb148', 'type': 'double', 'show': True, 'parent': 'DOUBLE'}, {'name': 'cdtb149', 'type': 'double', 'show': True, 'parent': 'DOUBLE'}, {'name': 'cdtb152', 'type': 'double', 'show': True, 'parent': 'DOUBLE'}, {'name': 'cdtb154', 'type': 'double', 'show': True, 'parent': 'DOUBLE'}, {'name': 'cdtb155', 'type': 'double', 'show': True, 'parent': 'DOUBLE'}, {'name': 'cdtb156', 'type': 'double', 'show': True, 'parent': 'DOUBLE'}, {'name': 'cdtb157', 'type': 'double', 'show': True, 'parent': 'DOUBLE'}, {'name': 'cdtb158', 'type': 'double', 'show': True, 'parent': 'DOUBLE'}, {'name': 'cdtb159', 'type': 'double', 'show': True, 'parent': 'DOUBLE'}, {'name': 'cdtb160', 'type': 'double', 'show': True, 'parent': 'DOUBLE'}, {'name': 'cdtb161', 'type': 'double', 'show': True, 'parent': 'DOUBLE'}, {'name': 'cdtb162', 'type': 'double', 'show': True, 'parent': 'DOUBLE'}, {'name': 'cdtb163', 'type': 'double', 'show': True, 'parent': 'DOUBLE'}, {'name': 'cdtb164', 'type': 'double', 'show': True, 'parent': 'DOUBLE'}, {'name': 'cdtb165', 'type': 'double', 'show': True, 'parent': 'DOUBLE'}, {'name': 'cdtb166', 'type': 'double', 'show': True, 'parent': 'DOUBLE'}, {'name': 'cdtb167', 'type': 'double', 'show': True, 'parent': 'DOUBLE'}, {'name': 'cdtb168', 'type': 'double', 'show': True, 'parent': 'DOUBLE'}, {'name': 'cdtb169', 'type': 'double', 'show': True, 'parent': 'DOUBLE'}, {'name': 'cdtb170', 'type': 'double', 'show': True, 'parent': 'DOUBLE'}, {'name': 'cdtb171', 'type': 'double', 'show': True, 'parent': 'DOUBLE'}, {'name': 'cdtb172', 'type': 'double', 'show': True, 'parent': 'DOUBLE'}, {'name': 'cdtb173', 'type': 'double', 'show': True, 'parent': 'DOUBLE'}, {'name': 'cdtb174', 'type': 'double', 'show': True, 'parent': 'DOUBLE'}, {'name': 'cdtb175', 'type': 'double', 'show': True, 'parent': 'DOUBLE'}, {'name': 'cdtb176', 'type': 'double', 'show': True, 'parent': 'DOUBLE'}, {'name': 'cdtb177', 'type': 'double', 'show': True, 'parent': 'DOUBLE'}, {'name': 'cdtb178', 'type': 'double', 'show': True, 'parent': 'DOUBLE'}, {'name': 'cdtb179', 'type': 'double', 'show': True, 'parent': 'DOUBLE'}, {'name': 'cdtb180', 'type': 'double', 'show': True, 'parent': 'DOUBLE'}, {'name': 'cdtb181', 'type': 'double', 'show': True, 'parent': 'DOUBLE'}, {'name': 'cdtb182', 'type': 'double', 'show': True, 'parent': 'DOUBLE'}, {'name': 'cdtb183', 'type': 'double', 'show': True, 'parent': 'DOUBLE'}, {'name': 'cdtb184', 'type': 'double', 'show': True, 'parent': 'DOUBLE'}, {'name': 'cdtb185', 'type': 'double', 'show': True, 'parent': 'DOUBLE'}, {'name': 'cdtb186', 'type': 'double', 'show': True, 'parent': 'DOUBLE'}, {'name': 'cdtb187', 'type': 'double', 'show': True, 'parent': 'DOUBLE'}, {'name': 'cdtb188', 'type': 'double', 'show': True, 'parent': 'DOUBLE'}, {'name': 'cdtb189', 'type': 'double', 'show': True, 'parent': 'DOUBLE'}, {'name': 'cdtb190', 'type': 'double', 'show': True, 'parent': 'DOUBLE'}, {'name': 'cdtb191', 'type': 'double', 'show': True, 'parent': 'DOUBLE'}, {'name': 'cdtb192', 'type': 'double', 'show': True, 'parent': 'DOUBLE'}, {'name': 'cdtb193', 'type': 'double', 'show': True, 'parent': 'DOUBLE'}, {'name': 'cdtb194', 'type': 'double', 'show': True, 'parent': 'DOUBLE'}, {'name': 'cdtb195', 'type': 'double', 'show': True, 'parent': 'DOUBLE'}, {'name': 'cdtb196', 'type': 'double', 'show': True, 'parent': 'DOUBLE'}, {'name': 'cdtb197', 'type': 'double', 'show': True, 'parent': 'DOUBLE'}, {'name': 'cdtb198', 'type': 'double', 'show': True, 'parent': 'DOUBLE'}, {'name': 'cdtb199', 'type': 'double', 'show': True, 'parent': 'DOUBLE'}, {'name': 'cdtb200', 'type': 'double', 'show': True, 'parent': 'DOUBLE'}, {'name': 'cdtb201', 'type': 'double', 'show': True, 'parent': 'DOUBLE'}, {'name': 'cdtb202', 'type': 'double', 'show': True, 'parent': 'DOUBLE'}, {'name': 'cdtb203', 'type': 'double', 'show': True, 'parent': 'DOUBLE'}, {'name': 'cdtb204', 'type': 'double', 'show': True, 'parent': 'DOUBLE'}, {'name': 'cdtb205', 'type': 'double', 'show': True, 'parent': 'DOUBLE'}, {'name': 'cdtb206', 'type': 'double', 'show': True, 'parent': 'DOUBLE'}, {'name': 'cdtb207', 'type': 'double', 'show': True, 'parent': 'DOUBLE'}, {'name': 'cdtb208', 'type': 'double', 'show': True, 'parent': 'DOUBLE'}, {'name': 'cdtb209', 'type': 'double', 'show': True, 'parent': 'DOUBLE'}, {'name': 'cdtb210', 'type': 'double', 'show': True, 'parent': 'DOUBLE'}, {'name': 'cdtb211', 'type': 'double', 'show': True, 'parent': 'DOUBLE'}, {'name': 'cdtb212', 'type': 'double', 'show': True, 'parent': 'DOUBLE'}, {'name': 'cdtb213', 'type': 'double', 'show': True, 'parent': 'DOUBLE'}, {'name': 'cdtb214', 'type': 'double', 'show': True, 'parent': 'DOUBLE'}, {'name': 'cdtb215', 'type': 'double', 'show': True, 'parent': 'DOUBLE'}, {'name': 'cdtb216', 'type': 'double', 'show': True, 'parent': 'DOUBLE'}, {'name': 'cdtb217', 'type': 'double', 'show': True, 'parent': 'DOUBLE'}, {'name': 'cdmc001', 'type': 'double', 'show': True, 'parent': 'DOUBLE'}, {'name': 'cdmc002', 'type': 'double', 'show': True, 'parent': 'DOUBLE'}, {'name': 'cdmc003', 'type': 'double', 'show': True, 'parent': 'DOUBLE'}, {'name': 'cdmc004', 'type': 'double', 'show': True, 'parent': 'DOUBLE'}, {'name': 'cdmc005', 'type': 'double', 'show': True, 'parent': 'DOUBLE'}, {'name': 'cdmc006', 'type': 'double', 'show': True, 'parent': 'DOUBLE'}, {'name': 'cdmc007', 'type': 'double', 'show': True, 'parent': 'DOUBLE'}, {'name': 'cdmc008', 'type': 'double', 'show': True, 'parent': 'DOUBLE'}, {'name': 'cdmc009', 'type': 'double', 'show': True, 'parent': 'DOUBLE'}, {'name': 'cdmc010', 'type': 'double', 'show': True, 'parent': 'DOUBLE'}, {'name': 'cdmc011', 'type': 'double', 'show': True, 'parent': 'DOUBLE'}, {'name': 'cdmc012', 'type': 'double', 'show': True, 'parent': 'DOUBLE'}, {'name': 'cdmc013', 'type': 'double', 'show': True, 'parent': 'DOUBLE'}, {'name': 'cdmc014', 'type': 'double', 'show': True, 'parent': 'DOUBLE'}, {'name': 'cdmc015', 'type': 'double', 'show': True, 'parent': 'DOUBLE'}, {'name': 'cdmc016', 'type': 'double', 'show': True, 'parent': 'DOUBLE'}, {'name': 'cdmc017', 'type': 'double', 'show': True, 'parent': 'DOUBLE'}, {'name': 'cdmc018', 'type': 'double', 'show': True, 'parent': 'DOUBLE'}, {'name': 'cdmc019', 'type': 'double', 'show': True, 'parent': 'DOUBLE'}, {'name': 'cdmc020', 'type': 'double', 'show': True, 'parent': 'DOUBLE'}, {'name': 'cdmc021', 'type': 'double', 'show': True, 'parent': 'DOUBLE'}, {'name': 'cdmc022', 'type': 'double', 'show': True, 'parent': 'DOUBLE'}, {'name': 'cdmc023', 'type': 'double', 'show': True, 'parent': 'DOUBLE'}, {'name': 'cdmc024', 'type': 'double', 'show': True, 'parent': 'DOUBLE'}, {'name': 'cdmc025', 'type': 'double', 'show': True, 'parent': 'DOUBLE'}, {'name': 'cdmc026', 'type': 'double', 'show': True, 'parent': 'DOUBLE'}, {'name': 'cdmc027', 'type': 'double', 'show': True, 'parent': 'DOUBLE'}, {'name': 'cdmc028', 'type': 'double', 'show': True, 'parent': 'DOUBLE'}, {'name': 'cdmc029', 'type': 'double', 'show': True, 'parent': 'DOUBLE'}, {'name': 'cdmc030', 'type': 'double', 'show': True, 'parent': 'DOUBLE'}, {'name': 'cdmc031', 'type': 'double', 'show': True, 'parent': 'DOUBLE'}, {'name': 'cdmc032', 'type': 'double', 'show': True, 'parent': 'DOUBLE'}, {'name': 'cdmc033', 'type': 'double', 'show': True, 'parent': 'DOUBLE'}, {'name': 'cdmc034', 'type': 'double', 'show': True, 'parent': 'DOUBLE'}, {'name': 'cdmc035', 'type': 'double', 'show': True, 'parent': 'DOUBLE'}, {'name': 'cdmc036', 'type': 'double', 'show': True, 'parent': 'DOUBLE'}, {'name': 'cdmc037', 'type': 'double', 'show': True, 'parent': 'DOUBLE'}, {'name': 'cdmc038', 'type': 'double', 'show': True, 'parent': 'DOUBLE'}, {'name': 'cdmc039', 'type': 'double', 'show': True, 'parent': 'DOUBLE'}, {'name': 'cdmc040', 'type': 'double', 'show': True, 'parent': 'DOUBLE'}, {'name': 'cdmc041', 'type': 'double', 'show': True, 'parent': 'DOUBLE'}, {'name': 'cdmc042', 'type': 'double', 'show': True, 'parent': 'DOUBLE'}, {'name': 'cdmc043', 'type': 'double', 'show': True, 'parent': 'DOUBLE'}, {'name': 'cdmc044', 'type': 'double', 'show': True, 'parent': 'DOUBLE'}, {'name': 'cdmc045', 'type': 'double', 'show': True, 'parent': 'DOUBLE'}, {'name': 'cdmc046', 'type': 'double', 'show': True, 'parent': 'DOUBLE'}, {'name': 'cdmc047', 'type': 'double', 'show': True, 'parent': 'DOUBLE'}, {'name': 'cdmc048', 'type': 'double', 'show': True, 'parent': 'DOUBLE'}, {'name': 'cdmc049', 'type': 'double', 'show': True, 'parent': 'DOUBLE'}, {'name': 'cdmc050', 'type': 'double', 'show': True, 'parent': 'DOUBLE'}, {'name': 'cdmc051', 'type': 'double', 'show': True, 'parent': 'DOUBLE'}, {'name': 'cdmc052', 'type': 'double', 'show': True, 'parent': 'DOUBLE'}, {'name': 'cdmc053', 'type': 'double', 'show': True, 'parent': 'DOUBLE'}, {'name': 'cdmc054', 'type': 'double', 'show': True, 'parent': 'DOUBLE'}, {'name': 'cdmc055', 'type': 'double', 'show': True, 'parent': 'DOUBLE'}, {'name': 'cdmc056', 'type': 'double', 'show': True, 'parent': 'DOUBLE'}, {'name': 'cdmc057', 'type': 'double', 'show': True, 'parent': 'DOUBLE'}, {'name': 'cdmc058', 'type': 'double', 'show': True, 'parent': 'DOUBLE'}, {'name': 'cdmc059', 'type': 'double', 'show': True, 'parent': 'DOUBLE'}, {'name': 'cdmc060', 'type': 'double', 'show': True, 'parent': 'DOUBLE'}, {'name': 'cdmc061', 'type': 'double', 'show': True, 'parent': 'DOUBLE'}, {'name': 'cdmc062', 'type': 'double', 'show': True, 'parent': 'DOUBLE'}, {'name': 'cdmc063', 'type': 'double', 'show': True, 'parent': 'DOUBLE'}, {'name': 'cdmc064', 'type': 'double', 'show': True, 'parent': 'DOUBLE'}, {'name': 'cdmc065', 'type': 'double', 'show': True, 'parent': 'DOUBLE'}, {'name': 'cdmc066', 'type': 'double', 'show': True, 'parent': 'DOUBLE'}, {'name': 'cdmc067', 'type': 'double', 'show': True, 'parent': 'DOUBLE'}, {'name': 'cdmc068', 'type': 'double', 'show': True, 'parent': 'DOUBLE'}, {'name': 'cdmc069', 'type': 'double', 'show': True, 'parent': 'DOUBLE'}, {'name': 'cdmc070', 'type': 'double', 'show': True, 'parent': 'DOUBLE'}, {'name': 'cdmc071', 'type': 'double', 'show': True, 'parent': 'DOUBLE'}, {'name': 'cdmc072', 'type': 'double', 'show': True, 'parent': 'DOUBLE'}, {'name': 'cdmc073', 'type': 'double', 'show': True, 'parent': 'DOUBLE'}, {'name': 'cdmc074', 'type': 'double', 'show': True, 'parent': 'DOUBLE'}, {'name': 'cdmc075', 'type': 'double', 'show': True, 'parent': 'DOUBLE'}, {'name': 'cdmc076', 'type': 'double', 'show': True, 'parent': 'DOUBLE'}, {'name': 'cdmc077', 'type': 'double', 'show': True, 'parent': 'DOUBLE'}, {'name': 'cdmc078', 'type': 'double', 'show': True, 'parent': 'DOUBLE'}, {'name': 'cdmc079', 'type': 'double', 'show': True, 'parent': 'DOUBLE'}, {'name': 'cdmc080', 'type': 'double', 'show': True, 'parent': 'DOUBLE'}, {'name': 'cdmc081', 'type': 'double', 'show': True, 'parent': 'DOUBLE'}, {'name': 'cdmc082', 'type': 'double', 'show': True, 'parent': 'DOUBLE'}, {'name': 'cdmc083', 'type': 'double', 'show': True, 'parent': 'DOUBLE'}, {'name': 'cdmc084', 'type': 'double', 'show': True, 'parent': 'DOUBLE'}, {'name': 'cdmc085', 'type': 'double', 'show': True, 'parent': 'DOUBLE'}, {'name': 'cdmc086', 'type': 'double', 'show': True, 'parent': 'DOUBLE'}, {'name': 'cdmc087', 'type': 'double', 'show': True, 'parent': 'DOUBLE'}, {'name': 'cdmc088', 'type': 'double', 'show': True, 'parent': 'DOUBLE'}, {'name': 'cdmc089', 'type': 'double', 'show': True, 'parent': 'DOUBLE'}, {'name': 'cdmc090', 'type': 'double', 'show': True, 'parent': 'DOUBLE'}, {'name': 'cdmc091', 'type': 'double', 'show': True, 'parent': 'DOUBLE'}, {'name': 'cdmc092', 'type': 'double', 'show': True, 'parent': 'DOUBLE'}, {'name': 'cdmc093', 'type': 'double', 'show': True, 'parent': 'DOUBLE'}, {'name': 'cdmc094', 'type': 'double', 'show': True, 'parent': 'DOUBLE'}, {'name': 'cdmc095', 'type': 'double', 'show': True, 'parent': 'DOUBLE'}, {'name': 'cdmc096', 'type': 'double', 'show': True, 'parent': 'DOUBLE'}, {'name': 'cdmc097', 'type': 'double', 'show': True, 'parent': 'DOUBLE'}, {'name': 'cdmc098', 'type': 'double', 'show': True, 'parent': 'DOUBLE'}, {'name': 'cdmc099', 'type': 'double', 'show': True, 'parent': 'DOUBLE'}, {'name': 'cdmc100', 'type': 'double', 'show': True, 'parent': 'DOUBLE'}, {'name': 'cdmc101', 'type': 'double', 'show': True, 'parent': 'DOUBLE'}, {'name': 'cdmc102', 'type': 'double', 'show': True, 'parent': 'DOUBLE'}, {'name': 'cdmc103', 'type': 'double', 'show': True, 'parent': 'DOUBLE'}, {'name': 'cdmc104', 'type': 'double', 'show': True, 'parent': 'DOUBLE'}, {'name': 'cdmc105', 'type': 'double', 'show': True, 'parent': 'DOUBLE'}, {'name': 'cdmc106', 'type': 'double', 'show': True, 'parent': 'DOUBLE'}, {'name': 'cdmc107', 'type': 'double', 'show': True, 'parent': 'DOUBLE'}, {'name': 'cdmc108', 'type': 'double', 'show': True, 'parent': 'DOUBLE'}, {'name': 'cdmc109', 'type': 'double', 'show': True, 'parent': 'DOUBLE'}, {'name': 'cdmc110', 'type': 'double', 'show': True, 'parent': 'DOUBLE'}, {'name': 'cdmc111', 'type': 'double', 'show': True, 'parent': 'DOUBLE'}, {'name': 'cdmc112', 'type': 'double', 'show': True, 'parent': 'DOUBLE'}, {'name': 'cdmc113', 'type': 'double', 'show': True, 'parent': 'DOUBLE'}, {'name': 'cdmc114', 'type': 'double', 'show': True, 'parent': 'DOUBLE'}, {'name': 'cdmc115', 'type': 'double', 'show': True, 'parent': 'DOUBLE'}, {'name': 'cdmc116', 'type': 'double', 'show': True, 'parent': 'DOUBLE'}, {'name': 'cdmc117', 'type': 'double', 'show': True, 'parent': 'DOUBLE'}, {'name': 'cdmc118', 'type': 'double', 'show': True, 'parent': 'DOUBLE'}, {'name': 'cdmc119', 'type': 'double', 'show': True, 'parent': 'DOUBLE'}, {'name': 'cdmc120', 'type': 'double', 'show': True, 'parent': 'DOUBLE'}, {'name': 'cdmc121', 'type': 'double', 'show': True, 'parent': 'DOUBLE'}, {'name': 'cdmc122', 'type': 'double', 'show': True, 'parent': 'DOUBLE'}, {'name': 'cdmc123', 'type': 'double', 'show': True, 'parent': 'DOUBLE'}, {'name': 'cdmc124', 'type': 'double', 'show': True, 'parent': 'DOUBLE'}, {'name': 'cdmc125', 'type': 'double', 'show': True, 'parent': 'DOUBLE'}, {'name': 'cdmc126', 'type': 'double', 'show': True, 'parent': 'DOUBLE'}, {'name': 'cdmc127', 'type': 'double', 'show': True, 'parent': 'DOUBLE'}, {'name': 'cdmc128', 'type': 'double', 'show': True, 'parent': 'DOUBLE'}, {'name': 'cdmc129', 'type': 'double', 'show': True, 'parent': 'DOUBLE'}, {'name': 'cdmc130', 'type': 'double', 'show': True, 'parent': 'DOUBLE'}, {'name': 'cdmc131', 'type': 'double', 'show': True, 'parent': 'DOUBLE'}, {'name': 'cdmc132', 'type': 'double', 'show': True, 'parent': 'DOUBLE'}, {'name': 'cdmc133', 'type': 'double', 'show': True, 'parent': 'DOUBLE'}, {'name': 'cdmc134', 'type': 'double', 'show': True, 'parent': 'DOUBLE'}, {'name': 'cdmc135', 'type': 'double', 'show': True, 'parent': 'DOUBLE'}, {'name': 'cdmc136', 'type': 'double', 'show': True, 'parent': 'DOUBLE'}, {'name': 'cdmc137', 'type': 'double', 'show': True, 'parent': 'DOUBLE'}, {'name': 'cdmc138', 'type': 'double', 'show': True, 'parent': 'DOUBLE'}, {'name': 'cdmc139', 'type': 'double', 'show': True, 'parent': 'DOUBLE'}, {'name': 'cdmc140', 'type': 'double', 'show': True, 'parent': 'DOUBLE'}, {'name': 'cdmc141', 'type': 'double', 'show': True, 'parent': 'DOUBLE'}, {'name': 'cdmc142', 'type': 'double', 'show': True, 'parent': 'DOUBLE'}, {'name': 'cdmc143', 'type': 'double', 'show': True, 'parent': 'DOUBLE'}, {'name': 'cdmc144', 'type': 'double', 'show': True, 'parent': 'DOUBLE'}, {'name': 'cdmc145', 'type': 'double', 'show': True, 'parent': 'DOUBLE'}, {'name': 'cdmc146', 'type': 'double', 'show': True, 'parent': 'DOUBLE'}, {'name': 'cdmc147', 'type': 'double', 'show': True, 'parent': 'DOUBLE'}, {'name': 'cdmc148', 'type': 'double', 'show': True, 'parent': 'DOUBLE'}, {'name': 'cdmc149', 'type': 'double', 'show': True, 'parent': 'DOUBLE'}, {'name': 'cdmc150', 'type': 'double', 'show': True, 'parent': 'DOUBLE'}, {'name': 'cdmc151', 'type': 'double', 'show': True, 'parent': 'DOUBLE'}, {'name': 'cdmc152', 'type': 'double', 'show': True, 'parent': 'DOUBLE'}, {'name': 'cdmc153', 'type': 'double', 'show': True, 'parent': 'DOUBLE'}, {'name': 'cdmc154', 'type': 'double', 'show': True, 'parent': 'DOUBLE'}, {'name': 'cdmc155', 'type': 'double', 'show': True, 'parent': 'DOUBLE'}, {'name': 'cdmc156', 'type': 'double', 'show': True, 'parent': 'DOUBLE'}, {'name': 'cdmc157', 'type': 'double', 'show': True, 'parent': 'DOUBLE'}, {'name': 'cdmc158', 'type': 'double', 'show': True, 'parent': 'DOUBLE'}, {'name': 'cdmc159', 'type': 'double', 'show': True, 'parent': 'DOUBLE'}, {'name': 'cdmc160', 'type': 'double', 'show': True, 'parent': 'DOUBLE'}, {'name': 'cdmc161', 'type': 'double', 'show': True, 'parent': 'DOUBLE'}, {'name': 'cdmc162', 'type': 'double', 'show': True, 'parent': 'DOUBLE'}, {'name': 'cdmc163', 'type': 'double', 'show': True, 'parent': 'DOUBLE'}, {'name': 'cdmc164', 'type': 'double', 'show': True, 'parent': 'DOUBLE'}, {'name': 'cdmc165', 'type': 'double', 'show': True, 'parent': 'DOUBLE'}, {'name': 'cdmc166', 'type': 'double', 'show': True, 'parent': 'DOUBLE'}, {'name': 'cdmc167', 'type': 'double', 'show': True, 'parent': 'DOUBLE'}, {'name': 'cdmc168', 'type': 'double', 'show': True, 'parent': 'DOUBLE'}, {'name': 'cdmc169', 'type': 'double', 'show': True, 'parent': 'DOUBLE'}, {'name': 'cdmc170', 'type': 'double', 'show': True, 'parent': 'DOUBLE'}, {'name': 'cdmc171', 'type': 'double', 'show': True, 'parent': 'DOUBLE'}, {'name': 'cdmc172', 'type': 'double', 'show': True, 'parent': 'DOUBLE'}, {'name': 'cdmc173', 'type': 'double', 'show': True, 'parent': 'DOUBLE'}, {'name': 'cdmc174', 'type': 'double', 'show': True, 'parent': 'DOUBLE'}, {'name': 'cdmc175', 'type': 'double', 'show': True, 'parent': 'DOUBLE'}, {'name': 'cdmc176', 'type': 'double', 'show': True, 'parent': 'DOUBLE'}, {'name': 'cdmc177', 'type': 'double', 'show': True, 'parent': 'DOUBLE'}, {'name': 'cdmc178', 'type': 'double', 'show': True, 'parent': 'DOUBLE'}, {'name': 'cdmc179', 'type': 'double', 'show': True, 'parent': 'DOUBLE'}, {'name': 'cdmc180', 'type': 'double', 'show': True, 'parent': 'DOUBLE'}, {'name': 'cdmc181', 'type': 'double', 'show': True, 'parent': 'DOUBLE'}, {'name': 'cdmc182', 'type': 'double', 'show': True, 'parent': 'DOUBLE'}, {'name': 'cdmc183', 'type': 'double', 'show': True, 'parent': 'DOUBLE'}, {'name': 'cdmc184', 'type': 'double', 'show': True, 'parent': 'DOUBLE'}, {'name': 'cdmc185', 'type': 'double', 'show': True, 'parent': 'DOUBLE'}, {'name': 'cdmc186', 'type': 'double', 'show': True, 'parent': 'DOUBLE'}, {'name': 'cdmc187', 'type': 'double', 'show': True, 'parent': 'DOUBLE'}, {'name': 'cdmc188', 'type': 'double', 'show': True, 'parent': 'DOUBLE'}, {'name': 'cdmc189', 'type': 'double', 'show': True, 'parent': 'DOUBLE'}, {'name': 'cdmc190', 'type': 'double', 'show': True, 'parent': 'DOUBLE'}, {'name': 'cdmc191', 'type': 'double', 'show': True, 'parent': 'DOUBLE'}, {'name': 'cdmc192', 'type': 'double', 'show': True, 'parent': 'DOUBLE'}, {'name': 'cdmc193', 'type': 'double', 'show': True, 'parent': 'DOUBLE'}, {'name': 'cdmc194', 'type': 'double', 'show': True, 'parent': 'DOUBLE'}, {'name': 'cdmc195', 'type': 'double', 'show': True, 'parent': 'DOUBLE'}, {'name': 'cdmc196', 'type': 'double', 'show': True, 'parent': 'DOUBLE'}, {'name': 'cdmc197', 'type': 'double', 'show': True, 'parent': 'DOUBLE'}, {'name': 'cdmc198', 'type': 'double', 'show': True, 'parent': 'DOUBLE'}, {'name': 'cdmc199', 'type': 'double', 'show': True, 'parent': 'DOUBLE'}, {'name': 'cdmc200', 'type': 'double', 'show': True, 'parent': 'DOUBLE'}, {'name': 'cdmc201', 'type': 'double', 'show': True, 'parent': 'DOUBLE'}, {'name': 'cdmc202', 'type': 'double', 'show': True, 'parent': 'DOUBLE'}, {'name': 'cdmc203', 'type': 'double', 'show': True, 'parent': 'DOUBLE'}, {'name': 'cdmc204', 'type': 'double', 'show': True, 'parent': 'DOUBLE'}, {'name': 'cdmc205', 'type': 'double', 'show': True, 'parent': 'DOUBLE'}, {'name': 'cdmc206', 'type': 'double', 'show': True, 'parent': 'DOUBLE'}, {'name': 'cdmc207', 'type': 'double', 'show': True, 'parent': 'DOUBLE'}, {'name': 'cdmc208', 'type': 'double', 'show': True, 'parent': 'DOUBLE'}, {'name': 'cdmc209', 'type': 'double', 'show': True, 'parent': 'DOUBLE'}, {'name': 'cdmc210', 'type': 'double', 'show': True, 'parent': 'DOUBLE'}, {'name': 'cdmc211', 'type': 'double', 'show': True, 'parent': 'DOUBLE'}, {'name': 'cdmc212', 'type': 'double', 'show': True, 'parent': 'DOUBLE'}, {'name': 'cdmc213', 'type': 'double', 'show': True, 'parent': 'DOUBLE'}, {'name': 'cdmc214', 'type': 'double', 'show': True, 'parent': 'DOUBLE'}, {'name': 'cdmc215', 'type': 'double', 'show': True, 'parent': 'DOUBLE'}, {'name': 'cdmc216', 'type': 'double', 'show': True, 'parent': 'DOUBLE'}, {'name': 'cdmc217', 'type': 'double', 'show': True, 'parent': 'DOUBLE'}, {'name': 'cdmc218', 'type': 'double', 'show': True, 'parent': 'DOUBLE'}, {'name': 'cdmc219', 'type': 'double', 'show': True, 'parent': 'DOUBLE'}, {'name': 'cdmc220', 'type': 'double', 'show': True, 'parent': 'DOUBLE'}, {'name': 'cdmc221', 'type': 'double', 'show': True, 'parent': 'DOUBLE'}, {'name': 'cdmc222', 'type': 'double', 'show': True, 'parent': 'DOUBLE'}, {'name': 'cdmc223', 'type': 'double', 'show': True, 'parent': 'DOUBLE'}, {'name': 'cdmc224', 'type': 'double', 'show': True, 'parent': 'DOUBLE'}, {'name': 'cdmc225', 'type': 'double', 'show': True, 'parent': 'DOUBLE'}, {'name': 'cdmc226', 'type': 'double', 'show': True, 'parent': 'DOUBLE'}, {'name': 'cdmc227', 'type': 'double', 'show': True, 'parent': 'DOUBLE'}, {'name': 'cdmc228', 'type': 'double', 'show': True, 'parent': 'DOUBLE'}, {'name': 'cdmc229', 'type': 'double', 'show': True, 'parent': 'DOUBLE'}, {'name': 'cdmc230', 'type': 'double', 'show': True, 'parent': 'DOUBLE'}, {'name': 'cdmc231', 'type': 'double', 'show': True, 'parent': 'DOUBLE'}, {'name': 'cdmc232', 'type': 'double', 'show': True, 'parent': 'DOUBLE'}, {'name': 'cdmc233', 'type': 'double', 'show': True, 'parent': 'DOUBLE'}, {'name': 'cdmc234', 'type': 'double', 'show': True, 'parent': 'DOUBLE'}, {'name': 'cdmc235', 'type': 'double', 'show': True, 'parent': 'DOUBLE'}, {'name': 'cdmc236', 'type': 'double', 'show': True, 'parent': 'DOUBLE'}, {'name': 'cdmc237', 'type': 'double', 'show': True, 'parent': 'DOUBLE'}, {'name': 'cdmc238', 'type': 'double', 'show': True, 'parent': 'DOUBLE'}, {'name': 'cdmc239', 'type': 'double', 'show': True, 'parent': 'DOUBLE'}, {'name': 'cdmc240', 'type': 'double', 'show': True, 'parent': 'DOUBLE'}, {'name': 'cdmc241', 'type': 'double', 'show': True, 'parent': 'DOUBLE'}, {'name': 'cdmc242', 'type': 'double', 'show': True, 'parent': 'DOUBLE'}, {'name': 'cdmc243', 'type': 'double', 'show': True, 'parent': 'DOUBLE'}, {'name': 'cdmc244', 'type': 'double', 'show': True, 'parent': 'DOUBLE'}, {'name': 'cdmc245', 'type': 'double', 'show': True, 'parent': 'DOUBLE'}, {'name': 'cdmc246', 'type': 'double', 'show': True, 'parent': 'DOUBLE'}, {'name': 'cdmc247', 'type': 'double', 'show': True, 'parent': 'DOUBLE'}, {'name': 'cdmc248', 'type': 'double', 'show': True, 'parent': 'DOUBLE'}, {'name': 'cdmc249', 'type': 'double', 'show': True, 'parent': 'DOUBLE'}, {'name': 'cdmc250', 'type': 'double', 'show': True, 'parent': 'DOUBLE'}, {'name': 'cdmc251', 'type': 'double', 'show': True, 'parent': 'DOUBLE'}, {'name': 'cdmc252', 'type': 'double', 'show': True, 'parent': 'DOUBLE'}, {'name': 'cdmc253', 'type': 'double', 'show': True, 'parent': 'DOUBLE'}, {'name': 'cdmc254', 'type': 'double', 'show': True, 'parent': 'DOUBLE'}, {'name': 'cdmc255', 'type': 'double', 'show': True, 'parent': 'DOUBLE'}, {'name': 'cdmc256', 'type': 'double', 'show': True, 'parent': 'DOUBLE'}, {'name': 'cdmc257', 'type': 'double', 'show': True, 'parent': 'DOUBLE'}, {'name': 'cdmc258', 'type': 'double', 'show': True, 'parent': 'DOUBLE'}, {'name': 'cdmc259', 'type': 'double', 'show': True, 'parent': 'DOUBLE'}, {'name': 'cdmc260', 'type': 'double', 'show': True, 'parent': 'DOUBLE'}, {'name': 'cdmc261', 'type': 'double', 'show': True, 'parent': 'DOUBLE'}, {'name': 'cdmc262', 'type': 'double', 'show': True, 'parent': 'DOUBLE'}, {'name': 'cdmc263', 'type': 'double', 'show': True, 'parent': 'DOUBLE'}, {'name': 'cdmc264', 'type': 'double', 'show': True, 'parent': 'DOUBLE'}, {'name': 'cdmc265', 'type': 'double', 'show': True, 'parent': 'DOUBLE'}, {'name': 'cdmc266', 'type': 'double', 'show': True, 'parent': 'DOUBLE'}, {'name': 'cdmc267', 'type': 'double', 'show': True, 'parent': 'DOUBLE'}, {'name': 'cdmc268', 'type': 'double', 'show': True, 'parent': 'DOUBLE'}, {'name': 'cdmc269', 'type': 'double', 'show': True, 'parent': 'DOUBLE'}, {'name': 'cdmc270', 'type': 'double', 'show': True, 'parent': 'DOUBLE'}, {'name': 'cdmc271', 'type': 'double', 'show': True, 'parent': 'DOUBLE'}, {'name': 'cdmc272', 'type': 'double', 'show': True, 'parent': 'DOUBLE'}, {'name': 'cdmc273', 'type': 'double', 'show': True, 'parent': 'DOUBLE'}, {'name': 'cdmc274', 'type': 'double', 'show': True, 'parent': 'DOUBLE'}, {'name': 'cdmc275', 'type': 'double', 'show': True, 'parent': 'DOUBLE'}, {'name': 'cdmc276', 'type': 'double', 'show': True, 'parent': 'DOUBLE'}, {'name': 'cdmc277', 'type': 'double', 'show': True, 'parent': 'DOUBLE'}, {'name': 'cdmc278', 'type': 'double', 'show': True, 'parent': 'DOUBLE'}, {'name': 'cdmc279', 'type': 'double', 'show': True, 'parent': 'DOUBLE'}, {'name': 'cdmc280', 'type': 'double', 'show': True, 'parent': 'DOUBLE'}, {'name': 'cdmc281', 'type': 'double', 'show': True, 'parent': 'DOUBLE'}, {'name': 'cdmc282', 'type': 'double', 'show': True, 'parent': 'DOUBLE'}, {'name': 'cdmc283', 'type': 'double', 'show': True, 'parent': 'DOUBLE'}, {'name': 'cdmc284', 'type': 'double', 'show': True, 'parent': 'DOUBLE'}, {'name': 'cdtp061', 'type': 'double', 'show': True, 'parent': 'DOUBLE'}, {'name': 'cdtp062', 'type': 'double', 'show': True, 'parent': 'DOUBLE'}, {'name': 'cdtp063', 'type': 'double', 'show': True, 'parent': 'DOUBLE'}, {'name': 'cdtp064', 'type': 'double', 'show': True, 'parent': 'DOUBLE'}, {'name': 'cdtp065', 'type': 'double', 'show': True, 'parent': 'DOUBLE'}, {'name': 'cdtp066', 'type': 'double', 'show': True, 'parent': 'DOUBLE'}, {'name': 'cdtp067', 'type': 'double', 'show': True, 'parent': 'DOUBLE'}, {'name': 'cdtp068', 'type': 'double', 'show': True, 'parent': 'DOUBLE'}, {'name': 'cdtp069', 'type': 'double', 'show': True, 'parent': 'DOUBLE'}, {'name': 'cdtp070', 'type': 'double', 'show': True, 'parent': 'DOUBLE'}, {'name': 'cdtp071', 'type': 'double', 'show': True, 'parent': 'DOUBLE'}, {'name': 'cdtp072', 'type': 'double', 'show': True, 'parent': 'DOUBLE'}, {'name': 'cdtp073', 'type': 'double', 'show': True, 'parent': 'DOUBLE'}, {'name': 'cdtp074', 'type': 'double', 'show': True, 'parent': 'DOUBLE'}, {'name': 'cdtp075', 'type': 'double', 'show': True, 'parent': 'DOUBLE'}, {'name': 'cdtp076', 'type': 'double', 'show': True, 'parent': 'DOUBLE'}, {'name': 'cdtp077', 'type': 'double', 'show': True, 'parent': 'DOUBLE'}, {'name': 'cdtp078', 'type': 'double', 'show': True, 'parent': 'DOUBLE'}, {'name': 'cdtp079', 'type': 'double', 'show': True, 'parent': 'DOUBLE'}, {'name': 'cdtp080', 'type': 'double', 'show': True, 'parent': 'DOUBLE'}, {'name': 'cdtp081', 'type': 'double', 'show': True, 'parent': 'DOUBLE'}, {'name': 'cdtp082', 'type': 'double', 'show': True, 'parent': 'DOUBLE'}, {'name': 'cdtp083', 'type': 'double', 'show': True, 'parent': 'DOUBLE'}, {'name': 'cdtp084', 'type': 'double', 'show': True, 'parent': 'DOUBLE'}, {'name': 'cdtp085', 'type': 'double', 'show': True, 'parent': 'DOUBLE'}, {'name': 'cdtp086', 'type': 'double', 'show': True, 'parent': 'DOUBLE'}, {'name': 'cdtp087', 'type': 'double', 'show': True, 'parent': 'DOUBLE'}, {'name': 'cdtp088', 'type': 'double', 'show': True, 'parent': 'DOUBLE'}, {'name': 'cdtp091', 'type': 'double', 'show': True, 'parent': 'DOUBLE'}, {'name': 'cdtp092', 'type': 'double', 'show': True, 'parent': 'DOUBLE'}, {'name': 'cdtp093', 'type': 'double', 'show': True, 'parent': 'DOUBLE'}, {'name': 'cdtp094', 'type': 'double', 'show': True, 'parent': 'DOUBLE'}, {'name': 'cdtp095', 'type': 'double', 'show': True, 'parent': 'DOUBLE'}, {'name': 'cdtp096', 'type': 'double', 'show': True, 'parent': 'DOUBLE'}, {'name': 'cdtp097', 'type': 'double', 'show': True, 'parent': 'DOUBLE'}, {'name': 'cdtp098', 'type': 'double', 'show': True, 'parent': 'DOUBLE'}, {'name': 'cdtp099', 'type': 'double', 'show': True, 'parent': 'DOUBLE'}, {'name': 'cdtp100', 'type': 'double', 'show': True, 'parent': 'DOUBLE'}, {'name': 'cdtp101', 'type': 'double', 'show': True, 'parent': 'DOUBLE'}, {'name': 'cdtp102', 'type': 'double', 'show': True, 'parent': 'DOUBLE'}, {'name': 'cdtp103', 'type': 'double', 'show': True, 'parent': 'DOUBLE'}, {'name': 'cdtp104', 'type': 'double', 'show': True, 'parent': 'DOUBLE'}, {'name': 'cdtp105', 'type': 'double', 'show': True, 'parent': 'DOUBLE'}, {'name': 'cdtp106', 'type': 'double', 'show': True, 'parent': 'DOUBLE'}, {'name': 'cdtp107', 'type': 'double', 'show': True, 'parent': 'DOUBLE'}, {'name': 'cdtp108', 'type': 'double', 'show': True, 'parent': 'DOUBLE'}, {'name': 'cdtp109', 'type': 'double', 'show': True, 'parent': 'DOUBLE'}, {'name': 'cdtp110', 'type': 'double', 'show': True, 'parent': 'DOUBLE'}, {'name': 'cdtp111', 'type': 'double', 'show': True, 'parent': 'DOUBLE'}, {'name': 'cdtp112', 'type': 'double', 'show': True, 'parent': 'DOUBLE'}, {'name': 'cdtp113', 'type': 'double', 'show': True, 'parent': 'DOUBLE'}, {'name': 'cdtp114', 'type': 'double', 'show': True, 'parent': 'DOUBLE'}, {'name': 'cdtp115', 'type': 'double', 'show': True, 'parent': 'DOUBLE'}, {'name': 'cdtp116', 'type': 'double', 'show': True, 'parent': 'DOUBLE'}, {'name': 'cdtp117', 'type': 'double', 'show': True, 'parent': 'DOUBLE'}, {'name': 'cdtp118', 'type': 'double', 'show': True, 'parent': 'DOUBLE'}, {'name': 'cdtp119', 'type': 'double', 'show': True, 'parent': 'DOUBLE'}, {'name': 'cdtp120', 'type': 'double', 'show': True, 'parent': 'DOUBLE'}, {'name': 'cdtp121', 'type': 'double', 'show': True, 'parent': 'DOUBLE'}, {'name': 'cdtp122', 'type': 'double', 'show': True, 'parent': 'DOUBLE'}, {'name': 'cdtp123', 'type': 'double', 'show': True, 'parent': 'DOUBLE'}, {'name': 'cdtp124', 'type': 'double', 'show': True, 'parent': 'DOUBLE'}, {'name': 'cdtp125', 'type': 'double', 'show': True, 'parent': 'DOUBLE'}, {'name': 'cdtp126', 'type': 'double', 'show': True, 'parent': 'DOUBLE'}, {'name': 'cdtp127', 'type': 'double', 'show': True, 'parent': 'DOUBLE'}, {'name': 'cdtp128', 'type': 'double', 'show': True, 'parent': 'DOUBLE'}, {'name': 'cdtp129', 'type': 'double', 'show': True, 'parent': 'DOUBLE'}, {'name': 'cdtc007', 'type': 'double', 'show': True, 'parent': 'DOUBLE'}, {'name': 'cdtc008', 'type': 'double', 'show': True, 'parent': 'DOUBLE'}, {'name': 'cdtc009', 'type': 'double', 'show': True, 'parent': 'DOUBLE'}, {'name': 'cdtc010', 'type': 'double', 'show': True, 'parent': 'DOUBLE'}, {'name': 'cdtc011', 'type': 'double', 'show': True, 'parent': 'DOUBLE'}, {'name': 'cdtc012', 'type': 'double', 'show': True, 'parent': 'DOUBLE'}, {'name': 'cdtc013', 'type': 'double', 'show': True, 'parent': 'DOUBLE'}, {'name': 'cdtc014', 'type': 'double', 'show': True, 'parent': 'DOUBLE'}, {'name': 'cdtc015', 'type': 'double', 'show': True, 'parent': 'DOUBLE'}, {'name': 'cdtc016', 'type': 'double', 'show': True, 'parent': 'DOUBLE'}, {'name': 'cdtc017', 'type': 'double', 'show': True, 'parent': 'DOUBLE'}, {'name': 'cdtc018', 'type': 'double', 'show': True, 'parent': 'DOUBLE'}, {'name': 'cdtc019', 'type': 'double', 'show': True, 'parent': 'DOUBLE'}, {'name': 'cdtc020', 'type': 'double', 'show': True, 'parent': 'DOUBLE'}, {'name': 'cdtc021', 'type': 'double', 'show': True, 'parent': 'DOUBLE'}, {'name': 'cdtc022', 'type': 'double', 'show': True, 'parent': 'DOUBLE'}, {'name': 'cdtc023', 'type': 'double', 'show': True, 'parent': 'DOUBLE'}, {'name': 'cdtc024', 'type': 'double', 'show': True, 'parent': 'DOUBLE'}, {'name': 'cdtc025', 'type': 'double', 'show': True, 'parent': 'DOUBLE'}, {'name': 'cdtc026', 'type': 'double', 'show': True, 'parent': 'DOUBLE'}, {'name': 'cdtc027', 'type': 'double', 'show': True, 'parent': 'DOUBLE'}, {'name': 'cdtc028', 'type': 'double', 'show': True, 'parent': 'DOUBLE'}, {'name': 'cdtc029', 'type': 'double', 'show': True, 'parent': 'DOUBLE'}, {'name': 'cdtc030', 'type': 'double', 'show': True, 'parent': 'DOUBLE'}, {'name': 'cdtc031', 'type': 'double', 'show': True, 'parent': 'DOUBLE'}, {'name': 'cdtc032', 'type': 'double', 'show': True, 'parent': 'DOUBLE'}, {'name': 'cdtc033', 'type': 'double', 'show': True, 'parent': 'DOUBLE'}, {'name': 'cdtc034', 'type': 'double', 'show': True, 'parent': 'DOUBLE'}, {'name': 'cdtc035', 'type': 'double', 'show': True, 'parent': 'DOUBLE'}, {'name': 'cdtc036', 'type': 'double', 'show': True, 'parent': 'DOUBLE'}, {'name': 'cdtc037', 'type': 'double', 'show': True, 'parent': 'DOUBLE'}, {'name': 'cdtc038', 'type': 'double', 'show': True, 'parent': 'DOUBLE'}, {'name': 'cdtc039', 'type': 'double', 'show': True, 'parent': 'DOUBLE'}, {'name': 'cdtc040', 'type': 'double', 'show': True, 'parent': 'DOUBLE'}, {'name': 'cdtc041', 'type': 'double', 'show': True, 'parent': 'DOUBLE'}, {'name': 'cdtc042', 'type': 'double', 'show': True, 'parent': 'DOUBLE'}, {'name': 'cdtc043', 'type': 'double', 'show': True, 'parent': 'DOUBLE'}, {'name': 'cdtc044', 'type': 'double', 'show': True, 'parent': 'DOUBLE'}, {'name': 'cdtc045', 'type': 'double', 'show': True, 'parent': 'DOUBLE'}, {'name': 'cdtc046', 'type': 'double', 'show': True, 'parent': 'DOUBLE'}, {'name': 'cdtc047', 'type': 'double', 'show': True, 'parent': 'DOUBLE'}, {'name': 'cdtc048', 'type': 'double', 'show': True, 'parent': 'DOUBLE'}, {'name': 'cdtc049', 'type': 'double', 'show': True, 'parent': 'DOUBLE'}, {'name': 'cdtc050', 'type': 'double', 'show': True, 'parent': 'DOUBLE'}, {'name': 'cdtt001', 'type': 'double', 'show': True, 'parent': 'DOUBLE'}, {'name': 'cdtt002', 'type': 'double', 'show': True, 'parent': 'DOUBLE'}, {'name': 'cdtt003', 'type': 'double', 'show': True, 'parent': 'DOUBLE'}, {'name': 'cdtt004', 'type': 'double', 'show': True, 'parent': 'DOUBLE'}, {'name': 'cdtt005', 'type': 'double', 'show': True, 'parent': 'DOUBLE'}, {'name': 'cdtt006', 'type': 'double', 'show': True, 'parent': 'DOUBLE'}, {'name': 'cdtt007', 'type': 'double', 'show': True, 'parent': 'DOUBLE'}, {'name': 'cdtt008', 'type': 'double', 'show': True, 'parent': 'DOUBLE'}, {'name': 'cdtt009', 'type': 'double', 'show': True, 'parent': 'DOUBLE'}, {'name': 'cdtt010', 'type': 'double', 'show': True, 'parent': 'DOUBLE'}, {'name': 'cdtt011', 'type': 'double', 'show': True, 'parent': 'DOUBLE'}, {'name': 'cdtt012', 'type': 'double', 'show': True, 'parent': 'DOUBLE'}, {'name': 'cdtt013', 'type': 'double', 'show': True, 'parent': 'DOUBLE'}, {'name': 'cdtt014', 'type': 'double', 'show': True, 'parent': 'DOUBLE'}, {'name': 'cdtt015', 'type': 'double', 'show': True, 'parent': 'DOUBLE'}, {'name': 'cdtt016', 'type': 'double', 'show': True, 'parent': 'DOUBLE'}, {'name': 'cdtt017', 'type': 'double', 'show': True, 'parent': 'DOUBLE'}, {'name': 'cdtt018', 'type': 'double', 'show': True, 'parent': 'DOUBLE'}, {'name': 'cdtt019', 'type': 'double', 'show': True, 'parent': 'DOUBLE'}, {'name': 'cdtt020', 'type': 'double', 'show': True, 'parent': 'DOUBLE'}, {'name': 'cdtt021', 'type': 'double', 'show': True, 'parent': 'DOUBLE'}, {'name': 'cdtt022', 'type': 'double', 'show': True, 'parent': 'DOUBLE'}, {'name': 'cdtt023', 'type': 'double', 'show': True, 'parent': 'DOUBLE'}, {'name': 'cdtt024', 'type': 'double', 'show': True, 'parent': 'DOUBLE'}, {'name': 'cdtt025', 'type': 'double', 'show': True, 'parent': 'DOUBLE'}, {'name': 'cdtt026', 'type': 'double', 'show': True, 'parent': 'DOUBLE'}, {'name': 'cdtt027', 'type': 'double', 'show': True, 'parent': 'DOUBLE'}, {'name': 'cdtt028', 'type': 'double', 'show': True, 'parent': 'DOUBLE'}, {'name': 'cdtt029', 'type': 'double', 'show': True, 'parent': 'DOUBLE'}, {'name': 'cdtt030', 'type': 'double', 'show': True, 'parent': 'DOUBLE'}, {'name': 'cdtt031', 'type': 'double', 'show': True, 'parent': 'DOUBLE'}, {'name': 'cdtt032', 'type': 'double', 'show': True, 'parent': 'DOUBLE'}, {'name': 'cdtt033', 'type': 'double', 'show': True, 'parent': 'DOUBLE'}, {'name': 'cdtt034', 'type': 'double', 'show': True, 'parent': 'DOUBLE'}, {'name': 'cdtt035', 'type': 'double', 'show': True, 'parent': 'DOUBLE'}, {'name': 'cdtt036', 'type': 'double', 'show': True, 'parent': 'DOUBLE'}, {'name': 'cdtt037', 'type': 'double', 'show': True, 'parent': 'DOUBLE'}, {'name': 'cdtt038', 'type': 'double', 'show': True, 'parent': 'DOUBLE'}, {'name': 'cdtt039', 'type': 'double', 'show': True, 'parent': 'DOUBLE'}, {'name': 'cdtt040', 'type': 'double', 'show': True, 'parent': 'DOUBLE'}, {'name': 'cdtt041', 'type': 'double', 'show': True, 'parent': 'DOUBLE'}, {'name': 'cdtt042', 'type': 'double', 'show': True, 'parent': 'DOUBLE'}, {'name': 'cdtt043', 'type': 'double', 'show': True, 'parent': 'DOUBLE'}, {'name': 'cdtt044', 'type': 'double', 'show': True, 'parent': 'DOUBLE'}, {'name': 'cdtt045', 'type': 'double', 'show': True, 'parent': 'DOUBLE'}, {'name': 'cdtt046', 'type': 'double', 'show': True, 'parent': 'DOUBLE'}, {'name': 'cdtt047', 'type': 'double', 'show': True, 'parent': 'DOUBLE'}, {'name': 'cdtt048', 'type': 'double', 'show': True, 'parent': 'DOUBLE'}, {'name': 'cdtt049', 'type': 'double', 'show': True, 'parent': 'DOUBLE'}, {'name': 'cdtt050', 'type': 'double', 'show': True, 'parent': 'DOUBLE'}, {'name': 'cdtt051', 'type': 'double', 'show': True, 'parent': 'DOUBLE'}, {'name': 'cdtt052', 'type': 'double', 'show': True, 'parent': 'DOUBLE'}, {'name': 'cdtt053', 'type': 'double', 'show': True, 'parent': 'DOUBLE'}, {'name': 'cdtt054', 'type': 'double', 'show': True, 'parent': 'DOUBLE'}, {'name': 'cdtt055', 'type': 'double', 'show': True, 'parent': 'DOUBLE'}, {'name': 'cdtt056', 'type': 'double', 'show': True, 'parent': 'DOUBLE'}, {'name': 'cdtt057', 'type': 'double', 'show': True, 'parent': 'DOUBLE'}, {'name': 'cdtt058', 'type': 'double', 'show': True, 'parent': 'DOUBLE'}, {'name': 'cdtt059', 'type': 'double', 'show': True, 'parent': 'DOUBLE'}, {'name': 'cdtt060', 'type': 'double', 'show': True, 'parent': 'DOUBLE'}, {'name': 'cdtt061', 'type': 'double', 'show': True, 'parent': 'DOUBLE'}, {'name': 'cdtt062', 'type': 'double', 'show': True, 'parent': 'DOUBLE'}, {'name': 'cdtt063', 'type': 'double', 'show': True, 'parent': 'DOUBLE'}, {'name': 'cdtt064', 'type': 'double', 'show': True, 'parent': 'DOUBLE'}, {'name': 'cdtt065', 'type': 'double', 'show': True, 'parent': 'DOUBLE'}, {'name': 'cdtt066', 'type': 'double', 'show': True, 'parent': 'DOUBLE'}, {'name': 'cdtt067', 'type': 'double', 'show': True, 'parent': 'DOUBLE'}, {'name': 'cdtt068', 'type': 'double', 'show': True, 'parent': 'DOUBLE'}, {'name': 'cdtt069', 'type': 'double', 'show': True, 'parent': 'DOUBLE'}, {'name': 'cdtt070', 'type': 'double', 'show': True, 'parent': 'DOUBLE'}, {'name': 'cdtt071', 'type': 'double', 'show': True, 'parent': 'DOUBLE'}, {'name': 'cdtt072', 'type': 'double', 'show': True, 'parent': 'DOUBLE'}, {'name': 'cdtt073', 'type': 'double', 'show': True, 'parent': 'DOUBLE'}, {'name': 'cdtt074', 'type': 'double', 'show': True, 'parent': 'DOUBLE'}, {'name': 'cdtt075', 'type': 'double', 'show': True, 'parent': 'DOUBLE'}, {'name': 'cdtt076', 'type': 'double', 'show': True, 'parent': 'DOUBLE'}, {'name': 'cdtt077', 'type': 'double', 'show': True, 'parent': 'DOUBLE'}, {'name': 'cdtt078', 'type': 'double', 'show': True, 'parent': 'DOUBLE'}, {'name': 'cdtt079', 'type': 'double', 'show': True, 'parent': 'DOUBLE'}, {'name': 'cdtt080', 'type': 'double', 'show': True, 'parent': 'DOUBLE'}, {'name': 'cdtt081', 'type': 'double', 'show': True, 'parent': 'DOUBLE'}, {'name': 'cdtt082', 'type': 'double', 'show': True, 'parent': 'DOUBLE'}, {'name': 'cdtt083', 'type': 'double', 'show': True, 'parent': 'DOUBLE'}, {'name': 'cdtt084', 'type': 'double', 'show': True, 'parent': 'DOUBLE'}, {'name': 'cdtt085', 'type': 'double', 'show': True, 'parent': 'DOUBLE'}, {'name': 'cdtt086', 'type': 'double', 'show': True, 'parent': 'DOUBLE'}, {'name': 'cdtt087', 'type': 'double', 'show': True, 'parent': 'DOUBLE'}, {'name': 'cdtt088', 'type': 'double', 'show': True, 'parent': 'DOUBLE'}, {'name': 'cdtt089', 'type': 'double', 'show': True, 'parent': 'DOUBLE'}, {'name': 'cdtt090', 'type': 'double', 'show': True, 'parent': 'DOUBLE'}, {'name': 'cdtt091', 'type': 'double', 'show': True, 'parent': 'DOUBLE'}, {'name': 'cdtt092', 'type': 'double', 'show': True, 'parent': 'DOUBLE'}, {'name': 'cdtt093', 'type': 'double', 'show': True, 'parent': 'DOUBLE'}, {'name': 'cdtt094', 'type': 'double', 'show': True, 'parent': 'DOUBLE'}, {'name': 'cdtt095', 'type': 'double', 'show': True, 'parent': 'DOUBLE'}, {'name': 'cdtt096', 'type': 'double', 'show': True, 'parent': 'DOUBLE'}, {'name': 'cdtt097', 'type': 'double', 'show': True, 'parent': 'DOUBLE'}, {'name': 'cdtt098', 'type': 'double', 'show': True, 'parent': 'DOUBLE'}, {'name': 'cdtt099', 'type': 'double', 'show': True, 'parent': 'DOUBLE'}, {'name': 'cdtt100', 'type': 'double', 'show': True, 'parent': 'DOUBLE'}, {'name': 'cdtt101', 'type': 'double', 'show': True, 'parent': 'DOUBLE'}, {'name': 'cdtt102', 'type': 'double', 'show': True, 'parent': 'DOUBLE'}, {'name': 'cdtt103', 'type': 'double', 'show': True, 'parent': 'DOUBLE'}, {'name': 'cdtt104', 'type': 'double', 'show': True, 'parent': 'DOUBLE'}, {'name': 'cdtt105', 'type': 'double', 'show': True, 'parent': 'DOUBLE'}, {'name': 'cdtt106', 'type': 'double', 'show': True, 'parent': 'DOUBLE'}, {'name': 'cdtt107', 'type': 'double', 'show': True, 'parent': 'DOUBLE'}, {'name': 'cdct004', 'type': 'double', 'show': True, 'parent': 'DOUBLE'}, {'name': 'cdct005', 'type': 'double', 'show': True, 'parent': 'DOUBLE'}, {'name': 'cdct006', 'type': 'double', 'show': True, 'parent': 'DOUBLE'}, {'name': 'cdct007', 'type': 'double', 'show': True, 'parent': 'DOUBLE'}, {'name': 'cdct008', 'type': 'double', 'show': True, 'parent': 'DOUBLE'}, {'name': 'cdct009', 'type': 'double', 'show': True, 'parent': 'DOUBLE'}, {'name': 'cdct010', 'type': 'double', 'show': True, 'parent': 'DOUBLE'}, {'name': 'cdct011', 'type': 'double', 'show': True, 'parent': 'DOUBLE'}, {'name': 'cdct012', 'type': 'double', 'show': True, 'parent': 'DOUBLE'}, {'name': 'cdtb218', 'type': 'double', 'show': True, 'parent': 'DOUBLE'}, {'name': 'cdtb219', 'type': 'double', 'show': True, 'parent': 'DOUBLE'}, {'name': 'cdtb220', 'type': 'double', 'show': True, 'parent': 'DOUBLE'}, {'name': 'cdtb221', 'type': 'double', 'show': True, 'parent': 'DOUBLE'}, {'name': 'cdtb222', 'type': 'double', 'show': True, 'parent': 'DOUBLE'}, {'name': 'cdtb223', 'type': 'double', 'show': True, 'parent': 'DOUBLE'}, {'name': 'cdtb224', 'type': 'double', 'show': True, 'parent': 'DOUBLE'}, {'name': 'cdtb226', 'type': 'double', 'show': True, 'parent': 'DOUBLE'}, {'name': 'cdtb228', 'type': 'double', 'show': True, 'parent': 'DOUBLE'}, {'name': 'cdtb230', 'type': 'double', 'show': True, 'parent': 'DOUBLE'}, {'name': 'cdtb232', 'type': 'double', 'show': True, 'parent': 'DOUBLE'}, {'name': 'cdtb233', 'type': 'double', 'show': True, 'parent': 'DOUBLE'}, {'name': 'cdtb234', 'type': 'double', 'show': True, 'parent': 'DOUBLE'}, {'name': 'cdtb235', 'type': 'double', 'show': True, 'parent': 'DOUBLE'}, {'name': 'cdtb236', 'type': 'double', 'show': True, 'parent': 'DOUBLE'}, {'name': 'cdtb237', 'type': 'double', 'show': True, 'parent': 'DOUBLE'}, {'name': 'cdtb238', 'type': 'double', 'show': True, 'parent': 'DOUBLE'}, {'name': 'cdtb239', 'type': 'double', 'show': True, 'parent': 'DOUBLE'}, {'name': 'cdtb240', 'type': 'double', 'show': True, 'parent': 'DOUBLE'}, {'name': 'cdtb241', 'type': 'double', 'show': True, 'parent': 'DOUBLE'}, {'name': 'cdtb242', 'type': 'double', 'show': True, 'parent': 'DOUBLE'}, {'name': 'cdtb243', 'type': 'double', 'show': True, 'parent': 'DOUBLE'}, {'name': 'cdtb244', 'type': 'double', 'show': True, 'parent': 'DOUBLE'}, {'name': 'cdtb245', 'type': 'double', 'show': True, 'parent': 'DOUBLE'}, {'name': 'cdtb246', 'type': 'double', 'show': True, 'parent': 'DOUBLE'}, {'name': 'cdtb247', 'type': 'double', 'show': True, 'parent': 'DOUBLE'}, {'name': 'cdtb248', 'type': 'double', 'show': True, 'parent': 'DOUBLE'}, {'name': 'cdtb249', 'type': 'double', 'show': True, 'parent': 'DOUBLE'}, {'name': 'cdtb250', 'type': 'double', 'show': True, 'parent': 'DOUBLE'}, {'name': 'cdtb251', 'type': 'double', 'show': True, 'parent': 'DOUBLE'}, {'name': 'cdtb252', 'type': 'double', 'show': True, 'parent': 'DOUBLE'}, {'name': 'cdtb253', 'type': 'double', 'show': True, 'parent': 'DOUBLE'}, {'name': 'cdtb254', 'type': 'double', 'show': True, 'parent': 'DOUBLE'}, {'name': 'cdtb255', 'type': 'double', 'show': True, 'parent': 'DOUBLE'}, {'name': 'cdtb256', 'type': 'double', 'show': True, 'parent': 'DOUBLE'}, {'name': 'cdtb257', 'type': 'double', 'show': True, 'parent': 'DOUBLE'}, {'name': 'cdtb258', 'type': 'double', 'show': True, 'parent': 'DOUBLE'}, {'name': 'cdtb259', 'type': 'double', 'show': True, 'parent': 'DOUBLE'}, {'name': 'cdtb260', 'type': 'double', 'show': True, 'parent': 'DOUBLE'}, {'name': 'cdtb261', 'type': 'double', 'show': True, 'parent': 'DOUBLE'}, {'name': 'cdtb262', 'type': 'double', 'show': True, 'parent': 'DOUBLE'}, {'name': 'cdtb263', 'type': 'double', 'show': True, 'parent': 'DOUBLE'}, {'name': 'cdtb264', 'type': 'double', 'show': True, 'parent': 'DOUBLE'}, {'name': 'cdtb265', 'type': 'double', 'show': True, 'parent': 'DOUBLE'}, {'name': 'cdtb266', 'type': 'double', 'show': True, 'parent': 'DOUBLE'}, {'name': 'cdtb267', 'type': 'double', 'show': True, 'parent': 'DOUBLE'}, {'name': 'cdtb271', 'type': 'double', 'show': True, 'parent': 'DOUBLE'}, {'name': 'cdtb273', 'type': 'double', 'show': True, 'parent': 'DOUBLE'}, {'name': 'cdtb274', 'type': 'double', 'show': True, 'parent': 'DOUBLE'}, {'name': 'cdtb276', 'type': 'double', 'show': True, 'parent': 'DOUBLE'}, {'name': 'cdtb278', 'type': 'double', 'show': True, 'parent': 'DOUBLE'}, {'name': 'cdtb279', 'type': 'double', 'show': True, 'parent': 'DOUBLE'}, {'name': 'cdtb281', 'type': 'double', 'show': True, 'parent': 'DOUBLE'}, {'name': 'cdtb283', 'type': 'double', 'show': True, 'parent': 'DOUBLE'}, {'name': 'cdtb284', 'type': 'double', 'show': True, 'parent': 'DOUBLE'}, {'name': 'cdtb286', 'type': 'double', 'show': True, 'parent': 'DOUBLE'}, {'name': 'cdtb287', 'type': 'double', 'show': True, 'parent': 'DOUBLE'}, {'name': 'cdtb288', 'type': 'double', 'show': True, 'parent': 'DOUBLE'}, {'name': 'cdtb291', 'type': 'double', 'show': True, 'parent': 'DOUBLE'}, {'name': 'cdtb292', 'type': 'double', 'show': True, 'parent': 'DOUBLE'}, {'name': 'cdtb295', 'type': 'double', 'show': True, 'parent': 'DOUBLE'}, {'name': 'cdtb296', 'type': 'double', 'show': True, 'parent': 'DOUBLE'}, {'name': 'cdtb297', 'type': 'double', 'show': True, 'parent': 'DOUBLE'}, {'name': 'cdtb298', 'type': 'double', 'show': True, 'parent': 'DOUBLE'}, {'name': 'cdtb299', 'type': 'double', 'show': True, 'parent': 'DOUBLE'}, {'name': 'cdtb300', 'type': 'double', 'show': True, 'parent': 'DOUBLE'}, {'name': 'cdmc285', 'type': 'double', 'show': True, 'parent': 'DOUBLE'}, {'name': 'cdmc286', 'type': 'double', 'show': True, 'parent': 'DOUBLE'}, {'name': 'cdmc287', 'type': 'double', 'show': True, 'parent': 'DOUBLE'}, {'name': 'cdmc288', 'type': 'double', 'show': True, 'parent': 'DOUBLE'}, {'name': 'cdmc289', 'type': 'double', 'show': True, 'parent': 'DOUBLE'}, {'name': 'cdmc290', 'type': 'double', 'show': True, 'parent': 'DOUBLE'}, {'name': 'cdmc291', 'type': 'double', 'show': True, 'parent': 'DOUBLE'}, {'name': 'cdmc292', 'type': 'double', 'show': True, 'parent': 'DOUBLE'}, {'name': 'cdmc293', 'type': 'double', 'show': True, 'parent': 'DOUBLE'}, {'name': 'cdmc294', 'type': 'double', 'show': True, 'parent': 'DOUBLE'}, {'name': 'cdmc295', 'type': 'double', 'show': True, 'parent': 'DOUBLE'}, {'name': 'cdmc296', 'type': 'double', 'show': True, 'parent': 'DOUBLE'}, {'name': 'cdmc297', 'type': 'double', 'show': True, 'parent': 'DOUBLE'}, {'name': 'cdmc298', 'type': 'double', 'show': True, 'parent': 'DOUBLE'}, {'name': 'cdmc299', 'type': 'double', 'show': True, 'parent': 'DOUBLE'}, {'name': 'cdmc300', 'type': 'double', 'show': True, 'parent': 'DOUBLE'}, {'name': 'cdmc301', 'type': 'double', 'show': True, 'parent': 'DOUBLE'}, {'name': 'cdmc302', 'type': 'double', 'show': True, 'parent': 'DOUBLE'}, {'name': 'cdmc303', 'type': 'double', 'show': True, 'parent': 'DOUBLE'}, {'name': 'cdmc304', 'type': 'double', 'show': True, 'parent': 'DOUBLE'}, {'name': 'cdmc305', 'type': 'double', 'show': True, 'parent': 'DOUBLE'}, {'name': 'cdmc306', 'type': 'double', 'show': True, 'parent': 'DOUBLE'}, {'name': 'cdmc307', 'type': 'double', 'show': True, 'parent': 'DOUBLE'}, {'name': 'cdmc308', 'type': 'double', 'show': True, 'parent': 'DOUBLE'}, {'name': 'cdmc309', 'type': 'double', 'show': True, 'parent': 'DOUBLE'}, {'name': 'cdmc310', 'type': 'double', 'show': True, 'parent': 'DOUBLE'}, {'name': 'cdmc311', 'type': 'double', 'show': True, 'parent': 'DOUBLE'}, {'name': 'cdmc312', 'type': 'double', 'show': True, 'parent': 'DOUBLE'}, {'name': 'cdmc313', 'type': 'double', 'show': True, 'parent': 'DOUBLE'}, {'name': 'cdmc314', 'type': 'double', 'show': True, 'parent': 'DOUBLE'}, {'name': 'cdmc315', 'type': 'double', 'show': True, 'parent': 'DOUBLE'}, {'name': 'cdmc316', 'type': 'double', 'show': True, 'parent': 'DOUBLE'}, {'name': 'cdmc317', 'type': 'double', 'show': True, 'parent': 'DOUBLE'}, {'name': 'cdmc318', 'type': 'double', 'show': True, 'parent': 'DOUBLE'}, {'name': 'cdmc319', 'type': 'double', 'show': True, 'parent': 'DOUBLE'}, {'name': 'cdmc320', 'type': 'double', 'show': True, 'parent': 'DOUBLE'}, {'name': 'cdmc321', 'type': 'double', 'show': True, 'parent': 'DOUBLE'}, {'name': 'cdmc322', 'type': 'double', 'show': True, 'parent': 'DOUBLE'}, {'name': 'cdmc323', 'type': 'double', 'show': True, 'parent': 'DOUBLE'}, {'name': 'cdtc051', 'type': 'double', 'show': True, 'parent': 'DOUBLE'}, {'name': 'cdtc052', 'type': 'double', 'show': True, 'parent': 'DOUBLE'}, {'name': 'cdtc053', 'type': 'double', 'show': True, 'parent': 'DOUBLE'}, {'name': 'cdtc054', 'type': 'double', 'show': True, 'parent': 'DOUBLE'}, {'name': 'cdtc055', 'type': 'double', 'show': True, 'parent': 'DOUBLE'}, {'name': 'cdtc056', 'type': 'double', 'show': True, 'parent': 'DOUBLE'}, {'name': 'cdtc057', 'type': 'double', 'show': True, 'parent': 'DOUBLE'}, {'name': 'cdtp130', 'type': 'double', 'show': True, 'parent': 'DOUBLE'}, {'name': 'cdtp131', 'type': 'double', 'show': True, 'parent': 'DOUBLE'}, {'name': 'cdtp132', 'type': 'double', 'show': True, 'parent': 'DOUBLE'}, {'name': 'cdtp133', 'type': 'double', 'show': True, 'parent': 'DOUBLE'}, {'name': 'cdtp134', 'type': 'double', 'show': True, 'parent': 'DOUBLE'}, {'name': 'cdtp135', 'type': 'double', 'show': True, 'parent': 'DOUBLE'}, {'name': 'cdtp136', 'type': 'double', 'show': True, 'parent': 'DOUBLE'}, {'name': 'cdtp137', 'type': 'double', 'show': True, 'parent': 'DOUBLE'}, {'name': 'cdtp138', 'type': 'double', 'show': True, 'parent': 'DOUBLE'}, {'name': 'cdtp139', 'type': 'double', 'show': True, 'parent': 'DOUBLE'}, {'name': 'cdtp140', 'type': 'double', 'show': True, 'parent': 'DOUBLE'}, {'name': 'cdtp141', 'type': 'double', 'show': True, 'parent': 'DOUBLE'}, {'name': 'cdtp142', 'type': 'double', 'show': True, 'parent': 'DOUBLE'}, {'name': 'cdtp143', 'type': 'double', 'show': True, 'parent': 'DOUBLE'}, {'name': 'cdtp144', 'type': 'double', 'show': True, 'parent': 'DOUBLE'}, {'name': 'cdtp145', 'type': 'double', 'show': True, 'parent': 'DOUBLE'}, {'name': 'cdtp146', 'type': 'double', 'show': True, 'parent': 'DOUBLE'}, {'name': 'cdtp147', 'type': 'double', 'show': True, 'parent': 'DOUBLE'}, {'name': 'cdtp148', 'type': 'double', 'show': True, 'parent': 'DOUBLE'}, {'name': 'cdtp149', 'type': 'double', 'show': True, 'parent': 'DOUBLE'}, {'name': 'cdtp150', 'type': 'double', 'show': True, 'parent': 'DOUBLE'}, {'name': 'cdtp151', 'type': 'double', 'show': True, 'parent': 'DOUBLE'}, {'name': 'cdtp152', 'type': 'double', 'show': True, 'parent': 'DOUBLE'}, {'name': 'cdtp153', 'type': 'double', 'show': True, 'parent': 'DOUBLE'}, {'name': 'cdtp154', 'type': 'double', 'show': True, 'parent': 'DOUBLE'}, {'name': 'cdtp155', 'type': 'double', 'show': True, 'parent': 'DOUBLE'}, {'name': 'cdtp156', 'type': 'double', 'show': True, 'parent': 'DOUBLE'}, {'name': 'cdtp157', 'type': 'double', 'show': True, 'parent': 'DOUBLE'}, {'name': 'cdtp158', 'type': 'double', 'show': True, 'parent': 'DOUBLE'}, {'name': 'cdtp159', 'type': 'double', 'show': True, 'parent': 'DOUBLE'}, {'name': 'cdtp160', 'type': 'double', 'show': True, 'parent': 'DOUBLE'}, {'name': 'cdtp161', 'type': 'double', 'show': True, 'parent': 'DOUBLE'}, {'name': 'cdtp162', 'type': 'double', 'show': True, 'parent': 'DOUBLE'}, {'name': 'cdtp163', 'type': 'double', 'show': True, 'parent': 'DOUBLE'}, {'name': 'cdtp164', 'type': 'double', 'show': True, 'parent': 'DOUBLE'}, {'name': 'cdtp165', 'type': 'double', 'show': True, 'parent': 'DOUBLE'}, {'name': 'cdtp166', 'type': 'double', 'show': True, 'parent': 'DOUBLE'}, {'name': 'cdtp167', 'type': 'double', 'show': True, 'parent': 'DOUBLE'}, {'name': 'cdtp168', 'type': 'double', 'show': True, 'parent': 'DOUBLE'}, {'name': 'cdtp169', 'type': 'double', 'show': True, 'parent': 'DOUBLE'}, {'name': 'cdtp170', 'type': 'double', 'show': True, 'parent': 'DOUBLE'}, {'name': 'cdtt108', 'type': 'double', 'show': True, 'parent': 'DOUBLE'}, {'name': 'cdtt109', 'type': 'double', 'show': True, 'parent': 'DOUBLE'}, {'name': 'cdct015', 'type': 'double', 'show': True, 'parent': 'DOUBLE'}, {'name': 'cdct016', 'type': 'double', 'show': True, 'parent': 'DOUBLE'}, {'name': 'cdct017', 'type': 'double', 'show': True, 'parent': 'DOUBLE'}, {'name': 'cdct018', 'type': 'double', 'show': True, 'parent': 'DOUBLE'}, {'name': 'cdct019', 'type': 'double', 'show': True, 'parent': 'DOUBLE'}, {'name': 'cdct020', 'type': 'double', 'show': True, 'parent': 'DOUBLE'}, {'name': 'cdct021', 'type': 'double', 'show': True, 'parent': 'DOUBLE'}, {'name': 'cdct022', 'type': 'double', 'show': True, 'parent': 'DOUBLE'}, {'name': 'cdct023', 'type': 'double', 'show': True, 'parent': 'DOUBLE'}, {'name': 'cdct024', 'type': 'double', 'show': True, 'parent': 'DOUBLE'}, {'name': 'cdtp173', 'type': 'double', 'show': True, 'parent': 'DOUBLE'}, {'name': 'cdtp174', 'type': 'double', 'show': True, 'parent': 'DOUBLE'}, {'name': 'cdtp176', 'type': 'double', 'show': True, 'parent': 'DOUBLE'}, {'name': 'cdtp171', 'type': 'double', 'show': True, 'parent': 'DOUBLE'}, {'name': 'cdmc330', 'type': 'double', 'show': True, 'parent': 'DOUBLE'}, {'name': 'cdmc332', 'type': 'double', 'show': True, 'parent': 'DOUBLE'}, {'name': 'cdmc334', 'type': 'double', 'show': True, 'parent': 'DOUBLE'}, {'name': 'cdmc336', 'type': 'double', 'show': True, 'parent': 'DOUBLE'}, {'name': 'cdtb303', 'type': 'double', 'show': True, 'parent': 'DOUBLE'}, {'name': 'cdtb304', 'type': 'double', 'show': True, 'parent': 'DOUBLE'}, {'name': 'cdtp172', 'type': 'double', 'show': True, 'parent': 'DOUBLE'}, {'name': 'cdtp175', 'type': 'double', 'show': True, 'parent': 'DOUBLE'}, {'name': 'cdtp177', 'type': 'double', 'show': True, 'parent': 'DOUBLE'}, {'name': 'cdmc337', 'type': 'double', 'show': True, 'parent': 'DOUBLE'}, {'name': 'cdmc335', 'type': 'double', 'show': True, 'parent': 'DOUBLE'}, {'name': 'cdmc333', 'type': 'double', 'show': True, 'parent': 'DOUBLE'}, {'name': 'cdmc331', 'type': 'double', 'show': True, 'parent': 'DOUBLE'}, {'name': 'cdtb301', 'type': 'double', 'show': True, 'parent': 'DOUBLE'}, {'name': 'cdtb302', 'type': 'double', 'show': True, 'parent': 'DOUBLE'}, {'name': 'mobile', 'type': 'bigint', 'show': True, 'parent': 'BIGINT'}, {'name': 'card', 'type': 'bigint', 'show': True, 'parent': 'BIGINT'}, {'name': 'apply_time', 'type': 'timestamp', 'show': True, 'parent': 'TIMESTAMP'}], 'small_batch': 1, 'nodeId': '05260920-56aa-4d79-ae53-563327ac66cd', 'pre_node_id': '93d57a14-0921-4197-b2be-2b71e2a2087e'}, 'user_name': '5', 'node_id': '05260920-56aa-4d79-ae53-563327ac66cd'}}
worker
8888
SELECT fields FROM gai_module_data WHERE work_id = 1702 and module_name like "93d57a14-0921-4197-b2be-2b71e2a2087e"
['gid', 'realname', 'certid', 'cdca001', 'cdca002', 'cdca004', 'cdca005', 'cdca006', 'cdca007', 'cdtb072', 'cdtb080', 'cdtb150', 'cdtb151', 'cdtb153', 'cdtp089', 'cdtp090', 'cdtb225', 'cdtb227', 'cdtb229', 'cdtb231', 'cdtb268', 'cdtb269', 'cdtb270', 'cdtb272', 'cdtb275', 'cdtb277', 'cdtb280', 'cdtb282', 'cdtb285', 'cdtb289', 'cdtb290', 'cdtb293', 'cdtb294', 'cdtc058', 'cdtc059', 'cdtc060', 'cdct013', 'cdct014', 'client_nmbr', 'batch', 'yearmonth', 'cdca003', 'cdca008', 'csrl001', 'csrl002', 'csrl003', 'csrl004', 'cswc001', 'cswc002', 'csss001', 'csss002', 'csss003', 'cssp001', 'cssp002', 'cssp003', 'cdtb001', 'cdtb002', 'cdtb003', 'cdtb004', 'cdtb005', 'cdtb006', 'cdtb007', 'cdtb008', 'cdtb009', 'cdtb010', 'cdtb011', 'cdtb012', 'cdtb013', 'cdtb014', 'cdtb015', 'cdtb016', 'cdtb017', 'cdtb018', 'cdtb019', 'cdtb020', 'cdtb021', 'cdtb022', 'cdtb023', 'cdtb024', 'cdtb025', 'cdtb026', 'cdtb027', 'cdtb028', 'cdtb029', 'cdtb030', 'cdtb031', 'cdtb032', 'cdtb033', 'cdtb034', 'cdtb035', 'cdtb036', 'cdtb037', 'cdtb038', 'cdtb039', 'cdtb040', 'cdtb041', 'cdtb042', 'cdtb043', 'cdtb044', 'cdtb045', 'cdtb046', 'cdtb047', 'cdtb048', 'cdtb049', 'cdtb050', 'cdtb051', 'cdtb052', 'cdtb053', 'cdtb054', 'cdtb055', 'cdtb056', 'cdtb057', 'cdtb058', 'cdtb059', 'cdtb060', 'cdtb061', 'cdtb062', 'cdtb063', 'cdtb064', 'cdtb065', 'cdtb066', 'cdtb067', 'cdtb068', 'cdtb069', 'cdtb070', 'cdtb071', 'cdtb073', 'cdtb074', 'cdtb075', 'cdtb076', 'cdtb077', 'cdtb078', 'cdtb079', 'cdtb081', 'cdtb082', 'cdtb083', 'cdtb084', 'cdtb085', 'cdtb086', 'cdtb087', 'cdtb088', 'cdtb089', 'cdtb090', 'cdtb091', 'cdtb092', 'cdtb093', 'cdtb094', 'cdtb095', 'cdtb096', 'cdtb097', 'cdtb098', 'cdtb099', 'cdtb100', 'cdtb101', 'cdtb102', 'cdtb103', 'cdtb104', 'cdtb105', 'cdtb106', 'cdtb107', 'cdtb108', 'cdtp001', 'cdtp002', 'cdtp003', 'cdtp004', 'cdtp005', 'cdtp006', 'cdtp007', 'cdtp008', 'cdtp009', 'cdtp010', 'cdtp011', 'cdtp012', 'cdtp013', 'cdtp014', 'cdtp015', 'cdtp016', 'cdtp017', 'cdtp018', 'cdtp019', 'cdtp020', 'cdtp021', 'cdtp022', 'cdtp023', 'cdtp024', 'cdtp025', 'cdtp026', 'cdtp027', 'cdtp028', 'cdtp029', 'cdtp030', 'cdtp031', 'cdtp032', 'cdtp033', 'cdtp034', 'cdtp035', 'cdtp036', 'cdtp037', 'cdtp038', 'cdtp039', 'cdtp040', 'cdtp041', 'cdtp042', 'cdtp043', 'cdtp044', 'cdtp045', 'cdtp046', 'cdtp047', 'cdtp048', 'cdtp049', 'cdtp050', 'cdtp051', 'cdtp052', 'cdtp053', 'cdtp054', 'cdtp055', 'cdtp056', 'cdtp057', 'cdtp058', 'cdtp059', 'cdtp060', 'cdtc001', 'cdtc002', 'cdtc003', 'cdtc004', 'cdtc005', 'cdtc006', 'cdct001', 'cdct002', 'cdct003', 'cdtb109', 'cdtb110', 'cdtb111', 'cdtb112', 'cdtb113', 'cdtb114', 'cdtb115', 'cdtb116', 'cdtb117', 'cdtb118', 'cdtb119', 'cdtb120', 'cdtb121', 'cdtb122', 'cdtb123', 'cdtb124', 'cdtb125', 'cdtb126', 'cdtb127', 'cdtb128', 'cdtb129', 'cdtb130', 'cdtb131', 'cdtb132', 'cdtb133', 'cdtb134', 'cdtb135', 'cdtb136', 'cdtb137', 'cdtb138', 'cdtb139', 'cdtb140', 'cdtb141', 'cdtb142', 'cdtb143', 'cdtb144', 'cdtb145', 'cdtb146', 'cdtb147', 'cdtb148', 'cdtb149', 'cdtb152', 'cdtb154', 'cdtb155', 'cdtb156', 'cdtb157', 'cdtb158', 'cdtb159', 'cdtb160', 'cdtb161', 'cdtb162', 'cdtb163', 'cdtb164', 'cdtb165', 'cdtb166', 'cdtb167', 'cdtb168', 'cdtb169', 'cdtb170', 'cdtb171', 'cdtb172', 'cdtb173', 'cdtb174', 'cdtb175', 'cdtb176', 'cdtb177', 'cdtb178', 'cdtb179', 'cdtb180', 'cdtb181', 'cdtb182', 'cdtb183', 'cdtb184', 'cdtb185', 'cdtb186', 'cdtb187', 'cdtb188', 'cdtb189', 'cdtb190', 'cdtb191', 'cdtb192', 'cdtb193', 'cdtb194', 'cdtb195', 'cdtb196', 'cdtb197', 'cdtb198', 'cdtb199', 'cdtb200', 'cdtb201', 'cdtb202', 'cdtb203', 'cdtb204', 'cdtb205', 'cdtb206', 'cdtb207', 'cdtb208', 'cdtb209', 'cdtb210', 'cdtb211', 'cdtb212', 'cdtb213', 'cdtb214', 'cdtb215', 'cdtb216', 'cdtb217', 'cdmc001', 'cdmc002', 'cdmc003', 'cdmc004', 'cdmc005', 'cdmc006', 'cdmc007', 'cdmc008', 'cdmc009', 'cdmc010', 'cdmc011', 'cdmc012', 'cdmc013', 'cdmc014', 'cdmc015', 'cdmc016', 'cdmc017', 'cdmc018', 'cdmc019', 'cdmc020', 'cdmc021', 'cdmc022', 'cdmc023', 'cdmc024', 'cdmc025', 'cdmc026', 'cdmc027', 'cdmc028', 'cdmc029', 'cdmc030', 'cdmc031', 'cdmc032', 'cdmc033', 'cdmc034', 'cdmc035', 'cdmc036', 'cdmc037', 'cdmc038', 'cdmc039', 'cdmc040', 'cdmc041', 'cdmc042', 'cdmc043', 'cdmc044', 'cdmc045', 'cdmc046', 'cdmc047', 'cdmc048', 'cdmc049', 'cdmc050', 'cdmc051', 'cdmc052', 'cdmc053', 'cdmc054', 'cdmc055', 'cdmc056', 'cdmc057', 'cdmc058', 'cdmc059', 'cdmc060', 'cdmc061', 'cdmc062', 'cdmc063', 'cdmc064', 'cdmc065', 'cdmc066', 'cdmc067', 'cdmc068', 'cdmc069', 'cdmc070', 'cdmc071', 'cdmc072', 'cdmc073', 'cdmc074', 'cdmc075', 'cdmc076', 'cdmc077', 'cdmc078', 'cdmc079', 'cdmc080', 'cdmc081', 'cdmc082', 'cdmc083', 'cdmc084', 'cdmc085', 'cdmc086', 'cdmc087', 'cdmc088', 'cdmc089', 'cdmc090', 'cdmc091', 'cdmc092', 'cdmc093', 'cdmc094', 'cdmc095', 'cdmc096', 'cdmc097', 'cdmc098', 'cdmc099', 'cdmc100', 'cdmc101', 'cdmc102', 'cdmc103', 'cdmc104', 'cdmc105', 'cdmc106', 'cdmc107', 'cdmc108', 'cdmc109', 'cdmc110', 'cdmc111', 'cdmc112', 'cdmc113', 'cdmc114', 'cdmc115', 'cdmc116', 'cdmc117', 'cdmc118', 'cdmc119', 'cdmc120', 'cdmc121', 'cdmc122', 'cdmc123', 'cdmc124', 'cdmc125', 'cdmc126', 'cdmc127', 'cdmc128', 'cdmc129', 'cdmc130', 'cdmc131', 'cdmc132', 'cdmc133', 'cdmc134', 'cdmc135', 'cdmc136', 'cdmc137', 'cdmc138', 'cdmc139', 'cdmc140', 'cdmc141', 'cdmc142', 'cdmc143', 'cdmc144', 'cdmc145', 'cdmc146', 'cdmc147', 'cdmc148', 'cdmc149', 'cdmc150', 'cdmc151', 'cdmc152', 'cdmc153', 'cdmc154', 'cdmc155', 'cdmc156', 'cdmc157', 'cdmc158', 'cdmc159', 'cdmc160', 'cdmc161', 'cdmc162', 'cdmc163', 'cdmc164', 'cdmc165', 'cdmc166', 'cdmc167', 'cdmc168', 'cdmc169', 'cdmc170', 'cdmc171', 'cdmc172', 'cdmc173', 'cdmc174', 'cdmc175', 'cdmc176', 'cdmc177', 'cdmc178', 'cdmc179', 'cdmc180', 'cdmc181', 'cdmc182', 'cdmc183', 'cdmc184', 'cdmc185', 'cdmc186', 'cdmc187', 'cdmc188', 'cdmc189', 'cdmc190', 'cdmc191', 'cdmc192', 'cdmc193', 'cdmc194', 'cdmc195', 'cdmc196', 'cdmc197', 'cdmc198', 'cdmc199', 'cdmc200', 'cdmc201', 'cdmc202', 'cdmc203', 'cdmc204', 'cdmc205', 'cdmc206', 'cdmc207', 'cdmc208', 'cdmc209', 'cdmc210', 'cdmc211', 'cdmc212', 'cdmc213', 'cdmc214', 'cdmc215', 'cdmc216', 'cdmc217', 'cdmc218', 'cdmc219', 'cdmc220', 'cdmc221', 'cdmc222', 'cdmc223', 'cdmc224', 'cdmc225', 'cdmc226', 'cdmc227', 'cdmc228', 'cdmc229', 'cdmc230', 'cdmc231', 'cdmc232', 'cdmc233', 'cdmc234', 'cdmc235', 'cdmc236', 'cdmc237', 'cdmc238', 'cdmc239', 'cdmc240', 'cdmc241', 'cdmc242', 'cdmc243', 'cdmc244', 'cdmc245', 'cdmc246', 'cdmc247', 'cdmc248', 'cdmc249', 'cdmc250', 'cdmc251', 'cdmc252', 'cdmc253', 'cdmc254', 'cdmc255', 'cdmc256', 'cdmc257', 'cdmc258', 'cdmc259', 'cdmc260', 'cdmc261', 'cdmc262', 'cdmc263', 'cdmc264', 'cdmc265', 'cdmc266', 'cdmc267', 'cdmc268', 'cdmc269', 'cdmc270', 'cdmc271', 'cdmc272', 'cdmc273', 'cdmc274', 'cdmc275', 'cdmc276', 'cdmc277', 'cdmc278', 'cdmc279', 'cdmc280', 'cdmc281', 'cdmc282', 'cdmc283', 'cdmc284', 'cdtp061', 'cdtp062', 'cdtp063', 'cdtp064', 'cdtp065', 'cdtp066', 'cdtp067', 'cdtp068', 'cdtp069', 'cdtp070', 'cdtp071', 'cdtp072', 'cdtp073', 'cdtp074', 'cdtp075', 'cdtp076', 'cdtp077', 'cdtp078', 'cdtp079', 'cdtp080', 'cdtp081', 'cdtp082', 'cdtp083', 'cdtp084', 'cdtp085', 'cdtp086', 'cdtp087', 'cdtp088', 'cdtp091', 'cdtp092', 'cdtp093', 'cdtp094', 'cdtp095', 'cdtp096', 'cdtp097', 'cdtp098', 'cdtp099', 'cdtp100', 'cdtp101', 'cdtp102', 'cdtp103', 'cdtp104', 'cdtp105', 'cdtp106', 'cdtp107', 'cdtp108', 'cdtp109', 'cdtp110', 'cdtp111', 'cdtp112', 'cdtp113', 'cdtp114', 'cdtp115', 'cdtp116', 'cdtp117', 'cdtp118', 'cdtp119', 'cdtp120', 'cdtp121', 'cdtp122', 'cdtp123', 'cdtp124', 'cdtp125', 'cdtp126', 'cdtp127', 'cdtp128', 'cdtp129', 'cdtc007', 'cdtc008', 'cdtc009', 'cdtc010', 'cdtc011', 'cdtc012', 'cdtc013', 'cdtc014', 'cdtc015', 'cdtc016', 'cdtc017', 'cdtc018', 'cdtc019', 'cdtc020', 'cdtc021', 'cdtc022', 'cdtc023', 'cdtc024', 'cdtc025', 'cdtc026', 'cdtc027', 'cdtc028', 'cdtc029', 'cdtc030', 'cdtc031', 'cdtc032', 'cdtc033', 'cdtc034', 'cdtc035', 'cdtc036', 'cdtc037', 'cdtc038', 'cdtc039', 'cdtc040', 'cdtc041', 'cdtc042', 'cdtc043', 'cdtc044', 'cdtc045', 'cdtc046', 'cdtc047', 'cdtc048', 'cdtc049', 'cdtc050', 'cdtt001', 'cdtt002', 'cdtt003', 'cdtt004', 'cdtt005', 'cdtt006', 'cdtt007', 'cdtt008', 'cdtt009', 'cdtt010', 'cdtt011', 'cdtt012', 'cdtt013', 'cdtt014', 'cdtt015', 'cdtt016', 'cdtt017', 'cdtt018', 'cdtt019', 'cdtt020', 'cdtt021', 'cdtt022', 'cdtt023', 'cdtt024', 'cdtt025', 'cdtt026', 'cdtt027', 'cdtt028', 'cdtt029', 'cdtt030', 'cdtt031', 'cdtt032', 'cdtt033', 'cdtt034', 'cdtt035', 'cdtt036', 'cdtt037', 'cdtt038', 'cdtt039', 'cdtt040', 'cdtt041', 'cdtt042', 'cdtt043', 'cdtt044', 'cdtt045', 'cdtt046', 'cdtt047', 'cdtt048', 'cdtt049', 'cdtt050', 'cdtt051', 'cdtt052', 'cdtt053', 'cdtt054', 'cdtt055', 'cdtt056', 'cdtt057', 'cdtt058', 'cdtt059', 'cdtt060', 'cdtt061', 'cdtt062', 'cdtt063', 'cdtt064', 'cdtt065', 'cdtt066', 'cdtt067', 'cdtt068', 'cdtt069', 'cdtt070', 'cdtt071', 'cdtt072', 'cdtt073', 'cdtt074', 'cdtt075', 'cdtt076', 'cdtt077', 'cdtt078', 'cdtt079', 'cdtt080', 'cdtt081', 'cdtt082', 'cdtt083', 'cdtt084', 'cdtt085', 'cdtt086', 'cdtt087', 'cdtt088', 'cdtt089', 'cdtt090', 'cdtt091', 'cdtt092', 'cdtt093', 'cdtt094', 'cdtt095', 'cdtt096', 'cdtt097', 'cdtt098', 'cdtt099', 'cdtt100', 'cdtt101', 'cdtt102', 'cdtt103', 'cdtt104', 'cdtt105', 'cdtt106', 'cdtt107', 'cdct004', 'cdct005', 'cdct006', 'cdct007', 'cdct008', 'cdct009', 'cdct010', 'cdct011', 'cdct012', 'cdtb218', 'cdtb219', 'cdtb220', 'cdtb221', 'cdtb222', 'cdtb223', 'cdtb224', 'cdtb226', 'cdtb228', 'cdtb230', 'cdtb232', 'cdtb233', 'cdtb234', 'cdtb235', 'cdtb236', 'cdtb237', 'cdtb238', 'cdtb239', 'cdtb240', 'cdtb241', 'cdtb242', 'cdtb243', 'cdtb244', 'cdtb245', 'cdtb246', 'cdtb247', 'cdtb248', 'cdtb249', 'cdtb250', 'cdtb251', 'cdtb252', 'cdtb253', 'cdtb254', 'cdtb255', 'cdtb256', 'cdtb257', 'cdtb258', 'cdtb259', 'cdtb260', 'cdtb261', 'cdtb262', 'cdtb263', 'cdtb264', 'cdtb265', 'cdtb266', 'cdtb267', 'cdtb271', 'cdtb273', 'cdtb274', 'cdtb276', 'cdtb278', 'cdtb279', 'cdtb281', 'cdtb283', 'cdtb284', 'cdtb286', 'cdtb287', 'cdtb288', 'cdtb291', 'cdtb292', 'cdtb295', 'cdtb296', 'cdtb297', 'cdtb298', 'cdtb299', 'cdtb300', 'cdmc285', 'cdmc286', 'cdmc287', 'cdmc288', 'cdmc289', 'cdmc290', 'cdmc291', 'cdmc292', 'cdmc293', 'cdmc294', 'cdmc295', 'cdmc296', 'cdmc297', 'cdmc298', 'cdmc299', 'cdmc300', 'cdmc301', 'cdmc302', 'cdmc303', 'cdmc304', 'cdmc305', 'cdmc306', 'cdmc307', 'cdmc308', 'cdmc309', 'cdmc310', 'cdmc311', 'cdmc312', 'cdmc313', 'cdmc314', 'cdmc315', 'cdmc316', 'cdmc317', 'cdmc318', 'cdmc319', 'cdmc320', 'cdmc321', 'cdmc322', 'cdmc323', 'cdtc051', 'cdtc052', 'cdtc053', 'cdtc054', 'cdtc055', 'cdtc056', 'cdtc057', 'cdtp130', 'cdtp131', 'cdtp132', 'cdtp133', 'cdtp134', 'cdtp135', 'cdtp136', 'cdtp137', 'cdtp138', 'cdtp139', 'cdtp140', 'cdtp141', 'cdtp142', 'cdtp143', 'cdtp144', 'cdtp145', 'cdtp146', 'cdtp147', 'cdtp148', 'cdtp149', 'cdtp150', 'cdtp151', 'cdtp152', 'cdtp153', 'cdtp154', 'cdtp155', 'cdtp156', 'cdtp157', 'cdtp158', 'cdtp159', 'cdtp160', 'cdtp161', 'cdtp162', 'cdtp163', 'cdtp164', 'cdtp165', 'cdtp166', 'cdtp167', 'cdtp168', 'cdtp169', 'cdtp170', 'cdtt108', 'cdtt109', 'cdct015', 'cdct016', 'cdct017', 'cdct018', 'cdct019', 'cdct020', 'cdct021', 'cdct022', 'cdct023', 'cdct024', 'cdtp173', 'cdtp174', 'cdtp176', 'cdtp171', 'cdmc330', 'cdmc332', 'cdmc334', 'cdmc336', 'cdtb303', 'cdtb304', 'cdtp172', 'cdtp175', 'cdtp177', 'cdmc337', 'cdmc335', 'cdmc333', 'cdmc331', 'cdtb301', 'cdtb302', 'mobile', 'card', 'apply_time']
[Stage 1:==========================================>              (12 + 4) / 16]
[Stage 3:>                                                         (0 + 9) / 16]
[Stage 3:===>                                                      (1 + 9) / 16]
[Stage 3:=====================================================>   (15 + 1) / 16]
[Stage 4:==================>                                       (5 + 9) / 16]
[Stage 4:===================================>                     (10 + 6) / 16]
[Stage 4:=================================================>       (14 + 2) / 16]
[Stage 5:================================>                         (9 + 7) / 16]
[Stage 5:===================================>                     (10 + 6) / 16]
                                                                                
[Stage 9:==============>                                            (2 + 6) / 8]
[Stage 9:======================>                                    (3 + 5) / 8]
                                                                                
[Stage 11:===>                                                     (1 + 9) / 16]
[Stage 11:===================================>                    (10 + 6) / 16]
[Stage 11:=============================================>          (13 + 3) / 16]
[Stage 11:====================================================>   (15 + 1) / 16]
[Stage 12:>                                                         (0 + 8) / 8]
[Stage 12:=============================>                            (4 + 4) / 8]
[Stage 12:===========================================>              (6 + 2) / 8]
                                                                                

[Stage 14:>                                                        (0 + 9) / 16]
[Stage 14:===>                                                     (1 + 9) / 16]
[Stage 14:================================>                        (9 + 7) / 16]
[Stage 14:=============================================>          (13 + 3) / 16]
[Stage 15:>                                                         (0 + 8) / 8]
[Stage 15:=======>                                                  (1 + 7) / 8]
[Stage 26:=======>                                                 (2 + 9) / 16]
[Stage 26:========================>                                (7 + 9) / 16]
[Stage 26:================================>                        (9 + 7) / 16]
2019-01-14 18:19:03,625 - tornado.application - INFO - ---job process done---
2019-01-14 18:19:03,626 - tornado.application - INFO - IDLE
2019-01-14 18:19:23,646 - tornado.application - INFO - #################  send msg to client successfully,the msg is as follow:  #################
2019-01-14 18:19:23,646 - tornado.application - INFO - {'state': 'heartbeat', 'worker_id': 23658}
2019-01-14 18:20:43,705 - tornado.application - INFO - #################  send msg to client successfully,the msg is as follow:  #################
2019-01-14 18:20:43,705 - tornado.application - INFO - {'state': 'heartbeat', 'worker_id': 23658}
2019-01-14 18:21:23,742 - tornado.application - INFO - #################  send msg to client successfully,the msg is as follow:  #################
2019-01-14 18:21:23,742 - tornado.application - INFO - {'state': 'heartbeat', 'worker_id': 23658}
2019-01-14 18:22:03,781 - tornado.application - INFO - {'state': 'heartbeat', 'worker_id': 23658}
2019-01-14 18:22:23,798 - tornado.application - INFO - #################  send msg to client successfully,the msg is as follow:  #################
2019-01-14 18:24:23,909 - tornado.application - INFO - #################  send msg to client successfully,the msg is as follow:  #################
2019-01-14 18:25:23,948 - tornado.application - INFO - #################  send msg to client successfully,the msg is as follow:  #################
2019-01-14 18:26:03,984 - tornado.application - INFO - #################  send msg to client successfully,the msg is as follow:  #################
2019-01-14 18:26:24,004 - tornado.application - INFO - #################  send msg to client successfully,the msg is as follow:  #################
2019-01-14 18:26:44,025 - tornado.application - INFO - {'state': 'heartbeat', 'worker_id': 23658}
2019-01-14 18:27:04,044 - tornado.application - INFO - {'state': 'heartbeat', 'worker_id': 23658}
2019-01-14 18:27:44,079 - tornado.application - INFO - #################  send msg to client successfully,the msg is as follow:  #################
2019-01-14 18:27:44,079 - tornado.application - INFO - {'state': 'heartbeat', 'worker_id': 23658}
2019-01-14 18:29:24,170 - tornado.application - INFO - {'state': 'heartbeat', 'worker_id': 23658}
2019-01-14 18:29:44,181 - tornado.application - INFO - {'state': 'heartbeat', 'worker_id': 23658}
2019-01-14 18:30:24,221 - tornado.application - INFO - #################  send msg to client successfully,the msg is as follow:  #################
2019-01-14 18:30:24,221 - tornado.application - INFO - {'state': 'heartbeat', 'worker_id': 23658}
2019-01-14 18:30:44,241 - tornado.application - INFO - {'state': 'heartbeat', 'worker_id': 23658}
2019-01-14 18:31:04,261 - tornado.application - INFO - {'state': 'heartbeat', 'worker_id': 23658}
2019-01-14 18:31:24,280 - tornado.application - INFO - {'state': 'heartbeat', 'worker_id': 23658}
2019-01-14 18:31:44,290 - tornado.application - INFO - #################  send msg to client successfully,the msg is as follow:  #################
2019-01-14 18:32:04,298 - tornado.application - INFO - #################  send msg to client successfully,the msg is as follow:  #################
2019-01-14 18:32:44,320 - tornado.application - INFO - #################  send msg to client successfully,the msg is as follow:  #################
2019-01-14 18:33:24,359 - tornado.application - INFO - {'state': 'heartbeat', 'worker_id': 23658}
2019-01-14 18:36:04,501 - tornado.application - INFO - #################  send msg to client successfully,the msg is as follow:  #################
2019-01-14 18:37:24,564 - tornado.application - INFO - {'state': 'heartbeat', 'worker_id': 23658}
2019-01-14 18:38:24,622 - tornado.application - INFO - {'state': 'heartbeat', 'worker_id': 23658}
2019-01-14 18:38:44,639 - tornado.application - INFO - #################  send msg to client successfully,the msg is as follow:  #################
2019-01-14 18:39:04,660 - tornado.application - INFO - #################  send msg to client successfully,the msg is as follow:  #################
2019-01-14 18:40:24,732 - tornado.application - INFO - {'state': 'heartbeat', 'worker_id': 23658}
2019-01-14 18:40:44,750 - tornado.application - INFO - #################  send msg to client successfully,the msg is as follow:  #################
2019-01-14 18:40:44,750 - tornado.application - INFO - {'state': 'heartbeat', 'worker_id': 23658}
2019-01-14 18:41:24,789 - tornado.application - INFO - {'state': 'heartbeat', 'worker_id': 23658}
2019-01-14 18:41:44,810 - tornado.application - INFO - {'state': 'heartbeat', 'worker_id': 23658}
2019-01-14 18:42:24,849 - tornado.application - INFO - #################  send msg to client successfully,the msg is as follow:  #################
2019-01-14 18:42:44,869 - tornado.application - INFO - #################  send msg to client successfully,the msg is as follow:  #################
2019-01-14 18:42:44,870 - tornado.application - INFO - {'state': 'heartbeat', 'worker_id': 23658}
2019-01-14 18:43:44,918 - tornado.application - INFO - {'state': 'heartbeat', 'worker_id': 23658}
2019-01-14 18:45:45,031 - tornado.application - INFO - {'state': 'heartbeat', 'worker_id': 23658}
2019-01-14 18:46:45,086 - tornado.application - INFO - {'state': 'heartbeat', 'worker_id': 23658}
2019-01-14 18:47:05,102 - tornado.application - INFO - #################  send msg to client successfully,the msg is as follow:  #################
2019-01-14 18:47:25,120 - tornado.application - INFO - #################  send msg to client successfully,the msg is as follow:  #################
2019-01-14 18:49:05,212 - tornado.application - INFO - #################  send msg to client successfully,the msg is as follow:  #################
2019-01-14 18:49:05,212 - tornado.application - INFO - {'state': 'heartbeat', 'worker_id': 23658}
2019-01-14 18:49:45,251 - tornado.application - INFO - {'state': 'heartbeat', 'worker_id': 23658}
2019-01-14 18:50:05,271 - tornado.application - INFO - #################  send msg to client successfully,the msg is as follow:  #################
2019-01-14 18:50:05,271 - tornado.application - INFO - {'state': 'heartbeat', 'worker_id': 23658}
2019-01-14 18:50:45,302 - tornado.application - INFO - {'state': 'heartbeat', 'worker_id': 23658}
2019-01-14 18:52:25,381 - tornado.application - INFO - #################  send msg to client successfully,the msg is as follow:  #################
2019-01-14 18:53:45,428 - tornado.application - INFO - #################  send msg to client successfully,the msg is as follow:  #################
2019-01-14 18:54:25,464 - tornado.application - INFO - {'state': 'heartbeat', 'worker_id': 23658}
2019-01-14 18:54:45,478 - tornado.application - INFO - #################  send msg to client successfully,the msg is as follow:  #################
2019-01-14 18:54:45,479 - tornado.application - INFO - {'state': 'heartbeat', 'worker_id': 23658}
2019-01-14 18:55:05,498 - tornado.application - INFO - {'state': 'heartbeat', 'worker_id': 23658}
2019-01-14 18:57:45,612 - tornado.application - INFO - #################  send msg to client successfully,the msg is as follow:  #################
2019-01-14 18:57:45,612 - tornado.application - INFO - {'state': 'heartbeat', 'worker_id': 23658}
2019-01-14 19:00:05,720 - tornado.application - INFO - #################  send msg to client successfully,the msg is as follow:  #################
2019-01-14 19:01:25,793 - tornado.application - INFO - {'state': 'heartbeat', 'worker_id': 23658}
2019-01-14 19:01:45,804 - tornado.application - INFO - #################  send msg to client successfully,the msg is as follow:  #################
2019-01-14 19:02:25,831 - tornado.application - INFO - {'state': 'heartbeat', 'worker_id': 23658}
2019-01-14 19:05:05,968 - tornado.application - INFO - {'state': 'heartbeat', 'worker_id': 23658}
2019-01-14 19:05:25,980 - tornado.application - INFO - #################  send msg to client successfully,the msg is as follow:  #################
2019-01-14 19:05:25,980 - tornado.application - INFO - {'state': 'heartbeat', 'worker_id': 23658}
2019-01-14 19:05:46,000 - tornado.application - INFO - #################  send msg to client successfully,the msg is as follow:  #################
2019-01-14 19:05:46,000 - tornado.application - INFO - {'state': 'heartbeat', 'worker_id': 23658}
2019-01-14 19:08:06,108 - tornado.application - INFO - {'state': 'heartbeat', 'worker_id': 23658}
2019-01-14 19:08:46,139 - tornado.application - INFO - {'state': 'heartbeat', 'worker_id': 23658}
2019-01-14 19:09:26,177 - tornado.application - INFO - #################  send msg to client successfully,the msg is as follow:  #################
2019-01-14 19:09:46,198 - tornado.application - INFO - #################  send msg to client successfully,the msg is as follow:  #################
2019-01-14 19:10:26,230 - tornado.application - INFO - {'state': 'heartbeat', 'worker_id': 23658}
2019-01-14 19:11:46,305 - tornado.application - INFO - {'state': 'heartbeat', 'worker_id': 23658}
2019-01-14 19:13:06,371 - tornado.application - INFO - #################  send msg to client successfully,the msg is as follow:  #################
2019-01-14 19:13:26,387 - tornado.application - INFO - {'state': 'heartbeat', 'worker_id': 23658}
2019-01-14 19:13:46,408 - tornado.application - INFO - {'state': 'heartbeat', 'worker_id': 23658}
2019-01-14 19:14:06,424 - tornado.application - INFO - #################  send msg to client successfully,the msg is as follow:  #################
2019-01-14 19:14:46,457 - tornado.application - INFO - #################  send msg to client successfully,the msg is as follow:  #################
2019-01-14 19:15:06,474 - tornado.application - INFO - {'state': 'heartbeat', 'worker_id': 23658}
2019-01-14 19:16:46,556 - tornado.application - INFO - #################  send msg to client successfully,the msg is as follow:  #################
2019-01-14 19:16:46,557 - tornado.application - INFO - {'state': 'heartbeat', 'worker_id': 23658}
2019-01-14 19:17:26,596 - tornado.application - INFO - #################  send msg to client successfully,the msg is as follow:  #################
2019-01-14 19:18:46,673 - tornado.application - INFO - {'state': 'heartbeat', 'worker_id': 23658}
2019-01-14 19:19:06,688 - tornado.application - INFO - {'state': 'heartbeat', 'worker_id': 23658}
2019-01-14 19:19:46,727 - tornado.application - INFO - #################  send msg to client successfully,the msg is as follow:  #################
2019-01-14 19:20:06,745 - tornado.application - INFO - #################  send msg to client successfully,the msg is as follow:  #################
2019-01-14 19:20:26,764 - tornado.application - INFO - {'state': 'heartbeat', 'worker_id': 23658}
2019-01-14 19:21:26,820 - tornado.application - INFO - {'state': 'heartbeat', 'worker_id': 23658}
2019-01-14 19:21:46,827 - tornado.application - INFO - {'state': 'heartbeat', 'worker_id': 23658}
2019-01-14 19:22:06,841 - tornado.application - INFO - #################  send msg to client successfully,the msg is as follow:  #################
2019-01-14 19:23:06,901 - tornado.application - INFO - {'state': 'heartbeat', 'worker_id': 23658}
2019-01-14 19:23:26,916 - tornado.application - INFO - #################  send msg to client successfully,the msg is as follow:  #################
2019-01-14 19:26:27,040 - tornado.application - INFO - #################  send msg to client successfully,the msg is as follow:  #################
2019-01-14 19:26:27,040 - tornado.application - INFO - {'state': 'heartbeat', 'worker_id': 23658}
2019-01-14 19:26:47,056 - tornado.application - INFO - #################  send msg to client successfully,the msg is as follow:  #################
2019-01-14 19:26:47,057 - tornado.application - INFO - {'state': 'heartbeat', 'worker_id': 23658}
2019-01-14 19:27:27,094 - tornado.application - INFO - {'state': 'heartbeat', 'worker_id': 23658}
2019-01-14 19:27:47,110 - tornado.application - INFO - #################  send msg to client successfully,the msg is as follow:  #################
2019-01-14 19:28:07,119 - tornado.application - INFO - {'state': 'heartbeat', 'worker_id': 23658}
2019-01-14 19:28:47,159 - tornado.application - INFO - #################  send msg to client successfully,the msg is as follow:  #################
2019-01-14 19:28:47,160 - tornado.application - INFO - {'state': 'heartbeat', 'worker_id': 23658}
2019-01-14 19:30:07,235 - tornado.application - INFO - #################  send msg to client successfully,the msg is as follow:  #################
2019-01-14 19:30:27,250 - tornado.application - INFO - {'state': 'heartbeat', 'worker_id': 23658}
2019-01-14 19:30:47,265 - tornado.application - INFO - #################  send msg to client successfully,the msg is as follow:  #################
2019-01-14 19:31:07,285 - tornado.application - INFO - {'state': 'heartbeat', 'worker_id': 23658}
2019-01-14 19:31:47,320 - tornado.application - INFO - {'state': 'heartbeat', 'worker_id': 23658}
2019-01-14 19:32:07,339 - tornado.application - INFO - #################  send msg to client successfully,the msg is as follow:  #################
2019-01-14 19:33:07,401 - tornado.application - INFO - #################  send msg to client successfully,the msg is as follow:  #################
2019-01-14 19:33:27,422 - tornado.application - INFO - {'state': 'heartbeat', 'worker_id': 23658}
2019-01-14 19:34:27,472 - tornado.application - INFO - {'state': 'heartbeat', 'worker_id': 23658}
2019-01-14 19:35:27,531 - tornado.application - INFO - #################  send msg to client successfully,the msg is as follow:  #################
2019-01-14 19:35:27,532 - tornado.application - INFO - {'state': 'heartbeat', 'worker_id': 23658}
2019-01-14 19:36:07,570 - tornado.application - INFO - #################  send msg to client successfully,the msg is as follow:  #################
2019-01-14 19:36:27,590 - tornado.application - INFO - {'state': 'heartbeat', 'worker_id': 23658}
2019-01-14 19:37:07,629 - tornado.application - INFO - #################  send msg to client successfully,the msg is as follow:  #################
2019-01-14 19:37:27,647 - tornado.application - INFO - {'state': 'heartbeat', 'worker_id': 23658}
2019-01-14 19:37:47,663 - tornado.application - INFO - {'state': 'heartbeat', 'worker_id': 23658}
2019-01-14 19:38:47,721 - tornado.application - INFO - #################  send msg to client successfully,the msg is as follow:  #################
2019-01-14 19:39:07,742 - tornado.application - INFO - {'state': 'heartbeat', 'worker_id': 23658}
2019-01-14 19:40:07,778 - tornado.application - INFO - {'state': 'heartbeat', 'worker_id': 23658}
2019-01-14 19:42:47,922 - tornado.application - INFO - #################  send msg to client successfully,the msg is as follow:  #################
2019-01-14 19:42:47,923 - tornado.application - INFO - {'state': 'heartbeat', 'worker_id': 23658}
2019-01-14 19:43:27,963 - tornado.application - INFO - {'state': 'heartbeat', 'worker_id': 23658}
2019-01-14 19:44:28,013 - tornado.application - INFO - {'state': 'heartbeat', 'worker_id': 23658}
2019-01-14 19:44:48,025 - tornado.application - INFO - {'state': 'heartbeat', 'worker_id': 23658}
2019-01-14 19:45:08,035 - tornado.application - INFO - {'state': 'heartbeat', 'worker_id': 23658}
2019-01-14 19:46:08,097 - tornado.application - INFO - {'state': 'heartbeat', 'worker_id': 23658}
2019-01-14 19:46:28,108 - tornado.application - INFO - #################  send msg to client successfully,the msg is as follow:  #################
2019-01-14 19:47:48,168 - tornado.application - INFO - #################  send msg to client successfully,the msg is as follow:  #################
2019-01-14 19:48:08,177 - tornado.application - INFO - #################  send msg to client successfully,the msg is as follow:  #################
2019-01-14 19:49:08,220 - tornado.application - INFO - #################  send msg to client successfully,the msg is as follow:  #################
2019-01-14 19:49:48,252 - tornado.application - INFO - #################  send msg to client successfully,the msg is as follow:  #################
2019-01-14 19:49:48,252 - tornado.application - INFO - {'state': 'heartbeat', 'worker_id': 23658}
2019-01-14 19:50:28,293 - tornado.application - INFO - #################  send msg to client successfully,the msg is as follow:  #################
2019-01-14 19:50:48,314 - tornado.application - INFO - {'state': 'heartbeat', 'worker_id': 23658}
2019-01-14 19:51:08,334 - tornado.application - INFO - {'state': 'heartbeat', 'worker_id': 23658}
2019-01-14 19:51:28,354 - tornado.application - INFO - #################  send msg to client successfully,the msg is as follow:  #################
2019-01-14 19:52:48,429 - tornado.application - INFO - #################  send msg to client successfully,the msg is as follow:  #################
2019-01-14 19:53:08,447 - tornado.application - INFO - #################  send msg to client successfully,the msg is as follow:  #################
2019-01-14 19:54:08,506 - tornado.application - INFO - {'state': 'heartbeat', 'worker_id': 23658}
2019-01-14 19:54:28,524 - tornado.application - INFO - #################  send msg to client successfully,the msg is as follow:  #################
2019-01-14 19:55:48,587 - tornado.application - INFO - {'state': 'heartbeat', 'worker_id': 23658}
2019-01-14 19:56:08,604 - tornado.application - INFO - #################  send msg to client successfully,the msg is as follow:  #################
2019-01-14 19:56:08,605 - tornado.application - INFO - {'state': 'heartbeat', 'worker_id': 23658}
2019-01-14 19:56:28,625 - tornado.application - INFO - {'state': 'heartbeat', 'worker_id': 23658}
2019-01-14 19:56:48,646 - tornado.application - INFO - #################  send msg to client successfully,the msg is as follow:  #################
2019-01-14 19:57:08,667 - tornado.application - INFO - {'state': 'heartbeat', 'worker_id': 23658}
2019-01-14 19:57:28,687 - tornado.application - INFO - #################  send msg to client successfully,the msg is as follow:  #################
2019-01-14 19:59:28,768 - tornado.application - INFO - {'state': 'heartbeat', 'worker_id': 23658}
2019-01-14 19:59:48,785 - tornado.application - INFO - #################  send msg to client successfully,the msg is as follow:  #################
2019-01-14 20:00:48,838 - tornado.application - INFO - #################  send msg to client successfully,the msg is as follow:  #################
2019-01-14 20:00:48,838 - tornado.application - INFO - {'state': 'heartbeat', 'worker_id': 23658}
2019-01-14 20:01:08,853 - tornado.application - INFO - {'state': 'heartbeat', 'worker_id': 23658}
2019-01-14 20:01:48,880 - tornado.application - INFO - #################  send msg to client successfully,the msg is as follow:  #################
2019-01-14 20:02:08,900 - tornado.application - INFO - #################  send msg to client successfully,the msg is as follow:  #################
2019-01-14 20:02:28,922 - tornado.application - INFO - #################  send msg to client successfully,the msg is as follow:  #################
2019-01-14 20:03:48,986 - tornado.application - INFO - {'state': 'heartbeat', 'worker_id': 23658}
2019-01-14 20:04:29,008 - tornado.application - INFO - {'state': 'heartbeat', 'worker_id': 23658}
2019-01-14 20:05:09,045 - tornado.application - INFO - #################  send msg to client successfully,the msg is as follow:  #################
2019-01-14 20:07:29,179 - tornado.application - INFO - {'state': 'heartbeat', 'worker_id': 23658}
2019-01-14 20:08:09,199 - tornado.application - INFO - #################  send msg to client successfully,the msg is as follow:  #################
2019-01-14 20:08:09,199 - tornado.application - INFO - {'state': 'heartbeat', 'worker_id': 23658}
2019-01-14 20:08:29,216 - tornado.application - INFO - #################  send msg to client successfully,the msg is as follow:  #################
2019-01-14 20:10:29,312 - tornado.application - INFO - #################  send msg to client successfully,the msg is as follow:  #################
2019-01-14 20:10:49,320 - tornado.application - INFO - #################  send msg to client successfully,the msg is as follow:  #################
2019-01-14 20:10:49,320 - tornado.application - INFO - {'state': 'heartbeat', 'worker_id': 23658}
2019-01-14 20:11:29,362 - tornado.application - INFO - #################  send msg to client successfully,the msg is as follow:  #################
2019-01-14 20:11:49,379 - tornado.application - INFO - #################  send msg to client successfully,the msg is as follow:  #################
2019-01-14 20:12:29,391 - tornado.application - INFO - #################  send msg to client successfully,the msg is as follow:  #################
2019-01-14 20:13:49,421 - tornado.application - INFO - {'state': 'heartbeat', 'worker_id': 23658}
2019-01-14 20:14:09,440 - tornado.application - INFO - #################  send msg to client successfully,the msg is as follow:  #################
2019-01-14 20:14:29,460 - tornado.application - INFO - #################  send msg to client successfully,the msg is as follow:  #################
2019-01-14 20:15:49,532 - tornado.application - INFO - {'state': 'heartbeat', 'worker_id': 23658}
2019-01-14 20:16:29,566 - tornado.application - INFO - #################  send msg to client successfully,the msg is as follow:  #################
2019-01-14 20:16:49,578 - tornado.application - INFO - #################  send msg to client successfully,the msg is as follow:  #################
2019-01-14 20:17:29,601 - tornado.application - INFO - {'state': 'heartbeat', 'worker_id': 23658}
2019-01-14 20:18:09,641 - tornado.application - INFO - #################  send msg to client successfully,the msg is as follow:  #################
2019-01-14 20:18:29,661 - tornado.application - INFO - {'state': 'heartbeat', 'worker_id': 23658}
2019-01-14 20:19:49,718 - tornado.application - INFO - {'state': 'heartbeat', 'worker_id': 23658}
2019-01-14 20:20:09,737 - tornado.application - INFO - {'state': 'heartbeat', 'worker_id': 23658}
2019-01-14 20:21:09,780 - tornado.application - INFO - #################  send msg to client successfully,the msg is as follow:  #################
2019-01-14 20:21:29,793 - tornado.application - INFO - #################  send msg to client successfully,the msg is as follow:  #################
2019-01-14 20:21:29,793 - tornado.application - INFO - {'state': 'heartbeat', 'worker_id': 23658}
2019-01-14 20:22:49,851 - tornado.application - INFO - #################  send msg to client successfully,the msg is as follow:  #################
2019-01-14 20:23:29,877 - tornado.application - INFO - {'state': 'heartbeat', 'worker_id': 23658}
2019-01-14 20:24:09,912 - tornado.application - INFO - #################  send msg to client successfully,the msg is as follow:  #################
2019-01-14 20:24:29,931 - tornado.application - INFO - #################  send msg to client successfully,the msg is as follow:  #################
2019-01-14 20:24:29,932 - tornado.application - INFO - {'state': 'heartbeat', 'worker_id': 23658}
2019-01-14 20:24:49,951 - tornado.application - INFO - {'state': 'heartbeat', 'worker_id': 23658}
2019-01-14 20:26:10,031 - tornado.application - INFO - {'state': 'heartbeat', 'worker_id': 23658}
2019-01-14 20:26:50,058 - tornado.application - INFO - #################  send msg to client successfully,the msg is as follow:  #################
2019-01-14 20:26:50,058 - tornado.application - INFO - {'state': 'heartbeat', 'worker_id': 23658}
2019-01-14 20:29:10,173 - tornado.application - INFO - {'state': 'heartbeat', 'worker_id': 23658}
2019-01-14 20:29:50,210 - tornado.application - INFO - #################  send msg to client successfully,the msg is as follow:  #################
2019-01-14 20:30:30,232 - tornado.application - INFO - {'state': 'heartbeat', 'worker_id': 23658}
2019-01-14 20:30:50,236 - tornado.application - INFO - {'state': 'heartbeat', 'worker_id': 23658}
2019-01-14 20:32:10,309 - tornado.application - INFO - #################  send msg to client successfully,the msg is as follow:  #################
2019-01-14 20:32:50,342 - tornado.application - INFO - {'state': 'heartbeat', 'worker_id': 23658}
2019-01-14 20:34:30,429 - tornado.application - INFO - {'state': 'heartbeat', 'worker_id': 23658}
2019-01-14 20:34:50,444 - tornado.application - INFO - #################  send msg to client successfully,the msg is as follow:  #################
2019-01-14 20:34:50,445 - tornado.application - INFO - {'state': 'heartbeat', 'worker_id': 23658}
2019-01-14 20:35:30,473 - tornado.application - INFO - {'state': 'heartbeat', 'worker_id': 23658}
2019-01-14 20:35:50,492 - tornado.application - INFO - #################  send msg to client successfully,the msg is as follow:  #################
2019-01-14 20:36:50,541 - tornado.application - INFO - #################  send msg to client successfully,the msg is as follow:  #################
2019-01-14 20:37:10,561 - tornado.application - INFO - {'state': 'heartbeat', 'worker_id': 23658}
2019-01-14 20:37:50,597 - tornado.application - INFO - #################  send msg to client successfully,the msg is as follow:  #################
2019-01-14 20:37:50,598 - tornado.application - INFO - {'state': 'heartbeat', 'worker_id': 23658}
2019-01-14 20:38:50,651 - tornado.application - INFO - {'state': 'heartbeat', 'worker_id': 23658}
2019-01-14 20:39:50,700 - tornado.application - INFO - {'state': 'heartbeat', 'worker_id': 23658}
2019-01-14 20:40:30,732 - tornado.application - INFO - #################  send msg to client successfully,the msg is as follow:  #################
2019-01-14 20:41:10,772 - tornado.application - INFO - #################  send msg to client successfully,the msg is as follow:  #################
2019-01-14 20:41:50,813 - tornado.application - INFO - {'state': 'heartbeat', 'worker_id': 23658}
2019-01-14 20:42:30,848 - tornado.application - INFO - #################  send msg to client successfully,the msg is as follow:  #################
2019-01-14 20:42:50,865 - tornado.application - INFO - #################  send msg to client successfully,the msg is as follow:  #################
2019-01-14 20:43:10,877 - tornado.application - INFO - #################  send msg to client successfully,the msg is as follow:  #################
2019-01-14 20:44:30,949 - tornado.application - INFO - {'state': 'heartbeat', 'worker_id': 23658}
2019-01-14 20:44:50,969 - tornado.application - INFO - {'state': 'heartbeat', 'worker_id': 23658}
2019-01-14 20:45:10,988 - tornado.application - INFO - {'state': 'heartbeat', 'worker_id': 23658}
2019-01-14 20:46:11,046 - tornado.application - INFO - #################  send msg to client successfully,the msg is as follow:  #################
2019-01-14 20:46:31,067 - tornado.application - INFO - #################  send msg to client successfully,the msg is as follow:  #################
2019-01-14 20:47:51,132 - tornado.application - INFO - {'state': 'heartbeat', 'worker_id': 23658}
2019-01-14 20:48:11,151 - tornado.application - INFO - {'state': 'heartbeat', 'worker_id': 23658}
2019-01-14 20:48:31,153 - tornado.application - INFO - {'state': 'heartbeat', 'worker_id': 23658}
2019-01-14 20:49:11,186 - tornado.application - INFO - #################  send msg to client successfully,the msg is as follow:  #################
2019-01-14 20:50:11,245 - tornado.application - INFO - {'state': 'heartbeat', 'worker_id': 23658}
2019-01-14 20:50:51,283 - tornado.application - INFO - #################  send msg to client successfully,the msg is as follow:  #################
2019-01-14 20:51:11,302 - tornado.application - INFO - #################  send msg to client successfully,the msg is as follow:  #################
2019-01-14 20:51:11,302 - tornado.application - INFO - {'state': 'heartbeat', 'worker_id': 23658}
2019-01-14 20:51:31,313 - tornado.application - INFO - #################  send msg to client successfully,the msg is as follow:  #################
2019-01-14 20:51:31,314 - tornado.application - INFO - {'state': 'heartbeat', 'worker_id': 23658}
2019-01-14 20:51:51,332 - tornado.application - INFO - #################  send msg to client successfully,the msg is as follow:  #################
2019-01-14 20:52:31,372 - tornado.application - INFO - {'state': 'heartbeat', 'worker_id': 23658}
2019-01-14 20:53:31,432 - tornado.application - INFO - {'state': 'heartbeat', 'worker_id': 23658}
2019-01-14 20:53:51,447 - tornado.application - INFO - #################  send msg to client successfully,the msg is as follow:  #################
2019-01-14 20:54:51,500 - tornado.application - INFO - {'state': 'heartbeat', 'worker_id': 23658}
2019-01-14 20:55:51,552 - tornado.application - INFO - #################  send msg to client successfully,the msg is as follow:  #################
2019-01-14 20:57:51,628 - tornado.application - INFO - {'state': 'heartbeat', 'worker_id': 23658}
2019-01-14 20:59:11,701 - tornado.application - INFO - #################  send msg to client successfully,the msg is as follow:  #################
2019-01-14 21:00:11,746 - tornado.application - INFO - {'state': 'heartbeat', 'worker_id': 23658}
2019-01-14 21:00:31,766 - tornado.application - INFO - {'state': 'heartbeat', 'worker_id': 23658}
2019-01-14 21:00:51,776 - tornado.application - INFO - #################  send msg to client successfully,the msg is as follow:  #################
2019-01-14 21:00:51,776 - tornado.application - INFO - {'state': 'heartbeat', 'worker_id': 23658}
2019-01-14 21:01:11,796 - tornado.application - INFO - #################  send msg to client successfully,the msg is as follow:  #################
2019-01-14 21:01:51,836 - tornado.application - INFO - #################  send msg to client successfully,the msg is as follow:  #################
2019-01-14 21:03:51,951 - tornado.application - INFO - #################  send msg to client successfully,the msg is as follow:  #################
2019-01-14 21:05:12,031 - tornado.application - INFO - #################  send msg to client successfully,the msg is as follow:  #################
2019-01-14 21:06:32,097 - tornado.application - INFO - {'state': 'heartbeat', 'worker_id': 23658}
2019-01-14 21:08:12,156 - tornado.application - INFO - {'state': 'heartbeat', 'worker_id': 23658}
2019-01-14 21:08:32,173 - tornado.application - INFO - #################  send msg to client successfully,the msg is as follow:  #################
2019-01-14 21:08:32,174 - tornado.application - INFO - {'state': 'heartbeat', 'worker_id': 23658}
2019-01-14 21:09:52,217 - tornado.application - INFO - #################  send msg to client successfully,the msg is as follow:  #################
2019-01-14 21:09:52,218 - tornado.application - INFO - {'state': 'heartbeat', 'worker_id': 23658}
2019-01-14 21:10:12,238 - tornado.application - INFO - #################  send msg to client successfully,the msg is as follow:  #################
2019-01-14 21:11:32,309 - tornado.application - INFO - {'state': 'heartbeat', 'worker_id': 23658}
2019-01-14 21:11:52,329 - tornado.application - INFO - #################  send msg to client successfully,the msg is as follow:  #################
2019-01-14 21:12:32,368 - tornado.application - INFO - #################  send msg to client successfully,the msg is as follow:  #################
2019-01-14 21:12:32,368 - tornado.application - INFO - {'state': 'heartbeat', 'worker_id': 23658}
2019-01-14 21:12:52,387 - tornado.application - INFO - #################  send msg to client successfully,the msg is as follow:  #################
2019-01-14 21:12:52,387 - tornado.application - INFO - {'state': 'heartbeat', 'worker_id': 23658}
2019-01-14 21:14:52,489 - tornado.application - INFO - #################  send msg to client successfully,the msg is as follow:  #################
2019-01-14 21:15:12,504 - tornado.application - INFO - #################  send msg to client successfully,the msg is as follow:  #################
2019-01-14 21:15:52,538 - tornado.application - INFO - #################  send msg to client successfully,the msg is as follow:  #################
2019-01-14 21:16:32,574 - tornado.application - INFO - #################  send msg to client successfully,the msg is as follow:  #################
2019-01-14 21:16:52,578 - tornado.application - INFO - {'state': 'heartbeat', 'worker_id': 23658}
2019-01-14 21:18:52,686 - tornado.application - INFO - #################  send msg to client successfully,the msg is as follow:  #################
2019-01-14 21:19:12,708 - tornado.application - INFO - #################  send msg to client successfully,the msg is as follow:  #################
2019-01-14 21:19:32,728 - tornado.application - INFO - {'state': 'heartbeat', 'worker_id': 23658}
2019-01-14 21:20:32,788 - tornado.application - INFO - #################  send msg to client successfully,the msg is as follow:  #################
2019-01-14 21:20:52,792 - tornado.application - INFO - #################  send msg to client successfully,the msg is as follow:  #################
2019-01-14 21:22:52,913 - tornado.application - INFO - #################  send msg to client successfully,the msg is as follow:  #################
2019-01-14 21:24:32,990 - tornado.application - INFO - {'state': 'heartbeat', 'worker_id': 23658}
2019-01-14 21:24:53,011 - tornado.application - INFO - {'state': 'heartbeat', 'worker_id': 23658}
2019-01-14 21:25:53,063 - tornado.application - INFO - #################  send msg to client successfully,the msg is as follow:  #################
2019-01-14 21:26:53,122 - tornado.application - INFO - #################  send msg to client successfully,the msg is as follow:  #################
2019-01-14 21:27:53,179 - tornado.application - INFO - {'state': 'heartbeat', 'worker_id': 23658}
2019-01-14 21:28:13,199 - tornado.application - INFO - #################  send msg to client successfully,the msg is as follow:  #################
2019-01-14 21:28:13,199 - tornado.application - INFO - {'state': 'heartbeat', 'worker_id': 23658}
2019-01-14 21:28:33,216 - tornado.application - INFO - #################  send msg to client successfully,the msg is as follow:  #################
2019-01-14 21:28:33,216 - tornado.application - INFO - {'state': 'heartbeat', 'worker_id': 23658}
2019-01-14 21:29:13,252 - tornado.application - INFO - {'state': 'heartbeat', 'worker_id': 23658}
2019-01-14 21:29:33,273 - tornado.application - INFO - {'state': 'heartbeat', 'worker_id': 23658}
2019-01-14 21:29:53,293 - tornado.application - INFO - {'state': 'heartbeat', 'worker_id': 23658}
2019-01-14 21:30:53,350 - tornado.application - INFO - #################  send msg to client successfully,the msg is as follow:  #################
2019-01-14 21:32:33,453 - tornado.application - INFO - #################  send msg to client successfully,the msg is as follow:  #################
2019-01-14 21:32:53,473 - tornado.application - INFO - #################  send msg to client successfully,the msg is as follow:  #################
2019-01-14 21:33:53,519 - tornado.application - INFO - {'state': 'heartbeat', 'worker_id': 23658}
2019-01-14 21:36:13,632 - tornado.application - INFO - #################  send msg to client successfully,the msg is as follow:  #################
2019-01-14 21:36:33,647 - tornado.application - INFO - {'state': 'heartbeat', 'worker_id': 23658}
2019-01-14 21:37:33,686 - tornado.application - INFO - #################  send msg to client successfully,the msg is as follow:  #################
2019-01-14 21:37:33,687 - tornado.application - INFO - {'state': 'heartbeat', 'worker_id': 23658}
2019-01-14 21:38:53,751 - tornado.application - INFO - #################  send msg to client successfully,the msg is as follow:  #################
2019-01-14 21:40:53,858 - tornado.application - INFO - {'state': 'heartbeat', 'worker_id': 23658}
2019-01-14 21:41:33,897 - tornado.application - INFO - {'state': 'heartbeat', 'worker_id': 23658}
2019-01-14 21:42:53,976 - tornado.application - INFO - #################  send msg to client successfully,the msg is as follow:  #################
2019-01-14 21:42:53,976 - tornado.application - INFO - {'state': 'heartbeat', 'worker_id': 23658}
2019-01-14 21:43:13,997 - tornado.application - INFO - {'state': 'heartbeat', 'worker_id': 23658}
2019-01-14 21:43:54,019 - tornado.application - INFO - {'state': 'heartbeat', 'worker_id': 23658}
2019-01-14 21:44:14,038 - tornado.application - INFO - #################  send msg to client successfully,the msg is as follow:  #################
2019-01-14 21:45:14,066 - tornado.application - INFO - #################  send msg to client successfully,the msg is as follow:  #################
2019-01-14 21:46:34,131 - tornado.application - INFO - #################  send msg to client successfully,the msg is as follow:  #################
2019-01-14 21:46:34,131 - tornado.application - INFO - {'state': 'heartbeat', 'worker_id': 23658}
2019-01-14 21:46:54,148 - tornado.application - INFO - {'state': 'heartbeat', 'worker_id': 23658}
2019-01-14 21:47:54,198 - tornado.application - INFO - {'state': 'heartbeat', 'worker_id': 23658}
2019-01-14 21:48:14,217 - tornado.application - INFO - #################  send msg to client successfully,the msg is as follow:  #################
2019-01-14 21:51:14,349 - tornado.application - INFO - {'state': 'heartbeat', 'worker_id': 23658}
2019-01-14 21:51:34,369 - tornado.application - INFO - {'state': 'heartbeat', 'worker_id': 23658}
2019-01-14 21:51:54,390 - tornado.application - INFO - {'state': 'heartbeat', 'worker_id': 23658}
2019-01-14 21:52:54,432 - tornado.application - INFO - #################  send msg to client successfully,the msg is as follow:  #################
2019-01-14 21:53:14,453 - tornado.application - INFO - {'state': 'heartbeat', 'worker_id': 23658}
2019-01-14 21:53:54,493 - tornado.application - INFO - {'state': 'heartbeat', 'worker_id': 23658}
2019-01-14 21:54:34,532 - tornado.application - INFO - #################  send msg to client successfully,the msg is as follow:  #################
2019-01-14 21:55:54,613 - tornado.application - INFO - #################  send msg to client successfully,the msg is as follow:  #################
2019-01-14 21:56:54,664 - tornado.application - INFO - #################  send msg to client successfully,the msg is as follow:  #################
2019-01-14 21:56:54,664 - tornado.application - INFO - {'state': 'heartbeat', 'worker_id': 23658}
2019-01-14 21:57:54,707 - tornado.application - INFO - #################  send msg to client successfully,the msg is as follow:  #################
2019-01-14 21:59:54,795 - tornado.application - INFO - #################  send msg to client successfully,the msg is as follow:  #################
2019-01-14 21:59:54,795 - tornado.application - INFO - {'state': 'heartbeat', 'worker_id': 23658}
2019-01-14 22:00:14,814 - tornado.application - INFO - {'state': 'heartbeat', 'worker_id': 23658}
2019-01-14 22:00:34,831 - tornado.application - INFO - {'state': 'heartbeat', 'worker_id': 23658}
2019-01-14 22:02:14,898 - tornado.application - INFO - {'state': 'heartbeat', 'worker_id': 23658}
2019-01-14 22:02:34,910 - tornado.application - INFO - #################  send msg to client successfully,the msg is as follow:  #################
2019-01-14 22:02:54,931 - tornado.application - INFO - {'state': 'heartbeat', 'worker_id': 23658}
2019-01-14 22:04:35,014 - tornado.application - INFO - #################  send msg to client successfully,the msg is as follow:  #################
2019-01-14 22:05:15,050 - tornado.application - INFO - {'state': 'heartbeat', 'worker_id': 23658}
2019-01-14 22:05:55,083 - tornado.application - INFO - #################  send msg to client successfully,the msg is as follow:  #################
2019-01-14 22:05:55,084 - tornado.application - INFO - {'state': 'heartbeat', 'worker_id': 23658}
2019-01-14 22:07:35,177 - tornado.application - INFO - #################  send msg to client successfully,the msg is as follow:  #################
2019-01-14 22:09:15,258 - tornado.application - INFO - #################  send msg to client successfully,the msg is as follow:  #################
2019-01-14 22:09:15,258 - tornado.application - INFO - {'state': 'heartbeat', 'worker_id': 23658}
2019-01-14 22:09:35,272 - tornado.application - INFO - {'state': 'heartbeat', 'worker_id': 23658}
2019-01-14 22:10:15,298 - tornado.application - INFO - {'state': 'heartbeat', 'worker_id': 23658}
2019-01-14 22:11:15,331 - tornado.application - INFO - #################  send msg to client successfully,the msg is as follow:  #################
2019-01-14 22:12:35,413 - tornado.application - INFO - {'state': 'heartbeat', 'worker_id': 23658}
2019-01-14 22:12:55,423 - tornado.application - INFO - #################  send msg to client successfully,the msg is as follow:  #################
2019-01-14 22:13:35,462 - tornado.application - INFO - {'state': 'heartbeat', 'worker_id': 23658}
2019-01-14 22:14:55,519 - tornado.application - INFO - {'state': 'heartbeat', 'worker_id': 23658}
2019-01-14 22:15:35,546 - tornado.application - INFO - {'state': 'heartbeat', 'worker_id': 23658}
2019-01-14 22:15:55,551 - tornado.application - INFO - #################  send msg to client successfully,the msg is as follow:  #################
2019-01-14 22:18:55,705 - tornado.application - INFO - {'state': 'heartbeat', 'worker_id': 23658}
2019-01-14 22:19:15,726 - tornado.application - INFO - {'state': 'heartbeat', 'worker_id': 23658}
2019-01-14 22:19:55,766 - tornado.application - INFO - #################  send msg to client successfully,the msg is as follow:  #################
2019-01-14 22:20:15,780 - tornado.application - INFO - #################  send msg to client successfully,the msg is as follow:  #################
2019-01-14 22:20:15,780 - tornado.application - INFO - {'state': 'heartbeat', 'worker_id': 23658}
2019-01-14 22:20:35,789 - tornado.application - INFO - {'state': 'heartbeat', 'worker_id': 23658}
2019-01-14 22:20:55,804 - tornado.application - INFO - {'state': 'heartbeat', 'worker_id': 23658}
2019-01-14 22:21:15,824 - tornado.application - INFO - #################  send msg to client successfully,the msg is as follow:  #################
2019-01-14 22:21:15,824 - tornado.application - INFO - {'state': 'heartbeat', 'worker_id': 23658}
2019-01-14 22:22:35,881 - tornado.application - INFO - #################  send msg to client successfully,the msg is as follow:  #################
2019-01-14 22:23:55,957 - tornado.application - INFO - #################  send msg to client successfully,the msg is as follow:  #################
2019-01-14 22:23:55,958 - tornado.application - INFO - {'state': 'heartbeat', 'worker_id': 23658}
2019-01-14 22:27:16,124 - tornado.application - INFO - #################  send msg to client successfully,the msg is as follow:  #################
2019-01-14 22:27:36,144 - tornado.application - INFO - #################  send msg to client successfully,the msg is as follow:  #################
2019-01-14 22:28:56,210 - tornado.application - INFO - #################  send msg to client successfully,the msg is as follow:  #################
2019-01-14 22:29:36,240 - tornado.application - INFO - #################  send msg to client successfully,the msg is as follow:  #################
2019-01-14 22:29:36,240 - tornado.application - INFO - {'state': 'heartbeat', 'worker_id': 23658}
2019-01-14 22:30:36,287 - tornado.application - INFO - {'state': 'heartbeat', 'worker_id': 23658}
2019-01-14 22:31:16,316 - tornado.application - INFO - {'state': 'heartbeat', 'worker_id': 23658}
2019-01-14 22:31:36,325 - tornado.application - INFO - #################  send msg to client successfully,the msg is as follow:  #################
2019-01-14 22:31:36,326 - tornado.application - INFO - {'state': 'heartbeat', 'worker_id': 23658}
2019-01-14 22:31:56,343 - tornado.application - INFO - #################  send msg to client successfully,the msg is as follow:  #################
2019-01-14 22:32:16,362 - tornado.application - INFO - {'state': 'heartbeat', 'worker_id': 23658}
2019-01-14 22:32:56,388 - tornado.application - INFO - #################  send msg to client successfully,the msg is as follow:  #################
2019-01-14 22:33:16,405 - tornado.application - INFO - {'state': 'heartbeat', 'worker_id': 23658}
2019-01-14 22:33:36,425 - tornado.application - INFO - #################  send msg to client successfully,the msg is as follow:  #################
2019-01-14 22:33:36,425 - tornado.application - INFO - {'state': 'heartbeat', 'worker_id': 23658}
2019-01-14 22:34:16,465 - tornado.application - INFO - #################  send msg to client successfully,the msg is as follow:  #################
2019-01-14 22:34:36,475 - tornado.application - INFO - {'state': 'heartbeat', 'worker_id': 23658}
2019-01-14 22:35:56,541 - tornado.application - INFO - #################  send msg to client successfully,the msg is as follow:  #################
2019-01-14 22:35:56,542 - tornado.application - INFO - {'state': 'heartbeat', 'worker_id': 23658}
2019-01-14 22:36:16,562 - tornado.application - INFO - #################  send msg to client successfully,the msg is as follow:  #################
2019-01-14 22:36:56,602 - tornado.application - INFO - #################  send msg to client successfully,the msg is as follow:  #################
2019-01-14 22:37:16,624 - tornado.application - INFO - #################  send msg to client successfully,the msg is as follow:  #################
2019-01-14 22:39:16,716 - tornado.application - INFO - #################  send msg to client successfully,the msg is as follow:  #################
2019-01-14 22:39:16,716 - tornado.application - INFO - {'state': 'heartbeat', 'worker_id': 23658}
2019-01-14 22:40:16,750 - tornado.application - INFO - #################  send msg to client successfully,the msg is as follow:  #################
2019-01-14 22:40:56,785 - tornado.application - INFO - {'state': 'heartbeat', 'worker_id': 23658}
2019-01-14 22:41:16,788 - tornado.application - INFO - {'state': 'heartbeat', 'worker_id': 23658}
2019-01-14 22:41:56,815 - tornado.application - INFO - #################  send msg to client successfully,the msg is as follow:  #################
2019-01-14 22:43:16,895 - tornado.application - INFO - #################  send msg to client successfully,the msg is as follow:  #################
2019-01-14 22:43:16,896 - tornado.application - INFO - {'state': 'heartbeat', 'worker_id': 23658}
2019-01-14 22:43:36,915 - tornado.application - INFO - #################  send msg to client successfully,the msg is as follow:  #################
2019-01-14 22:45:16,978 - tornado.application - INFO - #################  send msg to client successfully,the msg is as follow:  #################
2019-01-14 22:46:37,029 - tornado.application - INFO - #################  send msg to client successfully,the msg is as follow:  #################
2019-01-14 22:46:37,029 - tornado.application - INFO - {'state': 'heartbeat', 'worker_id': 23658}
2019-01-14 22:46:57,049 - tornado.application - INFO - {'state': 'heartbeat', 'worker_id': 23658}
2019-01-14 22:47:57,107 - tornado.application - INFO - {'state': 'heartbeat', 'worker_id': 23658}
2019-01-14 22:48:37,146 - tornado.application - INFO - {'state': 'heartbeat', 'worker_id': 23658}
2019-01-14 22:49:17,181 - tornado.application - INFO - #################  send msg to client successfully,the msg is as follow:  #################
2019-01-14 22:50:57,276 - tornado.application - INFO - #################  send msg to client successfully,the msg is as follow:  #################
2019-01-14 22:51:17,292 - tornado.application - INFO - {'state': 'heartbeat', 'worker_id': 23658}
2019-01-14 22:51:37,301 - tornado.application - INFO - #################  send msg to client successfully,the msg is as follow:  #################
2019-01-14 22:52:17,338 - tornado.application - INFO - #################  send msg to client successfully,the msg is as follow:  #################
2019-01-14 22:52:37,350 - tornado.application - INFO - #################  send msg to client successfully,the msg is as follow:  #################
2019-01-14 22:52:57,365 - tornado.application - INFO - #################  send msg to client successfully,the msg is as follow:  #################
2019-01-14 22:52:57,365 - tornado.application - INFO - {'state': 'heartbeat', 'worker_id': 23658}
2019-01-14 22:55:37,502 - tornado.application - INFO - #################  send msg to client successfully,the msg is as follow:  #################
2019-01-14 22:55:37,502 - tornado.application - INFO - {'state': 'heartbeat', 'worker_id': 23658}
2019-01-14 22:56:37,556 - tornado.application - INFO - #################  send msg to client successfully,the msg is as follow:  #################
2019-01-14 22:56:57,577 - tornado.application - INFO - {'state': 'heartbeat', 'worker_id': 23658}
2019-01-14 22:59:57,714 - tornado.application - INFO - #################  send msg to client successfully,the msg is as follow:  #################
2019-01-14 23:01:37,811 - tornado.application - INFO - #################  send msg to client successfully,the msg is as follow:  #################
2019-01-14 23:01:37,811 - tornado.application - INFO - {'state': 'heartbeat', 'worker_id': 23658}
2019-01-14 23:03:17,907 - tornado.application - INFO - {'state': 'heartbeat', 'worker_id': 23658}
2019-01-14 23:03:57,931 - tornado.application - INFO - {'state': 'heartbeat', 'worker_id': 23658}
2019-01-14 23:04:57,989 - tornado.application - INFO - #################  send msg to client successfully,the msg is as follow:  #################
2019-01-14 23:04:57,990 - tornado.application - INFO - {'state': 'heartbeat', 'worker_id': 23658}
2019-01-14 23:05:38,025 - tornado.application - INFO - #################  send msg to client successfully,the msg is as follow:  #################
2019-01-14 23:05:58,045 - tornado.application - INFO - {'state': 'heartbeat', 'worker_id': 23658}
2019-01-14 23:07:38,143 - tornado.application - INFO - #################  send msg to client successfully,the msg is as follow:  #################
2019-01-14 23:07:58,164 - tornado.application - INFO - {'state': 'heartbeat', 'worker_id': 23658}
2019-01-14 23:09:18,226 - tornado.application - INFO - {'state': 'heartbeat', 'worker_id': 23658}
2019-01-14 23:09:58,255 - tornado.application - INFO - #################  send msg to client successfully,the msg is as follow:  #################
2019-01-14 23:10:58,312 - tornado.application - INFO - {'state': 'heartbeat', 'worker_id': 23658}
2019-01-14 23:12:58,422 - tornado.application - INFO - #################  send msg to client successfully,the msg is as follow:  #################
2019-01-14 23:13:38,460 - tornado.application - INFO - #################  send msg to client successfully,the msg is as follow:  #################
2019-01-14 23:13:38,461 - tornado.application - INFO - {'state': 'heartbeat', 'worker_id': 23658}
2019-01-14 23:13:58,473 - tornado.application - INFO - #################  send msg to client successfully,the msg is as follow:  #################
2019-01-14 23:14:38,511 - tornado.application - INFO - {'state': 'heartbeat', 'worker_id': 23658}
2019-01-14 23:16:18,611 - tornado.application - INFO - #################  send msg to client successfully,the msg is as follow:  #################
2019-01-14 23:16:58,633 - tornado.application - INFO - #################  send msg to client successfully,the msg is as follow:  #################
2019-01-14 23:17:18,648 - tornado.application - INFO - {'state': 'heartbeat', 'worker_id': 23658}
2019-01-14 23:18:18,697 - tornado.application - INFO - #################  send msg to client successfully,the msg is as follow:  #################
2019-01-14 23:18:38,715 - tornado.application - INFO - {'state': 'heartbeat', 'worker_id': 23658}
2019-01-14 23:19:18,750 - tornado.application - INFO - #################  send msg to client successfully,the msg is as follow:  #################
2019-01-14 23:19:38,770 - tornado.application - INFO - {'state': 'heartbeat', 'worker_id': 23658}
2019-01-14 23:19:58,790 - tornado.application - INFO - {'state': 'heartbeat', 'worker_id': 23658}
2019-01-14 23:20:18,808 - tornado.application - INFO - #################  send msg to client successfully,the msg is as follow:  #################
2019-01-14 23:21:38,880 - tornado.application - INFO - #################  send msg to client successfully,the msg is as follow:  #################
2019-01-14 23:22:38,939 - tornado.application - INFO - #################  send msg to client successfully,the msg is as follow:  #################
2019-01-14 23:23:18,978 - tornado.application - INFO - #################  send msg to client successfully,the msg is as follow:  #################
2019-01-14 23:23:38,998 - tornado.application - INFO - {'state': 'heartbeat', 'worker_id': 23658}
2019-01-14 23:24:19,034 - tornado.application - INFO - {'state': 'heartbeat', 'worker_id': 23658}
2019-01-14 23:24:39,054 - tornado.application - INFO - {'state': 'heartbeat', 'worker_id': 23658}
2019-01-14 23:24:59,057 - tornado.application - INFO - #################  send msg to client successfully,the msg is as follow:  #################
2019-01-14 23:25:59,091 - tornado.application - INFO - #################  send msg to client successfully,the msg is as follow:  #################
2019-01-14 23:26:39,131 - tornado.application - INFO - {'state': 'heartbeat', 'worker_id': 23658}
2019-01-14 23:27:19,167 - tornado.application - INFO - {'state': 'heartbeat', 'worker_id': 23658}
2019-01-14 23:28:19,206 - tornado.application - INFO - {'state': 'heartbeat', 'worker_id': 23658}
2019-01-14 23:28:39,226 - tornado.application - INFO - #################  send msg to client successfully,the msg is as follow:  #################
2019-01-14 23:28:39,226 - tornado.application - INFO - {'state': 'heartbeat', 'worker_id': 23658}
2019-01-14 23:28:59,245 - tornado.application - INFO - #################  send msg to client successfully,the msg is as follow:  #################
2019-01-14 23:29:59,294 - tornado.application - INFO - #################  send msg to client successfully,the msg is as follow:  #################
2019-01-14 23:30:19,300 - tornado.application - INFO - {'state': 'heartbeat', 'worker_id': 23658}
2019-01-14 23:30:39,302 - tornado.application - INFO - #################  send msg to client successfully,the msg is as follow:  #################
2019-01-14 23:30:59,321 - tornado.application - INFO - {'state': 'heartbeat', 'worker_id': 23658}
2019-01-14 23:31:39,360 - tornado.application - INFO - {'state': 'heartbeat', 'worker_id': 23658}
2019-01-14 23:34:59,537 - tornado.application - INFO - #################  send msg to client successfully,the msg is as follow:  #################
2019-01-14 23:34:59,537 - tornado.application - INFO - {'state': 'heartbeat', 'worker_id': 23658}
2019-01-14 23:35:19,548 - tornado.application - INFO - #################  send msg to client successfully,the msg is as follow:  #################
2019-01-14 23:35:19,548 - tornado.application - INFO - {'state': 'heartbeat', 'worker_id': 23658}
2019-01-14 23:35:39,560 - tornado.application - INFO - #################  send msg to client successfully,the msg is as follow:  #################
2019-01-14 23:35:59,580 - tornado.application - INFO - #################  send msg to client successfully,the msg is as follow:  #################
2019-01-14 23:35:59,580 - tornado.application - INFO - {'state': 'heartbeat', 'worker_id': 23658}
2019-01-14 23:37:59,696 - tornado.application - INFO - #################  send msg to client successfully,the msg is as follow:  #################
2019-01-14 23:38:59,745 - tornado.application - INFO - {'state': 'heartbeat', 'worker_id': 23658}
2019-01-14 23:39:59,803 - tornado.application - INFO - {'state': 'heartbeat', 'worker_id': 23658}
2019-01-14 23:41:39,870 - tornado.application - INFO - {'state': 'heartbeat', 'worker_id': 23658}
2019-01-14 23:41:59,891 - tornado.application - INFO - {'state': 'heartbeat', 'worker_id': 23658}
2019-01-14 23:42:19,910 - tornado.application - INFO - #################  send msg to client successfully,the msg is as follow:  #################
2019-01-14 23:42:39,931 - tornado.application - INFO - #################  send msg to client successfully,the msg is as follow:  #################
2019-01-14 23:44:00,013 - tornado.application - INFO - #################  send msg to client successfully,the msg is as follow:  #################
2019-01-14 23:45:20,070 - tornado.application - INFO - #################  send msg to client successfully,the msg is as follow:  #################
2019-01-14 23:48:00,176 - tornado.application - INFO - {'state': 'heartbeat', 'worker_id': 23658}
2019-01-14 23:49:20,252 - tornado.application - INFO - #################  send msg to client successfully,the msg is as follow:  #################
2019-01-14 23:49:40,273 - tornado.application - INFO - {'state': 'heartbeat', 'worker_id': 23658}
2019-01-14 23:50:20,311 - tornado.application - INFO - #################  send msg to client successfully,the msg is as follow:  #################
2019-01-14 23:51:00,342 - tornado.application - INFO - #################  send msg to client successfully,the msg is as follow:  #################
2019-01-14 23:51:00,342 - tornado.application - INFO - {'state': 'heartbeat', 'worker_id': 23658}
2019-01-14 23:52:20,419 - tornado.application - INFO - #################  send msg to client successfully,the msg is as follow:  #################
2019-01-14 23:52:40,438 - tornado.application - INFO - #################  send msg to client successfully,the msg is as follow:  #################
2019-01-14 23:53:20,469 - tornado.application - INFO - {'state': 'heartbeat', 'worker_id': 23658}
2019-01-14 23:53:40,488 - tornado.application - INFO - {'state': 'heartbeat', 'worker_id': 23658}
2019-01-14 23:54:00,507 - tornado.application - INFO - {'state': 'heartbeat', 'worker_id': 23658}
2019-01-14 23:55:00,545 - tornado.application - INFO - {'state': 'heartbeat', 'worker_id': 23658}
2019-01-14 23:55:40,586 - tornado.application - INFO - #################  send msg to client successfully,the msg is as follow:  #################
2019-01-14 23:56:20,627 - tornado.application - INFO - {'state': 'heartbeat', 'worker_id': 23658}
2019-01-14 23:57:00,665 - tornado.application - INFO - {'state': 'heartbeat', 'worker_id': 23658}
2019-01-14 23:57:20,684 - tornado.application - INFO - {'state': 'heartbeat', 'worker_id': 23658}
2019-01-14 23:57:40,705 - tornado.application - INFO - #################  send msg to client successfully,the msg is as follow:  #################
2019-01-14 23:59:00,771 - tornado.application - INFO - {'state': 'heartbeat', 'worker_id': 23658}
2019-01-15 00:00:20,826 - tornado.application - INFO - #################  send msg to client successfully,the msg is as follow:  #################
2019-01-15 00:01:00,867 - tornado.application - INFO - #################  send msg to client successfully,the msg is as follow:  #################
2019-01-15 00:01:20,887 - tornado.application - INFO - {'state': 'heartbeat', 'worker_id': 23658}
2019-01-15 00:02:20,930 - tornado.application - INFO - #################  send msg to client successfully,the msg is as follow:  #################
2019-01-15 00:03:20,987 - tornado.application - INFO - {'state': 'heartbeat', 'worker_id': 23658}
2019-01-15 00:04:41,066 - tornado.application - INFO - #################  send msg to client successfully,the msg is as follow:  #################
2019-01-15 00:05:01,083 - tornado.application - INFO - #################  send msg to client successfully,the msg is as follow:  #################
2019-01-15 00:05:21,104 - tornado.application - INFO - {'state': 'heartbeat', 'worker_id': 23658}
2019-01-15 00:06:01,140 - tornado.application - INFO - #################  send msg to client successfully,the msg is as follow:  #################
2019-01-15 00:06:01,140 - tornado.application - INFO - {'state': 'heartbeat', 'worker_id': 23658}
2019-01-15 00:06:21,144 - tornado.application - INFO - {'state': 'heartbeat', 'worker_id': 23658}
2019-01-15 00:08:41,270 - tornado.application - INFO - {'state': 'heartbeat', 'worker_id': 23658}
2019-01-15 00:09:01,288 - tornado.application - INFO - #################  send msg to client successfully,the msg is as follow:  #################
2019-01-15 00:09:01,288 - tornado.application - INFO - {'state': 'heartbeat', 'worker_id': 23658}
2019-01-15 00:09:21,306 - tornado.application - INFO - {'state': 'heartbeat', 'worker_id': 23658}
2019-01-15 00:10:21,367 - tornado.application - INFO - #################  send msg to client successfully,the msg is as follow:  #################
2019-01-15 00:12:21,472 - tornado.application - INFO - #################  send msg to client successfully,the msg is as follow:  #################
2019-01-15 00:12:21,472 - tornado.application - INFO - {'state': 'heartbeat', 'worker_id': 23658}
2019-01-15 00:13:01,512 - tornado.application - INFO - #################  send msg to client successfully,the msg is as follow:  #################
2019-01-15 00:13:01,512 - tornado.application - INFO - {'state': 'heartbeat', 'worker_id': 23658}
2019-01-15 00:13:41,546 - tornado.application - INFO - {'state': 'heartbeat', 'worker_id': 23658}
2019-01-15 00:15:01,620 - tornado.application - INFO - {'state': 'heartbeat', 'worker_id': 23658}
2019-01-15 00:16:21,682 - tornado.application - INFO - {'state': 'heartbeat', 'worker_id': 23658}
2019-01-15 00:17:21,739 - tornado.application - INFO - #################  send msg to client successfully,the msg is as follow:  #################
2019-01-15 00:17:41,759 - tornado.application - INFO - #################  send msg to client successfully,the msg is as follow:  #################
2019-01-15 00:18:21,799 - tornado.application - INFO - {'state': 'heartbeat', 'worker_id': 23658}
2019-01-15 00:18:41,819 - tornado.application - INFO - {'state': 'heartbeat', 'worker_id': 23658}
2019-01-15 00:19:01,838 - tornado.application - INFO - #################  send msg to client successfully,the msg is as follow:  #################
2019-01-15 00:19:01,839 - tornado.application - INFO - {'state': 'heartbeat', 'worker_id': 23658}
2019-01-15 00:20:01,876 - tornado.application - INFO - {'state': 'heartbeat', 'worker_id': 23658}
2019-01-15 00:20:41,912 - tornado.application - INFO - {'state': 'heartbeat', 'worker_id': 23658}
2019-01-15 00:21:41,965 - tornado.application - INFO - #################  send msg to client successfully,the msg is as follow:  #################
2019-01-15 00:22:21,997 - tornado.application - INFO - {'state': 'heartbeat', 'worker_id': 23658}
2019-01-15 00:22:42,012 - tornado.application - INFO - #################  send msg to client successfully,the msg is as follow:  #################
2019-01-15 00:23:02,032 - tornado.application - INFO - {'state': 'heartbeat', 'worker_id': 23658}
2019-01-15 00:23:42,070 - tornado.application - INFO - {'state': 'heartbeat', 'worker_id': 23658}
2019-01-15 00:24:42,126 - tornado.application - INFO - #################  send msg to client successfully,the msg is as follow:  #################
2019-01-15 00:24:42,127 - tornado.application - INFO - {'state': 'heartbeat', 'worker_id': 23658}
2019-01-15 00:25:02,146 - tornado.application - INFO - {'state': 'heartbeat', 'worker_id': 23658}
2019-01-15 00:25:22,162 - tornado.application - INFO - {'state': 'heartbeat', 'worker_id': 23658}
2019-01-15 00:25:42,183 - tornado.application - INFO - {'state': 'heartbeat', 'worker_id': 23658}
2019-01-15 00:26:22,218 - tornado.application - INFO - #################  send msg to client successfully,the msg is as follow:  #################
2019-01-15 00:27:02,253 - tornado.application - INFO - #################  send msg to client successfully,the msg is as follow:  #################
2019-01-15 00:27:22,269 - tornado.application - INFO - #################  send msg to client successfully,the msg is as follow:  #################
2019-01-15 00:27:22,269 - tornado.application - INFO - {'state': 'heartbeat', 'worker_id': 23658}
2019-01-15 00:28:02,308 - tornado.application - INFO - #################  send msg to client successfully,the msg is as follow:  #################
2019-01-15 00:28:42,339 - tornado.application - INFO - {'state': 'heartbeat', 'worker_id': 23658}
2019-01-15 00:29:22,368 - tornado.application - INFO - #################  send msg to client successfully,the msg is as follow:  #################
2019-01-15 00:29:42,384 - tornado.application - INFO - {'state': 'heartbeat', 'worker_id': 23658}
2019-01-15 00:31:02,426 - tornado.application - INFO - #################  send msg to client successfully,the msg is as follow:  #################
2019-01-15 00:31:42,462 - tornado.application - INFO - #################  send msg to client successfully,the msg is as follow:  #################
2019-01-15 00:32:02,478 - tornado.application - INFO - {'state': 'heartbeat', 'worker_id': 23658}
2019-01-15 00:32:42,517 - tornado.application - INFO - #################  send msg to client successfully,the msg is as follow:  #################
2019-01-15 00:33:02,536 - tornado.application - INFO - #################  send msg to client successfully,the msg is as follow:  #################
2019-01-15 00:33:02,536 - tornado.application - INFO - {'state': 'heartbeat', 'worker_id': 23658}
2019-01-15 00:33:22,551 - tornado.application - INFO - #################  send msg to client successfully,the msg is as follow:  #################
2019-01-15 00:33:42,572 - tornado.application - INFO - {'state': 'heartbeat', 'worker_id': 23658}
2019-01-15 00:35:22,650 - tornado.application - INFO - #################  send msg to client successfully,the msg is as follow:  #################
2019-01-15 00:35:42,665 - tornado.application - INFO - {'state': 'heartbeat', 'worker_id': 23658}
2019-01-15 00:36:22,700 - tornado.application - INFO - #################  send msg to client successfully,the msg is as follow:  #################
2019-01-15 00:36:42,711 - tornado.application - INFO - {'state': 'heartbeat', 'worker_id': 23658}
2019-01-15 00:37:02,729 - tornado.application - INFO - #################  send msg to client successfully,the msg is as follow:  #################
2019-01-15 00:37:02,729 - tornado.application - INFO - {'state': 'heartbeat', 'worker_id': 23658}
2019-01-15 00:37:22,747 - tornado.application - INFO - {'state': 'heartbeat', 'worker_id': 23658}
2019-01-15 00:38:02,788 - tornado.application - INFO - {'state': 'heartbeat', 'worker_id': 23658}
2019-01-15 00:39:02,826 - tornado.application - INFO - #################  send msg to client successfully,the msg is as follow:  #################
2019-01-15 00:39:02,826 - tornado.application - INFO - {'state': 'heartbeat', 'worker_id': 23658}
2019-01-15 00:39:22,845 - tornado.application - INFO - {'state': 'heartbeat', 'worker_id': 23658}
2019-01-15 00:39:42,866 - tornado.application - INFO - {'state': 'heartbeat', 'worker_id': 23658}
2019-01-15 00:40:02,886 - tornado.application - INFO - {'state': 'heartbeat', 'worker_id': 23658}
2019-01-15 00:40:22,906 - tornado.application - INFO - #################  send msg to client successfully,the msg is as follow:  #################
2019-01-15 00:40:42,907 - tornado.application - INFO - #################  send msg to client successfully,the msg is as follow:  #################
2019-01-15 00:41:42,950 - tornado.application - INFO - #################  send msg to client successfully,the msg is as follow:  #################
2019-01-15 00:41:42,951 - tornado.application - INFO - {'state': 'heartbeat', 'worker_id': 23658}
2019-01-15 00:42:02,970 - tornado.application - INFO - {'state': 'heartbeat', 'worker_id': 23658}
2019-01-15 00:42:22,987 - tornado.application - INFO - #################  send msg to client successfully,the msg is as follow:  #################
2019-01-15 00:43:23,038 - tornado.application - INFO - #################  send msg to client successfully,the msg is as follow:  #################
2019-01-15 00:45:23,158 - tornado.application - INFO - #################  send msg to client successfully,the msg is as follow:  #################
2019-01-15 00:46:23,215 - tornado.application - INFO - #################  send msg to client successfully,the msg is as follow:  #################
2019-01-15 00:47:23,274 - tornado.application - INFO - {'state': 'heartbeat', 'worker_id': 23658}
2019-01-15 00:47:43,294 - tornado.application - INFO - #################  send msg to client successfully,the msg is as follow:  #################
2019-01-15 00:49:03,371 - tornado.application - INFO - #################  send msg to client successfully,the msg is as follow:  #################
2019-01-15 00:50:03,417 - tornado.application - INFO - {'state': 'heartbeat', 'worker_id': 23658}
2019-01-15 00:50:23,435 - tornado.application - INFO - {'state': 'heartbeat', 'worker_id': 23658}
2019-01-15 00:50:43,448 - tornado.application - INFO - #################  send msg to client successfully,the msg is as follow:  #################
2019-01-15 00:52:23,530 - tornado.application - INFO - #################  send msg to client successfully,the msg is as follow:  #################
2019-01-15 00:53:43,590 - tornado.application - INFO - {'state': 'heartbeat', 'worker_id': 23658}
2019-01-15 00:54:03,610 - tornado.application - INFO - #################  send msg to client successfully,the msg is as follow:  #################
2019-01-15 00:54:23,631 - tornado.application - INFO - #################  send msg to client successfully,the msg is as follow:  #################
2019-01-15 00:55:03,654 - tornado.application - INFO - #################  send msg to client successfully,the msg is as follow:  #################
2019-01-15 00:55:43,693 - tornado.application - INFO - #################  send msg to client successfully,the msg is as follow:  #################
2019-01-15 00:56:03,713 - tornado.application - INFO - {'state': 'heartbeat', 'worker_id': 23658}
2019-01-15 00:57:23,767 - tornado.application - INFO - #################  send msg to client successfully,the msg is as follow:  #################
2019-01-15 00:57:23,767 - tornado.application - INFO - {'state': 'heartbeat', 'worker_id': 23658}
2019-01-15 00:57:43,787 - tornado.application - INFO - {'state': 'heartbeat', 'worker_id': 23658}
2019-01-15 00:58:23,828 - tornado.application - INFO - {'state': 'heartbeat', 'worker_id': 23658}
2019-01-15 00:59:03,862 - tornado.application - INFO - #################  send msg to client successfully,the msg is as follow:  #################
2019-01-15 00:59:23,883 - tornado.application - INFO - #################  send msg to client successfully,the msg is as follow:  #################
2019-01-15 01:02:44,038 - tornado.application - INFO - #################  send msg to client successfully,the msg is as follow:  #################
2019-01-15 01:04:04,091 - tornado.application - INFO - #################  send msg to client successfully,the msg is as follow:  #################
2019-01-15 01:04:24,102 - tornado.application - INFO - {'state': 'heartbeat', 'worker_id': 23658}
2019-01-15 01:05:44,178 - tornado.application - INFO - #################  send msg to client successfully,the msg is as follow:  #################
2019-01-15 01:05:44,178 - tornado.application - INFO - {'state': 'heartbeat', 'worker_id': 23658}
2019-01-15 01:07:24,255 - tornado.application - INFO - #################  send msg to client successfully,the msg is as follow:  #################
2019-01-15 01:07:24,256 - tornado.application - INFO - {'state': 'heartbeat', 'worker_id': 23658}
2019-01-15 01:07:44,275 - tornado.application - INFO - {'state': 'heartbeat', 'worker_id': 23658}
2019-01-15 01:08:24,313 - tornado.application - INFO - #################  send msg to client successfully,the msg is as follow:  #################
2019-01-15 01:09:44,356 - tornado.application - INFO - #################  send msg to client successfully,the msg is as follow:  #################
2019-01-15 01:10:44,399 - tornado.application - INFO - #################  send msg to client successfully,the msg is as follow:  #################
2019-01-15 01:11:24,431 - tornado.application - INFO - #################  send msg to client successfully,the msg is as follow:  #################
2019-01-15 01:12:44,504 - tornado.application - INFO - #################  send msg to client successfully,the msg is as follow:  #################
2019-01-15 01:13:44,544 - tornado.application - INFO - #################  send msg to client successfully,the msg is as follow:  #################
2019-01-15 01:15:04,592 - tornado.application - INFO - #################  send msg to client successfully,the msg is as follow:  #################
2019-01-15 01:16:04,652 - tornado.application - INFO - {'state': 'heartbeat', 'worker_id': 23658}
2019-01-15 01:16:24,672 - tornado.application - INFO - {'state': 'heartbeat', 'worker_id': 23658}
2019-01-15 01:17:44,747 - tornado.application - INFO - {'state': 'heartbeat', 'worker_id': 23658}
2019-01-15 01:19:04,826 - tornado.application - INFO - {'state': 'heartbeat', 'worker_id': 23658}
2019-01-15 01:20:24,904 - tornado.application - INFO - #################  send msg to client successfully,the msg is as follow:  #################
2019-01-15 01:20:24,905 - tornado.application - INFO - {'state': 'heartbeat', 'worker_id': 23658}
2019-01-15 01:22:24,999 - tornado.application - INFO - {'state': 'heartbeat', 'worker_id': 23658}
2019-01-15 01:23:25,061 - tornado.application - INFO - #################  send msg to client successfully,the msg is as follow:  #################
2019-01-15 01:24:05,102 - tornado.application - INFO - #################  send msg to client successfully,the msg is as follow:  #################
2019-01-15 01:24:25,117 - tornado.application - INFO - #################  send msg to client successfully,the msg is as follow:  #################
2019-01-15 01:24:45,138 - tornado.application - INFO - #################  send msg to client successfully,the msg is as follow:  #################
2019-01-15 01:25:45,193 - tornado.application - INFO - #################  send msg to client successfully,the msg is as follow:  #################
2019-01-15 01:27:05,269 - tornado.application - INFO - {'state': 'heartbeat', 'worker_id': 23658}
2019-01-15 01:27:45,298 - tornado.application - INFO - #################  send msg to client successfully,the msg is as follow:  #################
2019-01-15 01:28:25,334 - tornado.application - INFO - {'state': 'heartbeat', 'worker_id': 23658}
2019-01-15 01:29:05,372 - tornado.application - INFO - #################  send msg to client successfully,the msg is as follow:  #################
2019-01-15 01:29:25,386 - tornado.application - INFO - {'state': 'heartbeat', 'worker_id': 23658}
2019-01-15 01:30:25,444 - tornado.application - INFO - #################  send msg to client successfully,the msg is as follow:  #################
2019-01-15 01:30:45,463 - tornado.application - INFO - #################  send msg to client successfully,the msg is as follow:  #################
2019-01-15 01:30:45,463 - tornado.application - INFO - {'state': 'heartbeat', 'worker_id': 23658}
2019-01-15 01:31:45,516 - tornado.application - INFO - #################  send msg to client successfully,the msg is as follow:  #################
2019-01-15 01:33:25,592 - tornado.application - INFO - {'state': 'heartbeat', 'worker_id': 23658}
2019-01-15 01:35:25,683 - tornado.application - INFO - {'state': 'heartbeat', 'worker_id': 23658}
2019-01-15 01:36:45,744 - tornado.application - INFO - #################  send msg to client successfully,the msg is as follow:  #################
2019-01-15 01:37:45,787 - tornado.application - INFO - {'state': 'heartbeat', 'worker_id': 23658}
2019-01-15 01:40:25,927 - tornado.application - INFO - {'state': 'heartbeat', 'worker_id': 23658}
2019-01-15 01:41:05,963 - tornado.application - INFO - {'state': 'heartbeat', 'worker_id': 23658}
2019-01-15 01:41:25,985 - tornado.application - INFO - #################  send msg to client successfully,the msg is as follow:  #################
2019-01-15 01:41:45,995 - tornado.application - INFO - {'state': 'heartbeat', 'worker_id': 23658}
2019-01-15 01:42:46,036 - tornado.application - INFO - #################  send msg to client successfully,the msg is as follow:  #################
2019-01-15 01:43:46,087 - tornado.application - INFO - #################  send msg to client successfully,the msg is as follow:  #################
2019-01-15 01:44:06,104 - tornado.application - INFO - #################  send msg to client successfully,the msg is as follow:  #################
2019-01-15 01:44:06,105 - tornado.application - INFO - {'state': 'heartbeat', 'worker_id': 23658}
2019-01-15 01:44:46,137 - tornado.application - INFO - #################  send msg to client successfully,the msg is as follow:  #################
2019-01-15 01:45:46,184 - tornado.application - INFO - #################  send msg to client successfully,the msg is as follow:  #################
2019-01-15 01:46:06,190 - tornado.application - INFO - {'state': 'heartbeat', 'worker_id': 23658}
2019-01-15 01:46:46,227 - tornado.application - INFO - {'state': 'heartbeat', 'worker_id': 23658}
2019-01-15 01:47:46,279 - tornado.application - INFO - #################  send msg to client successfully,the msg is as follow:  #################
2019-01-15 01:48:06,301 - tornado.application - INFO - {'state': 'heartbeat', 'worker_id': 23658}
2019-01-15 01:48:46,338 - tornado.application - INFO - {'state': 'heartbeat', 'worker_id': 23658}
2019-01-15 01:49:06,357 - tornado.application - INFO - #################  send msg to client successfully,the msg is as follow:  #################
2019-01-15 01:49:26,378 - tornado.application - INFO - #################  send msg to client successfully,the msg is as follow:  #################
2019-01-15 01:49:46,396 - tornado.application - INFO - #################  send msg to client successfully,the msg is as follow:  #################
2019-01-15 01:50:06,416 - tornado.application - INFO - #################  send msg to client successfully,the msg is as follow:  #################
2019-01-15 01:51:26,476 - tornado.application - INFO - {'state': 'heartbeat', 'worker_id': 23658}
2019-01-15 01:51:46,493 - tornado.application - INFO - {'state': 'heartbeat', 'worker_id': 23658}
2019-01-15 01:52:26,526 - tornado.application - INFO - {'state': 'heartbeat', 'worker_id': 23658}
2019-01-15 01:53:06,534 - tornado.application - INFO - {'state': 'heartbeat', 'worker_id': 23658}
2019-01-15 01:53:26,550 - tornado.application - INFO - #################  send msg to client successfully,the msg is as follow:  #################
2019-01-15 01:53:46,564 - tornado.application - INFO - #################  send msg to client successfully,the msg is as follow:  #################
2019-01-15 01:54:06,582 - tornado.application - INFO - #################  send msg to client successfully,the msg is as follow:  #################
2019-01-15 01:54:46,604 - tornado.application - INFO - {'state': 'heartbeat', 'worker_id': 23658}
2019-01-15 01:55:26,633 - tornado.application - INFO - {'state': 'heartbeat', 'worker_id': 23658}
2019-01-15 01:55:46,651 - tornado.application - INFO - #################  send msg to client successfully,the msg is as follow:  #################
2019-01-15 01:55:46,651 - tornado.application - INFO - {'state': 'heartbeat', 'worker_id': 23658}
2019-01-15 01:56:06,671 - tornado.application - INFO - {'state': 'heartbeat', 'worker_id': 23658}
2019-01-15 01:57:06,732 - tornado.application - INFO - {'state': 'heartbeat', 'worker_id': 23658}
2019-01-15 01:57:26,750 - tornado.application - INFO - #################  send msg to client successfully,the msg is as follow:  #################
2019-01-15 01:57:46,766 - tornado.application - INFO - #################  send msg to client successfully,the msg is as follow:  #################
2019-01-15 01:58:46,824 - tornado.application - INFO - {'state': 'heartbeat', 'worker_id': 23658}
2019-01-15 01:59:06,843 - tornado.application - INFO - #################  send msg to client successfully,the msg is as follow:  #################
2019-01-15 01:59:06,843 - tornado.application - INFO - {'state': 'heartbeat', 'worker_id': 23658}
2019-01-15 01:59:46,883 - tornado.application - INFO - #################  send msg to client successfully,the msg is as follow:  #################
2019-01-15 02:01:26,968 - tornado.application - INFO - {'state': 'heartbeat', 'worker_id': 23658}
2019-01-15 02:03:47,058 - tornado.application - INFO - #################  send msg to client successfully,the msg is as follow:  #################
2019-01-15 02:05:47,172 - tornado.application - INFO - #################  send msg to client successfully,the msg is as follow:  #################
2019-01-15 02:06:27,209 - tornado.application - INFO - {'state': 'heartbeat', 'worker_id': 23658}
2019-01-15 02:07:07,250 - tornado.application - INFO - {'state': 'heartbeat', 'worker_id': 23658}
2019-01-15 02:07:47,292 - tornado.application - INFO - {'state': 'heartbeat', 'worker_id': 23658}
2019-01-15 02:08:47,321 - tornado.application - INFO - {'state': 'heartbeat', 'worker_id': 23658}
2019-01-15 02:09:27,344 - tornado.application - INFO - {'state': 'heartbeat', 'worker_id': 23658}
2019-01-15 02:10:27,396 - tornado.application - INFO - #################  send msg to client successfully,the msg is as follow:  #################
2019-01-15 02:10:27,396 - tornado.application - INFO - {'state': 'heartbeat', 'worker_id': 23658}
2019-01-15 02:11:07,424 - tornado.application - INFO - {'state': 'heartbeat', 'worker_id': 23658}
2019-01-15 02:11:47,465 - tornado.application - INFO - {'state': 'heartbeat', 'worker_id': 23658}
2019-01-15 02:13:07,530 - tornado.application - INFO - #################  send msg to client successfully,the msg is as follow:  #################
2019-01-15 02:13:47,569 - tornado.application - INFO - {'state': 'heartbeat', 'worker_id': 23658}
2019-01-15 02:14:27,606 - tornado.application - INFO - #################  send msg to client successfully,the msg is as follow:  #################
2019-01-15 02:14:47,615 - tornado.application - INFO - #################  send msg to client successfully,the msg is as follow:  #################
2019-01-15 02:14:47,615 - tornado.application - INFO - {'state': 'heartbeat', 'worker_id': 23658}
2019-01-15 02:15:47,665 - tornado.application - INFO - {'state': 'heartbeat', 'worker_id': 23658}
2019-01-15 02:17:47,764 - tornado.application - INFO - #################  send msg to client successfully,the msg is as follow:  #################
2019-01-15 02:17:47,764 - tornado.application - INFO - {'state': 'heartbeat', 'worker_id': 23658}
2019-01-15 02:18:27,804 - tornado.application - INFO - {'state': 'heartbeat', 'worker_id': 23658}
2019-01-15 02:19:07,844 - tornado.application - INFO - #################  send msg to client successfully,the msg is as follow:  #################
2019-01-15 02:19:07,844 - tornado.application - INFO - {'state': 'heartbeat', 'worker_id': 23658}
2019-01-15 02:19:27,865 - tornado.application - INFO - {'state': 'heartbeat', 'worker_id': 23658}
2019-01-15 02:19:47,883 - tornado.application - INFO - #################  send msg to client successfully,the msg is as follow:  #################
2019-01-15 02:20:47,935 - tornado.application - INFO - {'state': 'heartbeat', 'worker_id': 23658}
2019-01-15 02:21:27,972 - tornado.application - INFO - #################  send msg to client successfully,the msg is as follow:  #################
2019-01-15 02:21:47,990 - tornado.application - INFO - #################  send msg to client successfully,the msg is as follow:  #################
2019-01-15 02:22:48,038 - tornado.application - INFO - {'state': 'heartbeat', 'worker_id': 23658}
2019-01-15 02:23:08,053 - tornado.application - INFO - {'state': 'heartbeat', 'worker_id': 23658}
2019-01-15 02:23:48,081 - tornado.application - INFO - #################  send msg to client successfully,the msg is as follow:  #################
2019-01-15 02:25:08,157 - tornado.application - INFO - {'state': 'heartbeat', 'worker_id': 23658}
2019-01-15 02:25:28,172 - tornado.application - INFO - {'state': 'heartbeat', 'worker_id': 23658}
2019-01-15 02:25:48,192 - tornado.application - INFO - {'state': 'heartbeat', 'worker_id': 23658}
2019-01-15 02:26:28,232 - tornado.application - INFO - #################  send msg to client successfully,the msg is as follow:  #################
2019-01-15 02:27:08,269 - tornado.application - INFO - {'state': 'heartbeat', 'worker_id': 23658}
2019-01-15 02:28:28,346 - tornado.application - INFO - {'state': 'heartbeat', 'worker_id': 23658}
2019-01-15 02:28:48,362 - tornado.application - INFO - #################  send msg to client successfully,the msg is as follow:  #################
2019-01-15 02:29:48,415 - tornado.application - INFO - {'state': 'heartbeat', 'worker_id': 23658}
2019-01-15 02:30:08,435 - tornado.application - INFO - #################  send msg to client successfully,the msg is as follow:  #################
2019-01-15 02:31:28,499 - tornado.application - INFO - #################  send msg to client successfully,the msg is as follow:  #################
2019-01-15 02:31:28,499 - tornado.application - INFO - {'state': 'heartbeat', 'worker_id': 23658}
2019-01-15 02:31:48,512 - tornado.application - INFO - #################  send msg to client successfully,the msg is as follow:  #################
2019-01-15 02:31:48,512 - tornado.application - INFO - {'state': 'heartbeat', 'worker_id': 23658}
2019-01-15 02:32:48,572 - tornado.application - INFO - #################  send msg to client successfully,the msg is as follow:  #################
2019-01-15 02:32:48,572 - tornado.application - INFO - {'state': 'heartbeat', 'worker_id': 23658}
2019-01-15 02:33:08,585 - tornado.application - INFO - #################  send msg to client successfully,the msg is as follow:  #################
2019-01-15 02:33:28,603 - tornado.application - INFO - #################  send msg to client successfully,the msg is as follow:  #################
2019-01-15 02:33:28,604 - tornado.application - INFO - {'state': 'heartbeat', 'worker_id': 23658}
2019-01-15 02:33:48,624 - tornado.application - INFO - #################  send msg to client successfully,the msg is as follow:  #################
2019-01-15 02:34:08,645 - tornado.application - INFO - #################  send msg to client successfully,the msg is as follow:  #################
2019-01-15 02:34:28,667 - tornado.application - INFO - #################  send msg to client successfully,the msg is as follow:  #################
2019-01-15 02:34:28,668 - tornado.application - INFO - {'state': 'heartbeat', 'worker_id': 23658}
2019-01-15 02:35:08,694 - tornado.application - INFO - #################  send msg to client successfully,the msg is as follow:  #################
2019-01-15 02:35:48,731 - tornado.application - INFO - #################  send msg to client successfully,the msg is as follow:  #################
2019-01-15 02:36:28,772 - tornado.application - INFO - {'state': 'heartbeat', 'worker_id': 23658}
2019-01-15 02:37:28,821 - tornado.application - INFO - {'state': 'heartbeat', 'worker_id': 23658}
2019-01-15 02:38:08,860 - tornado.application - INFO - {'state': 'heartbeat', 'worker_id': 23658}
2019-01-15 02:38:48,892 - tornado.application - INFO - #################  send msg to client successfully,the msg is as follow:  #################
2019-01-15 02:39:48,949 - tornado.application - INFO - {'state': 'heartbeat', 'worker_id': 23658}
2019-01-15 02:40:28,979 - tornado.application - INFO - #################  send msg to client successfully,the msg is as follow:  #################
2019-01-15 02:40:48,998 - tornado.application - INFO - #################  send msg to client successfully,the msg is as follow:  #################
2019-01-15 02:41:09,019 - tornado.application - INFO - #################  send msg to client successfully,the msg is as follow:  #################
2019-01-15 02:41:29,038 - tornado.application - INFO - {'state': 'heartbeat', 'worker_id': 23658}
2019-01-15 02:41:49,050 - tornado.application - INFO - #################  send msg to client successfully,the msg is as follow:  #################
2019-01-15 02:42:49,106 - tornado.application - INFO - #################  send msg to client successfully,the msg is as follow:  #################
2019-01-15 02:43:09,127 - tornado.application - INFO - {'state': 'heartbeat', 'worker_id': 23658}
2019-01-15 02:43:29,142 - tornado.application - INFO - #################  send msg to client successfully,the msg is as follow:  #################
2019-01-15 02:44:29,197 - tornado.application - INFO - #################  send msg to client successfully,the msg is as follow:  #################
2019-01-15 02:46:29,279 - tornado.application - INFO - #################  send msg to client successfully,the msg is as follow:  #################
2019-01-15 02:46:49,298 - tornado.application - INFO - #################  send msg to client successfully,the msg is as follow:  #################
2019-01-15 02:47:29,327 - tornado.application - INFO - {'state': 'heartbeat', 'worker_id': 23658}
2019-01-15 02:48:29,385 - tornado.application - INFO - #################  send msg to client successfully,the msg is as follow:  #################
2019-01-15 02:48:29,385 - tornado.application - INFO - {'state': 'heartbeat', 'worker_id': 23658}
2019-01-15 02:48:49,401 - tornado.application - INFO - #################  send msg to client successfully,the msg is as follow:  #################
2019-01-15 02:48:49,401 - tornado.application - INFO - {'state': 'heartbeat', 'worker_id': 23658}
2019-01-15 02:50:09,470 - tornado.application - INFO - {'state': 'heartbeat', 'worker_id': 23658}
2019-01-15 02:50:49,503 - tornado.application - INFO - #################  send msg to client successfully,the msg is as follow:  #################
2019-01-15 02:51:09,516 - tornado.application - INFO - #################  send msg to client successfully,the msg is as follow:  #################
2019-01-15 02:51:49,531 - tornado.application - INFO - {'state': 'heartbeat', 'worker_id': 23658}
2019-01-15 02:52:29,570 - tornado.application - INFO - {'state': 'heartbeat', 'worker_id': 23658}
2019-01-15 02:52:49,590 - tornado.application - INFO - {'state': 'heartbeat', 'worker_id': 23658}
2019-01-15 02:53:09,610 - tornado.application - INFO - {'state': 'heartbeat', 'worker_id': 23658}
2019-01-15 02:53:29,631 - tornado.application - INFO - {'state': 'heartbeat', 'worker_id': 23658}
2019-01-15 02:54:09,660 - tornado.application - INFO - {'state': 'heartbeat', 'worker_id': 23658}
2019-01-15 02:54:49,701 - tornado.application - INFO - #################  send msg to client successfully,the msg is as follow:  #################
2019-01-15 02:55:09,712 - tornado.application - INFO - {'state': 'heartbeat', 'worker_id': 23658}
2019-01-15 02:55:29,733 - tornado.application - INFO - {'state': 'heartbeat', 'worker_id': 23658}
2019-01-15 02:56:49,793 - tornado.application - INFO - #################  send msg to client successfully,the msg is as follow:  #################
2019-01-15 02:57:49,839 - tornado.application - INFO - #################  send msg to client successfully,the msg is as follow:  #################
2019-01-15 02:58:49,890 - tornado.application - INFO - {'state': 'heartbeat', 'worker_id': 23658}
2019-01-15 03:00:09,945 - tornado.application - INFO - {'state': 'heartbeat', 'worker_id': 23658}
2019-01-15 03:00:29,965 - tornado.application - INFO - #################  send msg to client successfully,the msg is as follow:  #################
2019-01-15 03:00:29,965 - tornado.application - INFO - {'state': 'heartbeat', 'worker_id': 23658}
2019-01-15 03:00:49,986 - tornado.application - INFO - #################  send msg to client successfully,the msg is as follow:  #################
2019-01-15 03:00:49,986 - tornado.application - INFO - {'state': 'heartbeat', 'worker_id': 23658}
2019-01-15 03:01:50,034 - tornado.application - INFO - {'state': 'heartbeat', 'worker_id': 23658}
2019-01-15 03:02:10,053 - tornado.application - INFO - #################  send msg to client successfully,the msg is as follow:  #################
2019-01-15 03:04:50,194 - tornado.application - INFO - #################  send msg to client successfully,the msg is as follow:  #################
2019-01-15 03:05:30,231 - tornado.application - INFO - {'state': 'heartbeat', 'worker_id': 23658}
2019-01-15 03:05:50,247 - tornado.application - INFO - #################  send msg to client successfully,the msg is as follow:  #################
2019-01-15 03:06:10,267 - tornado.application - INFO - {'state': 'heartbeat', 'worker_id': 23658}
2019-01-15 03:07:30,334 - tornado.application - INFO - #################  send msg to client successfully,the msg is as follow:  #################
2019-01-15 03:07:50,351 - tornado.application - INFO - #################  send msg to client successfully,the msg is as follow:  #################
2019-01-15 03:10:30,468 - tornado.application - INFO - {'state': 'heartbeat', 'worker_id': 23658}
2019-01-15 03:10:50,485 - tornado.application - INFO - {'state': 'heartbeat', 'worker_id': 23658}
2019-01-15 03:11:10,505 - tornado.application - INFO - {'state': 'heartbeat', 'worker_id': 23658}
2019-01-15 03:12:10,559 - tornado.application - INFO - {'state': 'heartbeat', 'worker_id': 23658}
2019-01-15 03:12:30,578 - tornado.application - INFO - {'state': 'heartbeat', 'worker_id': 23658}
2019-01-15 03:12:50,598 - tornado.application - INFO - #################  send msg to client successfully,the msg is as follow:  #################
2019-01-15 03:13:10,619 - tornado.application - INFO - #################  send msg to client successfully,the msg is as follow:  #################
2019-01-15 03:13:50,657 - tornado.application - INFO - {'state': 'heartbeat', 'worker_id': 23658}
2019-01-15 03:14:10,670 - tornado.application - INFO - #################  send msg to client successfully,the msg is as follow:  #################
2019-01-15 03:15:30,741 - tornado.application - INFO - {'state': 'heartbeat', 'worker_id': 23658}
2019-01-15 03:16:10,772 - tornado.application - INFO - #################  send msg to client successfully,the msg is as follow:  #################
2019-01-15 03:16:10,772 - tornado.application - INFO - {'state': 'heartbeat', 'worker_id': 23658}
2019-01-15 03:16:30,793 - tornado.application - INFO - {'state': 'heartbeat', 'worker_id': 23658}
2019-01-15 03:16:50,813 - tornado.application - INFO - {'state': 'heartbeat', 'worker_id': 23658}
2019-01-15 03:17:10,825 - tornado.application - INFO - {'state': 'heartbeat', 'worker_id': 23658}
2019-01-15 03:18:50,895 - tornado.application - INFO - {'state': 'heartbeat', 'worker_id': 23658}
2019-01-15 03:19:10,911 - tornado.application - INFO - #################  send msg to client successfully,the msg is as follow:  #################
2019-01-15 03:19:30,929 - tornado.application - INFO - {'state': 'heartbeat', 'worker_id': 23658}
2019-01-15 03:20:10,966 - tornado.application - INFO - {'state': 'heartbeat', 'worker_id': 23658}
2019-01-15 03:20:30,984 - tornado.application - INFO - #################  send msg to client successfully,the msg is as follow:  #################
2019-01-15 03:20:51,002 - tornado.application - INFO - {'state': 'heartbeat', 'worker_id': 23658}
2019-01-15 03:22:11,060 - tornado.application - INFO - #################  send msg to client successfully,the msg is as follow:  #################
2019-01-15 03:23:11,086 - tornado.application - INFO - #################  send msg to client successfully,the msg is as follow:  #################
2019-01-15 03:23:51,126 - tornado.application - INFO - #################  send msg to client successfully,the msg is as follow:  #################
2019-01-15 03:25:11,186 - tornado.application - INFO - #################  send msg to client successfully,the msg is as follow:  #################
2019-01-15 03:26:51,273 - tornado.application - INFO - #################  send msg to client successfully,the msg is as follow:  #################
2019-01-15 03:27:11,292 - tornado.application - INFO - {'state': 'heartbeat', 'worker_id': 23658}
2019-01-15 03:27:51,313 - tornado.application - INFO - {'state': 'heartbeat', 'worker_id': 23658}
2019-01-15 03:28:31,356 - tornado.application - INFO - {'state': 'heartbeat', 'worker_id': 23658}
2019-01-15 03:29:31,410 - tornado.application - INFO - {'state': 'heartbeat', 'worker_id': 23658}
2019-01-15 03:30:11,440 - tornado.application - INFO - #################  send msg to client successfully,the msg is as follow:  #################
2019-01-15 03:30:31,460 - tornado.application - INFO - #################  send msg to client successfully,the msg is as follow:  #################
2019-01-15 03:31:11,491 - tornado.application - INFO - {'state': 'heartbeat', 'worker_id': 23658}
2019-01-15 03:32:11,544 - tornado.application - INFO - #################  send msg to client successfully,the msg is as follow:  #################
2019-01-15 03:32:11,545 - tornado.application - INFO - {'state': 'heartbeat', 'worker_id': 23658}
2019-01-15 03:32:31,565 - tornado.application - INFO - #################  send msg to client successfully,the msg is as follow:  #################
2019-01-15 03:32:51,585 - tornado.application - INFO - #################  send msg to client successfully,the msg is as follow:  #################
2019-01-15 03:32:51,585 - tornado.application - INFO - {'state': 'heartbeat', 'worker_id': 23658}
2019-01-15 03:33:51,628 - tornado.application - INFO - {'state': 'heartbeat', 'worker_id': 23658}
2019-01-15 03:36:31,755 - tornado.application - INFO - #################  send msg to client successfully,the msg is as follow:  #################
2019-01-15 03:36:51,771 - tornado.application - INFO - #################  send msg to client successfully,the msg is as follow:  #################
2019-01-15 03:37:51,798 - tornado.application - INFO - #################  send msg to client successfully,the msg is as follow:  #################
2019-01-15 03:38:51,840 - tornado.application - INFO - #################  send msg to client successfully,the msg is as follow:  #################
2019-01-15 03:39:31,876 - tornado.application - INFO - {'state': 'heartbeat', 'worker_id': 23658}
2019-01-15 03:40:11,899 - tornado.application - INFO - #################  send msg to client successfully,the msg is as follow:  #################
2019-01-15 03:40:31,919 - tornado.application - INFO - {'state': 'heartbeat', 'worker_id': 23658}
2019-01-15 03:40:51,922 - tornado.application - INFO - #################  send msg to client successfully,the msg is as follow:  #################
2019-01-15 03:41:31,961 - tornado.application - INFO - {'state': 'heartbeat', 'worker_id': 23658}
2019-01-15 03:43:32,076 - tornado.application - INFO - {'state': 'heartbeat', 'worker_id': 23658}
2019-01-15 03:43:52,085 - tornado.application - INFO - #################  send msg to client successfully,the msg is as follow:  #################
2019-01-15 03:44:52,142 - tornado.application - INFO - #################  send msg to client successfully,the msg is as follow:  #################
2019-01-15 03:45:32,183 - tornado.application - INFO - #################  send msg to client successfully,the msg is as follow:  #################
2019-01-15 03:46:12,225 - tornado.application - INFO - #################  send msg to client successfully,the msg is as follow:  #################
2019-01-15 03:46:12,225 - tornado.application - INFO - {'state': 'heartbeat', 'worker_id': 23658}
2019-01-15 03:46:52,265 - tornado.application - INFO - {'state': 'heartbeat', 'worker_id': 23658}
2019-01-15 03:47:32,292 - tornado.application - INFO - #################  send msg to client successfully,the msg is as follow:  #################
2019-01-15 03:47:52,309 - tornado.application - INFO - {'state': 'heartbeat', 'worker_id': 23658}
2019-01-15 03:48:52,371 - tornado.application - INFO - {'state': 'heartbeat', 'worker_id': 23658}
2019-01-15 03:49:32,401 - tornado.application - INFO - {'state': 'heartbeat', 'worker_id': 23658}
2019-01-15 03:49:52,415 - tornado.application - INFO - #################  send msg to client successfully,the msg is as follow:  #################
2019-01-15 03:49:52,416 - tornado.application - INFO - {'state': 'heartbeat', 'worker_id': 23658}
2019-01-15 03:50:12,436 - tornado.application - INFO - #################  send msg to client successfully,the msg is as follow:  #################
2019-01-15 03:50:52,472 - tornado.application - INFO - {'state': 'heartbeat', 'worker_id': 23658}
2019-01-15 03:51:12,492 - tornado.application - INFO - {'state': 'heartbeat', 'worker_id': 23658}
2019-01-15 03:51:32,508 - tornado.application - INFO - #################  send msg to client successfully,the msg is as follow:  #################
2019-01-15 03:52:12,547 - tornado.application - INFO - {'state': 'heartbeat', 'worker_id': 23658}
2019-01-15 03:53:12,603 - tornado.application - INFO - #################  send msg to client successfully,the msg is as follow:  #################
2019-01-15 03:53:12,604 - tornado.application - INFO - {'state': 'heartbeat', 'worker_id': 23658}
2019-01-15 03:53:32,609 - tornado.application - INFO - {'state': 'heartbeat', 'worker_id': 23658}
2019-01-15 03:54:12,628 - tornado.application - INFO - #################  send msg to client successfully,the msg is as follow:  #################
2019-01-15 03:54:32,645 - tornado.application - INFO - #################  send msg to client successfully,the msg is as follow:  #################
2019-01-15 03:54:52,665 - tornado.application - INFO - {'state': 'heartbeat', 'worker_id': 23658}
2019-01-15 03:55:12,685 - tornado.application - INFO - #################  send msg to client successfully,the msg is as follow:  #################
2019-01-15 03:55:32,706 - tornado.application - INFO - {'state': 'heartbeat', 'worker_id': 23658}
2019-01-15 03:55:52,723 - tornado.application - INFO - #################  send msg to client successfully,the msg is as follow:  #################
2019-01-15 03:55:52,723 - tornado.application - INFO - {'state': 'heartbeat', 'worker_id': 23658}
2019-01-15 03:56:32,761 - tornado.application - INFO - {'state': 'heartbeat', 'worker_id': 23658}
2019-01-15 03:58:12,848 - tornado.application - INFO - #################  send msg to client successfully,the msg is as follow:  #################
2019-01-15 03:58:32,855 - tornado.application - INFO - {'state': 'heartbeat', 'worker_id': 23658}
2019-01-15 03:58:52,858 - tornado.application - INFO - #################  send msg to client successfully,the msg is as follow:  #################
2019-01-15 03:59:52,915 - tornado.application - INFO - #################  send msg to client successfully,the msg is as follow:  #################
2019-01-15 04:00:12,932 - tornado.application - INFO - #################  send msg to client successfully,the msg is as follow:  #################
2019-01-15 04:00:12,933 - tornado.application - INFO - {'state': 'heartbeat', 'worker_id': 23658}
2019-01-15 04:00:32,936 - tornado.application - INFO - #################  send msg to client successfully,the msg is as follow:  #################
2019-01-15 04:00:52,950 - tornado.application - INFO - #################  send msg to client successfully,the msg is as follow:  #################
2019-01-15 04:01:32,989 - tornado.application - INFO - {'state': 'heartbeat', 'worker_id': 23658}
2019-01-15 04:01:53,008 - tornado.application - INFO - #################  send msg to client successfully,the msg is as follow:  #################
2019-01-15 04:03:33,100 - tornado.application - INFO - {'state': 'heartbeat', 'worker_id': 23658}
2019-01-15 04:04:13,141 - tornado.application - INFO - #################  send msg to client successfully,the msg is as follow:  #################
2019-01-15 04:04:13,141 - tornado.application - INFO - {'state': 'heartbeat', 'worker_id': 23658}
2019-01-15 04:04:33,162 - tornado.application - INFO - #################  send msg to client successfully,the msg is as follow:  #################
2019-01-15 04:05:33,191 - tornado.application - INFO - #################  send msg to client successfully,the msg is as follow:  #################
2019-01-15 04:05:53,212 - tornado.application - INFO - {'state': 'heartbeat', 'worker_id': 23658}
2019-01-15 04:07:33,300 - tornado.application - INFO - #################  send msg to client successfully,the msg is as follow:  #################
2019-01-15 04:08:13,339 - tornado.application - INFO - #################  send msg to client successfully,the msg is as follow:  #################
2019-01-15 04:10:13,445 - tornado.application - INFO - #################  send msg to client successfully,the msg is as follow:  #################
2019-01-15 04:10:33,465 - tornado.application - INFO - #################  send msg to client successfully,the msg is as follow:  #################
2019-01-15 04:10:33,466 - tornado.application - INFO - {'state': 'heartbeat', 'worker_id': 23658}
2019-01-15 04:11:13,492 - tornado.application - INFO - #################  send msg to client successfully,the msg is as follow:  #################
2019-01-15 04:11:33,511 - tornado.application - INFO - #################  send msg to client successfully,the msg is as follow:  #################
2019-01-15 04:11:53,529 - tornado.application - INFO - #################  send msg to client successfully,the msg is as follow:  #################
2019-01-15 04:12:53,573 - tornado.application - INFO - {'state': 'heartbeat', 'worker_id': 23658}
2019-01-15 04:14:13,633 - tornado.application - INFO - #################  send msg to client successfully,the msg is as follow:  #################
2019-01-15 04:14:33,646 - tornado.application - INFO - #################  send msg to client successfully,the msg is as follow:  #################
2019-01-15 04:14:53,664 - tornado.application - INFO - {'state': 'heartbeat', 'worker_id': 23658}
2019-01-15 04:15:13,683 - tornado.application - INFO - #################  send msg to client successfully,the msg is as follow:  #################
2019-01-15 04:15:13,683 - tornado.application - INFO - {'state': 'heartbeat', 'worker_id': 23658}
2019-01-15 04:17:13,798 - tornado.application - INFO - #################  send msg to client successfully,the msg is as follow:  #################
2019-01-15 04:17:33,817 - tornado.application - INFO - #################  send msg to client successfully,the msg is as follow:  #################
2019-01-15 04:19:13,916 - tornado.application - INFO - #################  send msg to client successfully,the msg is as follow:  #################
2019-01-15 04:19:33,936 - tornado.application - INFO - {'state': 'heartbeat', 'worker_id': 23658}
2019-01-15 04:20:33,990 - tornado.application - INFO - #################  send msg to client successfully,the msg is as follow:  #################
2019-01-15 04:21:34,044 - tornado.application - INFO - {'state': 'heartbeat', 'worker_id': 23658}
2019-01-15 04:21:54,065 - tornado.application - INFO - {'state': 'heartbeat', 'worker_id': 23658}
2019-01-15 04:22:34,107 - tornado.application - INFO - {'state': 'heartbeat', 'worker_id': 23658}
2019-01-15 04:22:54,125 - tornado.application - INFO - #################  send msg to client successfully,the msg is as follow:  #################
2019-01-15 04:23:14,145 - tornado.application - INFO - #################  send msg to client successfully,the msg is as follow:  #################
2019-01-15 04:23:14,146 - tornado.application - INFO - {'state': 'heartbeat', 'worker_id': 23658}
2019-01-15 04:23:34,161 - tornado.application - INFO - {'state': 'heartbeat', 'worker_id': 23658}
2019-01-15 04:23:54,182 - tornado.application - INFO - #################  send msg to client successfully,the msg is as follow:  #################
2019-01-15 04:24:54,241 - tornado.application - INFO - #################  send msg to client successfully,the msg is as follow:  #################
2019-01-15 04:24:54,242 - tornado.application - INFO - {'state': 'heartbeat', 'worker_id': 23658}
2019-01-15 04:25:54,296 - tornado.application - INFO - #################  send msg to client successfully,the msg is as follow:  #################
2019-01-15 04:26:14,314 - tornado.application - INFO - {'state': 'heartbeat', 'worker_id': 23658}
2019-01-15 04:26:54,346 - tornado.application - INFO - {'state': 'heartbeat', 'worker_id': 23658}
2019-01-15 04:27:34,379 - tornado.application - INFO - {'state': 'heartbeat', 'worker_id': 23658}
2019-01-15 04:27:54,399 - tornado.application - INFO - {'state': 'heartbeat', 'worker_id': 23658}
2019-01-15 04:29:34,494 - tornado.application - INFO - {'state': 'heartbeat', 'worker_id': 23658}
2019-01-15 04:30:54,563 - tornado.application - INFO - #################  send msg to client successfully,the msg is as follow:  #################
2019-01-15 04:30:54,563 - tornado.application - INFO - {'state': 'heartbeat', 'worker_id': 23658}
2019-01-15 04:31:14,583 - tornado.application - INFO - {'state': 'heartbeat', 'worker_id': 23658}
2019-01-15 04:32:34,660 - tornado.application - INFO - {'state': 'heartbeat', 'worker_id': 23658}
2019-01-15 04:32:54,677 - tornado.application - INFO - {'state': 'heartbeat', 'worker_id': 23658}
2019-01-15 04:34:14,745 - tornado.application - INFO - {'state': 'heartbeat', 'worker_id': 23658}
2019-01-15 04:34:34,758 - tornado.application - INFO - #################  send msg to client successfully,the msg is as follow:  #################
2019-01-15 04:34:54,776 - tornado.application - INFO - #################  send msg to client successfully,the msg is as follow:  #################
2019-01-15 04:36:34,874 - tornado.application - INFO - {'state': 'heartbeat', 'worker_id': 23658}
2019-01-15 04:36:54,895 - tornado.application - INFO - {'state': 'heartbeat', 'worker_id': 23658}
2019-01-15 04:37:54,947 - tornado.application - INFO - {'state': 'heartbeat', 'worker_id': 23658}
2019-01-15 04:38:14,953 - tornado.application - INFO - #################  send msg to client successfully,the msg is as follow:  #################
2019-01-15 04:38:54,976 - tornado.application - INFO - {'state': 'heartbeat', 'worker_id': 23658}
2019-01-15 04:39:14,991 - tornado.application - INFO - #################  send msg to client successfully,the msg is as follow:  #################
2019-01-15 04:39:35,010 - tornado.application - INFO - #################  send msg to client successfully,the msg is as follow:  #################
2019-01-15 04:40:15,052 - tornado.application - INFO - {'state': 'heartbeat', 'worker_id': 23658}
2019-01-15 04:40:55,092 - tornado.application - INFO - {'state': 'heartbeat', 'worker_id': 23658}
2019-01-15 04:41:15,110 - tornado.application - INFO - #################  send msg to client successfully,the msg is as follow:  #################
2019-01-15 04:41:35,130 - tornado.application - INFO - #################  send msg to client successfully,the msg is as follow:  #################
2019-01-15 04:42:35,185 - tornado.application - INFO - {'state': 'heartbeat', 'worker_id': 23658}
2019-01-15 04:42:55,198 - tornado.application - INFO - #################  send msg to client successfully,the msg is as follow:  #################
2019-01-15 04:43:15,218 - tornado.application - INFO - {'state': 'heartbeat', 'worker_id': 23658}
2019-01-15 04:43:35,236 - tornado.application - INFO - #################  send msg to client successfully,the msg is as follow:  #################
2019-01-15 04:44:15,270 - tornado.application - INFO - {'state': 'heartbeat', 'worker_id': 23658}
2019-01-15 04:44:35,289 - tornado.application - INFO - #################  send msg to client successfully,the msg is as follow:  #################
2019-01-15 04:44:35,289 - tornado.application - INFO - {'state': 'heartbeat', 'worker_id': 23658}
2019-01-15 04:45:55,316 - tornado.application - INFO - {'state': 'heartbeat', 'worker_id': 23658}
2019-01-15 04:46:15,335 - tornado.application - INFO - #################  send msg to client successfully,the msg is as follow:  #################
2019-01-15 04:46:35,353 - tornado.application - INFO - #################  send msg to client successfully,the msg is as follow:  #################
2019-01-15 04:46:35,353 - tornado.application - INFO - {'state': 'heartbeat', 'worker_id': 23658}
2019-01-15 04:46:55,370 - tornado.application - INFO - #################  send msg to client successfully,the msg is as follow:  #################
2019-01-15 04:46:55,370 - tornado.application - INFO - {'state': 'heartbeat', 'worker_id': 23658}
2019-01-15 04:47:15,383 - tornado.application - INFO - #################  send msg to client successfully,the msg is as follow:  #################
2019-01-15 04:47:15,384 - tornado.application - INFO - {'state': 'heartbeat', 'worker_id': 23658}
2019-01-15 04:48:15,439 - tornado.application - INFO - {'state': 'heartbeat', 'worker_id': 23658}
2019-01-15 04:48:55,478 - tornado.application - INFO - {'state': 'heartbeat', 'worker_id': 23658}
2019-01-15 04:49:15,500 - tornado.application - INFO - {'state': 'heartbeat', 'worker_id': 23658}
2019-01-15 04:49:35,519 - tornado.application - INFO - {'state': 'heartbeat', 'worker_id': 23658}
2019-01-15 04:51:35,608 - tornado.application - INFO - #################  send msg to client successfully,the msg is as follow:  #################
2019-01-15 04:51:55,624 - tornado.application - INFO - #################  send msg to client successfully,the msg is as follow:  #################
2019-01-15 04:51:55,624 - tornado.application - INFO - {'state': 'heartbeat', 'worker_id': 23658}
2019-01-15 04:52:15,644 - tornado.application - INFO - {'state': 'heartbeat', 'worker_id': 23658}
2019-01-15 04:52:55,680 - tornado.application - INFO - {'state': 'heartbeat', 'worker_id': 23658}
2019-01-15 04:54:15,744 - tornado.application - INFO - #################  send msg to client successfully,the msg is as follow:  #################
2019-01-15 04:55:15,803 - tornado.application - INFO - #################  send msg to client successfully,the msg is as follow:  #################
2019-01-15 04:55:35,805 - tornado.application - INFO - #################  send msg to client successfully,the msg is as follow:  #################
2019-01-15 04:55:55,806 - tornado.application - INFO - #################  send msg to client successfully,the msg is as follow:  #################
2019-01-15 04:56:35,829 - tornado.application - INFO - {'state': 'heartbeat', 'worker_id': 23658}
2019-01-15 04:58:35,941 - tornado.application - INFO - {'state': 'heartbeat', 'worker_id': 23658}
2019-01-15 04:59:35,995 - tornado.application - INFO - #################  send msg to client successfully,the msg is as follow:  #################
2019-01-15 04:59:56,014 - tornado.application - INFO - #################  send msg to client successfully,the msg is as follow:  #################
2019-01-15 04:59:56,014 - tornado.application - INFO - {'state': 'heartbeat', 'worker_id': 23658}
2019-01-15 05:01:16,072 - tornado.application - INFO - {'state': 'heartbeat', 'worker_id': 23658}
2019-01-15 05:02:16,130 - tornado.application - INFO - {'state': 'heartbeat', 'worker_id': 23658}
2019-01-15 05:02:36,149 - tornado.application - INFO - #################  send msg to client successfully,the msg is as follow:  #################
2019-01-15 05:02:36,149 - tornado.application - INFO - {'state': 'heartbeat', 'worker_id': 23658}
2019-01-15 05:02:56,151 - tornado.application - INFO - #################  send msg to client successfully,the msg is as follow:  #################
2019-01-15 05:03:16,172 - tornado.application - INFO - #################  send msg to client successfully,the msg is as follow:  #################
2019-01-15 05:03:56,211 - tornado.application - INFO - {'state': 'heartbeat', 'worker_id': 23658}
2019-01-15 05:04:16,230 - tornado.application - INFO - #################  send msg to client successfully,the msg is as follow:  #################
2019-01-15 05:04:16,230 - tornado.application - INFO - {'state': 'heartbeat', 'worker_id': 23658}
2019-01-15 05:04:56,254 - tornado.application - INFO - #################  send msg to client successfully,the msg is as follow:  #################
2019-01-15 05:05:36,295 - tornado.application - INFO - #################  send msg to client successfully,the msg is as follow:  #################
2019-01-15 05:05:56,315 - tornado.application - INFO - #################  send msg to client successfully,the msg is as follow:  #################
2019-01-15 05:06:16,334 - tornado.application - INFO - #################  send msg to client successfully,the msg is as follow:  #################
2019-01-15 05:07:56,418 - tornado.application - INFO - {'state': 'heartbeat', 'worker_id': 23658}
2019-01-15 05:08:16,434 - tornado.application - INFO - #################  send msg to client successfully,the msg is as follow:  #################
2019-01-15 05:08:36,441 - tornado.application - INFO - #################  send msg to client successfully,the msg is as follow:  #################
2019-01-15 05:08:36,441 - tornado.application - INFO - {'state': 'heartbeat', 'worker_id': 23658}
2019-01-15 05:08:56,462 - tornado.application - INFO - {'state': 'heartbeat', 'worker_id': 23658}
2019-01-15 05:09:16,470 - tornado.application - INFO - {'state': 'heartbeat', 'worker_id': 23658}
2019-01-15 05:10:36,539 - tornado.application - INFO - {'state': 'heartbeat', 'worker_id': 23658}
2019-01-15 05:11:16,562 - tornado.application - INFO - {'state': 'heartbeat', 'worker_id': 23658}
2019-01-15 05:11:36,577 - tornado.application - INFO - #################  send msg to client successfully,the msg is as follow:  #################
2019-01-15 05:12:16,617 - tornado.application - INFO - #################  send msg to client successfully,the msg is as follow:  #################
2019-01-15 05:12:56,655 - tornado.application - INFO - #################  send msg to client successfully,the msg is as follow:  #################
2019-01-15 05:13:16,670 - tornado.application - INFO - #################  send msg to client successfully,the msg is as follow:  #################
2019-01-15 05:13:56,683 - tornado.application - INFO - {'state': 'heartbeat', 'worker_id': 23658}
2019-01-15 05:14:16,700 - tornado.application - INFO - {'state': 'heartbeat', 'worker_id': 23658}
2019-01-15 05:14:36,714 - tornado.application - INFO - #################  send msg to client successfully,the msg is as follow:  #################
2019-01-15 05:14:56,719 - tornado.application - INFO - #################  send msg to client successfully,the msg is as follow:  #################
2019-01-15 05:14:56,719 - tornado.application - INFO - {'state': 'heartbeat', 'worker_id': 23658}
2019-01-15 05:15:36,756 - tornado.application - INFO - {'state': 'heartbeat', 'worker_id': 23658}
2019-01-15 05:15:56,773 - tornado.application - INFO - {'state': 'heartbeat', 'worker_id': 23658}
2019-01-15 05:16:16,784 - tornado.application - INFO - {'state': 'heartbeat', 'worker_id': 23658}
2019-01-15 05:17:36,845 - tornado.application - INFO - #################  send msg to client successfully,the msg is as follow:  #################
2019-01-15 05:17:56,865 - tornado.application - INFO - #################  send msg to client successfully,the msg is as follow:  #################
2019-01-15 05:18:36,902 - tornado.application - INFO - #################  send msg to client successfully,the msg is as follow:  #################
2019-01-15 05:19:16,920 - tornado.application - INFO - #################  send msg to client successfully,the msg is as follow:  #################
2019-01-15 05:19:36,941 - tornado.application - INFO - {'state': 'heartbeat', 'worker_id': 23658}
2019-01-15 05:19:56,961 - tornado.application - INFO - #################  send msg to client successfully,the msg is as follow:  #################
2019-01-15 05:20:16,979 - tornado.application - INFO - {'state': 'heartbeat', 'worker_id': 23658}
2019-01-15 05:20:36,994 - tornado.application - INFO - {'state': 'heartbeat', 'worker_id': 23658}
2019-01-15 05:20:57,009 - tornado.application - INFO - #################  send msg to client successfully,the msg is as follow:  #################
2019-01-15 05:21:37,045 - tornado.application - INFO - {'state': 'heartbeat', 'worker_id': 23658}
2019-01-15 05:21:57,065 - tornado.application - INFO - #################  send msg to client successfully,the msg is as follow:  #################
2019-01-15 05:22:37,106 - tornado.application - INFO - {'state': 'heartbeat', 'worker_id': 23658}
2019-01-15 05:25:57,246 - tornado.application - INFO - #################  send msg to client successfully,the msg is as follow:  #################
2019-01-15 05:26:37,270 - tornado.application - INFO - #################  send msg to client successfully,the msg is as follow:  #################
2019-01-15 05:26:37,270 - tornado.application - INFO - {'state': 'heartbeat', 'worker_id': 23658}
2019-01-15 05:28:37,378 - tornado.application - INFO - #################  send msg to client successfully,the msg is as follow:  #################
2019-01-15 05:28:37,378 - tornado.application - INFO - {'state': 'heartbeat', 'worker_id': 23658}
2019-01-15 05:29:17,414 - tornado.application - INFO - {'state': 'heartbeat', 'worker_id': 23658}
2019-01-15 05:29:37,434 - tornado.application - INFO - {'state': 'heartbeat', 'worker_id': 23658}
2019-01-15 05:29:57,455 - tornado.application - INFO - #################  send msg to client successfully,the msg is as follow:  #################
2019-01-15 05:30:17,473 - tornado.application - INFO - {'state': 'heartbeat', 'worker_id': 23658}
2019-01-15 05:30:57,511 - tornado.application - INFO - #################  send msg to client successfully,the msg is as follow:  #################
2019-01-15 05:31:37,551 - tornado.application - INFO - #################  send msg to client successfully,the msg is as follow:  #################
2019-01-15 05:31:57,572 - tornado.application - INFO - #################  send msg to client successfully,the msg is as follow:  #################
2019-01-15 05:32:17,589 - tornado.application - INFO - #################  send msg to client successfully,the msg is as follow:  #################
2019-01-15 05:32:57,629 - tornado.application - INFO - {'state': 'heartbeat', 'worker_id': 23658}
2019-01-15 05:33:17,648 - tornado.application - INFO - {'state': 'heartbeat', 'worker_id': 23658}
2019-01-15 05:33:57,687 - tornado.application - INFO - #################  send msg to client successfully,the msg is as follow:  #################
2019-01-15 05:34:57,749 - tornado.application - INFO - #################  send msg to client successfully,the msg is as follow:  #################
2019-01-15 05:35:57,806 - tornado.application - INFO - {'state': 'heartbeat', 'worker_id': 23658}
2019-01-15 05:36:57,857 - tornado.application - INFO - {'state': 'heartbeat', 'worker_id': 23658}
2019-01-15 05:38:37,937 - tornado.application - INFO - {'state': 'heartbeat', 'worker_id': 23658}
2019-01-15 05:38:57,957 - tornado.application - INFO - {'state': 'heartbeat', 'worker_id': 23658}
2019-01-15 05:39:37,992 - tornado.application - INFO - #################  send msg to client successfully,the msg is as follow:  #################
2019-01-15 05:39:58,013 - tornado.application - INFO - #################  send msg to client successfully,the msg is as follow:  #################
2019-01-15 05:40:18,034 - tornado.application - INFO - #################  send msg to client successfully,the msg is as follow:  #################
2019-01-15 05:40:58,067 - tornado.application - INFO - {'state': 'heartbeat', 'worker_id': 23658}
2019-01-15 05:41:38,091 - tornado.application - INFO - #################  send msg to client successfully,the msg is as follow:  #################
2019-01-15 05:43:18,186 - tornado.application - INFO - #################  send msg to client successfully,the msg is as follow:  #################
2019-01-15 05:43:38,192 - tornado.application - INFO - {'state': 'heartbeat', 'worker_id': 23658}
2019-01-15 05:43:58,200 - tornado.application - INFO - {'state': 'heartbeat', 'worker_id': 23658}
2019-01-15 05:45:18,275 - tornado.application - INFO - {'state': 'heartbeat', 'worker_id': 23658}
2019-01-15 05:45:58,309 - tornado.application - INFO - #################  send msg to client successfully,the msg is as follow:  #################
2019-01-15 05:46:58,357 - tornado.application - INFO - {'state': 'heartbeat', 'worker_id': 23658}
2019-01-15 05:47:38,392 - tornado.application - INFO - {'state': 'heartbeat', 'worker_id': 23658}
2019-01-15 05:49:18,471 - tornado.application - INFO - {'state': 'heartbeat', 'worker_id': 23658}
2019-01-15 05:50:18,530 - tornado.application - INFO - {'state': 'heartbeat', 'worker_id': 23658}
2019-01-15 05:51:38,609 - tornado.application - INFO - {'state': 'heartbeat', 'worker_id': 23658}
2019-01-15 05:52:38,653 - tornado.application - INFO - #################  send msg to client successfully,the msg is as follow:  #################
2019-01-15 05:52:38,653 - tornado.application - INFO - {'state': 'heartbeat', 'worker_id': 23658}
2019-01-15 05:52:58,669 - tornado.application - INFO - #################  send msg to client successfully,the msg is as follow:  #################
2019-01-15 05:53:18,689 - tornado.application - INFO - {'state': 'heartbeat', 'worker_id': 23658}
2019-01-15 05:53:58,719 - tornado.application - INFO - #################  send msg to client successfully,the msg is as follow:  #################
2019-01-15 05:53:58,719 - tornado.application - INFO - {'state': 'heartbeat', 'worker_id': 23658}
2019-01-15 05:54:38,757 - tornado.application - INFO - {'state': 'heartbeat', 'worker_id': 23658}
2019-01-15 05:56:18,841 - tornado.application - INFO - #################  send msg to client successfully,the msg is as follow:  #################
2019-01-15 05:56:38,859 - tornado.application - INFO - #################  send msg to client successfully,the msg is as follow:  #################
2019-01-15 05:56:38,859 - tornado.application - INFO - {'state': 'heartbeat', 'worker_id': 23658}
2019-01-15 05:56:58,877 - tornado.application - INFO - #################  send msg to client successfully,the msg is as follow:  #################
2019-01-15 05:56:58,877 - tornado.application - INFO - {'state': 'heartbeat', 'worker_id': 23658}
2019-01-15 05:57:18,897 - tornado.application - INFO - {'state': 'heartbeat', 'worker_id': 23658}
2019-01-15 05:57:38,916 - tornado.application - INFO - #################  send msg to client successfully,the msg is as follow:  #################
2019-01-15 05:58:18,944 - tornado.application - INFO - {'state': 'heartbeat', 'worker_id': 23658}
2019-01-15 05:59:39,011 - tornado.application - INFO - #################  send msg to client successfully,the msg is as follow:  #################
2019-01-15 06:00:39,066 - tornado.application - INFO - {'state': 'heartbeat', 'worker_id': 23658}
2019-01-15 06:01:39,126 - tornado.application - INFO - #################  send msg to client successfully,the msg is as follow:  #################
2019-01-15 06:01:59,146 - tornado.application - INFO - #################  send msg to client successfully,the msg is as follow:  #################
2019-01-15 06:02:39,187 - tornado.application - INFO - #################  send msg to client successfully,the msg is as follow:  #################
2019-01-15 06:05:19,311 - tornado.application - INFO - {'state': 'heartbeat', 'worker_id': 23658}
2019-01-15 06:05:59,347 - tornado.application - INFO - #################  send msg to client successfully,the msg is as follow:  #################
2019-01-15 06:06:59,404 - tornado.application - INFO - #################  send msg to client successfully,the msg is as follow:  #################
2019-01-15 06:07:19,423 - tornado.application - INFO - {'state': 'heartbeat', 'worker_id': 23658}
2019-01-15 06:07:39,442 - tornado.application - INFO - {'state': 'heartbeat', 'worker_id': 23658}
2019-01-15 06:07:59,458 - tornado.application - INFO - #################  send msg to client successfully,the msg is as follow:  #################
2019-01-15 06:07:59,459 - tornado.application - INFO - {'state': 'heartbeat', 'worker_id': 23658}
2019-01-15 06:09:19,538 - tornado.application - INFO - {'state': 'heartbeat', 'worker_id': 23658}
2019-01-15 06:09:59,569 - tornado.application - INFO - {'state': 'heartbeat', 'worker_id': 23658}
2019-01-15 06:10:39,602 - tornado.application - INFO - #################  send msg to client successfully,the msg is as follow:  #################
2019-01-15 06:10:59,620 - tornado.application - INFO - #################  send msg to client successfully,the msg is as follow:  #################
2019-01-15 06:11:19,641 - tornado.application - INFO - #################  send msg to client successfully,the msg is as follow:  #################
2019-01-15 06:11:39,651 - tornado.application - INFO - {'state': 'heartbeat', 'worker_id': 23658}
2019-01-15 06:11:59,666 - tornado.application - INFO - {'state': 'heartbeat', 'worker_id': 23658}
2019-01-15 06:13:19,734 - tornado.application - INFO - #################  send msg to client successfully,the msg is as follow:  #################
2019-01-15 06:14:19,788 - tornado.application - INFO - #################  send msg to client successfully,the msg is as follow:  #################
2019-01-15 06:14:39,808 - tornado.application - INFO - #################  send msg to client successfully,the msg is as follow:  #################
2019-01-15 06:15:19,846 - tornado.application - INFO - #################  send msg to client successfully,the msg is as follow:  #################
2019-01-15 06:15:59,885 - tornado.application - INFO - {'state': 'heartbeat', 'worker_id': 23658}
2019-01-15 06:16:39,918 - tornado.application - INFO - {'state': 'heartbeat', 'worker_id': 23658}
2019-01-15 06:17:39,965 - tornado.application - INFO - #################  send msg to client successfully,the msg is as follow:  #################
2019-01-15 06:17:59,983 - tornado.application - INFO - #################  send msg to client successfully,the msg is as follow:  #################
2019-01-15 06:18:20,005 - tornado.application - INFO - {'state': 'heartbeat', 'worker_id': 23658}
2019-01-15 06:19:20,061 - tornado.application - INFO - #################  send msg to client successfully,the msg is as follow:  #################
2019-01-15 06:19:40,066 - tornado.application - INFO - #################  send msg to client successfully,the msg is as follow:  #################
2019-01-15 06:23:00,192 - tornado.application - INFO - #################  send msg to client successfully,the msg is as follow:  #################
2019-01-15 06:23:20,199 - tornado.application - INFO - {'state': 'heartbeat', 'worker_id': 23658}
2019-01-15 06:23:40,215 - tornado.application - INFO - #################  send msg to client successfully,the msg is as follow:  #################
2019-01-15 06:24:20,254 - tornado.application - INFO - {'state': 'heartbeat', 'worker_id': 23658}
2019-01-15 06:25:00,287 - tornado.application - INFO - #################  send msg to client successfully,the msg is as follow:  #################
2019-01-15 06:25:00,287 - tornado.application - INFO - {'state': 'heartbeat', 'worker_id': 23658}
2019-01-15 06:25:20,304 - tornado.application - INFO - {'state': 'heartbeat', 'worker_id': 23658}
2019-01-15 06:25:40,321 - tornado.application - INFO - #################  send msg to client successfully,the msg is as follow:  #################
2019-01-15 06:26:00,333 - tornado.application - INFO - {'state': 'heartbeat', 'worker_id': 23658}
2019-01-15 06:26:40,368 - tornado.application - INFO - {'state': 'heartbeat', 'worker_id': 23658}
2019-01-15 06:27:20,403 - tornado.application - INFO - #################  send msg to client successfully,the msg is as follow:  #################
2019-01-15 06:27:20,403 - tornado.application - INFO - {'state': 'heartbeat', 'worker_id': 23658}
2019-01-15 06:27:40,417 - tornado.application - INFO - {'state': 'heartbeat', 'worker_id': 23658}
2019-01-15 06:28:00,438 - tornado.application - INFO - {'state': 'heartbeat', 'worker_id': 23658}
2019-01-15 06:30:00,529 - tornado.application - INFO - #################  send msg to client successfully,the msg is as follow:  #################
2019-01-15 06:31:20,592 - tornado.application - INFO - #################  send msg to client successfully,the msg is as follow:  #################
2019-01-15 06:31:20,592 - tornado.application - INFO - {'state': 'heartbeat', 'worker_id': 23658}
2019-01-15 06:32:20,637 - tornado.application - INFO - #################  send msg to client successfully,the msg is as follow:  #################
2019-01-15 06:33:00,671 - tornado.application - INFO - {'state': 'heartbeat', 'worker_id': 23658}
2019-01-15 06:36:20,836 - tornado.application - INFO - #################  send msg to client successfully,the msg is as follow:  #################
2019-01-15 06:36:40,846 - tornado.application - INFO - #################  send msg to client successfully,the msg is as follow:  #################
2019-01-15 06:36:40,846 - tornado.application - INFO - {'state': 'heartbeat', 'worker_id': 23658}
2019-01-15 06:37:00,863 - tornado.application - INFO - #################  send msg to client successfully,the msg is as follow:  #################
2019-01-15 06:38:00,916 - tornado.application - INFO - #################  send msg to client successfully,the msg is as follow:  #################
2019-01-15 06:38:00,916 - tornado.application - INFO - {'state': 'heartbeat', 'worker_id': 23658}
2019-01-15 06:38:40,944 - tornado.application - INFO - {'state': 'heartbeat', 'worker_id': 23658}
2019-01-15 06:39:00,954 - tornado.application - INFO - #################  send msg to client successfully,the msg is as follow:  #################
2019-01-15 06:39:20,974 - tornado.application - INFO - #################  send msg to client successfully,the msg is as follow:  #################
2019-01-15 06:40:01,013 - tornado.application - INFO - {'state': 'heartbeat', 'worker_id': 23658}
2019-01-15 06:40:41,036 - tornado.application - INFO - {'state': 'heartbeat', 'worker_id': 23658}
2019-01-15 06:41:21,060 - tornado.application - INFO - #################  send msg to client successfully,the msg is as follow:  #################
2019-01-15 06:41:21,060 - tornado.application - INFO - {'state': 'heartbeat', 'worker_id': 23658}
2019-01-15 06:41:41,080 - tornado.application - INFO - {'state': 'heartbeat', 'worker_id': 23658}
2019-01-15 06:42:01,097 - tornado.application - INFO - {'state': 'heartbeat', 'worker_id': 23658}
2019-01-15 06:43:21,141 - tornado.application - INFO - {'state': 'heartbeat', 'worker_id': 23658}
2019-01-15 06:44:01,177 - tornado.application - INFO - #################  send msg to client successfully,the msg is as follow:  #################
2019-01-15 06:44:21,197 - tornado.application - INFO - {'state': 'heartbeat', 'worker_id': 23658}
2019-01-15 06:44:41,202 - tornado.application - INFO - {'state': 'heartbeat', 'worker_id': 23658}
2019-01-15 06:45:01,221 - tornado.application - INFO - #################  send msg to client successfully,the msg is as follow:  #################
2019-01-15 06:45:41,261 - tornado.application - INFO - {'state': 'heartbeat', 'worker_id': 23658}
2019-01-15 06:46:01,281 - tornado.application - INFO - #################  send msg to client successfully,the msg is as follow:  #################
2019-01-15 06:46:01,281 - tornado.application - INFO - {'state': 'heartbeat', 'worker_id': 23658}
2019-01-15 06:46:41,318 - tornado.application - INFO - #################  send msg to client successfully,the msg is as follow:  #################
2019-01-15 06:47:01,336 - tornado.application - INFO - #################  send msg to client successfully,the msg is as follow:  #################
2019-01-15 06:47:21,357 - tornado.application - INFO - {'state': 'heartbeat', 'worker_id': 23658}
2019-01-15 06:48:41,391 - tornado.application - INFO - #################  send msg to client successfully,the msg is as follow:  #################
2019-01-15 06:49:01,407 - tornado.application - INFO - {'state': 'heartbeat', 'worker_id': 23658}
2019-01-15 06:50:01,455 - tornado.application - INFO - {'state': 'heartbeat', 'worker_id': 23658}
2019-01-15 06:50:21,460 - tornado.application - INFO - #################  send msg to client successfully,the msg is as follow:  #################
2019-01-15 06:50:41,477 - tornado.application - INFO - #################  send msg to client successfully,the msg is as follow:  #################
2019-01-15 06:52:21,561 - tornado.application - INFO - #################  send msg to client successfully,the msg is as follow:  #################
2019-01-15 06:52:21,561 - tornado.application - INFO - {'state': 'heartbeat', 'worker_id': 23658}
2019-01-15 06:52:41,576 - tornado.application - INFO - {'state': 'heartbeat', 'worker_id': 23658}
2019-01-15 06:53:01,580 - tornado.application - INFO - {'state': 'heartbeat', 'worker_id': 23658}
2019-01-15 06:56:21,754 - tornado.application - INFO - {'state': 'heartbeat', 'worker_id': 23658}
2019-01-15 06:56:41,773 - tornado.application - INFO - {'state': 'heartbeat', 'worker_id': 23658}
2019-01-15 06:57:01,793 - tornado.application - INFO - {'state': 'heartbeat', 'worker_id': 23658}
2019-01-15 06:57:21,806 - tornado.application - INFO - #################  send msg to client successfully,the msg is as follow:  #################
2019-01-15 06:58:01,842 - tornado.application - INFO - #################  send msg to client successfully,the msg is as follow:  #################
2019-01-15 06:58:21,852 - tornado.application - INFO - {'state': 'heartbeat', 'worker_id': 23658}
2019-01-15 06:58:41,872 - tornado.application - INFO - #################  send msg to client successfully,the msg is as follow:  #################
2019-01-15 06:59:41,933 - tornado.application - INFO - {'state': 'heartbeat', 'worker_id': 23658}
2019-01-15 07:01:01,979 - tornado.application - INFO - {'state': 'heartbeat', 'worker_id': 23658}
2019-01-15 07:01:21,994 - tornado.application - INFO - #################  send msg to client successfully,the msg is as follow:  #################
2019-01-15 07:01:21,994 - tornado.application - INFO - {'state': 'heartbeat', 'worker_id': 23658}
2019-01-15 07:01:42,014 - tornado.application - INFO - #################  send msg to client successfully,the msg is as follow:  #################
2019-01-15 07:01:42,014 - tornado.application - INFO - {'state': 'heartbeat', 'worker_id': 23658}
2019-01-15 07:03:02,087 - tornado.application - INFO - {'state': 'heartbeat', 'worker_id': 23658}
2019-01-15 07:04:02,146 - tornado.application - INFO - #################  send msg to client successfully,the msg is as follow:  #################
2019-01-15 07:04:22,167 - tornado.application - INFO - {'state': 'heartbeat', 'worker_id': 23658}
2019-01-15 07:04:42,168 - tornado.application - INFO - #################  send msg to client successfully,the msg is as follow:  #################
2019-01-15 07:06:22,260 - tornado.application - INFO - #################  send msg to client successfully,the msg is as follow:  #################
2019-01-15 07:06:42,277 - tornado.application - INFO - {'state': 'heartbeat', 'worker_id': 23658}
2019-01-15 07:07:22,318 - tornado.application - INFO - #################  send msg to client successfully,the msg is as follow:  #################
2019-01-15 07:08:02,356 - tornado.application - INFO - #################  send msg to client successfully,the msg is as follow:  #################
2019-01-15 07:08:42,387 - tornado.application - INFO - #################  send msg to client successfully,the msg is as follow:  #################
2019-01-15 07:09:02,407 - tornado.application - INFO - #################  send msg to client successfully,the msg is as follow:  #################
2019-01-15 07:09:02,407 - tornado.application - INFO - {'state': 'heartbeat', 'worker_id': 23658}
2019-01-15 07:09:22,426 - tornado.application - INFO - #################  send msg to client successfully,the msg is as follow:  #################
2019-01-15 07:09:42,446 - tornado.application - INFO - #################  send msg to client successfully,the msg is as follow:  #################
2019-01-15 07:10:02,467 - tornado.application - INFO - #################  send msg to client successfully,the msg is as follow:  #################
2019-01-15 07:11:42,567 - tornado.application - INFO - #################  send msg to client successfully,the msg is as follow:  #################
2019-01-15 07:13:02,642 - tornado.application - INFO - {'state': 'heartbeat', 'worker_id': 23658}
2019-01-15 07:13:22,660 - tornado.application - INFO - #################  send msg to client successfully,the msg is as follow:  #################
2019-01-15 07:14:22,722 - tornado.application - INFO - {'state': 'heartbeat', 'worker_id': 23658}
2019-01-15 07:18:02,919 - tornado.application - INFO - #################  send msg to client successfully,the msg is as follow:  #################
2019-01-15 07:19:02,978 - tornado.application - INFO - #################  send msg to client successfully,the msg is as follow:  #################
2019-01-15 07:19:22,995 - tornado.application - INFO - #################  send msg to client successfully,the msg is as follow:  #################
2019-01-15 07:19:22,995 - tornado.application - INFO - {'state': 'heartbeat', 'worker_id': 23658}
2019-01-15 07:20:03,032 - tornado.application - INFO - {'state': 'heartbeat', 'worker_id': 23658}
2019-01-15 07:20:23,050 - tornado.application - INFO - #################  send msg to client successfully,the msg is as follow:  #################
2019-01-15 07:21:03,087 - tornado.application - INFO - #################  send msg to client successfully,the msg is as follow:  #################
2019-01-15 07:21:23,104 - tornado.application - INFO - {'state': 'heartbeat', 'worker_id': 23658}
2019-01-15 07:22:03,139 - tornado.application - INFO - #################  send msg to client successfully,the msg is as follow:  #################
2019-01-15 07:22:23,160 - tornado.application - INFO - #################  send msg to client successfully,the msg is as follow:  #################
2019-01-15 07:23:43,235 - tornado.application - INFO - #################  send msg to client successfully,the msg is as follow:  #################
2019-01-15 07:24:23,271 - tornado.application - INFO - #################  send msg to client successfully,the msg is as follow:  #################
2019-01-15 07:24:23,271 - tornado.application - INFO - {'state': 'heartbeat', 'worker_id': 23658}
2019-01-15 07:24:43,288 - tornado.application - INFO - #################  send msg to client successfully,the msg is as follow:  #################
2019-01-15 07:25:03,307 - tornado.application - INFO - {'state': 'heartbeat', 'worker_id': 23658}
2019-01-15 07:26:43,394 - tornado.application - INFO - #################  send msg to client successfully,the msg is as follow:  #################
2019-01-15 07:26:43,395 - tornado.application - INFO - {'state': 'heartbeat', 'worker_id': 23658}
2019-01-15 07:27:23,428 - tornado.application - INFO - #################  send msg to client successfully,the msg is as follow:  #################
2019-01-15 07:28:03,456 - tornado.application - INFO - #################  send msg to client successfully,the msg is as follow:  #################
2019-01-15 07:28:23,475 - tornado.application - INFO - {'state': 'heartbeat', 'worker_id': 23658}
2019-01-15 07:28:43,479 - tornado.application - INFO - #################  send msg to client successfully,the msg is as follow:  #################
2019-01-15 07:28:43,479 - tornado.application - INFO - {'state': 'heartbeat', 'worker_id': 23658}
2019-01-15 07:29:43,537 - tornado.application - INFO - #################  send msg to client successfully,the msg is as follow:  #################
2019-01-15 07:30:43,598 - tornado.application - INFO - #################  send msg to client successfully,the msg is as follow:  #################
2019-01-15 07:31:03,619 - tornado.application - INFO - #################  send msg to client successfully,the msg is as follow:  #################
2019-01-15 07:31:03,619 - tornado.application - INFO - {'state': 'heartbeat', 'worker_id': 23658}
2019-01-15 07:31:23,634 - tornado.application - INFO - #################  send msg to client successfully,the msg is as follow:  #################
2019-01-15 07:31:23,634 - tornado.application - INFO - {'state': 'heartbeat', 'worker_id': 23658}
2019-01-15 07:32:03,663 - tornado.application - INFO - {'state': 'heartbeat', 'worker_id': 23658}
2019-01-15 07:32:43,702 - tornado.application - INFO - #################  send msg to client successfully,the msg is as follow:  #################
2019-01-15 07:33:03,722 - tornado.application - INFO - #################  send msg to client successfully,the msg is as follow:  #################
2019-01-15 07:33:23,742 - tornado.application - INFO - {'state': 'heartbeat', 'worker_id': 23658}
2019-01-15 07:33:43,760 - tornado.application - INFO - {'state': 'heartbeat', 'worker_id': 23658}
2019-01-15 07:34:03,773 - tornado.application - INFO - {'state': 'heartbeat', 'worker_id': 23658}
2019-01-15 07:34:23,789 - tornado.application - INFO - {'state': 'heartbeat', 'worker_id': 23658}
2019-01-15 07:35:23,849 - tornado.application - INFO - {'state': 'heartbeat', 'worker_id': 23658}
2019-01-15 07:35:43,859 - tornado.application - INFO - #################  send msg to client successfully,the msg is as follow:  #################
2019-01-15 07:37:03,921 - tornado.application - INFO - {'state': 'heartbeat', 'worker_id': 23658}
2019-01-15 07:37:43,959 - tornado.application - INFO - {'state': 'heartbeat', 'worker_id': 23658}
2019-01-15 07:39:24,049 - tornado.application - INFO - #################  send msg to client successfully,the msg is as follow:  #################
2019-01-15 07:40:44,095 - tornado.application - INFO - #################  send msg to client successfully,the msg is as follow:  #################
2019-01-15 07:41:04,116 - tornado.application - INFO - #################  send msg to client successfully,the msg is as follow:  #################
2019-01-15 07:41:44,154 - tornado.application - INFO - {'state': 'heartbeat', 'worker_id': 23658}
2019-01-15 07:42:04,174 - tornado.application - INFO - #################  send msg to client successfully,the msg is as follow:  #################
2019-01-15 07:44:04,287 - tornado.application - INFO - #################  send msg to client successfully,the msg is as follow:  #################
2019-01-15 07:44:24,302 - tornado.application - INFO - #################  send msg to client successfully,the msg is as follow:  #################
2019-01-15 07:44:24,303 - tornado.application - INFO - {'state': 'heartbeat', 'worker_id': 23658}
2019-01-15 07:45:44,352 - tornado.application - INFO - #################  send msg to client successfully,the msg is as follow:  #################
2019-01-15 07:46:24,390 - tornado.application - INFO - {'state': 'heartbeat', 'worker_id': 23658}
2019-01-15 07:46:44,408 - tornado.application - INFO - {'state': 'heartbeat', 'worker_id': 23658}
2019-01-15 07:48:04,479 - tornado.application - INFO - #################  send msg to client successfully,the msg is as follow:  #################
2019-01-15 07:48:24,499 - tornado.application - INFO - #################  send msg to client successfully,the msg is as follow:  #################
2019-01-15 07:49:04,520 - tornado.application - INFO - {'state': 'heartbeat', 'worker_id': 23658}
2019-01-15 07:50:24,591 - tornado.application - INFO - #################  send msg to client successfully,the msg is as follow:  #################
2019-01-15 07:50:24,591 - tornado.application - INFO - {'state': 'heartbeat', 'worker_id': 23658}
2019-01-15 07:51:24,642 - tornado.application - INFO - {'state': 'heartbeat', 'worker_id': 23658}
2019-01-15 07:51:44,652 - tornado.application - INFO - #################  send msg to client successfully,the msg is as follow:  #################
2019-01-15 07:52:04,671 - tornado.application - INFO - {'state': 'heartbeat', 'worker_id': 23658}
2019-01-15 07:52:24,692 - tornado.application - INFO - {'state': 'heartbeat', 'worker_id': 23658}
2019-01-15 07:53:24,752 - tornado.application - INFO - #################  send msg to client successfully,the msg is as follow:  #################
2019-01-15 07:54:04,784 - tornado.application - INFO - {'state': 'heartbeat', 'worker_id': 23658}
2019-01-15 07:54:24,803 - tornado.application - INFO - {'state': 'heartbeat', 'worker_id': 23658}
2019-01-15 07:54:44,822 - tornado.application - INFO - {'state': 'heartbeat', 'worker_id': 23658}
2019-01-15 07:55:04,841 - tornado.application - INFO - #################  send msg to client successfully,the msg is as follow:  #################
2019-01-15 07:55:24,859 - tornado.application - INFO - #################  send msg to client successfully,the msg is as follow:  #################
2019-01-15 07:55:44,880 - tornado.application - INFO - {'state': 'heartbeat', 'worker_id': 23658}
2019-01-15 07:56:04,897 - tornado.application - INFO - #################  send msg to client successfully,the msg is as follow:  #################
2019-01-15 07:56:04,897 - tornado.application - INFO - {'state': 'heartbeat', 'worker_id': 23658}
2019-01-15 07:57:04,946 - tornado.application - INFO - {'state': 'heartbeat', 'worker_id': 23658}
2019-01-15 07:58:04,995 - tornado.application - INFO - {'state': 'heartbeat', 'worker_id': 23658}
2019-01-15 07:59:05,037 - tornado.application - INFO - #################  send msg to client successfully,the msg is as follow:  #################
2019-01-15 07:59:25,051 - tornado.application - INFO - #################  send msg to client successfully,the msg is as follow:  #################
2019-01-15 07:59:25,051 - tornado.application - INFO - {'state': 'heartbeat', 'worker_id': 23658}
2019-01-15 07:59:45,055 - tornado.application - INFO - #################  send msg to client successfully,the msg is as follow:  #################
2019-01-15 07:59:45,056 - tornado.application - INFO - {'state': 'heartbeat', 'worker_id': 23658}
2019-01-15 08:00:25,095 - tornado.application - INFO - #################  send msg to client successfully,the msg is as follow:  #################
2019-01-15 08:00:45,115 - tornado.application - INFO - {'state': 'heartbeat', 'worker_id': 23658}
2019-01-15 08:01:25,154 - tornado.application - INFO - {'state': 'heartbeat', 'worker_id': 23658}
2019-01-15 08:01:45,175 - tornado.application - INFO - #################  send msg to client successfully,the msg is as follow:  #################
2019-01-15 08:02:05,195 - tornado.application - INFO - #################  send msg to client successfully,the msg is as follow:  #################
2019-01-15 08:02:05,195 - tornado.application - INFO - {'state': 'heartbeat', 'worker_id': 23658}
2019-01-15 08:03:05,250 - tornado.application - INFO - {'state': 'heartbeat', 'worker_id': 23658}
2019-01-15 08:04:05,307 - tornado.application - INFO - {'state': 'heartbeat', 'worker_id': 23658}
2019-01-15 08:04:25,327 - tornado.application - INFO - #################  send msg to client successfully,the msg is as follow:  #################
2019-01-15 08:06:45,434 - tornado.application - INFO - {'state': 'heartbeat', 'worker_id': 23658}
2019-01-15 08:07:45,478 - tornado.application - INFO - {'state': 'heartbeat', 'worker_id': 23658}
2019-01-15 08:08:25,506 - tornado.application - INFO - {'state': 'heartbeat', 'worker_id': 23658}
2019-01-15 08:09:05,541 - tornado.application - INFO - {'state': 'heartbeat', 'worker_id': 23658}
2019-01-15 08:10:05,600 - tornado.application - INFO - {'state': 'heartbeat', 'worker_id': 23658}
2019-01-15 08:10:45,639 - tornado.application - INFO - #################  send msg to client successfully,the msg is as follow:  #################
2019-01-15 08:11:45,688 - tornado.application - INFO - {'state': 'heartbeat', 'worker_id': 23658}
2019-01-15 08:12:05,706 - tornado.application - INFO - {'state': 'heartbeat', 'worker_id': 23658}
2019-01-15 08:12:25,724 - tornado.application - INFO - #################  send msg to client successfully,the msg is as follow:  #################
2019-01-15 08:12:25,724 - tornado.application - INFO - {'state': 'heartbeat', 'worker_id': 23658}
2019-01-15 08:13:05,763 - tornado.application - INFO - #################  send msg to client successfully,the msg is as follow:  #################
2019-01-15 08:13:25,782 - tornado.application - INFO - #################  send msg to client successfully,the msg is as follow:  #################
2019-01-15 08:13:25,783 - tornado.application - INFO - {'state': 'heartbeat', 'worker_id': 23658}
2019-01-15 08:13:45,802 - tornado.application - INFO - {'state': 'heartbeat', 'worker_id': 23658}
2019-01-15 08:16:05,927 - tornado.application - INFO - #################  send msg to client successfully,the msg is as follow:  #################
2019-01-15 08:16:05,928 - tornado.application - INFO - {'state': 'heartbeat', 'worker_id': 23658}
2019-01-15 08:16:25,945 - tornado.application - INFO - {'state': 'heartbeat', 'worker_id': 23658}
2019-01-15 08:17:25,991 - tornado.application - INFO - #################  send msg to client successfully,the msg is as follow:  #################
2019-01-15 08:17:46,011 - tornado.application - INFO - #################  send msg to client successfully,the msg is as follow:  #################
2019-01-15 08:17:46,012 - tornado.application - INFO - {'state': 'heartbeat', 'worker_id': 23658}
2019-01-15 08:18:06,030 - tornado.application - INFO - {'state': 'heartbeat', 'worker_id': 23658}
2019-01-15 08:18:26,043 - tornado.application - INFO - {'state': 'heartbeat', 'worker_id': 23658}
2019-01-15 08:20:06,142 - tornado.application - INFO - {'state': 'heartbeat', 'worker_id': 23658}
2019-01-15 08:20:46,169 - tornado.application - INFO - {'state': 'heartbeat', 'worker_id': 23658}
2019-01-15 08:22:06,248 - tornado.application - INFO - #################  send msg to client successfully,the msg is as follow:  #################
2019-01-15 08:22:26,266 - tornado.application - INFO - {'state': 'heartbeat', 'worker_id': 23658}
2019-01-15 08:23:26,326 - tornado.application - INFO - #################  send msg to client successfully,the msg is as follow:  #################
2019-01-15 08:24:06,362 - tornado.application - INFO - {'state': 'heartbeat', 'worker_id': 23658}
2019-01-15 08:24:46,375 - tornado.application - INFO - {'state': 'heartbeat', 'worker_id': 23658}
2019-01-15 08:25:46,412 - tornado.application - INFO - {'state': 'heartbeat', 'worker_id': 23658}
2019-01-15 08:26:26,447 - tornado.application - INFO - {'state': 'heartbeat', 'worker_id': 23658}
2019-01-15 08:27:06,485 - tornado.application - INFO - #################  send msg to client successfully,the msg is as follow:  #################
2019-01-15 08:29:46,635 - tornado.application - INFO - {'state': 'heartbeat', 'worker_id': 23658}
2019-01-15 08:30:06,651 - tornado.application - INFO - {'state': 'heartbeat', 'worker_id': 23658}
2019-01-15 08:32:06,756 - tornado.application - INFO - {'state': 'heartbeat', 'worker_id': 23658}
2019-01-15 08:32:46,792 - tornado.application - INFO - #################  send msg to client successfully,the msg is as follow:  #################
2019-01-15 08:33:06,812 - tornado.application - INFO - #################  send msg to client successfully,the msg is as follow:  #################
2019-01-15 08:33:26,826 - tornado.application - INFO - {'state': 'heartbeat', 'worker_id': 23658}
2019-01-15 08:33:46,846 - tornado.application - INFO - {'state': 'heartbeat', 'worker_id': 23658}
2019-01-15 08:34:26,868 - tornado.application - INFO - #################  send msg to client successfully,the msg is as follow:  #################
2019-01-15 08:35:26,916 - tornado.application - INFO - {'state': 'heartbeat', 'worker_id': 23658}
2019-01-15 08:35:46,936 - tornado.application - INFO - #################  send msg to client successfully,the msg is as follow:  #################
2019-01-15 08:37:06,997 - tornado.application - INFO - #################  send msg to client successfully,the msg is as follow:  #################
2019-01-15 08:37:47,029 - tornado.application - INFO - #################  send msg to client successfully,the msg is as follow:  #################
2019-01-15 08:37:47,029 - tornado.application - INFO - {'state': 'heartbeat', 'worker_id': 23658}
2019-01-15 08:38:27,068 - tornado.application - INFO - {'state': 'heartbeat', 'worker_id': 23658}
2019-01-15 08:39:07,098 - tornado.application - INFO - #################  send msg to client successfully,the msg is as follow:  #################
2019-01-15 08:40:47,181 - tornado.application - INFO - #################  send msg to client successfully,the msg is as follow:  #################
2019-01-15 08:40:47,182 - tornado.application - INFO - {'state': 'heartbeat', 'worker_id': 23658}
2019-01-15 08:41:27,198 - tornado.application - INFO - {'state': 'heartbeat', 'worker_id': 23658}
2019-01-15 08:41:47,216 - tornado.application - INFO - {'state': 'heartbeat', 'worker_id': 23658}
2019-01-15 08:42:27,246 - tornado.application - INFO - {'state': 'heartbeat', 'worker_id': 23658}
2019-01-15 08:43:07,286 - tornado.application - INFO - {'state': 'heartbeat', 'worker_id': 23658}
2019-01-15 08:43:47,323 - tornado.application - INFO - {'state': 'heartbeat', 'worker_id': 23658}
2019-01-15 08:44:47,379 - tornado.application - INFO - #################  send msg to client successfully,the msg is as follow:  #################
2019-01-15 08:45:27,418 - tornado.application - INFO - #################  send msg to client successfully,the msg is as follow:  #################
2019-01-15 08:45:47,438 - tornado.application - INFO - {'state': 'heartbeat', 'worker_id': 23658}
2019-01-15 08:47:07,498 - tornado.application - INFO - #################  send msg to client successfully,the msg is as follow:  #################
2019-01-15 08:47:07,498 - tornado.application - INFO - {'state': 'heartbeat', 'worker_id': 23658}
2019-01-15 08:47:27,519 - tornado.application - INFO - {'state': 'heartbeat', 'worker_id': 23658}
2019-01-15 08:47:47,531 - tornado.application - INFO - #################  send msg to client successfully,the msg is as follow:  #################
2019-01-15 08:48:47,575 - tornado.application - INFO - #################  send msg to client successfully,the msg is as follow:  #################
2019-01-15 08:48:47,575 - tornado.application - INFO - {'state': 'heartbeat', 'worker_id': 23658}
2019-01-15 08:49:27,593 - tornado.application - INFO - #################  send msg to client successfully,the msg is as follow:  #################
2019-01-15 08:49:47,613 - tornado.application - INFO - #################  send msg to client successfully,the msg is as follow:  #################
2019-01-15 08:49:47,613 - tornado.application - INFO - {'state': 'heartbeat', 'worker_id': 23658}
2019-01-15 08:50:07,633 - tornado.application - INFO - #################  send msg to client successfully,the msg is as follow:  #################
2019-01-15 08:50:27,654 - tornado.application - INFO - {'state': 'heartbeat', 'worker_id': 23658}
2019-01-15 08:51:07,685 - tornado.application - INFO - #################  send msg to client successfully,the msg is as follow:  #################
2019-01-15 08:51:27,702 - tornado.application - INFO - {'state': 'heartbeat', 'worker_id': 23658}
2019-01-15 08:52:07,737 - tornado.application - INFO - #################  send msg to client successfully,the msg is as follow:  #################
2019-01-15 08:52:47,750 - tornado.application - INFO - {'state': 'heartbeat', 'worker_id': 23658}
2019-01-15 08:53:47,796 - tornado.application - INFO - #################  send msg to client successfully,the msg is as follow:  #################
2019-01-15 08:55:07,868 - tornado.application - INFO - #################  send msg to client successfully,the msg is as follow:  #################
2019-01-15 08:56:27,929 - tornado.application - INFO - {'state': 'heartbeat', 'worker_id': 23658}
2019-01-15 08:58:08,014 - tornado.application - INFO - {'state': 'heartbeat', 'worker_id': 23658}
2019-01-15 09:01:08,180 - tornado.application - INFO - {'state': 'heartbeat', 'worker_id': 23658}
2019-01-15 09:01:28,200 - tornado.application - INFO - {'state': 'heartbeat', 'worker_id': 23658}
2019-01-15 09:01:48,211 - tornado.application - INFO - {'state': 'heartbeat', 'worker_id': 23658}
2019-01-15 09:02:28,250 - tornado.application - INFO - #################  send msg to client successfully,the msg is as follow:  #################
2019-01-15 09:03:08,290 - tornado.application - INFO - #################  send msg to client successfully,the msg is as follow:  #################
2019-01-15 09:03:08,290 - tornado.application - INFO - {'state': 'heartbeat', 'worker_id': 23658}
2019-01-15 09:03:28,311 - tornado.application - INFO - #################  send msg to client successfully,the msg is as follow:  #################
2019-01-15 09:03:48,331 - tornado.application - INFO - {'state': 'heartbeat', 'worker_id': 23658}
2019-01-15 09:04:28,370 - tornado.application - INFO - #################  send msg to client successfully,the msg is as follow:  #################
2019-01-15 09:04:28,370 - tornado.application - INFO - {'state': 'heartbeat', 'worker_id': 23658}
2019-01-15 09:04:48,390 - tornado.application - INFO - #################  send msg to client successfully,the msg is as follow:  #################
2019-01-15 09:05:28,429 - tornado.application - INFO - {'state': 'heartbeat', 'worker_id': 23658}
2019-01-15 09:06:48,510 - tornado.application - INFO - {'state': 'heartbeat', 'worker_id': 23658}
2019-01-15 09:07:48,570 - tornado.application - INFO - #################  send msg to client successfully,the msg is as follow:  #################
2019-01-15 09:08:28,612 - tornado.application - INFO - #################  send msg to client successfully,the msg is as follow:  #################
2019-01-15 09:09:48,693 - tornado.application - INFO - {'state': 'heartbeat', 'worker_id': 23658}
2019-01-15 09:11:08,775 - tornado.application - INFO - #################  send msg to client successfully,the msg is as follow:  #################
2019-01-15 09:11:28,795 - tornado.application - INFO - #################  send msg to client successfully,the msg is as follow:  #################
2019-01-15 09:11:28,796 - tornado.application - INFO - {'state': 'heartbeat', 'worker_id': 23658}
2019-01-15 09:11:48,813 - tornado.application - INFO - #################  send msg to client successfully,the msg is as follow:  #################
2019-01-15 09:12:48,868 - tornado.application - INFO - {'state': 'heartbeat', 'worker_id': 23658}
2019-01-15 09:13:08,889 - tornado.application - INFO - #################  send msg to client successfully,the msg is as follow:  #################
2019-01-15 09:13:28,909 - tornado.application - INFO - {'state': 'heartbeat', 'worker_id': 23658}
2019-01-15 09:13:48,929 - tornado.application - INFO - {'state': 'heartbeat', 'worker_id': 23658}
2019-01-15 09:14:08,944 - tornado.application - INFO - {'state': 'heartbeat', 'worker_id': 23658}
2019-01-15 09:14:28,963 - tornado.application - INFO - #################  send msg to client successfully,the msg is as follow:  #################
2019-01-15 09:14:28,963 - tornado.application - INFO - {'state': 'heartbeat', 'worker_id': 23658}
2019-01-15 09:14:48,981 - tornado.application - INFO - {'state': 'heartbeat', 'worker_id': 23658}
2019-01-15 09:15:09,001 - tornado.application - INFO - #################  send msg to client successfully,the msg is as follow:  #################
2019-01-15 09:15:29,014 - tornado.application - INFO - {'state': 'heartbeat', 'worker_id': 23658}
2019-01-15 09:15:49,034 - tornado.application - INFO - {'state': 'heartbeat', 'worker_id': 23658}
2019-01-15 09:16:09,055 - tornado.application - INFO - #################  send msg to client successfully,the msg is as follow:  #################
2019-01-15 09:16:29,075 - tornado.application - INFO - #################  send msg to client successfully,the msg is as follow:  #################
2019-01-15 09:17:29,136 - tornado.application - INFO - {'state': 'heartbeat', 'worker_id': 23658}
2019-01-15 09:17:49,157 - tornado.application - INFO - {'state': 'heartbeat', 'worker_id': 23658}
2019-01-15 09:19:29,259 - tornado.application - INFO - #################  send msg to client successfully,the msg is as follow:  #################
2019-01-15 09:19:29,259 - tornado.application - INFO - {'state': 'heartbeat', 'worker_id': 23658}
2019-01-15 09:19:49,277 - tornado.application - INFO - #################  send msg to client successfully,the msg is as follow:  #################
2019-01-15 09:20:29,296 - tornado.application - INFO - {'state': 'heartbeat', 'worker_id': 23658}
2019-01-15 09:21:09,336 - tornado.application - INFO - #################  send msg to client successfully,the msg is as follow:  #################
2019-01-15 09:21:49,376 - tornado.application - INFO - #################  send msg to client successfully,the msg is as follow:  #################
2019-01-15 09:23:09,454 - tornado.application - INFO - #################  send msg to client successfully,the msg is as follow:  #################
2019-01-15 09:23:49,493 - tornado.application - INFO - #################  send msg to client successfully,the msg is as follow:  #################
2019-01-15 09:24:29,532 - tornado.application - INFO - {'state': 'heartbeat', 'worker_id': 23658}
2019-01-15 09:24:49,547 - tornado.application - INFO - {'state': 'heartbeat', 'worker_id': 23658}
2019-01-15 09:25:49,604 - tornado.application - INFO - #################  send msg to client successfully,the msg is as follow:  #################
2019-01-15 09:26:29,635 - tornado.application - INFO - #################  send msg to client successfully,the msg is as follow:  #################
2019-01-15 09:27:49,700 - tornado.application - INFO - #################  send msg to client successfully,the msg is as follow:  #################
2019-01-15 09:28:29,738 - tornado.application - INFO - #################  send msg to client successfully,the msg is as follow:  #################
2019-01-15 09:29:09,778 - tornado.application - INFO - #################  send msg to client successfully,the msg is as follow:  #################
2019-01-15 09:29:09,778 - tornado.application - INFO - {'state': 'heartbeat', 'worker_id': 23658}
2019-01-15 09:30:09,837 - tornado.application - INFO - {'state': 'heartbeat', 'worker_id': 23658}
2019-01-15 09:30:29,857 - tornado.application - INFO - {'state': 'heartbeat', 'worker_id': 23658}
2019-01-15 09:31:49,934 - tornado.application - INFO - #################  send msg to client successfully,the msg is as follow:  #################
2019-01-15 09:32:49,993 - tornado.application - INFO - {'state': 'heartbeat', 'worker_id': 23658}
2019-01-15 09:33:50,054 - tornado.application - INFO - {'state': 'heartbeat', 'worker_id': 23658}
2019-01-15 09:34:50,105 - tornado.application - INFO - #################  send msg to client successfully,the msg is as follow:  #################
2019-01-15 09:35:30,146 - tornado.application - INFO - #################  send msg to client successfully,the msg is as follow:  #################
2019-01-15 09:36:50,227 - tornado.application - INFO - #################  send msg to client successfully,the msg is as follow:  #################
2019-01-15 09:37:10,248 - tornado.application - INFO - {'state': 'heartbeat', 'worker_id': 23658}
2019-01-15 09:37:30,267 - tornado.application - INFO - #################  send msg to client successfully,the msg is as follow:  #################
2019-01-15 09:39:10,340 - tornado.application - INFO - {'state': 'heartbeat', 'worker_id': 23658}
2019-01-15 09:39:30,358 - tornado.application - INFO - #################  send msg to client successfully,the msg is as follow:  #################
2019-01-15 09:39:50,369 - tornado.application - INFO - {'state': 'heartbeat', 'worker_id': 23658}
2019-01-15 09:40:10,390 - tornado.application - INFO - #################  send msg to client successfully,the msg is as follow:  #################
2019-01-15 09:40:50,431 - tornado.application - INFO - #################  send msg to client successfully,the msg is as follow:  #################
2019-01-15 09:42:10,504 - tornado.application - INFO - #################  send msg to client successfully,the msg is as follow:  #################
2019-01-15 09:42:10,504 - tornado.application - INFO - {'state': 'heartbeat', 'worker_id': 23658}
2019-01-15 09:43:30,563 - tornado.application - INFO - {'state': 'heartbeat', 'worker_id': 23658}
2019-01-15 09:44:10,602 - tornado.application - INFO - {'state': 'heartbeat', 'worker_id': 23658}
2019-01-15 09:44:30,612 - tornado.application - INFO - {'state': 'heartbeat', 'worker_id': 23658}
2019-01-15 09:47:10,705 - tornado.application - INFO - #################  send msg to client successfully,the msg is as follow:  #################
2019-01-15 09:47:10,705 - tornado.application - INFO - {'state': 'heartbeat', 'worker_id': 23658}
2019-01-15 09:47:50,726 - tornado.application - INFO - #################  send msg to client successfully,the msg is as follow:  #################
2019-01-15 09:48:30,767 - tornado.application - INFO - #################  send msg to client successfully,the msg is as follow:  #################
2019-01-15 09:48:30,767 - tornado.application - INFO - {'state': 'heartbeat', 'worker_id': 23658}
2019-01-15 09:49:10,785 - tornado.application - INFO - {'state': 'heartbeat', 'worker_id': 23658}
2019-01-15 09:49:30,805 - tornado.application - INFO - #################  send msg to client successfully,the msg is as follow:  #################
2019-01-15 09:50:50,866 - tornado.application - INFO - #################  send msg to client successfully,the msg is as follow:  #################
2019-01-15 09:51:10,869 - tornado.application - INFO - {'state': 'heartbeat', 'worker_id': 23658}
2019-01-15 09:51:30,887 - tornado.application - INFO - #################  send msg to client successfully,the msg is as follow:  #################
2019-01-15 09:51:50,908 - tornado.application - INFO - #################  send msg to client successfully,the msg is as follow:  #################
2019-01-15 09:51:50,908 - tornado.application - INFO - {'state': 'heartbeat', 'worker_id': 23658}
2019-01-15 09:53:10,978 - tornado.application - INFO - #################  send msg to client successfully,the msg is as follow:  #################
2019-01-15 09:53:10,978 - tornado.application - INFO - {'state': 'heartbeat', 'worker_id': 23658}
2019-01-15 09:53:51,009 - tornado.application - INFO - #################  send msg to client successfully,the msg is as follow:  #################
2019-01-15 09:53:51,009 - tornado.application - INFO - {'state': 'heartbeat', 'worker_id': 23658}
2019-01-15 09:54:51,057 - tornado.application - INFO - {'state': 'heartbeat', 'worker_id': 23658}
2019-01-15 09:55:11,077 - tornado.application - INFO - #################  send msg to client successfully,the msg is as follow:  #################
2019-01-15 09:55:31,097 - tornado.application - INFO - #################  send msg to client successfully,the msg is as follow:  #################
2019-01-15 09:56:11,138 - tornado.application - INFO - #################  send msg to client successfully,the msg is as follow:  #################
2019-01-15 09:56:11,138 - tornado.application - INFO - {'state': 'heartbeat', 'worker_id': 23658}
2019-01-15 09:56:31,155 - tornado.application - INFO - {'state': 'heartbeat', 'worker_id': 23658}
2019-01-15 09:57:31,198 - tornado.application - INFO - {'state': 'heartbeat', 'worker_id': 23658}
2019-01-15 09:57:51,216 - tornado.application - INFO - {'state': 'heartbeat', 'worker_id': 23658}
2019-01-15 09:58:51,270 - tornado.application - INFO - {'state': 'heartbeat', 'worker_id': 23658}
2019-01-15 10:00:51,364 - tornado.application - INFO - #################  send msg to client successfully,the msg is as follow:  #################
2019-01-15 10:01:11,381 - tornado.application - INFO - #################  send msg to client successfully,the msg is as follow:  #################
2019-01-15 10:02:11,434 - tornado.application - INFO - {'state': 'heartbeat', 'worker_id': 23658}
2019-01-15 10:02:51,472 - tornado.application - INFO - #################  send msg to client successfully,the msg is as follow:  #################
2019-01-15 10:03:31,500 - tornado.application - INFO - #################  send msg to client successfully,the msg is as follow:  #################
2019-01-15 10:03:31,500 - tornado.application - INFO - {'state': 'heartbeat', 'worker_id': 23658}
2019-01-15 10:04:11,532 - tornado.application - INFO - {'state': 'heartbeat', 'worker_id': 23658}
2019-01-15 10:04:31,553 - tornado.application - INFO - {'state': 'heartbeat', 'worker_id': 23658}
2019-01-15 10:04:51,565 - tornado.application - INFO - #################  send msg to client successfully,the msg is as follow:  #################
2019-01-15 10:05:31,605 - tornado.application - INFO - {'state': 'heartbeat', 'worker_id': 23658}
2019-01-15 10:05:51,624 - tornado.application - INFO - {'state': 'heartbeat', 'worker_id': 23658}
2019-01-15 10:06:31,658 - tornado.application - INFO - #################  send msg to client successfully,the msg is as follow:  #################
2019-01-15 10:06:51,678 - tornado.application - INFO - #################  send msg to client successfully,the msg is as follow:  #################
2019-01-15 10:06:51,678 - tornado.application - INFO - {'state': 'heartbeat', 'worker_id': 23658}
2019-01-15 10:07:11,697 - tornado.application - INFO - {'state': 'heartbeat', 'worker_id': 23658}
19/01/15 10:11:34 WARN Utils: Service 'SparkUI' could not bind on port 4040. Attempting port 4041.
[I 190115 16:12:51 server:33] run in worker model.
2019-01-15 16:12:51,352 - tornado.application - INFO - #################  send msg to client successfully,the msg is as follow:  #################
2019-01-15 16:12:51,352 - tornado.application - INFO - {'state': 'heartbeat', 'worker_id': 27071}
2019-01-15 16:14:11,433 - tornado.application - INFO - #################  send msg to client successfully,the msg is as follow:  #################
2019-01-15 16:14:31,453 - tornado.application - INFO - #################  send msg to client successfully,the msg is as follow:  #################
2019-01-15 16:14:51,475 - tornado.application - INFO - #################  send msg to client successfully,the msg is as follow:  #################
2019-01-15 16:17:51,679 - tornado.application - INFO - {'state': 'heartbeat', 'worker_id': 27071}
2019-01-15 16:18:11,700 - tornado.application - INFO - {'state': 'heartbeat', 'worker_id': 27071}
2019-01-15 16:18:31,720 - tornado.application - INFO - #################  send msg to client successfully,the msg is as follow:  #################
2019-01-15 16:18:31,720 - tornado.application - INFO - {'state': 'heartbeat', 'worker_id': 27071}
2019-01-15 16:20:11,823 - tornado.application - INFO - {'state': 'heartbeat', 'worker_id': 27071}
2019-01-15 16:21:11,889 - tornado.application - INFO - #################  send msg to client successfully,the msg is as follow:  #################
2019-01-15 16:21:51,912 - tornado.application - INFO - {'state': 'heartbeat', 'worker_id': 27071}
2019-01-15 16:22:31,950 - tornado.application - INFO - #################  send msg to client successfully,the msg is as follow:  #################
2019-01-15 16:23:32,009 - tornado.application - INFO - #################  send msg to client successfully,the msg is as follow:  #################
2019-01-15 16:25:12,112 - tornado.application - INFO - #################  send msg to client successfully,the msg is as follow:  #################
2019-01-15 16:25:32,132 - tornado.application - INFO - {'state': 'heartbeat', 'worker_id': 27071}
2019-01-15 16:26:32,173 - tornado.application - INFO - {'state': 'heartbeat', 'worker_id': 27071}
2019-01-15 16:26:52,174 - tornado.application - INFO - {'state': 'heartbeat', 'worker_id': 27071}
2019-01-15 16:27:52,241 - tornado.application - INFO - {'state': 'heartbeat', 'worker_id': 27071}
2019-01-15 16:28:32,281 - tornado.application - INFO - {'state': 'heartbeat', 'worker_id': 27071}
2019-01-15 16:28:52,301 - tornado.application - INFO - #################  send msg to client successfully,the msg is as follow:  #################
2019-01-15 16:28:52,301 - tornado.application - INFO - {'state': 'heartbeat', 'worker_id': 27071}
2019-01-15 16:30:32,406 - tornado.application - INFO - #################  send msg to client successfully,the msg is as follow:  #################
2019-01-15 16:31:12,443 - tornado.application - INFO - {'state': 'heartbeat', 'worker_id': 27071}
2019-01-15 16:31:32,464 - tornado.application - INFO - {'state': 'heartbeat', 'worker_id': 27071}
2019-01-15 16:33:12,565 - tornado.application - INFO - #################  send msg to client successfully,the msg is as follow:  #################
2019-01-15 16:33:52,598 - tornado.application - INFO - #################  send msg to client successfully,the msg is as follow:  #################
2019-01-15 16:34:52,662 - tornado.application - INFO - {'state': 'heartbeat', 'worker_id': 27071}
2019-01-15 16:36:12,759 - tornado.application - INFO - #################  send msg to client successfully,the msg is as follow:  #################
2019-01-15 16:36:12,759 - tornado.application - INFO - {'state': 'heartbeat', 'worker_id': 27071}
2019-01-15 16:36:52,788 - tornado.application - INFO - #################  send msg to client successfully,the msg is as follow:  #################
2019-01-15 16:37:32,823 - tornado.application - INFO - {'state': 'heartbeat', 'worker_id': 27071}
2019-01-15 16:38:52,898 - tornado.application - INFO - {'state': 'heartbeat', 'worker_id': 27071}
2019-01-15 16:39:32,939 - tornado.application - INFO - #################  send msg to client successfully,the msg is as follow:  #################
2019-01-15 16:41:13,056 - tornado.application - INFO - #################  send msg to client successfully,the msg is as follow:  #################
2019-01-15 16:41:53,104 - tornado.application - INFO - #################  send msg to client successfully,the msg is as follow:  #################
2019-01-15 16:42:53,167 - tornado.application - INFO - #################  send msg to client successfully,the msg is as follow:  #################
2019-01-15 16:45:13,304 - tornado.application - INFO - #################  send msg to client successfully,the msg is as follow:  #################
2019-01-15 16:45:33,320 - tornado.application - INFO - #################  send msg to client successfully,the msg is as follow:  #################
2019-01-15 16:45:33,320 - tornado.application - INFO - {'state': 'heartbeat', 'worker_id': 27071}
2019-01-15 16:45:53,336 - tornado.application - INFO - {'state': 'heartbeat', 'worker_id': 27071}
2019-01-15 16:46:33,372 - tornado.application - INFO - #################  send msg to client successfully,the msg is as follow:  #################
2019-01-15 16:47:13,412 - tornado.application - INFO - #################  send msg to client successfully,the msg is as follow:  #################
2019-01-15 16:49:33,544 - tornado.application - INFO - {'state': 'heartbeat', 'worker_id': 27071}
2019-01-15 16:49:53,572 - tornado.application - INFO - #################  send msg to client successfully,the msg is as follow:  #################
2019-01-15 16:50:53,638 - tornado.application - INFO - {'state': 'heartbeat', 'worker_id': 27071}
2019-01-15 16:51:53,695 - tornado.application - INFO - #################  send msg to client successfully,the msg is as follow:  #################
2019-01-15 16:52:33,721 - tornado.application - INFO - {'state': 'heartbeat', 'worker_id': 27071}
2019-01-15 16:52:53,741 - tornado.application - INFO - #################  send msg to client successfully,the msg is as follow:  #################
2019-01-15 16:52:53,741 - tornado.application - INFO - {'state': 'heartbeat', 'worker_id': 27071}
2019-01-15 16:53:13,768 - tornado.application - INFO - {'state': 'heartbeat', 'worker_id': 27071}
2019-01-15 16:54:13,845 - tornado.application - INFO - {'state': 'heartbeat', 'worker_id': 27071}
2019-01-15 16:54:33,875 - tornado.application - INFO - #################  send msg to client successfully,the msg is as follow:  #################
2019-01-15 16:57:34,066 - tornado.application - INFO - {'state': 'heartbeat', 'worker_id': 27071}
2019-01-15 16:58:14,115 - tornado.application - INFO - {'state': 'heartbeat', 'worker_id': 27071}
2019-01-15 16:58:54,155 - tornado.application - INFO - {'state': 'heartbeat', 'worker_id': 27071}
2019-01-15 16:59:14,171 - tornado.application - INFO - {'state': 'heartbeat', 'worker_id': 27071}
2019-01-15 16:59:54,212 - tornado.application - INFO - #################  send msg to client successfully,the msg is as follow:  #################
2019-01-15 17:00:14,232 - tornado.application - INFO - {'state': 'heartbeat', 'worker_id': 27071}
2019-01-15 17:00:34,253 - tornado.application - INFO - #################  send msg to client successfully,the msg is as follow:  #################
2019-01-15 17:00:34,253 - tornado.application - INFO - {'state': 'heartbeat', 'worker_id': 27071}
2019-01-15 17:01:14,287 - tornado.application - INFO - #################  send msg to client successfully,the msg is as follow:  #################
2019-01-15 17:01:34,300 - tornado.application - INFO - #################  send msg to client successfully,the msg is as follow:  #################
2019-01-15 17:02:14,316 - tornado.application - INFO - {'state': 'heartbeat', 'worker_id': 27071}
2019-01-15 17:02:54,358 - tornado.application - INFO - {'state': 'heartbeat', 'worker_id': 27071}
2019-01-15 17:03:54,408 - tornado.application - INFO - #################  send msg to client successfully,the msg is as follow:  #################
2019-01-15 17:03:54,408 - tornado.application - INFO - {'state': 'heartbeat', 'worker_id': 27071}
2019-01-15 17:04:14,428 - tornado.application - INFO - {'state': 'heartbeat', 'worker_id': 27071}
2019-01-15 17:05:34,509 - tornado.application - INFO - {'state': 'heartbeat', 'worker_id': 27071}
2019-01-15 17:06:14,551 - tornado.application - INFO - {'state': 'heartbeat', 'worker_id': 27071}
2019-01-15 17:06:34,578 - tornado.application - INFO - #################  send msg to client successfully,the msg is as follow:  #################
2019-01-15 17:06:54,599 - tornado.application - INFO - #################  send msg to client successfully,the msg is as follow:  #################
2019-01-15 17:07:34,638 - tornado.application - INFO - #################  send msg to client successfully,the msg is as follow:  #################
2019-01-15 17:07:54,661 - tornado.application - INFO - {'state': 'heartbeat', 'worker_id': 27071}
2019-01-15 17:08:14,682 - tornado.application - INFO - #################  send msg to client successfully,the msg is as follow:  #################
2019-01-15 17:08:14,682 - tornado.application - INFO - {'state': 'heartbeat', 'worker_id': 27071}
2019-01-15 17:08:34,702 - tornado.application - INFO - {'state': 'heartbeat', 'worker_id': 27071}
2019-01-15 17:09:34,758 - tornado.application - INFO - {'state': 'heartbeat', 'worker_id': 27071}
2019-01-15 17:11:14,858 - tornado.application - INFO - {'state': 'heartbeat', 'worker_id': 27071}
2019-01-15 17:12:14,920 - tornado.application - INFO - {'state': 'heartbeat', 'worker_id': 27071}
2019-01-15 17:12:34,945 - tornado.application - INFO - #################  send msg to client successfully,the msg is as follow:  #################
2019-01-15 17:14:15,070 - tornado.application - INFO - {'state': 'heartbeat', 'worker_id': 27071}
2019-01-15 17:16:35,218 - tornado.application - INFO - {'state': 'heartbeat', 'worker_id': 27071}
2019-01-15 17:17:35,267 - tornado.application - INFO - #################  send msg to client successfully,the msg is as follow:  #################
2019-01-15 17:17:55,288 - tornado.application - INFO - {'state': 'heartbeat', 'worker_id': 27071}
2019-01-15 17:18:55,362 - tornado.application - INFO - {'state': 'heartbeat', 'worker_id': 27071}
2019-01-15 17:19:15,383 - tornado.application - INFO - {'state': 'heartbeat', 'worker_id': 27071}
2019-01-15 17:19:55,414 - tornado.application - INFO - {'state': 'heartbeat', 'worker_id': 27071}
2019-01-15 17:20:15,439 - tornado.application - INFO - {'state': 'heartbeat', 'worker_id': 27071}
2019-01-15 17:20:55,474 - tornado.application - INFO - #################  send msg to client successfully,the msg is as follow:  #################
2019-01-15 17:21:35,523 - tornado.application - INFO - {'state': 'heartbeat', 'worker_id': 27071}
2019-01-15 17:21:55,550 - tornado.application - INFO - {'state': 'heartbeat', 'worker_id': 27071}
2019-01-15 17:22:15,569 - tornado.application - INFO - #################  send msg to client successfully,the msg is as follow:  #################
2019-01-15 17:23:15,636 - tornado.application - INFO - {'state': 'heartbeat', 'worker_id': 27071}
2019-01-15 17:23:35,657 - tornado.application - INFO - {'state': 'heartbeat', 'worker_id': 27071}
2019-01-15 17:24:15,694 - tornado.application - INFO - #################  send msg to client successfully,the msg is as follow:  #################
2019-01-15 17:24:15,694 - tornado.application - INFO - {'state': 'heartbeat', 'worker_id': 27071}
2019-01-15 17:24:35,696 - tornado.application - INFO - {'state': 'heartbeat', 'worker_id': 27071}
2019-01-15 17:24:55,712 - tornado.application - INFO - {'state': 'heartbeat', 'worker_id': 27071}
2019-01-15 17:25:15,733 - tornado.application - INFO - #################  send msg to client successfully,the msg is as follow:  #################
2019-01-15 17:25:15,733 - tornado.application - INFO - {'state': 'heartbeat', 'worker_id': 27071}
2019-01-15 17:26:15,795 - tornado.application - INFO - #################  send msg to client successfully,the msg is as follow:  #################
2019-01-15 17:27:55,893 - tornado.application - INFO - {'state': 'heartbeat', 'worker_id': 27071}
2019-01-15 17:29:15,972 - tornado.application - INFO - {'state': 'heartbeat', 'worker_id': 27071}
2019-01-15 17:29:36,001 - tornado.application - INFO - #################  send msg to client successfully,the msg is as follow:  #################
2019-01-15 17:29:56,023 - tornado.application - INFO - #################  send msg to client successfully,the msg is as follow:  #################
2019-01-15 17:29:56,023 - tornado.application - INFO - {'state': 'heartbeat', 'worker_id': 27071}
2019-01-15 17:30:16,043 - tornado.application - INFO - #################  send msg to client successfully,the msg is as follow:  #################
2019-01-15 17:30:36,063 - tornado.application - INFO - {'state': 'heartbeat', 'worker_id': 27071}
2019-01-15 17:31:16,104 - tornado.application - INFO - {'state': 'heartbeat', 'worker_id': 27071}
2019-01-15 17:31:36,125 - tornado.application - INFO - #################  send msg to client successfully,the msg is as follow:  #################
2019-01-15 17:31:56,145 - tornado.application - INFO - {'state': 'heartbeat', 'worker_id': 27071}
2019-01-15 17:32:36,181 - tornado.application - INFO - #################  send msg to client successfully,the msg is as follow:  #################
2019-01-15 17:32:56,195 - tornado.application - INFO - #################  send msg to client successfully,the msg is as follow:  #################
2019-01-15 17:33:16,202 - tornado.application - INFO - #################  send msg to client successfully,the msg is as follow:  #################
2019-01-15 17:33:16,202 - tornado.application - INFO - {'state': 'heartbeat', 'worker_id': 27071}
2019-01-15 17:33:36,225 - tornado.application - INFO - {'state': 'heartbeat', 'worker_id': 27071}
2019-01-15 17:33:56,238 - tornado.application - INFO - {'state': 'heartbeat', 'worker_id': 27071}
2019-01-15 17:34:16,254 - tornado.application - INFO - {'state': 'heartbeat', 'worker_id': 27071}
2019-01-15 17:34:56,297 - tornado.application - INFO - {'state': 'heartbeat', 'worker_id': 27071}
2019-01-15 17:35:36,338 - tornado.application - INFO - #################  send msg to client successfully,the msg is as follow:  #################
2019-01-15 17:36:16,388 - tornado.application - INFO - {'state': 'heartbeat', 'worker_id': 27071}
2019-01-15 17:37:16,429 - tornado.application - INFO - #################  send msg to client successfully,the msg is as follow:  #################
2019-01-15 17:37:36,452 - tornado.application - INFO - {'state': 'heartbeat', 'worker_id': 27071}
2019-01-15 17:37:56,472 - tornado.application - INFO - #################  send msg to client successfully,the msg is as follow:  #################
2019-01-15 17:38:36,511 - tornado.application - INFO - {'state': 'heartbeat', 'worker_id': 27071}
2019-01-15 17:38:56,540 - tornado.application - INFO - #################  send msg to client successfully,the msg is as follow:  #################
2019-01-15 17:39:16,561 - tornado.application - INFO - #################  send msg to client successfully,the msg is as follow:  #################
2019-01-15 17:39:16,561 - tornado.application - INFO - {'state': 'heartbeat', 'worker_id': 27071}
2019-01-15 17:39:36,582 - tornado.application - INFO - {'state': 'heartbeat', 'worker_id': 27071}
2019-01-15 17:39:56,604 - tornado.application - INFO - #################  send msg to client successfully,the msg is as follow:  #################
2019-01-15 17:39:56,604 - tornado.application - INFO - {'state': 'heartbeat', 'worker_id': 27071}
2019-01-15 17:40:16,624 - tornado.application - INFO - #################  send msg to client successfully,the msg is as follow:  #################
2019-01-15 17:40:16,625 - tornado.application - INFO - {'state': 'heartbeat', 'worker_id': 27071}
2019-01-15 17:40:56,669 - tornado.application - INFO - {'state': 'heartbeat', 'worker_id': 27071}
2019-01-15 17:41:56,742 - tornado.application - INFO - #################  send msg to client successfully,the msg is as follow:  #################
2019-01-15 17:42:16,770 - tornado.application - INFO - #################  send msg to client successfully,the msg is as follow:  #################
2019-01-15 17:42:56,817 - tornado.application - INFO - #################  send msg to client successfully,the msg is as follow:  #################
2019-01-15 17:43:56,869 - tornado.application - INFO - {'state': 'heartbeat', 'worker_id': 27071}
2019-01-15 17:44:16,895 - tornado.application - INFO - #################  send msg to client successfully,the msg is as follow:  #################
2019-01-15 17:46:17,021 - tornado.application - INFO - #################  send msg to client successfully,the msg is as follow:  #################
2019-01-15 17:46:37,037 - tornado.application - INFO - {'state': 'heartbeat', 'worker_id': 27071}
2019-01-15 17:47:17,094 - tornado.application - INFO - #################  send msg to client successfully,the msg is as follow:  #################
2019-01-15 17:47:37,115 - tornado.application - INFO - {'state': 'heartbeat', 'worker_id': 27071}
2019-01-15 17:48:37,162 - tornado.application - INFO - #################  send msg to client successfully,the msg is as follow:  #################
2019-01-15 17:48:57,164 - tornado.application - INFO - {'state': 'heartbeat', 'worker_id': 27071}
2019-01-15 17:49:17,185 - tornado.application - INFO - {'state': 'heartbeat', 'worker_id': 27071}
2019-01-15 17:49:37,208 - tornado.application - INFO - #################  send msg to client successfully,the msg is as follow:  #################
2019-01-15 17:50:37,251 - tornado.application - INFO - #################  send msg to client successfully,the msg is as follow:  #################
2019-01-15 17:50:57,271 - tornado.application - INFO - {'state': 'heartbeat', 'worker_id': 27071}
2019-01-15 17:52:37,368 - tornado.application - INFO - {'state': 'heartbeat', 'worker_id': 27071}
2019-01-15 17:53:57,453 - tornado.application - INFO - #################  send msg to client successfully,the msg is as follow:  #################
2019-01-15 17:55:17,530 - tornado.application - INFO - #################  send msg to client successfully,the msg is as follow:  #################
2019-01-15 17:55:57,576 - tornado.application - INFO - {'state': 'heartbeat', 'worker_id': 27071}
2019-01-15 17:56:37,617 - tornado.application - INFO - #################  send msg to client successfully,the msg is as follow:  #################
2019-01-15 17:56:57,637 - tornado.application - INFO - #################  send msg to client successfully,the msg is as follow:  #################
2019-01-15 17:57:17,659 - tornado.application - INFO - {'state': 'heartbeat', 'worker_id': 27071}
2019-01-15 17:57:37,679 - tornado.application - INFO - #################  send msg to client successfully,the msg is as follow:  #################
2019-01-15 17:57:37,679 - tornado.application - INFO - {'state': 'heartbeat', 'worker_id': 27071}
2019-01-15 17:58:17,723 - tornado.application - INFO - #################  send msg to client successfully,the msg is as follow:  #################
2019-01-15 18:00:17,839 - tornado.application - INFO - {'state': 'heartbeat', 'worker_id': 27071}
2019-01-15 18:01:37,930 - tornado.application - INFO - #################  send msg to client successfully,the msg is as follow:  #################
2019-01-15 18:01:37,930 - tornado.application - INFO - {'state': 'heartbeat', 'worker_id': 27071}
2019-01-15 18:02:37,978 - tornado.application - INFO - #################  send msg to client successfully,the msg is as follow:  #################
2019-01-15 18:03:58,059 - tornado.application - INFO - #################  send msg to client successfully,the msg is as follow:  #################
2019-01-15 18:05:18,129 - tornado.application - INFO - #################  send msg to client successfully,the msg is as follow:  #################
2019-01-15 18:05:18,129 - tornado.application - INFO - {'state': 'heartbeat', 'worker_id': 27071}
2019-01-15 18:06:38,213 - tornado.application - INFO - #################  send msg to client successfully,the msg is as follow:  #################
2019-01-15 18:06:58,223 - tornado.application - INFO - #################  send msg to client successfully,the msg is as follow:  #################
2019-01-15 18:06:58,223 - tornado.application - INFO - {'state': 'heartbeat', 'worker_id': 27071}
2019-01-15 18:07:58,283 - tornado.application - INFO - {'state': 'heartbeat', 'worker_id': 27071}
2019-01-15 18:08:38,317 - tornado.application - INFO - {'state': 'heartbeat', 'worker_id': 27071}
2019-01-15 18:10:38,433 - tornado.application - INFO - #################  send msg to client successfully,the msg is as follow:  #################
2019-01-15 18:10:58,448 - tornado.application - INFO - {'state': 'heartbeat', 'worker_id': 27071}
2019-01-15 18:11:18,469 - tornado.application - INFO - {'state': 'heartbeat', 'worker_id': 27071}
2019-01-15 18:11:58,520 - tornado.application - INFO - {'state': 'heartbeat', 'worker_id': 27071}
2019-01-15 18:13:18,611 - tornado.application - INFO - {'state': 'heartbeat', 'worker_id': 27071}
2019-01-15 18:13:38,634 - tornado.application - INFO - #################  send msg to client successfully,the msg is as follow:  #################
2019-01-15 18:14:58,720 - tornado.application - INFO - #################  send msg to client successfully,the msg is as follow:  #################
2019-01-15 18:15:18,739 - tornado.application - INFO - {'state': 'heartbeat', 'worker_id': 27071}
2019-01-15 18:15:38,759 - tornado.application - INFO - #################  send msg to client successfully,the msg is as follow:  #################
2019-01-15 18:15:38,759 - tornado.application - INFO - {'state': 'heartbeat', 'worker_id': 27071}
2019-01-15 18:15:58,782 - tornado.application - INFO - #################  send msg to client successfully,the msg is as follow:  #################
2019-01-15 18:16:18,803 - tornado.application - INFO - {'state': 'heartbeat', 'worker_id': 27071}
2019-01-15 18:17:38,876 - tornado.application - INFO - #################  send msg to client successfully,the msg is as follow:  #################
2019-01-15 18:17:38,876 - tornado.application - INFO - {'state': 'heartbeat', 'worker_id': 27071}
2019-01-15 18:17:58,881 - tornado.application - INFO - #################  send msg to client successfully,the msg is as follow:  #################
2019-01-15 18:18:18,895 - tornado.application - INFO - {'state': 'heartbeat', 'worker_id': 27071}
2019-01-15 18:18:58,947 - tornado.application - INFO - {'state': 'heartbeat', 'worker_id': 27071}
2019-01-15 18:19:38,985 - tornado.application - INFO - #################  send msg to client successfully,the msg is as follow:  #################
2019-01-15 18:19:38,985 - tornado.application - INFO - {'state': 'heartbeat', 'worker_id': 27071}
2019-01-15 18:20:59,066 - tornado.application - INFO - {'state': 'heartbeat', 'worker_id': 27071}
2019-01-15 18:21:39,110 - tornado.application - INFO - {'state': 'heartbeat', 'worker_id': 27071}
2019-01-15 18:22:59,198 - tornado.application - INFO - #################  send msg to client successfully,the msg is as follow:  #################
2019-01-15 18:23:39,246 - tornado.application - INFO - {'state': 'heartbeat', 'worker_id': 27071}
2019-01-15 18:24:19,286 - tornado.application - INFO - #################  send msg to client successfully,the msg is as follow:  #################
2019-01-15 18:25:19,348 - tornado.application - INFO - {'state': 'heartbeat', 'worker_id': 27071}
2019-01-15 18:25:39,368 - tornado.application - INFO - {'state': 'heartbeat', 'worker_id': 27071}
2019-01-15 18:25:59,389 - tornado.application - INFO - {'state': 'heartbeat', 'worker_id': 27071}
2019-01-15 18:27:39,490 - tornado.application - INFO - #################  send msg to client successfully,the msg is as follow:  #################
2019-01-15 18:27:59,517 - tornado.application - INFO - {'state': 'heartbeat', 'worker_id': 27071}
2019-01-15 18:28:39,559 - tornado.application - INFO - {'state': 'heartbeat', 'worker_id': 27071}
2019-01-15 18:29:39,628 - tornado.application - INFO - #################  send msg to client successfully,the msg is as follow:  #################
2019-01-15 18:32:19,791 - tornado.application - INFO - {'state': 'heartbeat', 'worker_id': 27071}
2019-01-15 18:32:39,808 - tornado.application - INFO - #################  send msg to client successfully,the msg is as follow:  #################
2019-01-15 18:32:59,823 - tornado.application - INFO - #################  send msg to client successfully,the msg is as follow:  #################
2019-01-15 18:33:39,875 - tornado.application - INFO - {'state': 'heartbeat', 'worker_id': 27071}
2019-01-15 18:33:59,895 - tornado.application - INFO - {'state': 'heartbeat', 'worker_id': 27071}
2019-01-15 18:35:19,976 - tornado.application - INFO - #################  send msg to client successfully,the msg is as follow:  #################
2019-01-15 18:36:40,050 - tornado.application - INFO - #################  send msg to client successfully,the msg is as follow:  #################
2019-01-15 18:38:00,131 - tornado.application - INFO - {'state': 'heartbeat', 'worker_id': 27071}
2019-01-15 18:38:40,171 - tornado.application - INFO - {'state': 'heartbeat', 'worker_id': 27071}
2019-01-15 18:39:00,186 - tornado.application - INFO - #################  send msg to client successfully,the msg is as follow:  #################
2019-01-15 18:39:20,207 - tornado.application - INFO - #################  send msg to client successfully,the msg is as follow:  #################
2019-01-15 18:39:20,207 - tornado.application - INFO - {'state': 'heartbeat', 'worker_id': 27071}
2019-01-15 18:40:00,251 - tornado.application - INFO - #################  send msg to client successfully,the msg is as follow:  #################
2019-01-15 18:41:40,349 - tornado.application - INFO - {'state': 'heartbeat', 'worker_id': 27071}
2019-01-15 18:42:00,369 - tornado.application - INFO - #################  send msg to client successfully,the msg is as follow:  #################
2019-01-15 18:42:00,369 - tornado.application - INFO - {'state': 'heartbeat', 'worker_id': 27071}
2019-01-15 18:42:20,390 - tornado.application - INFO - {'state': 'heartbeat', 'worker_id': 27071}
2019-01-15 18:43:00,418 - tornado.application - INFO - #################  send msg to client successfully,the msg is as follow:  #################
2019-01-15 18:43:40,469 - tornado.application - INFO - {'state': 'heartbeat', 'worker_id': 27071}
2019-01-15 18:45:18,721 - tornado.application - INFO - a sparkcontext is creating..
To adjust logging level use sc.setLogLevel(newLevel). For SparkR, use setLogLevel(newLevel).
2019-01-15 18:47:07,281 - tornado.application - INFO - #################  send msg to client successfully,the msg is as follow:  #################
2019-01-15 18:48:27,325 - tornado.application - INFO - {'state': 'heartbeat', 'worker_id': 11459}
2019-01-15 18:48:47,338 - tornado.application - INFO - #################  send msg to client successfully,the msg is as follow:  #################
2019-01-15 18:50:47,433 - tornado.application - INFO - #################  send msg to client successfully,the msg is as follow:  #################
2019-01-15 18:50:47,433 - tornado.application - INFO - {'state': 'heartbeat', 'worker_id': 11459}
2019-01-15 18:51:47,484 - tornado.application - INFO - #################  send msg to client successfully,the msg is as follow:  #################
2019-01-15 18:52:07,501 - tornado.application - INFO - {'state': 'heartbeat', 'worker_id': 11459}
2019-01-15 18:52:47,543 - tornado.application - INFO - {'state': 'heartbeat', 'worker_id': 11459}
2019-01-15 18:53:27,582 - tornado.application - INFO - #################  send msg to client successfully,the msg is as follow:  #################
2019-01-15 18:53:47,603 - tornado.application - INFO - {'state': 'heartbeat', 'worker_id': 11459}
2019-01-15 18:54:27,626 - tornado.application - INFO - #################  send msg to client successfully,the msg is as follow:  #################
2019-01-15 18:54:47,641 - tornado.application - INFO - #################  send msg to client successfully,the msg is as follow:  #################
2019-01-15 18:56:27,737 - tornado.application - INFO - #################  send msg to client successfully,the msg is as follow:  #################
2019-01-15 18:57:07,773 - tornado.application - INFO - {'state': 'heartbeat', 'worker_id': 11459}
2019-01-15 18:57:47,815 - tornado.application - INFO - {'state': 'heartbeat', 'worker_id': 11459}
2019-01-15 18:58:07,832 - tornado.application - INFO - #################  send msg to client successfully,the msg is as follow:  #################
2019-01-15 18:59:27,910 - tornado.application - INFO - {'state': 'heartbeat', 'worker_id': 11459}
2019-01-15 18:59:47,928 - tornado.application - INFO - {'state': 'heartbeat', 'worker_id': 11459}
2019-01-15 19:00:27,955 - tornado.application - INFO - #################  send msg to client successfully,the msg is as follow:  #################
2019-01-15 19:00:27,956 - tornado.application - INFO - {'state': 'heartbeat', 'worker_id': 11459}
2019-01-15 19:01:48,037 - tornado.application - INFO - #################  send msg to client successfully,the msg is as follow:  #################
2019-01-15 20:08:55,247 - tornado.application - INFO - receive message
2019-01-15 20:08:55,247 - tornado.application - INFO - IDLE
2019-01-15 20:09:15,266 - tornado.application - INFO - {'state': 'heartbeat', 'worker_id': 20265}
2019-01-15 20:09:35,287 - tornado.application - INFO - #################  send msg to client successfully,the msg is as follow:  #################
2019-01-15 20:10:35,345 - tornado.application - INFO - {'state': 'heartbeat', 'worker_id': 20265}
2019-01-15 20:11:55,406 - tornado.application - INFO - {'state': 'heartbeat', 'worker_id': 20265}
2019-01-15 20:14:15,543 - tornado.application - INFO - {'state': 'heartbeat', 'worker_id': 20265}
2019-01-15 20:14:35,560 - tornado.application - INFO - {'state': 'heartbeat', 'worker_id': 20265}
2019-01-15 20:16:15,634 - tornado.application - INFO - {'state': 'heartbeat', 'worker_id': 20265}
2019-01-15 20:16:35,648 - tornado.application - INFO - #################  send msg to client successfully,the msg is as follow:  #################
2019-01-15 20:17:35,708 - tornado.application - INFO - {'state': 'heartbeat', 'worker_id': 20265}
2019-01-15 20:17:55,724 - tornado.application - INFO - #################  send msg to client successfully,the msg is as follow:  #################
2019-01-15 20:18:35,759 - tornado.application - INFO - #################  send msg to client successfully,the msg is as follow:  #################
2019-01-15 20:18:55,775 - tornado.application - INFO - {'state': 'heartbeat', 'worker_id': 20265}
2019-01-15 20:19:55,828 - tornado.application - INFO - {'state': 'heartbeat', 'worker_id': 20265}
2019-01-15 20:20:15,848 - tornado.application - INFO - {'state': 'heartbeat', 'worker_id': 20265}
2019-01-15 20:20:35,854 - tornado.application - INFO - #################  send msg to client successfully,the msg is as follow:  #################
2019-01-15 20:20:35,855 - tornado.application - INFO - {'state': 'heartbeat', 'worker_id': 20265}
2019-01-15 20:20:55,873 - tornado.application - INFO - #################  send msg to client successfully,the msg is as follow:  #################
2019-01-15 20:21:35,902 - tornado.application - INFO - {'state': 'heartbeat', 'worker_id': 20265}
2019-01-15 20:21:55,910 - tornado.application - INFO - {'state': 'heartbeat', 'worker_id': 20265}
2019-01-15 20:23:25,928 - tornado.application - INFO - receive message
[Stage 0:>                                                         (0 + 9) / 16]
[Stage 0:==========================================>              (12 + 4) / 16]

2019-01-15 20:23:38,875 - tornado.application - INFO - #################  send msg to client successfully,the msg is as follow:  #################
2019-01-15 20:23:38,875 - tornado.application - INFO - sparkcontext process cost time:12.946762084960938
2019-01-15 20:23:58,890 - tornado.application - INFO - {'state': 'heartbeat', 'worker_id': 20265}
2019-01-15 20:24:19,618 - tornado.application - INFO - {'user_name': '5', 'id': '9118a10d-7783-4f67-9836-a283dcc452ff', 'method': 'ReadingData', 'state': 'busy', 'worker_id': 20265}
2019-01-15 20:24:19,618 - tornado.application - INFO - ##############  Test Sparksession state  ##############
[Stage 8:==============================================>          (13 + 3) / 16]
2019-01-15 20:24:22,611 - tornado.application - INFO - #################  send msg to client successfully,the msg is as follow:  #################
2019-01-15 20:24:22,611 - tornado.application - INFO - sparkcontext process cost time:2.9935359954833984
2019-01-15 20:24:23,038 - tornado.application - INFO - {'user_name': '5', 'id': 'd652d12b-325b-473d-b2b8-bac254118cd7', 'method': 'FeaturePCA', 'state': 'error', 'worker_id': 20265, 'errormessage': 'className is not exist'}
2019-01-15 20:24:58,930 - tornado.application - INFO - #################  send msg to client successfully,the msg is as follow:  #################
2019-01-15 20:25:38,950 - tornado.application - INFO - #################  send msg to client successfully,the msg is as follow:  #################
2019-01-15 20:26:59,015 - tornado.application - INFO - {'state': 'heartbeat', 'worker_id': 20265}
2019-01-15 20:27:39,042 - tornado.application - INFO - #################  send msg to client successfully,the msg is as follow:  #################
2019-01-15 20:28:59,098 - tornado.application - INFO - {'state': 'heartbeat', 'worker_id': 20265}
2019-01-15 20:29:19,116 - tornado.application - INFO - #################  send msg to client successfully,the msg is as follow:  #################
2019-01-15 20:31:19,201 - tornado.application - INFO - #################  send msg to client successfully,the msg is as follow:  #################
2019-01-15 20:31:19,201 - tornado.application - INFO - {'state': 'heartbeat', 'worker_id': 20265}
2019-01-15 20:32:15,771 - tornado.application - INFO - {'msgId': '6091f3f5-fb2b-45a0-aee5-59b9f37c594a', 'data': {'class_name': 'ReadingData', 'param': {'schema': [{'name': 'yl0', 'type': 'timestamp'}, {'name': 'yl1', 'type': 'bigint'}, {'name': 'yl2', 'type': 'bigint'}, {'name': 'yl3', 'type': 'string'}, {'name': 'yl4', 'type': 'string'}, {'name': 'yl5', 'type': 'bigint'}, {'name': 'yl6', 'type': 'string'}, {'name': 'yl7', 'type': 'string'}, {'name': 'yl8', 'type': 'string'}, {'name': 'yl9', 'type': 'string'}, {'name': 'yl10', 'type': 'bigint'}, {'name': 'yl11', 'type': 'bigint'}, {'name': 'yl12', 'type': 'bigint'}, {'name': 'yl13', 'type': 'bigint'}, {'name': 'yl14', 'type': 'bigint'}, {'name': 'yl15', 'type': 'bigint'}, {'name': 'yl16', 'type': 'bigint'}, {'name': 'yl17', 'type': 'bigint'}, {'name': 'yl18', 'type': 'bigint'}, {'name': 'yl19', 'type': 'bigint'}, {'name': 'yl20', 'type': 'bigint'}, {'name': 'yl21', 'type': 'bigint'}, {'name': 'yl22', 'type': 'bigint'}, {'name': 'yl23', 'type': 'double'}, {'name': 'yl24', 'type': 'double'}, {'name': 'yl25', 'type': 'double'}, {'name': 'yl26', 'type': 'double'}, {'name': 'yl27', 'type': 'double'}, {'name': 'yl28', 'type': 'double'}, {'name': 'yl29', 'type': 'double'}, {'name': 'yl30', 'type': 'double'}, {'name': 'yl31', 'type': 'double'}, {'name': 'yl32', 'type': 'double'}, {'name': 'yl33', 'type': 'double'}, {'name': 'yl34', 'type': 'double'}, {'name': 'yl35', 'type': 'double'}, {'name': 'yl36', 'type': 'double'}, {'name': 'yl37', 'type': 'double'}, {'name': 'yl38', 'type': 'bigint'}, {'name': 'yl39', 'type': 'bigint'}, {'name': 'yl40', 'type': 'bigint'}, {'name': 'yl41', 'type': 'bigint'}, {'name': 'yl42', 'type': 'bigint'}, {'name': 'yl43', 'type': 'bigint'}, {'name': 'yl44', 'type': 'bigint'}, {'name': 'yl45', 'type': 'bigint'}, {'name': 'yl46', 'type': 'bigint'}, {'name': 'yl47', 'type': 'bigint'}, {'name': 'yl48', 'type': 'bigint'}, {'name': 'yl49', 'type': 'bigint'}, {'name': 'yl50', 'type': 'bigint'}, {'name': 'yl51', 'type': 'bigint'}, {'name': 'yl52', 'type': 'bigint'}, {'name': 'yl53', 'type': 'double'}, {'name': 'yl54', 'type': 'double'}, {'name': 'yl55', 'type': 'double'}, {'name': 'yl56', 'type': 'double'}, {'name': 'yl57', 'type': 'double'}, {'name': 'yl58', 'type': 'double'}, {'name': 'yl59', 'type': 'double'}, {'name': 'yl60', 'type': 'double'}, {'name': 'yl61', 'type': 'double'}, {'name': 'yl62', 'type': 'double'}, {'name': 'yl63', 'type': 'double'}, {'name': 'yl64', 'type': 'double'}, {'name': 'yl65', 'type': 'double'}, {'name': 'yl66', 'type': 'double'}, {'name': 'yl67', 'type': 'bigint'}, {'name': 'yl68', 'type': 'bigint'}, {'name': 'yl69', 'type': 'bigint'}, {'name': 'yl70', 'type': 'bigint'}, {'name': 'yl71', 'type': 'bigint'}, {'name': 'yl72', 'type': 'bigint'}, {'name': 'yl73', 'type': 'bigint'}, {'name': 'yl74', 'type': 'bigint'}, {'name': 'yl75', 'type': 'bigint'}, {'name': 'yl76', 'type': 'bigint'}, {'name': 'yl77', 'type': 'bigint'}, {'name': 'yl78', 'type': 'bigint'}, {'name': 'yl79', 'type': 'bigint'}, {'name': 'yl80', 'type': 'bigint'}, {'name': 'yl81', 'type': 'double'}, {'name': 'yl82', 'type': 'double'}, {'name': 'yl83', 'type': 'double'}, {'name': 'yl84', 'type': 'double'}, {'name': 'yl85', 'type': 'double'}, {'name': 'yl86', 'type': 'double'}, {'name': 'yl87', 'type': 'double'}, {'name': 'yl88', 'type': 'double'}, {'name': 'yl89', 'type': 'double'}, {'name': 'yl90', 'type': 'double'}, {'name': 'yl91', 'type': 'double'}, {'name': 'yl92', 'type': 'double'}, {'name': 'yl93', 'type': 'double'}, {'name': 'yl94', 'type': 'double'}, {'name': 'yl95', 'type': 'double'}, {'name': 'yl96', 'type': 'double'}, {'name': 'yl97', 'type': 'double'}, {'name': 'yl98', 'type': 'double'}, {'name': 'yl99', 'type': 'double'}, {'name': 'yl100', 'type': 'double'}, {'name': 'yl101', 'type': 'double'}, {'name': 'yl102', 'type': 'double'}, {'name': 'yl103', 'type': 'double'}, {'name': 'yl104', 'type': 'double'}, {'name': 'yl105', 'type': 'double'}, {'name': 'yl106', 'type': 'double'}, {'name': 'yl107', 'type': 'double'}, {'name': 'yl108', 'type': 'double'}, {'name': 'yl109', 'type': 'double'}, {'name': 'yl110', 'type': 'double'}, {'name': 'yl111', 'type': 'double'}, {'name': 'yl112', 'type': 'double'}, {'name': 'yl113', 'type': 'double'}, {'name': 'yl114', 'type': 'bigint'}, {'name': 'yl115', 'type': 'bigint'}, {'name': 'yl116', 'type': 'bigint'}, {'name': 'yl117', 'type': 'bigint'}, {'name': 'yl118', 'type': 'bigint'}, {'name': 'yl119', 'type': 'bigint'}, {'name': 'yl120', 'type': 'bigint'}, {'name': 'yl121', 'type': 'bigint'}, {'name': 'yl122', 'type': 'bigint'}, {'name': 'yl123', 'type': 'bigint'}, {'name': 'yl124', 'type': 'bigint'}, {'name': 'yl125', 'type': 'bigint'}, {'name': 'yl126', 'type': 'bigint'}, {'name': 'yl127', 'type': 'bigint'}, {'name': 'yl128', 'type': 'bigint'}, {'name': 'yl129', 'type': 'bigint'}, {'name': 'yl130', 'type': 'bigint'}, {'name': 'yl131', 'type': 'bigint'}, {'name': 'yl132', 'type': 'bigint'}, {'name': 'yl133', 'type': 'bigint'}, {'name': 'yl134', 'type': 'bigint'}, {'name': 'yl135', 'type': 'bigint'}, {'name': 'yl136', 'type': 'bigint'}, {'name': 'yl137', 'type': 'bigint'}, {'name': 'yl138', 'type': 'bigint'}, {'name': 'yl139', 'type': 'bigint'}, {'name': 'yl140', 'type': 'bigint'}, {'name': 'yl141', 'type': 'bigint'}, {'name': 'yl142', 'type': 'bigint'}, {'name': 'yl143', 'type': 'bigint'}, {'name': 'yl144', 'type': 'bigint'}, {'name': 'yl145', 'type': 'bigint'}, {'name': 'yl146', 'type': 'bigint'}, {'name': 'yl147', 'type': 'bigint'}, {'name': 'yl148', 'type': 'bigint'}, {'name': 'yl149', 'type': 'bigint'}, {'name': 'yl150', 'type': 'bigint'}, {'name': 'yl151', 'type': 'bigint'}, {'name': 'yl152', 'type': 'bigint'}, {'name': 'yl153', 'type': 'bigint'}, {'name': 'yl154', 'type': 'bigint'}, {'name': 'yl155', 'type': 'bigint'}, {'name': 'yl156', 'type': 'bigint'}, {'name': 'yl157', 'type': 'bigint'}, {'name': 'yl158', 'type': 'bigint'}, {'name': 'yl159', 'type': 'bigint'}, {'name': 'yl160', 'type': 'bigint'}, {'name': 'yl161', 'type': 'bigint'}, {'name': 'yl162', 'type': 'bigint'}, {'name': 'yl163', 'type': 'bigint'}, {'name': 'yl164', 'type': 'bigint'}, {'name': 'yl165', 'type': 'bigint'}, {'name': 'yl166', 'type': 'bigint'}, {'name': 'yl167', 'type': 'bigint'}, {'name': 'yl168', 'type': 'bigint'}, {'name': 'yl169', 'type': 'bigint'}, {'name': 'yl170', 'type': 'bigint'}, {'name': 'yl171', 'type': 'bigint'}, {'name': 'yl172', 'type': 'bigint'}, {'name': 'yl173', 'type': 'bigint'}, {'name': 'yl174', 'type': 'bigint'}, {'name': 'yl175', 'type': 'bigint'}, {'name': 'yl176', 'type': 'bigint'}, {'name': 'yl177', 'type': 'bigint'}, {'name': 'yl178', 'type': 'bigint'}, {'name': 'yl179', 'type': 'bigint'}, {'name': 'yl180', 'type': 'bigint'}, {'name': 'yl181', 'type': 'bigint'}, {'name': 'yl182', 'type': 'bigint'}, {'name': 'yl183', 'type': 'bigint'}, {'name': 'yl184', 'type': 'bigint'}, {'name': 'yl185', 'type': 'bigint'}, {'name': 'yl186', 'type': 'bigint'}, {'name': 'yl187', 'type': 'bigint'}, {'name': 'yl188', 'type': 'bigint'}, {'name': 'yl189', 'type': 'bigint'}, {'name': 'yl190', 'type': 'bigint'}, {'name': 'yl191', 'type': 'double'}, {'name': 'yl192', 'type': 'double'}, {'name': 'yl193', 'type': 'double'}, {'name': 'yl194', 'type': 'bigint'}, {'name': 'yl195', 'type': 'bigint'}, {'name': 'yl196', 'type': 'bigint'}, {'name': 'yl197', 'type': 'bigint'}, {'name': 'yl198', 'type': 'bigint'}, {'name': 'yl199', 'type': 'bigint'}, {'name': 'yl200', 'type': 'double'}, {'name': 'yl201', 'type': 'double'}, {'name': 'yl202', 'type': 'double'}, {'name': 'yl203', 'type': 'double'}, {'name': 'yl204', 'type': 'double'}, {'name': 'yl205', 'type': 'double'}, {'name': 'yl206', 'type': 'double'}, {'name': 'yl207', 'type': 'double'}, {'name': 'yl208', 'type': 'double'}, {'name': 'yl209', 'type': 'double'}, {'name': 'yl210', 'type': 'double'}, {'name': 'yl211', 'type': 'double'}, {'name': 'yl212', 'type': 'double'}, {'name': 'yl213', 'type': 'bigint'}, {'name': 'yl214', 'type': 'double'}, {'name': 'yl215', 'type': 'double'}, {'name': 'yl216', 'type': 'double'}, {'name': 'yl217', 'type': 'double'}, {'name': 'yl218', 'type': 'bigint'}, {'name': 'yl219', 'type': 'double'}, {'name': 'yl220', 'type': 'double'}, {'name': 'yl221', 'type': 'double'}, {'name': 'yl222', 'type': 'double'}, {'name': 'yl223', 'type': 'double'}, {'name': 'yl224', 'type': 'double'}, {'name': 'yl225', 'type': 'double'}, {'name': 'yl226', 'type': 'double'}, {'name': 'yl227', 'type': 'double'}, {'name': 'yl228', 'type': 'double'}, {'name': 'yl229', 'type': 'double'}, {'name': 'yl230', 'type': 'double'}, {'name': 'yl231', 'type': 'double'}, {'name': 'yl232', 'type': 'double'}, {'name': 'yl233', 'type': 'bigint'}, {'name': 'yl234', 'type': 'bigint'}, {'name': 'yl235', 'type': 'bigint'}, {'name': 'yl236', 'type': 'bigint'}, {'name': 'yl237', 'type': 'bigint'}, {'name': 'yl238', 'type': 'bigint'}, {'name': 'yl239', 'type': 'bigint'}, {'name': 'yl240', 'type': 'bigint'}, {'name': 'yl241', 'type': 'string'}, {'name': 'yl242', 'type': 'string'}, {'name': 'yl243', 'type': 'bigint'}, {'name': 'yl244', 'type': 'string'}, {'name': 'yl245', 'type': 'double'}, {'name': 'yl246', 'type': 'double'}, {'name': 'yl247', 'type': 'bigint'}, {'name': 'yl248', 'type': 'bigint'}, {'name': 'yl249', 'type': 'double'}, {'name': 'yl250', 'type': 'double'}, {'name': 'yl251', 'type': 'double'}, {'name': 'yl252', 'type': 'double'}, {'name': 'yl253', 'type': 'double'}, {'name': 'yl254', 'type': 'double'}, {'name': 'yl255', 'type': 'double'}, {'name': 'yl256', 'type': 'double'}, {'name': 'yl257', 'type': 'double'}, {'name': 'yl258', 'type': 'double'}, {'name': 'yl259', 'type': 'double'}, {'name': 'yl260', 'type': 'double'}, {'name': 'yl261', 'type': 'double'}, {'name': 'yl262', 'type': 'double'}, {'name': 'yl263', 'type': 'double'}, {'name': 'yl264', 'type': 'double'}, {'name': 'yl265', 'type': 'double'}, {'name': 'yl266', 'type': 'double'}, {'name': 'yl267', 'type': 'bigint'}, {'name': 'yl268', 'type': 'double'}, {'name': 'yl269', 'type': 'bigint'}, {'name': 'yl270', 'type': 'bigint'}, {'name': 'yl271', 'type': 'bigint'}, {'name': 'yl272', 'type': 'bigint'}, {'name': 'yl273', 'type': 'bigint'}, {'name': 'yl274', 'type': 'bigint'}, {'name': 'yl275', 'type': 'bigint'}, {'name': 'yl276', 'type': 'bigint'}, {'name': 'yl277', 'type': 'bigint'}, {'name': 'yl278', 'type': 'bigint'}, {'name': 'yl279', 'type': 'bigint'}, {'name': 'yl280', 'type': 'bigint'}, {'name': 'yl281', 'type': 'bigint'}, {'name': 'yl282', 'type': 'bigint'}, {'name': 'yl283', 'type': 'bigint'}, {'name': 'yl284', 'type': 'bigint'}, {'name': 'yl285', 'type': 'bigint'}, {'name': 'yl286', 'type': 'bigint'}, {'name': 'yl287', 'type': 'bigint'}, {'name': 'yl288', 'type': 'bigint'}, {'name': 'yl289', 'type': 'bigint'}, {'name': 'yl290', 'type': 'bigint'}, {'name': 'yl291', 'type': 'bigint'}, {'name': 'yl292', 'type': 'bigint'}, {'name': 'yl293', 'type': 'bigint'}, {'name': 'yl294', 'type': 'double'}, {'name': 'yl295', 'type': 'bigint'}, {'name': 'yl296', 'type': 'double'}, {'name': 'yl297', 'type': 'bigint'}, {'name': 'yl298', 'type': 'double'}, {'name': 'yl299', 'type': 'double'}, {'name': 'yl300', 'type': 'double'}, {'name': 'yl301', 'type': 'double'}, {'name': 'yl302', 'type': 'double'}, {'name': 'yl303', 'type': 'double'}, {'name': 'yl304', 'type': 'bigint'}, {'name': 'yl305', 'type': 'bigint'}, {'name': 'yl306', 'type': 'bigint'}, {'name': 'yl307', 'type': 'bigint'}, {'name': 'yl308', 'type': 'bigint'}, {'name': 'yl309', 'type': 'bigint'}, {'name': 'yl310', 'type': 'bigint'}, {'name': 'yl311', 'type': 'bigint'}, {'name': 'yl312', 'type': 'bigint'}, {'name': 'yl313', 'type': 'bigint'}, {'name': 'yl314', 'type': 'bigint'}, {'name': 'yl315', 'type': 'double'}, {'name': 'yl316', 'type': 'double'}, {'name': 'yl317', 'type': 'double'}, {'name': 'yl318', 'type': 'bigint'}, {'name': 'yl319', 'type': 'bigint'}, {'name': 'yl320', 'type': 'bigint'}, {'name': 'yl321', 'type': 'bigint'}, {'name': 'yl322', 'type': 'bigint'}, {'name': 'yl323', 'type': 'bigint'}, {'name': 'yl324', 'type': 'bigint'}, {'name': 'yl325', 'type': 'bigint'}, {'name': 'yl326', 'type': 'bigint'}, {'name': 'yl327', 'type': 'bigint'}, {'name': 'yl328', 'type': 'bigint'}, {'name': 'yl329', 'type': 'bigint'}, {'name': 'yl330', 'type': 'bigint'}, {'name': 'yl331', 'type': 'bigint'}, {'name': 'yl332', 'type': 'bigint'}, {'name': 'yl333', 'type': 'bigint'}, {'name': 'yl334', 'type': 'bigint'}, {'name': 'yl335', 'type': 'bigint'}, {'name': 'yl336', 'type': 'bigint'}, {'name': 'yl337', 'type': 'bigint'}, {'name': 'yl338', 'type': 'bigint'}, {'name': 'yl339', 'type': 'bigint'}, {'name': 'yl340', 'type': 'bigint'}, {'name': 'yl341', 'type': 'bigint'}, {'name': 'yl342', 'type': 'bigint'}, {'name': 'yl343', 'type': 'bigint'}, {'name': 'yl344', 'type': 'bigint'}, {'name': 'yl345', 'type': 'bigint'}, {'name': 'yl346', 'type': 'bigint'}, {'name': 'yl347', 'type': 'bigint'}, {'name': 'yl348', 'type': 'bigint'}, {'name': 'yl349', 'type': 'double'}, {'name': 'yl350', 'type': 'double'}, {'name': 'yl351', 'type': 'bigint'}, {'name': 'yl352', 'type': 'bigint'}, {'name': 'yl353', 'type': 'bigint'}, {'name': 'yl354', 'type': 'bigint'}, {'name': 'yl355', 'type': 'double'}, {'name': 'yl356', 'type': 'double'}, {'name': 'yl357', 'type': 'bigint'}, {'name': 'yl358', 'type': 'bigint'}, {'name': 'yl359', 'type': 'bigint'}, {'name': 'yl360', 'type': 'bigint'}, {'name': 'yl361', 'type': 'bigint'}, {'name': 'yl362', 'type': 'bigint'}, {'name': 'yl363', 'type': 'bigint'}, {'name': 'yl364', 'type': 'bigint'}, {'name': 'yl365', 'type': 'bigint'}, {'name': 'yl366', 'type': 'bigint'}, {'name': 'yl367', 'type': 'bigint'}, {'name': 'yl368', 'type': 'bigint'}, {'name': 'yl369', 'type': 'bigint'}, {'name': 'yl370', 'type': 'bigint'}, {'name': 'yl371', 'type': 'double'}, {'name': 'yl372', 'type': 'bigint'}, {'name': 'yl373', 'type': 'bigint'}, {'name': 'yl374', 'type': 'bigint'}, {'name': 'yl375', 'type': 'bigint'}, {'name': 'yl376', 'type': 'bigint'}, {'name': 'yl377', 'type': 'bigint'}, {'name': 'yl378', 'type': 'bigint'}, {'name': 'yl379', 'type': 'bigint'}, {'name': 'yl380', 'type': 'bigint'}, {'name': 'yl381', 'type': 'bigint'}, {'name': 'yl382', 'type': 'double'}, {'name': 'yl383', 'type': 'double'}, {'name': 'yl384', 'type': 'bigint'}, {'name': 'yl385', 'type': 'bigint'}, {'name': 'yl386', 'type': 'double'}, {'name': 'yl387', 'type': 'double'}, {'name': 'yl388', 'type': 'double'}, {'name': 'yl389', 'type': 'bigint'}, {'name': 'yl390', 'type': 'bigint'}, {'name': 'yl391', 'type': 'bigint'}, {'name': 'yl392', 'type': 'bigint'}, {'name': 'yl393', 'type': 'double'}, {'name': 'yl394', 'type': 'double'}, {'name': 'yl395', 'type': 'bigint'}, {'name': 'yl396', 'type': 'bigint'}, {'name': 'yl397', 'type': 'bigint'}, {'name': 'yl398', 'type': 'bigint'}, {'name': 'yl399', 'type': 'bigint'}, {'name': 'yl400', 'type': 'bigint'}, {'name': 'yl401', 'type': 'bigint'}, {'name': 'yl402', 'type': 'bigint'}, {'name': 'yl403', 'type': 'bigint'}, {'name': 'yl404', 'type': 'bigint'}, {'name': 'yl405', 'type': 'bigint'}, {'name': 'yl406', 'type': 'bigint'}, {'name': 'yl407', 'type': 'bigint'}, {'name': 'yl408', 'type': 'bigint'}, {'name': 'yl409', 'type': 'bigint'}, {'name': 'yl410', 'type': 'double'}, {'name': 'yl411', 'type': 'double'}, {'name': 'yl412', 'type': 'double'}, {'name': 'yl413', 'type': 'bigint'}, {'name': 'yl414', 'type': 'bigint'}, {'name': 'yl415', 'type': 'double'}, {'name': 'yl416', 'type': 'double'}, {'name': 'yl417', 'type': 'bigint'}, {'name': 'yl418', 'type': 'bigint'}, {'name': 'yl419', 'type': 'double'}, {'name': 'yl420', 'type': 'double'}, {'name': 'yl421', 'type': 'double'}, {'name': 'yl422', 'type': 'bigint'}, {'name': 'yl423', 'type': 'bigint'}, {'name': 'yl424', 'type': 'double'}, {'name': 'yl425', 'type': 'double'}, {'name': 'yl426', 'type': 'bigint'}, {'name': 'yl427', 'type': 'bigint'}, {'name': 'yl428', 'type': 'bigint'}, {'name': 'yl429', 'type': 'double'}, {'name': 'yl430', 'type': 'double'}, {'name': 'yl431', 'type': 'bigint'}, {'name': 'yl432', 'type': 'bigint'}, {'name': 'yl433', 'type': 'bigint'}, {'name': 'yl434', 'type': 'double'}, {'name': 'yl435', 'type': 'double'}, {'name': 'yl436', 'type': 'double'}, {'name': 'yl437', 'type': 'bigint'}, {'name': 'yl438', 'type': 'bigint'}, {'name': 'yl439', 'type': 'bigint'}, {'name': 'yl440', 'type': 'bigint'}, {'name': 'yl441', 'type': 'bigint'}, {'name': 'yl442', 'type': 'bigint'}, {'name': 'yl443', 'type': 'bigint'}, {'name': 'yl444', 'type': 'bigint'}, {'name': 'yl445', 'type': 'bigint'}, {'name': 'yl446', 'type': 'bigint'}, {'name': 'yl447', 'type': 'bigint'}, {'name': 'yl448', 'type': 'bigint'}, {'name': 'yl449', 'type': 'bigint'}, {'name': 'yl450', 'type': 'bigint'}, {'name': 'yl451', 'type': 'bigint'}, {'name': 'yl452', 'type': 'double'}, {'name': 'yl453', 'type': 'double'}, {'name': 'yl454', 'type': 'double'}, {'name': 'yl455', 'type': 'bigint'}, {'name': 'yl456', 'type': 'bigint'}, {'name': 'yl457', 'type': 'bigint'}, {'name': 'yl458', 'type': 'bigint'}, {'name': 'yl459', 'type': 'bigint'}, {'name': 'yl460', 'type': 'bigint'}, {'name': 'yl461', 'type': 'bigint'}, {'name': 'yl462', 'type': 'double'}, {'name': 'yl463', 'type': 'double'}, {'name': 'yl464', 'type': 'double'}, {'name': 'yl465', 'type': 'bigint'}, {'name': 'yl466', 'type': 'bigint'}, {'name': 'yl467', 'type': 'bigint'}, {'name': 'yl468', 'type': 'double'}, {'name': 'yl469', 'type': 'double'}, {'name': 'yl470', 'type': 'double'}, {'name': 'yl471', 'type': 'bigint'}, {'name': 'yl472', 'type': 'bigint'}, {'name': 'yl473', 'type': 'bigint'}, {'name': 'yl474', 'type': 'double'}, {'name': 'yl475', 'type': 'double'}, {'name': 'yl476', 'type': 'double'}, {'name': 'yl477', 'type': 'bigint'}, {'name': 'yl478', 'type': 'bigint'}, {'name': 'yl479', 'type': 'bigint'}, {'name': 'yl480', 'type': 'bigint'}, {'name': 'yl481', 'type': 'double'}, {'name': 'yl482', 'type': 'double'}, {'name': 'yl483', 'type': 'bigint'}, {'name': 'yl484', 'type': 'bigint'}, {'name': 'yl485', 'type': 'bigint'}, {'name': 'yl486', 'type': 'bigint'}, {'name': 'yl487', 'type': 'bigint'}, {'name': 'yl488', 'type': 'bigint'}, {'name': 'yl489', 'type': 'bigint'}, {'name': 'yl490', 'type': 'bigint'}, {'name': 'yl491', 'type': 'bigint'}, {'name': 'yl492', 'type': 'bigint'}, {'name': 'yl493', 'type': 'bigint'}, {'name': 'yl494', 'type': 'bigint'}, {'name': 'yl495', 'type': 'bigint'}, {'name': 'yl496', 'type': 'bigint'}, {'name': 'yl497', 'type': 'bigint'}, {'name': 'yl498', 'type': 'double'}, {'name': 'yl499', 'type': 'double'}, {'name': 'yl500', 'type': 'bigint'}, {'name': 'yl501', 'type': 'bigint'}, {'name': 'yl502', 'type': 'double'}, {'name': 'yl503', 'type': 'double'}, {'name': 'yl504', 'type': 'double'}, {'name': 'yl505', 'type': 'bigint'}, {'name': 'yl506', 'type': 'bigint'}, {'name': 'yl507', 'type': 'bigint'}, {'name': 'yl508', 'type': 'bigint'}, {'name': 'yl509', 'type': 'bigint'}, {'name': 'yl510', 'type': 'bigint'}, {'name': 'yl511', 'type': 'bigint'}, {'name': 'yl512', 'type': 'bigint'}, {'name': 'yl513', 'type': 'bigint'}, {'name': 'yl514', 'type': 'double'}, {'name': 'yl515', 'type': 'double'}, {'name': 'yl516', 'type': 'double'}, {'name': 'yl517', 'type': 'bigint'}, {'name': 'yl518', 'type': 'bigint'}, {'name': 'yl519', 'type': 'bigint'}, {'name': 'yl520', 'type': 'double'}, {'name': 'yl521', 'type': 'double'}, {'name': 'yl522', 'type': 'double'}, {'name': 'yl523', 'type': 'bigint'}, {'name': 'yl524', 'type': 'bigint'}, {'name': 'yl525', 'type': 'bigint'}, {'name': 'yl526', 'type': 'double'}, {'name': 'yl527', 'type': 'double'}, {'name': 'yl528', 'type': 'bigint'}, {'name': 'yl529', 'type': 'bigint'}, {'name': 'yl530', 'type': 'double'}, {'name': 'yl531', 'type': 'double'}, {'name': 'yl532', 'type': 'double'}, {'name': 'yl533', 'type': 'double'}, {'name': 'yl534', 'type': 'double'}, {'name': 'yl535', 'type': 'double'}, {'name': 'yl536', 'type': 'double'}, {'name': 'yl537', 'type': 'double'}, {'name': 'yl538', 'type': 'double'}, {'name': 'yl539', 'type': 'double'}, {'name': 'yl540', 'type': 'double'}, {'name': 'yl541', 'type': 'double'}, {'name': 'yl542', 'type': 'bigint'}, {'name': 'yl543', 'type': 'bigint'}, {'name': 'yl544', 'type': 'bigint'}, {'name': 'yl545', 'type': 'bigint'}, {'name': 'yl546', 'type': 'bigint'}, {'name': 'yl547', 'type': 'bigint'}, {'name': 'yl548', 'type': 'bigint'}, {'name': 'yl549', 'type': 'bigint'}, {'name': 'yl550', 'type': 'bigint'}, {'name': 'yl551', 'type': 'bigint'}, {'name': 'yl552', 'type': 'bigint'}, {'name': 'yl553', 'type': 'bigint'}, {'name': 'yl554', 'type': 'double'}, {'name': 'yl555', 'type': 'double'}, {'name': 'yl556', 'type': 'double'}, {'name': 'yl557', 'type': 'double'}, {'name': 'yl558', 'type': 'bigint'}, {'name': 'yl559', 'type': 'bigint'}, {'name': 'yl560', 'type': 'double'}, {'name': 'yl561', 'type': 'double'}, {'name': 'yl562', 'type': 'double'}, {'name': 'yl563', 'type': 'bigint'}, {'name': 'yl564', 'type': 'bigint'}, {'name': 'yl565', 'type': 'bigint'}, {'name': 'yl566', 'type': 'double'}, {'name': 'yl567', 'type': 'double'}, {'name': 'yl568', 'type': 'double'}, {'name': 'yl569', 'type': 'bigint'}, {'name': 'yl570', 'type': 'bigint'}, {'name': 'yl571', 'type': 'bigint'}, {'name': 'yl572', 'type': 'bigint'}, {'name': 'yl573', 'type': 'bigint'}, {'name': 'yl574', 'type': 'bigint'}, {'name': 'yl575', 'type': 'bigint'}, {'name': 'yl576', 'type': 'bigint'}, {'name': 'yl577', 'type': 'bigint'}, {'name': 'yl578', 'type': 'bigint'}, {'name': 'yl579', 'type': 'bigint'}, {'name': 'yl580', 'type': 'bigint'}, {'name': 'yl581', 'type': 'bigint'}, {'name': 'yl582', 'type': 'bigint'}, {'name': 'yl583', 'type': 'bigint'}, {'name': 'yl584', 'type': 'bigint'}, {'name': 'yl585', 'type': 'bigint'}, {'name': 'yl586', 'type': 'bigint'}, {'name': 'yl587', 'type': 'bigint'}, {'name': 'yl588', 'type': 'bigint'}, {'name': 'yl589', 'type': 'bigint'}, {'name': 'yl590', 'type': 'bigint'}, {'name': 'yl591', 'type': 'bigint'}, {'name': 'yl592', 'type': 'bigint'}, {'name': 'yl593', 'type': 'bigint'}, {'name': 'yl594', 'type': 'bigint'}, {'name': 'yl595', 'type': 'bigint'}, {'name': 'yl596', 'type': 'bigint'}, {'name': 'yl597', 'type': 'bigint'}, {'name': 'yl598', 'type': 'bigint'}, {'name': 'yl599', 'type': 'bigint'}, {'name': 'yl600', 'type': 'bigint'}, {'name': 'yl601', 'type': 'bigint'}, {'name': 'yl602', 'type': 'bigint'}, {'name': 'yl603', 'type': 'bigint'}, {'name': 'yl604', 'type': 'bigint'}, {'name': 'yl605', 'type': 'bigint'}, {'name': 'yl606', 'type': 'bigint'}, {'name': 'yl607', 'type': 'bigint'}, {'name': 'yl608', 'type': 'bigint'}, {'name': 'yl609', 'type': 'bigint'}, {'name': 'yl610', 'type': 'bigint'}, {'name': 'yl611', 'type': 'bigint'}, {'name': 'yl612', 'type': 'bigint'}, {'name': 'yl613', 'type': 'bigint'}, {'name': 'yl614', 'type': 'bigint'}, {'name': 'yl615', 'type': 'bigint'}, {'name': 'yl616', 'type': 'bigint'}, {'name': 'yl617', 'type': 'bigint'}, {'name': 'yl618', 'type': 'bigint'}, {'name': 'yl619', 'type': 'bigint'}, {'name': 'yl620', 'type': 'bigint'}, {'name': 'yl621', 'type': 'string'}, {'name': 'yl622', 'type': 'string'}, {'name': 'yl623', 'type': 'bigint'}, {'name': 'yl624', 'type': 'bigint'}, {'name': 'yl625', 'type': 'bigint'}, {'name': 'yl626', 'type': 'bigint'}, {'name': 'yl627', 'type': 'bigint'}, {'name': 'yl628', 'type': 'bigint'}, {'name': 'yl629', 'type': 'bigint'}, {'name': 'yl630', 'type': 'bigint'}, {'name': 'yl631', 'type': 'bigint'}, {'name': 'yl632', 'type': 'bigint'}, {'name': 'yl633', 'type': 'bigint'}, {'name': 'yl634', 'type': 'bigint'}, {'name': 'yl635', 'type': 'bigint'}, {'name': 'yl636', 'type': 'bigint'}, {'name': 'yl637', 'type': 'bigint'}, {'name': 'yl638', 'type': 'bigint'}, {'name': 'yl639', 'type': 'bigint'}, {'name': 'yl640', 'type': 'bigint'}, {'name': 'yl641', 'type': 'bigint'}, {'name': 'yl642', 'type': 'bigint'}, {'name': 'yl643', 'type': 'bigint'}, {'name': 'yl644', 'type': 'bigint'}, {'name': 'yl645', 'type': 'bigint'}, {'name': 'yl646', 'type': 'bigint'}, {'name': 'yl647', 'type': 'bigint'}, {'name': 'yl648', 'type': 'bigint'}, {'name': 'yl649', 'type': 'bigint'}, {'name': 'yl650', 'type': 'bigint'}, {'name': 'yl651', 'type': 'bigint'}, {'name': 'yl652', 'type': 'bigint'}, {'name': 'yl653', 'type': 'bigint'}, {'name': 'yl654', 'type': 'bigint'}, {'name': 'yl655', 'type': 'bigint'}, {'name': 'yl656', 'type': 'bigint'}, {'name': 'yl657', 'type': 'bigint'}, {'name': 'yl658', 'type': 'bigint'}, {'name': 'yl659', 'type': 'bigint'}, {'name': 'yl660', 'type': 'bigint'}, {'name': 'yl661', 'type': 'bigint'}, {'name': 'yl662', 'type': 'bigint'}, {'name': 'yl663', 'type': 'bigint'}, {'name': 'yl664', 'type': 'bigint'}, {'name': 'yl665', 'type': 'bigint'}, {'name': 'yl666', 'type': 'double'}, {'name': 'yl667', 'type': 'double'}, {'name': 'yl668', 'type': 'bigint'}, {'name': 'yl669', 'type': 'bigint'}, {'name': 'yl670', 'type': 'double'}, {'name': 'yl671', 'type': 'double'}, {'name': 'yl672', 'type': 'double'}, {'name': 'yl673', 'type': 'double'}, {'name': 'yl674', 'type': 'double'}, {'name': 'yl675', 'type': 'double'}, {'name': 'yl676', 'type': 'double'}, {'name': 'yl677', 'type': 'double'}, {'name': 'yl678', 'type': 'double'}, {'name': 'yl679', 'type': 'double'}, {'name': 'yl680', 'type': 'double'}, {'name': 'yl681', 'type': 'double'}, {'name': 'yl682', 'type': 'double'}, {'name': 'yl683', 'type': 'double'}, {'name': 'yl684', 'type': 'double'}, {'name': 'yl685', 'type': 'double'}, {'name': 'yl686', 'type': 'double'}, {'name': 'yl687', 'type': 'double'}, {'name': 'yl688', 'type': 'double'}, {'name': 'yl689', 'type': 'double'}, {'name': 'yl690', 'type': 'double'}, {'name': 'yl691', 'type': 'bigint'}, {'name': 'yl692', 'type': 'bigint'}, {'name': 'yl693', 'type': 'bigint'}, {'name': 'yl694', 'type': 'bigint'}, {'name': 'yl695', 'type': 'bigint'}, {'name': 'yl696', 'type': 'bigint'}, {'name': 'yl697', 'type': 'bigint'}, {'name': 'yl698', 'type': 'bigint'}, {'name': 'yl699', 'type': 'bigint'}, {'name': 'yl700', 'type': 'bigint'}, {'name': 'yl701', 'type': 'bigint'}, {'name': 'yl702', 'type': 'bigint'}, {'name': 'yl703', 'type': 'bigint'}, {'name': 'yl704', 'type': 'bigint'}, {'name': 'yl705', 'type': 'bigint'}, {'name': 'yl706', 'type': 'double'}, {'name': 'yl707', 'type': 'bigint'}, {'name': 'yl708', 'type': 'double'}, {'name': 'yl709', 'type': 'bigint'}, {'name': 'yl710', 'type': 'double'}, {'name': 'yl711', 'type': 'bigint'}, {'name': 'yl712', 'type': 'double'}, {'name': 'yl713', 'type': 'bigint'}, {'name': 'yl714', 'type': 'double'}, {'name': 'yl715', 'type': 'bigint'}, {'name': 'yl716', 'type': 'double'}, {'name': 'yl717', 'type': 'bigint'}, {'name': 'yl718', 'type': 'double'}, {'name': 'yl719', 'type': 'bigint'}, {'name': 'yl720', 'type': 'double'}, {'name': 'yl721', 'type': 'double'}, {'name': 'yl722', 'type': 'double'}, {'name': 'yl723', 'type': 'double'}, {'name': 'yl724', 'type': 'double'}, {'name': 'yl725', 'type': 'double'}, {'name': 'yl726', 'type': 'double'}, {'name': 'yl727', 'type': 'double'}, {'name': 'yl728', 'type': 'double'}, {'name': 'yl729', 'type': 'double'}, {'name': 'yl730', 'type': 'double'}, {'name': 'yl731', 'type': 'double'}, {'name': 'yl732', 'type': 'double'}, {'name': 'yl733', 'type': 'bigint'}, {'name': 'yl734', 'type': 'bigint'}, {'name': 'yl735', 'type': 'bigint'}, {'name': 'yl736', 'type': 'bigint'}, {'name': 'yl737', 'type': 'bigint'}, {'name': 'yl738', 'type': 'bigint'}, {'name': 'yl739', 'type': 'bigint'}, {'name': 'yl740', 'type': 'bigint'}, {'name': 'yl741', 'type': 'bigint'}, {'name': 'yl742', 'type': 'bigint'}, {'name': 'yl743', 'type': 'bigint'}, {'name': 'yl744', 'type': 'bigint'}, {'name': 'yl745', 'type': 'bigint'}, {'name': 'yl746', 'type': 'double'}, {'name': 'yl747', 'type': 'double'}, {'name': 'yl748', 'type': 'double'}, {'name': 'yl749', 'type': 'double'}, {'name': 'yl750', 'type': 'double'}, {'name': 'yl751', 'type': 'double'}, {'name': 'yl752', 'type': 'double'}, {'name': 'yl753', 'type': 'double'}, {'name': 'yl754', 'type': 'double'}, {'name': 'yl755', 'type': 'double'}, {'name': 'yl756', 'type': 'double'}, {'name': 'yl757', 'type': 'double'}, {'name': 'yl758', 'type': 'double'}, {'name': 'yl759', 'type': 'double'}, {'name': 'yl760', 'type': 'bigint'}, {'name': 'yl761', 'type': 'bigint'}, {'name': 'yl762', 'type': 'bigint'}, {'name': 'yl763', 'type': 'bigint'}, {'name': 'yl764', 'type': 'bigint'}, {'name': 'yl765', 'type': 'bigint'}, {'name': 'yl766', 'type': 'bigint'}, {'name': 'yl767', 'type': 'bigint'}, {'name': 'yl768', 'type': 'bigint'}, {'name': 'yl769', 'type': 'bigint'}, {'name': 'yl770', 'type': 'bigint'}, {'name': 'yl771', 'type': 'bigint'}, {'name': 'yl772', 'type': 'double'}, {'name': 'yl773', 'type': 'double'}, {'name': 'yl774', 'type': 'double'}, {'name': 'yl775', 'type': 'double'}, {'name': 'yl776', 'type': 'double'}, {'name': 'yl777', 'type': 'double'}, {'name': 'yl778', 'type': 'double'}, {'name': 'yl779', 'type': 'double'}, {'name': 'yl780', 'type': 'double'}, {'name': 'yl781', 'type': 'double'}, {'name': 'yl782', 'type': 'double'}, {'name': 'yl783', 'type': 'double'}, {'name': 'yl784', 'type': 'double'}, {'name': 'yl785', 'type': 'bigint'}, {'name': 'yl786', 'type': 'bigint'}, {'name': 'yl787', 'type': 'bigint'}, {'name': 'yl788', 'type': 'bigint'}, {'name': 'yl789', 'type': 'bigint'}, {'name': 'yl790', 'type': 'bigint'}, {'name': 'yl791', 'type': 'bigint'}, {'name': 'yl792', 'type': 'bigint'}, {'name': 'yl793', 'type': 'bigint'}, {'name': 'yl794', 'type': 'bigint'}, {'name': 'yl795', 'type': 'bigint'}, {'name': 'yl796', 'type': 'bigint'}, {'name': 'yl797', 'type': 'bigint'}, {'name': 'yl798', 'type': 'double'}, {'name': 'yl799', 'type': 'double'}, {'name': 'yl800', 'type': 'double'}, {'name': 'yl801', 'type': 'bigint'}, {'name': 'yl802', 'type': 'bigint'}, {'name': 'yl803', 'type': 'bigint'}, {'name': 'yl804', 'type': 'double'}, {'name': 'yl805', 'type': 'double'}, {'name': 'yl806', 'type': 'double'}, {'name': 'yl807', 'type': 'double'}, {'name': 'yl808', 'type': 'double'}, {'name': 'yl809', 'type': 'double'}, {'name': 'yl810', 'type': 'double'}, {'name': 'yl811', 'type': 'double'}, {'name': 'yl812', 'type': 'bigint'}, {'name': 'yl813', 'type': 'bigint'}, {'name': 'yl814', 'type': 'bigint'}, {'name': 'yl815', 'type': 'bigint'}, {'name': 'yl816', 'type': 'bigint'}, {'name': 'yl817', 'type': 'bigint'}, {'name': 'yl818', 'type': 'bigint'}, {'name': 'yl819', 'type': 'double'}, {'name': 'yl820', 'type': 'double'}, {'name': 'yl821', 'type': 'double'}, {'name': 'yl822', 'type': 'bigint'}, {'name': 'yl823', 'type': 'bigint'}, {'name': 'yl824', 'type': 'bigint'}, {'name': 'yl825', 'type': 'bigint'}, {'name': 'yl826', 'type': 'bigint'}, {'name': 'yl827', 'type': 'bigint'}, {'name': 'yl828', 'type': 'double'}, {'name': 'yl829', 'type': 'string'}, {'name': 'yl830', 'type': 'double'}, {'name': 'yl831', 'type': 'string'}, {'name': 'yl832', 'type': 'double'}, {'name': 'yl833', 'type': 'string'}, {'name': 'yl834', 'type': 'double'}, {'name': 'yl835', 'type': 'string'}, {'name': 'yl836', 'type': 'double'}, {'name': 'yl837', 'type': 'double'}, {'name': 'yl838', 'type': 'double'}, {'name': 'yl839', 'type': 'double'}, {'name': 'yl840', 'type': 'double'}, {'name': 'yl841', 'type': 'double'}, {'name': 'yl842', 'type': 'double'}, {'name': 'yl843', 'type': 'double'}, {'name': 'yl844', 'type': 'double'}, {'name': 'yl845', 'type': 'double'}, {'name': 'yl846', 'type': 'double'}, {'name': 'yl847', 'type': 'double'}, {'name': 'yl848', 'type': 'bigint'}, {'name': 'yl849', 'type': 'bigint'}, {'name': 'yl850', 'type': 'bigint'}, {'name': 'yl851', 'type': 'bigint'}, {'name': 'yl852', 'type': 'bigint'}, {'name': 'yl853', 'type': 'bigint'}, {'name': 'yl854', 'type': 'bigint'}, {'name': 'yl855', 'type': 'bigint'}, {'name': 'yl856', 'type': 'bigint'}, {'name': 'yl857', 'type': 'bigint'}, {'name': 'yl858', 'type': 'bigint'}, {'name': 'yl859', 'type': 'bigint'}, {'name': 'yl860', 'type': 'bigint'}, {'name': 'yl861', 'type': 'bigint'}, {'name': 'yl862', 'type': 'double'}, {'name': 'yl863', 'type': 'bigint'}, {'name': 'yl864', 'type': 'bigint'}, {'name': 'yl865', 'type': 'bigint'}, {'name': 'yl866', 'type': 'bigint'}, {'name': 'yl867', 'type': 'double'}, {'name': 'yl868', 'type': 'bigint'}, {'name': 'yl869', 'type': 'double'}, {'name': 'yl870', 'type': 'bigint'}, {'name': 'yl871', 'type': 'bigint'}, {'name': 'yl872', 'type': 'string'}, {'name': 'yl873', 'type': 'string'}, {'name': 'yl874', 'type': 'string'}, {'name': 'yl875', 'type': 'bigint'}, {'name': 'yl876', 'type': 'string'}, {'name': 'yl877', 'type': 'double'}, {'name': 'yl878', 'type': 'bigint'}, {'name': 'yl879', 'type': 'string'}, {'name': 'yl880', 'type': 'bigint'}, {'name': 'yl881', 'type': 'string'}, {'name': 'yl882', 'type': 'double'}, {'name': 'yl883', 'type': 'bigint'}, {'name': 'yl884', 'type': 'string'}, {'name': 'yl885', 'type': 'bigint'}, {'name': 'yl886', 'type': 'string'}, {'name': 'yl887', 'type': 'bigint'}, {'name': 'yl888', 'type': 'bigint'}, {'name': 'yl889', 'type': 'string'}, {'name': 'yl890', 'type': 'bigint'}, {'name': 'yl891', 'type': 'bigint'}, {'name': 'yl892', 'type': 'bigint'}, {'name': 'yl893', 'type': 'string'}, {'name': 'yl894', 'type': 'string'}, {'name': 'yl895', 'type': 'double'}, {'name': 'yl896', 'type': 'double'}, {'name': 'yl897', 'type': 'string'}, {'name': 'yl898', 'type': 'string'}, {'name': 'yl899', 'type': 'bigint'}, {'name': 'yl900', 'type': 'bigint'}, {'name': 'yl901', 'type': 'bigint'}, {'name': 'yl902', 'type': 'double'}, {'name': 'yl903', 'type': 'double'}, {'name': 'yl904', 'type': 'double'}, {'name': 'yl905', 'type': 'bigint'}, {'name': 'yl906', 'type': 'bigint'}, {'name': 'yl907', 'type': 'bigint'}, {'name': 'yl908', 'type': 'bigint'}, {'name': 'yl909', 'type': 'bigint'}, {'name': 'yl910', 'type': 'double'}, {'name': 'yl911', 'type': 'bigint'}, {'name': 'yl912', 'type': 'bigint'}, {'name': 'yl913', 'type': 'bigint'}, {'name': 'yl914', 'type': 'double'}, {'name': 'yl915', 'type': 'bigint'}, {'name': 'yl916', 'type': 'bigint'}, {'name': 'yl917', 'type': 'double'}, {'name': 'yl918', 'type': 'bigint'}, {'name': 'yl919', 'type': 'bigint'}, {'name': 'yl920', 'type': 'bigint'}, {'name': 'yl921', 'type': 'double'}, {'name': 'yl922', 'type': 'bigint'}, {'name': 'yl923', 'type': 'bigint'}, {'name': 'yl924', 'type': 'double'}, {'name': 'yl925', 'type': 'bigint'}, {'name': 'yl926', 'type': 'bigint'}, {'name': 'yl927', 'type': 'bigint'}, {'name': 'yl928', 'type': 'double'}, {'name': 'yl929', 'type': 'bigint'}, {'name': 'yl930', 'type': 'bigint'}, {'name': 'yl931', 'type': 'double'}, {'name': 'yl932', 'type': 'bigint'}, {'name': 'yl933', 'type': 'bigint'}, {'name': 'yl934', 'type': 'bigint'}, {'name': 'yl935', 'type': 'double'}, {'name': 'yl936', 'type': 'bigint'}, {'name': 'yl937', 'type': 'bigint'}, {'name': 'yl938', 'type': 'double'}, {'name': 'yl939', 'type': 'bigint'}, {'name': 'yl940', 'type': 'bigint'}, {'name': 'yl941', 'type': 'bigint'}, {'name': 'yl942', 'type': 'double'}, {'name': 'yl943', 'type': 'bigint'}, {'name': 'yl944', 'type': 'bigint'}, {'name': 'yl945', 'type': 'bigint'}, {'name': 'yl946', 'type': 'bigint'}, {'name': 'yl947', 'type': 'double'}, {'name': 'yl948', 'type': 'bigint'}, {'name': 'yl949', 'type': 'bigint'}, {'name': 'yl950', 'type': 'bigint'}, {'name': 'yl951', 'type': 'string'}, {'name': 'yl952', 'type': 'string'}, {'name': 'yl953', 'type': 'string'}, {'name': 'yl954', 'type': 'bigint'}, {'name': 'yl955', 'type': 'bigint'}, {'name': 'yl956', 'type': 'double'}, {'name': 'yl957', 'type': 'double'}, {'name': 'yl958', 'type': 'double'}, {'name': 'yl959', 'type': 'double'}, {'name': 'yl960', 'type': 'double'}, {'name': 'yl961', 'type': 'double'}, {'name': 'yl962', 'type': 'double'}, {'name': 'yl963', 'type': 'bigint'}, {'name': 'yl964', 'type': 'double'}, {'name': 'yl965', 'type': 'bigint'}, {'name': 'yl966', 'type': 'bigint'}, {'name': 'yl967', 'type': 'bigint'}, {'name': 'yl968', 'type': 'bigint'}, {'name': 'yl969', 'type': 'bigint'}, {'name': 'yl970', 'type': 'bigint'}, {'name': 'yl971', 'type': 'bigint'}, {'name': 'yl972', 'type': 'bigint'}, {'name': 'yl973', 'type': 'bigint'}, {'name': 'yl974', 'type': 'double'}, {'name': 'yl975', 'type': 'bigint'}, {'name': 'yl976', 'type': 'bigint'}, {'name': 'yl977', 'type': 'double'}, {'name': 'yl978', 'type': 'double'}, {'name': 'yl979', 'type': 'double'}, {'name': 'yl980', 'type': 'double'}, {'name': 'yl981', 'type': 'double'}, {'name': 'yl982', 'type': 'double'}, {'name': 'yl983', 'type': 'bigint'}, {'name': 'yl984', 'type': 'bigint'}, {'name': 'yl985', 'type': 'bigint'}, {'name': 'yl986', 'type': 'bigint'}, {'name': 'yl987', 'type': 'bigint'}, {'name': 'yl988', 'type': 'bigint'}, {'name': 'yl989', 'type': 'bigint'}, {'name': 'yl990', 'type': 'bigint'}, {'name': 'yl991', 'type': 'bigint'}, {'name': 'yl992', 'type': 'bigint'}, {'name': 'yl993', 'type': 'bigint'}, {'name': 'yl994', 'type': 'bigint'}, {'name': 'yl995', 'type': 'bigint'}, {'name': 'yl996', 'type': 'bigint'}, {'name': 'yl997', 'type': 'bigint'}, {'name': 'yl998', 'type': 'string'}, {'name': 'yl999', 'type': 'string'}, {'name': 'yl1000', 'type': 'string'}, {'name': 'yl1001', 'type': 'string'}, {'name': 'yl1002', 'type': 'string'}, {'name': 'yl1003', 'type': 'string'}, {'name': 'yl1004', 'type': 'bigint'}, {'name': 'yl1005', 'type': 'bigint'}, {'name': 'yl1006', 'type': 'bigint'}, {'name': 'yl1007', 'type': 'bigint'}, {'name': 'yl1008', 'type': 'bigint'}, {'name': 'yl1009', 'type': 'double'}, {'name': 'yl1010', 'type': 'bigint'}, {'name': 'yl1011', 'type': 'bigint'}, {'name': 'yl1012', 'type': 'bigint'}, {'name': 'yl1013', 'type': 'bigint'}, {'name': 'yl1014', 'type': 'bigint'}, {'name': 'yl1015', 'type': 'bigint'}, {'name': 'yl1016', 'type': 'bigint'}, {'name': 'yl1017', 'type': 'bigint'}, {'name': 'yl1018', 'type': 'bigint'}, {'name': 'yl1019', 'type': 'bigint'}, {'name': 'yl1020', 'type': 'bigint'}, {'name': 'yl1021', 'type': 'bigint'}, {'name': 'yl1022', 'type': 'bigint'}, {'name': 'yl1023', 'type': 'bigint'}, {'name': 'yl1024', 'type': 'bigint'}, {'name': 'yl1025', 'type': 'bigint'}, {'name': 'yl1026', 'type': 'bigint'}, {'name': 'yl1027', 'type': 'bigint'}, {'name': 'target', 'type': 'bigint'}, {'name': 'gid', 'type': 'string'}], 'pcv': '', 'switchPcv': 0, 'positive': '', 'workId': 1770, 'tableName': 'testdata_zhineng', 'y_col': '', 'output': '/liyiwen1/15/1770/374795d1-0533-4d9b-81ed-ae79abff1331', 'operation_name': 'reading_data', 'input': '/liyiwen1/datasource/2056/', 'expireTime': 30, 'delimiter': ',', 'tableId': '2056', 'small_batch': 1, 'nodeId': '374795d1-0533-4d9b-81ed-ae79abff1331', 'yCol': ''}, 'user_name': '12', 'node_id': '374795d1-0533-4d9b-81ed-ae79abff1331'}}
usegai_spark_application_0
---busy--- {'user_name': '5', 'id': '9118a10d-7783-4f67-9836-a283dcc452ff', 'method': 'ReadingData', 'state': 'busy', 'worker_id': 20265}
##########################client request parameter in sparkworker    {'msgId': 'd82a730e-0a4e-45f9-bb55-e0f96837148c', 'data': {'class_name': 'ReadingData', 'param': {'schema': [{'name': 'id', 'type': 'bigint'}, {'name': 'checking', 'type': 'bigint'}, {'name': 'duration', 'type': 'bigint'}, {'name': 'history', 'type': 'bigint'}, {'name': 'purpose', 'type': 'string'}, {'name': 'amount', 'type': 'bigint'}, {'name': 'savings', 'type': 'bigint'}, {'name': 'employed', 'type': 'bigint'}, {'name': 'installp', 'type': 'bigint'}, {'name': 'marital', 'type': 'bigint'}, {'name': 'coapp', 'type': 'bigint'}, {'name': 'resident', 'type': 'bigint'}, {'name': 'property', 'type': 'bigint'}, {'name': 'age', 'type': 'bigint'}, {'name': 'other', 'type': 'bigint'}, {'name': 'housing', 'type': 'bigint'}, {'name': 'existcr', 'type': 'bigint'}, {'name': 'job', 'type': 'bigint'}, {'name': 'depends', 'type': 'bigint'}, {'name': 'telephon', 'type': 'bigint'}, {'name': 'foreign', 'type': 'bigint'}, {'name': 'good_bad', 'type': 'bigint'}, {'name': 'checkingstr', 'type': 'string'}, {'name': 'historystr', 'type': 'string'}], 'pcv': '1', 'switchPcv': 1, 'positive': '1', 'workId': 1771, 'tableName': '23', 'y_col': 'good_bad', 'output': '/liyiwen/20/1771/9118a10d-7783-4f67-9836-a283dcc452ff', 'operation_name': 'reading_data', 'input': '/liyiwen/datasource/1921/', 'expireTime': 30, 'delimiter': ',', 'tableId': '1921', 'small_batch': 1, 'nodeId': '9118a10d-7783-4f67-9836-a283dcc452ff', 'yCol': 'good_bad'}, 'user_name': '5', 'node_id': '9118a10d-7783-4f67-9836-a283dcc452ff'}}   ##########################  
work_id = 1771 and module_name like "9118a10d-7783-4f67-9836-a283dcc452ff"
SELECT rows FROM gai_component_rows WHERE work_id = 1771 and node_id = "9118a10d-7783-4f67-9836-a283dcc452ff" and output = "null"
{'rows': 1000, 'columns': 24, 'output': 'null'}
usegai_spark_application_0
##########################client request parameter in sparkworker    {'msgId': '6091f3f5-fb2b-45a0-aee5-59b9f37c594a', 'data': {'class_name': 'ReadingData', 'param': {'schema': [{'name': 'yl0', 'type': 'timestamp'}, {'name': 'yl1', 'type': 'bigint'}, {'name': 'yl2', 'type': 'bigint'}, {'name': 'yl3', 'type': 'string'}, {'name': 'yl4', 'type': 'string'}, {'name': 'yl5', 'type': 'bigint'}, {'name': 'yl6', 'type': 'string'}, {'name': 'yl7', 'type': 'string'}, {'name': 'yl8', 'type': 'string'}, {'name': 'yl9', 'type': 'string'}, {'name': 'yl10', 'type': 'bigint'}, {'name': 'yl11', 'type': 'bigint'}, {'name': 'yl12', 'type': 'bigint'}, {'name': 'yl13', 'type': 'bigint'}, {'name': 'yl14', 'type': 'bigint'}, {'name': 'yl15', 'type': 'bigint'}, {'name': 'yl16', 'type': 'bigint'}, {'name': 'yl17', 'type': 'bigint'}, {'name': 'yl18', 'type': 'bigint'}, {'name': 'yl19', 'type': 'bigint'}, {'name': 'yl20', 'type': 'bigint'}, {'name': 'yl21', 'type': 'bigint'}, {'name': 'yl22', 'type': 'bigint'}, {'name': 'yl23', 'type': 'double'}, {'name': 'yl24', 'type': 'double'}, {'name': 'yl25', 'type': 'double'}, {'name': 'yl26', 'type': 'double'}, {'name': 'yl27', 'type': 'double'}, {'name': 'yl28', 'type': 'double'}, {'name': 'yl29', 'type': 'double'}, {'name': 'yl30', 'type': 'double'}, {'name': 'yl31', 'type': 'double'}, {'name': 'yl32', 'type': 'double'}, {'name': 'yl33', 'type': 'double'}, {'name': 'yl34', 'type': 'double'}, {'name': 'yl35', 'type': 'double'}, {'name': 'yl36', 'type': 'double'}, {'name': 'yl37', 'type': 'double'}, {'name': 'yl38', 'type': 'bigint'}, {'name': 'yl39', 'type': 'bigint'}, {'name': 'yl40', 'type': 'bigint'}, {'name': 'yl41', 'type': 'bigint'}, {'name': 'yl42', 'type': 'bigint'}, {'name': 'yl43', 'type': 'bigint'}, {'name': 'yl44', 'type': 'bigint'}, {'name': 'yl45', 'type': 'bigint'}, {'name': 'yl46', 'type': 'bigint'}, {'name': 'yl47', 'type': 'bigint'}, {'name': 'yl48', 'type': 'bigint'}, {'name': 'yl49', 'type': 'bigint'}, {'name': 'yl50', 'type': 'bigint'}, {'name': 'yl51', 'type': 'bigint'}, {'name': 'yl52', 'type': 'bigint'}, {'name': 'yl53', 'type': 'double'}, {'name': 'yl54', 'type': 'double'}, {'name': 'yl55', 'type': 'double'}, {'name': 'yl56', 'type': 'double'}, {'name': 'yl57', 'type': 'double'}, {'name': 'yl58', 'type': 'double'}, {'name': 'yl59', 'type': 'double'}, {'name': 'yl60', 'type': 'double'}, {'name': 'yl61', 'type': 'double'}, {'name': 'yl62', 'type': 'double'}, {'name': 'yl63', 'type': 'double'}, {'name': 'yl64', 'type': 'double'}, {'name': 'yl65', 'type': 'double'}, {'name': 'yl66', 'type': 'double'}, {'name': 'yl67', 'type': 'bigint'}, {'name': 'yl68', 'type': 'bigint'}, {'name': 'yl69', 'type': 'bigint'}, {'name': 'yl70', 'type': 'bigint'}, {'name': 'yl71', 'type': 'bigint'}, {'name': 'yl72', 'type': 'bigint'}, {'name': 'yl73', 'type': 'bigint'}, {'name': 'yl74', 'type': 'bigint'}, {'name': 'yl75', 'type': 'bigint'}, {'name': 'yl76', 'type': 'bigint'}, {'name': 'yl77', 'type': 'bigint'}, {'name': 'yl78', 'type': 'bigint'}, {'name': 'yl79', 'type': 'bigint'}, {'name': 'yl80', 'type': 'bigint'}, {'name': 'yl81', 'type': 'double'}, {'name': 'yl82', 'type': 'double'}, {'name': 'yl83', 'type': 'double'}, {'name': 'yl84', 'type': 'double'}, {'name': 'yl85', 'type': 'double'}, {'name': 'yl86', 'type': 'double'}, {'name': 'yl87', 'type': 'double'}, {'name': 'yl88', 'type': 'double'}, {'name': 'yl89', 'type': 'double'}, {'name': 'yl90', 'type': 'double'}, {'name': 'yl91', 'type': 'double'}, {'name': 'yl92', 'type': 'double'}, {'name': 'yl93', 'type': 'double'}, {'name': 'yl94', 'type': 'double'}, {'name': 'yl95', 'type': 'double'}, {'name': 'yl96', 'type': 'double'}, {'name': 'yl97', 'type': 'double'}, {'name': 'yl98', 'type': 'double'}, {'name': 'yl99', 'type': 'double'}, {'name': 'yl100', 'type': 'double'}, {'name': 'yl101', 'type': 'double'}, {'name': 'yl102', 'type': 'double'}, {'name': 'yl103', 'type': 'double'}, {'name': 'yl104', 'type': 'double'}, {'name': 'yl105', 'type': 'double'}, {'name': 'yl106', 'type': 'double'}, {'name': 'yl107', 'type': 'double'}, {'name': 'yl108', 'type': 'double'}, {'name': 'yl109', 'type': 'double'}, {'name': 'yl110', 'type': 'double'}, {'name': 'yl111', 'type': 'double'}, {'name': 'yl112', 'type': 'double'}, {'name': 'yl113', 'type': 'double'}, {'name': 'yl114', 'type': 'bigint'}, {'name': 'yl115', 'type': 'bigint'}, {'name': 'yl116', 'type': 'bigint'}, {'name': 'yl117', 'type': 'bigint'}, {'name': 'yl118', 'type': 'bigint'}, {'name': 'yl119', 'type': 'bigint'}, {'name': 'yl120', 'type': 'bigint'}, {'name': 'yl121', 'type': 'bigint'}, {'name': 'yl122', 'type': 'bigint'}, {'name': 'yl123', 'type': 'bigint'}, {'name': 'yl124', 'type': 'bigint'}, {'name': 'yl125', 'type': 'bigint'}, {'name': 'yl126', 'type': 'bigint'}, {'name': 'yl127', 'type': 'bigint'}, {'name': 'yl128', 'type': 'bigint'}, {'name': 'yl129', 'type': 'bigint'}, {'name': 'yl130', 'type': 'bigint'}, {'name': 'yl131', 'type': 'bigint'}, {'name': 'yl132', 'type': 'bigint'}, {'name': 'yl133', 'type': 'bigint'}, {'name': 'yl134', 'type': 'bigint'}, {'name': 'yl135', 'type': 'bigint'}, {'name': 'yl136', 'type': 'bigint'}, {'name': 'yl137', 'type': 'bigint'}, {'name': 'yl138', 'type': 'bigint'}, {'name': 'yl139', 'type': 'bigint'}, {'name': 'yl140', 'type': 'bigint'}, {'name': 'yl141', 'type': 'bigint'}, {'name': 'yl142', 'type': 'bigint'}, {'name': 'yl143', 'type': 'bigint'}, {'name': 'yl144', 'type': 'bigint'}, {'name': 'yl145', 'type': 'bigint'}, {'name': 'yl146', 'type': 'bigint'}, {'name': 'yl147', 'type': 'bigint'}, {'name': 'yl148', 'type': 'bigint'}, {'name': 'yl149', 'type': 'bigint'}, {'name': 'yl150', 'type': 'bigint'}, {'name': 'yl151', 'type': 'bigint'}, {'name': 'yl152', 'type': 'bigint'}, {'name': 'yl153', 'type': 'bigint'}, {'name': 'yl154', 'type': 'bigint'}, {'name': 'yl155', 'type': 'bigint'}, {'name': 'yl156', 'type': 'bigint'}, {'name': 'yl157', 'type': 'bigint'}, {'name': 'yl158', 'type': 'bigint'}, {'name': 'yl159', 'type': 'bigint'}, {'name': 'yl160', 'type': 'bigint'}, {'name': 'yl161', 'type': 'bigint'}, {'name': 'yl162', 'type': 'bigint'}, {'name': 'yl163', 'type': 'bigint'}, {'name': 'yl164', 'type': 'bigint'}, {'name': 'yl165', 'type': 'bigint'}, {'name': 'yl166', 'type': 'bigint'}, {'name': 'yl167', 'type': 'bigint'}, {'name': 'yl168', 'type': 'bigint'}, {'name': 'yl169', 'type': 'bigint'}, {'name': 'yl170', 'type': 'bigint'}, {'name': 'yl171', 'type': 'bigint'}, {'name': 'yl172', 'type': 'bigint'}, {'name': 'yl173', 'type': 'bigint'}, {'name': 'yl174', 'type': 'bigint'}, {'name': 'yl175', 'type': 'bigint'}, {'name': 'yl176', 'type': 'bigint'}, {'name': 'yl177', 'type': 'bigint'}, {'name': 'yl178', 'type': 'bigint'}, {'name': 'yl179', 'type': 'bigint'}, {'name': 'yl180', 'type': 'bigint'}, {'name': 'yl181', 'type': 'bigint'}, {'name': 'yl182', 'type': 'bigint'}, {'name': 'yl183', 'type': 'bigint'}, {'name': 'yl184', 'type': 'bigint'}, {'name': 'yl185', 'type': 'bigint'}, {'name': 'yl186', 'type': 'bigint'}, {'name': 'yl187', 'type': 'bigint'}, {'name': 'yl188', 'type': 'bigint'}, {'name': 'yl189', 'type': 'bigint'}, {'name': 'yl190', 'type': 'bigint'}, {'name': 'yl191', 'type': 'double'}, {'name': 'yl192', 'type': 'double'}, {'name': 'yl193', 'type': 'double'}, {'name': 'yl194', 'type': 'bigint'}, {'name': 'yl195', 'type': 'bigint'}, {'name': 'yl196', 'type': 'bigint'}, {'name': 'yl197', 'type': 'bigint'}, {'name': 'yl198', 'type': 'bigint'}, {'name': 'yl199', 'type': 'bigint'}, {'name': 'yl200', 'type': 'double'}, {'name': 'yl201', 'type': 'double'}, {'name': 'yl202', 'type': 'double'}, {'name': 'yl203', 'type': 'double'}, {'name': 'yl204', 'type': 'double'}, {'name': 'yl205', 'type': 'double'}, {'name': 'yl206', 'type': 'double'}, {'name': 'yl207', 'type': 'double'}, {'name': 'yl208', 'type': 'double'}, {'name': 'yl209', 'type': 'double'}, {'name': 'yl210', 'type': 'double'}, {'name': 'yl211', 'type': 'double'}, {'name': 'yl212', 'type': 'double'}, {'name': 'yl213', 'type': 'bigint'}, {'name': 'yl214', 'type': 'double'}, {'name': 'yl215', 'type': 'double'}, {'name': 'yl216', 'type': 'double'}, {'name': 'yl217', 'type': 'double'}, {'name': 'yl218', 'type': 'bigint'}, {'name': 'yl219', 'type': 'double'}, {'name': 'yl220', 'type': 'double'}, {'name': 'yl221', 'type': 'double'}, {'name': 'yl222', 'type': 'double'}, {'name': 'yl223', 'type': 'double'}, {'name': 'yl224', 'type': 'double'}, {'name': 'yl225', 'type': 'double'}, {'name': 'yl226', 'type': 'double'}, {'name': 'yl227', 'type': 'double'}, {'name': 'yl228', 'type': 'double'}, {'name': 'yl229', 'type': 'double'}, {'name': 'yl230', 'type': 'double'}, {'name': 'yl231', 'type': 'double'}, {'name': 'yl232', 'type': 'double'}, {'name': 'yl233', 'type': 'bigint'}, {'name': 'yl234', 'type': 'bigint'}, {'name': 'yl235', 'type': 'bigint'}, {'name': 'yl236', 'type': 'bigint'}, {'name': 'yl237', 'type': 'bigint'}, {'name': 'yl238', 'type': 'bigint'}, {'name': 'yl239', 'type': 'bigint'}, {'name': 'yl240', 'type': 'bigint'}, {'name': 'yl241', 'type': 'string'}, {'name': 'yl242', 'type': 'string'}, {'name': 'yl243', 'type': 'bigint'}, {'name': 'yl244', 'type': 'string'}, {'name': 'yl245', 'type': 'double'}, {'name': 'yl246', 'type': 'double'}, {'name': 'yl247', 'type': 'bigint'}, {'name': 'yl248', 'type': 'bigint'}, {'name': 'yl249', 'type': 'double'}, {'name': 'yl250', 'type': 'double'}, {'name': 'yl251', 'type': 'double'}, {'name': 'yl252', 'type': 'double'}, {'name': 'yl253', 'type': 'double'}, {'name': 'yl254', 'type': 'double'}, {'name': 'yl255', 'type': 'double'}, {'name': 'yl256', 'type': 'double'}, {'name': 'yl257', 'type': 'double'}, {'name': 'yl258', 'type': 'double'}, {'name': 'yl259', 'type': 'double'}, {'name': 'yl260', 'type': 'double'}, {'name': 'yl261', 'type': 'double'}, {'name': 'yl262', 'type': 'double'}, {'name': 'yl263', 'type': 'double'}, {'name': 'yl264', 'type': 'double'}, {'name': 'yl265', 'type': 'double'}, {'name': 'yl266', 'type': 'double'}, {'name': 'yl267', 'type': 'bigint'}, {'name': 'yl268', 'type': 'double'}, {'name': 'yl269', 'type': 'bigint'}, {'name': 'yl270', 'type': 'bigint'}, {'name': 'yl271', 'type': 'bigint'}, {'name': 'yl272', 'type': 'bigint'}, {'name': 'yl273', 'type': 'bigint'}, {'name': 'yl274', 'type': 'bigint'}, {'name': 'yl275', 'type': 'bigint'}, {'name': 'yl276', 'type': 'bigint'}, {'name': 'yl277', 'type': 'bigint'}, {'name': 'yl278', 'type': 'bigint'}, {'name': 'yl279', 'type': 'bigint'}, {'name': 'yl280', 'type': 'bigint'}, {'name': 'yl281', 'type': 'bigint'}, {'name': 'yl282', 'type': 'bigint'}, {'name': 'yl283', 'type': 'bigint'}, {'name': 'yl284', 'type': 'bigint'}, {'name': 'yl285', 'type': 'bigint'}, {'name': 'yl286', 'type': 'bigint'}, {'name': 'yl287', 'type': 'bigint'}, {'name': 'yl288', 'type': 'bigint'}, {'name': 'yl289', 'type': 'bigint'}, {'name': 'yl290', 'type': 'bigint'}, {'name': 'yl291', 'type': 'bigint'}, {'name': 'yl292', 'type': 'bigint'}, {'name': 'yl293', 'type': 'bigint'}, {'name': 'yl294', 'type': 'double'}, {'name': 'yl295', 'type': 'bigint'}, {'name': 'yl296', 'type': 'double'}, {'name': 'yl297', 'type': 'bigint'}, {'name': 'yl298', 'type': 'double'}, {'name': 'yl299', 'type': 'double'}, {'name': 'yl300', 'type': 'double'}, {'name': 'yl301', 'type': 'double'}, {'name': 'yl302', 'type': 'double'}, {'name': 'yl303', 'type': 'double'}, {'name': 'yl304', 'type': 'bigint'}, {'name': 'yl305', 'type': 'bigint'}, {'name': 'yl306', 'type': 'bigint'}, {'name': 'yl307', 'type': 'bigint'}, {'name': 'yl308', 'type': 'bigint'}, {'name': 'yl309', 'type': 'bigint'}, {'name': 'yl310', 'type': 'bigint'}, {'name': 'yl311', 'type': 'bigint'}, {'name': 'yl312', 'type': 'bigint'}, {'name': 'yl313', 'type': 'bigint'}, {'name': 'yl314', 'type': 'bigint'}, {'name': 'yl315', 'type': 'double'}, {'name': 'yl316', 'type': 'double'}, {'name': 'yl317', 'type': 'double'}, {'name': 'yl318', 'type': 'bigint'}, {'name': 'yl319', 'type': 'bigint'}, {'name': 'yl320', 'type': 'bigint'}, {'name': 'yl321', 'type': 'bigint'}, {'name': 'yl322', 'type': 'bigint'}, {'name': 'yl323', 'type': 'bigint'}, {'name': 'yl324', 'type': 'bigint'}, {'name': 'yl325', 'type': 'bigint'}, {'name': 'yl326', 'type': 'bigint'}, {'name': 'yl327', 'type': 'bigint'}, {'name': 'yl328', 'type': 'bigint'}, {'name': 'yl329', 'type': 'bigint'}, {'name': 'yl330', 'type': 'bigint'}, {'name': 'yl331', 'type': 'bigint'}, {'name': 'yl332', 'type': 'bigint'}, {'name': 'yl333', 'type': 'bigint'}, {'name': 'yl334', 'type': 'bigint'}, {'name': 'yl335', 'type': 'bigint'}, {'name': 'yl336', 'type': 'bigint'}, {'name': 'yl337', 'type': 'bigint'}, {'name': 'yl338', 'type': 'bigint'}, {'name': 'yl339', 'type': 'bigint'}, {'name': 'yl340', 'type': 'bigint'}, {'name': 'yl341', 'type': 'bigint'}, {'name': 'yl342', 'type': 'bigint'}, {'name': 'yl343', 'type': 'bigint'}, {'name': 'yl344', 'type': 'bigint'}, {'name': 'yl345', 'type': 'bigint'}, {'name': 'yl346', 'type': 'bigint'}, {'name': 'yl347', 'type': 'bigint'}, {'name': 'yl348', 'type': 'bigint'}, {'name': 'yl349', 'type': 'double'}, {'name': 'yl350', 'type': 'double'}, {'name': 'yl351', 'type': 'bigint'}, {'name': 'yl352', 'type': 'bigint'}, {'name': 'yl353', 'type': 'bigint'}, {'name': 'yl354', 'type': 'bigint'}, {'name': 'yl355', 'type': 'double'}, {'name': 'yl356', 'type': 'double'}, {'name': 'yl357', 'type': 'bigint'}, {'name': 'yl358', 'type': 'bigint'}, {'name': 'yl359', 'type': 'bigint'}, {'name': 'yl360', 'type': 'bigint'}, {'name': 'yl361', 'type': 'bigint'}, {'name': 'yl362', 'type': 'bigint'}, {'name': 'yl363', 'type': 'bigint'}, {'name': 'yl364', 'type': 'bigint'}, {'name': 'yl365', 'type': 'bigint'}, {'name': 'yl366', 'type': 'bigint'}, {'name': 'yl367', 'type': 'bigint'}, {'name': 'yl368', 'type': 'bigint'}, {'name': 'yl369', 'type': 'bigint'}, {'name': 'yl370', 'type': 'bigint'}, {'name': 'yl371', 'type': 'double'}, {'name': 'yl372', 'type': 'bigint'}, {'name': 'yl373', 'type': 'bigint'}, {'name': 'yl374', 'type': 'bigint'}, {'name': 'yl375', 'type': 'bigint'}, {'name': 'yl376', 'type': 'bigint'}, {'name': 'yl377', 'type': 'bigint'}, {'name': 'yl378', 'type': 'bigint'}, {'name': 'yl379', 'type': 'bigint'}, {'name': 'yl380', 'type': 'bigint'}, {'name': 'yl381', 'type': 'bigint'}, {'name': 'yl382', 'type': 'double'}, {'name': 'yl383', 'type': 'double'}, {'name': 'yl384', 'type': 'bigint'}, {'name': 'yl385', 'type': 'bigint'}, {'name': 'yl386', 'type': 'double'}, {'name': 'yl387', 'type': 'double'}, {'name': 'yl388', 'type': 'double'}, {'name': 'yl389', 'type': 'bigint'}, {'name': 'yl390', 'type': 'bigint'}, {'name': 'yl391', 'type': 'bigint'}, {'name': 'yl392', 'type': 'bigint'}, {'name': 'yl393', 'type': 'double'}, {'name': 'yl394', 'type': 'double'}, {'name': 'yl395', 'type': 'bigint'}, {'name': 'yl396', 'type': 'bigint'}, {'name': 'yl397', 'type': 'bigint'}, {'name': 'yl398', 'type': 'bigint'}, {'name': 'yl399', 'type': 'bigint'}, {'name': 'yl400', 'type': 'bigint'}, {'name': 'yl401', 'type': 'bigint'}, {'name': 'yl402', 'type': 'bigint'}, {'name': 'yl403', 'type': 'bigint'}, {'name': 'yl404', 'type': 'bigint'}, {'name': 'yl405', 'type': 'bigint'}, {'name': 'yl406', 'type': 'bigint'}, {'name': 'yl407', 'type': 'bigint'}, {'name': 'yl408', 'type': 'bigint'}, {'name': 'yl409', 'type': 'bigint'}, {'name': 'yl410', 'type': 'double'}, {'name': 'yl411', 'type': 'double'}, {'name': 'yl412', 'type': 'double'}, {'name': 'yl413', 'type': 'bigint'}, {'name': 'yl414', 'type': 'bigint'}, {'name': 'yl415', 'type': 'double'}, {'name': 'yl416', 'type': 'double'}, {'name': 'yl417', 'type': 'bigint'}, {'name': 'yl418', 'type': 'bigint'}, {'name': 'yl419', 'type': 'double'}, {'name': 'yl420', 'type': 'double'}, {'name': 'yl421', 'type': 'double'}, {'name': 'yl422', 'type': 'bigint'}, {'name': 'yl423', 'type': 'bigint'}, {'name': 'yl424', 'type': 'double'}, {'name': 'yl425', 'type': 'double'}, {'name': 'yl426', 'type': 'bigint'}, {'name': 'yl427', 'type': 'bigint'}, {'name': 'yl428', 'type': 'bigint'}, {'name': 'yl429', 'type': 'double'}, {'name': 'yl430', 'type': 'double'}, {'name': 'yl431', 'type': 'bigint'}, {'name': 'yl432', 'type': 'bigint'}, {'name': 'yl433', 'type': 'bigint'}, {'name': 'yl434', 'type': 'double'}, {'name': 'yl435', 'type': 'double'}, {'name': 'yl436', 'type': 'double'}, {'name': 'yl437', 'type': 'bigint'}, {'name': 'yl438', 'type': 'bigint'}, {'name': 'yl439', 'type': 'bigint'}, {'name': 'yl440', 'type': 'bigint'}, {'name': 'yl441', 'type': 'bigint'}, {'name': 'yl442', 'type': 'bigint'}, {'name': 'yl443', 'type': 'bigint'}, {'name': 'yl444', 'type': 'bigint'}, {'name': 'yl445', 'type': 'bigint'}, {'name': 'yl446', 'type': 'bigint'}, {'name': 'yl447', 'type': 'bigint'}, {'name': 'yl448', 'type': 'bigint'}, {'name': 'yl449', 'type': 'bigint'}, {'name': 'yl450', 'type': 'bigint'}, {'name': 'yl451', 'type': 'bigint'}, {'name': 'yl452', 'type': 'double'}, {'name': 'yl453', 'type': 'double'}, {'name': 'yl454', 'type': 'double'}, {'name': 'yl455', 'type': 'bigint'}, {'name': 'yl456', 'type': 'bigint'}, {'name': 'yl457', 'type': 'bigint'}, {'name': 'yl458', 'type': 'bigint'}, {'name': 'yl459', 'type': 'bigint'}, {'name': 'yl460', 'type': 'bigint'}, {'name': 'yl461', 'type': 'bigint'}, {'name': 'yl462', 'type': 'double'}, {'name': 'yl463', 'type': 'double'}, {'name': 'yl464', 'type': 'double'}, {'name': 'yl465', 'type': 'bigint'}, {'name': 'yl466', 'type': 'bigint'}, {'name': 'yl467', 'type': 'bigint'}, {'name': 'yl468', 'type': 'double'}, {'name': 'yl469', 'type': 'double'}, {'name': 'yl470', 'type': 'double'}, {'name': 'yl471', 'type': 'bigint'}, {'name': 'yl472', 'type': 'bigint'}, {'name': 'yl473', 'type': 'bigint'}, {'name': 'yl474', 'type': 'double'}, {'name': 'yl475', 'type': 'double'}, {'name': 'yl476', 'type': 'double'}, {'name': 'yl477', 'type': 'bigint'}, {'name': 'yl478', 'type': 'bigint'}, {'name': 'yl479', 'type': 'bigint'}, {'name': 'yl480', 'type': 'bigint'}, {'name': 'yl481', 'type': 'double'}, {'name': 'yl482', 'type': 'double'}, {'name': 'yl483', 'type': 'bigint'}, {'name': 'yl484', 'type': 'bigint'}, {'name': 'yl485', 'type': 'bigint'}, {'name': 'yl486', 'type': 'bigint'}, {'name': 'yl487', 'type': 'bigint'}, {'name': 'yl488', 'type': 'bigint'}, {'name': 'yl489', 'type': 'bigint'}, {'name': 'yl490', 'type': 'bigint'}, {'name': 'yl491', 'type': 'bigint'}, {'name': 'yl492', 'type': 'bigint'}, {'name': 'yl493', 'type': 'bigint'}, {'name': 'yl494', 'type': 'bigint'}, {'name': 'yl495', 'type': 'bigint'}, {'name': 'yl496', 'type': 'bigint'}, {'name': 'yl497', 'type': 'bigint'}, {'name': 'yl498', 'type': 'double'}, {'name': 'yl499', 'type': 'double'}, {'name': 'yl500', 'type': 'bigint'}, {'name': 'yl501', 'type': 'bigint'}, {'name': 'yl502', 'type': 'double'}, {'name': 'yl503', 'type': 'double'}, {'name': 'yl504', 'type': 'double'}, {'name': 'yl505', 'type': 'bigint'}, {'name': 'yl506', 'type': 'bigint'}, {'name': 'yl507', 'type': 'bigint'}, {'name': 'yl508', 'type': 'bigint'}, {'name': 'yl509', 'type': 'bigint'}, {'name': 'yl510', 'type': 'bigint'}, {'name': 'yl511', 'type': 'bigint'}, {'name': 'yl512', 'type': 'bigint'}, {'name': 'yl513', 'type': 'bigint'}, {'name': 'yl514', 'type': 'double'}, {'name': 'yl515', 'type': 'double'}, {'name': 'yl516', 'type': 'double'}, {'name': 'yl517', 'type': 'bigint'}, {'name': 'yl518', 'type': 'bigint'}, {'name': 'yl519', 'type': 'bigint'}, {'name': 'yl520', 'type': 'double'}, {'name': 'yl521', 'type': 'double'}, {'name': 'yl522', 'type': 'double'}, {'name': 'yl523', 'type': 'bigint'}, {'name': 'yl524', 'type': 'bigint'}, {'name': 'yl525', 'type': 'bigint'}, {'name': 'yl526', 'type': 'double'}, {'name': 'yl527', 'type': 'double'}, {'name': 'yl528', 'type': 'bigint'}, {'name': 'yl529', 'type': 'bigint'}, {'name': 'yl530', 'type': 'double'}, {'name': 'yl531', 'type': 'double'}, {'name': 'yl532', 'type': 'double'}, {'name': 'yl533', 'type': 'double'}, {'name': 'yl534', 'type': 'double'}, {'name': 'yl535', 'type': 'double'}, {'name': 'yl536', 'type': 'double'}, {'name': 'yl537', 'type': 'double'}, {'name': 'yl538', 'type': 'double'}, {'name': 'yl539', 'type': 'double'}, {'name': 'yl540', 'type': 'double'}, {'name': 'yl541', 'type': 'double'}, {'name': 'yl542', 'type': 'bigint'}, {'name': 'yl543', 'type': 'bigint'}, {'name': 'yl544', 'type': 'bigint'}, {'name': 'yl545', 'type': 'bigint'}, {'name': 'yl546', 'type': 'bigint'}, {'name': 'yl547', 'type': 'bigint'}, {'name': 'yl548', 'type': 'bigint'}, {'name': 'yl549', 'type': 'bigint'}, {'name': 'yl550', 'type': 'bigint'}, {'name': 'yl551', 'type': 'bigint'}, {'name': 'yl552', 'type': 'bigint'}, {'name': 'yl553', 'type': 'bigint'}, {'name': 'yl554', 'type': 'double'}, {'name': 'yl555', 'type': 'double'}, {'name': 'yl556', 'type': 'double'}, {'name': 'yl557', 'type': 'double'}, {'name': 'yl558', 'type': 'bigint'}, {'name': 'yl559', 'type': 'bigint'}, {'name': 'yl560', 'type': 'double'}, {'name': 'yl561', 'type': 'double'}, {'name': 'yl562', 'type': 'double'}, {'name': 'yl563', 'type': 'bigint'}, {'name': 'yl564', 'type': 'bigint'}, {'name': 'yl565', 'type': 'bigint'}, {'name': 'yl566', 'type': 'double'}, {'name': 'yl567', 'type': 'double'}, {'name': 'yl568', 'type': 'double'}, {'name': 'yl569', 'type': 'bigint'}, {'name': 'yl570', 'type': 'bigint'}, {'name': 'yl571', 'type': 'bigint'}, {'name': 'yl572', 'type': 'bigint'}, {'name': 'yl573', 'type': 'bigint'}, {'name': 'yl574', 'type': 'bigint'}, {'name': 'yl575', 'type': 'bigint'}, {'name': 'yl576', 'type': 'bigint'}, {'name': 'yl577', 'type': 'bigint'}, {'name': 'yl578', 'type': 'bigint'}, {'name': 'yl579', 'type': 'bigint'}, {'name': 'yl580', 'type': 'bigint'}, {'name': 'yl581', 'type': 'bigint'}, {'name': 'yl582', 'type': 'bigint'}, {'name': 'yl583', 'type': 'bigint'}, {'name': 'yl584', 'type': 'bigint'}, {'name': 'yl585', 'type': 'bigint'}, {'name': 'yl586', 'type': 'bigint'}, {'name': 'yl587', 'type': 'bigint'}, {'name': 'yl588', 'type': 'bigint'}, {'name': 'yl589', 'type': 'bigint'}, {'name': 'yl590', 'type': 'bigint'}, {'name': 'yl591', 'type': 'bigint'}, {'name': 'yl592', 'type': 'bigint'}, {'name': 'yl593', 'type': 'bigint'}, {'name': 'yl594', 'type': 'bigint'}, {'name': 'yl595', 'type': 'bigint'}, {'name': 'yl596', 'type': 'bigint'}, {'name': 'yl597', 'type': 'bigint'}, {'name': 'yl598', 'type': 'bigint'}, {'name': 'yl599', 'type': 'bigint'}, {'name': 'yl600', 'type': 'bigint'}, {'name': 'yl601', 'type': 'bigint'}, {'name': 'yl602', 'type': 'bigint'}, {'name': 'yl603', 'type': 'bigint'}, {'name': 'yl604', 'type': 'bigint'}, {'name': 'yl605', 'type': 'bigint'}, {'name': 'yl606', 'type': 'bigint'}, {'name': 'yl607', 'type': 'bigint'}, {'name': 'yl608', 'type': 'bigint'}, {'name': 'yl609', 'type': 'bigint'}, {'name': 'yl610', 'type': 'bigint'}, {'name': 'yl611', 'type': 'bigint'}, {'name': 'yl612', 'type': 'bigint'}, {'name': 'yl613', 'type': 'bigint'}, {'name': 'yl614', 'type': 'bigint'}, {'name': 'yl615', 'type': 'bigint'}, {'name': 'yl616', 'type': 'bigint'}, {'name': 'yl617', 'type': 'bigint'}, {'name': 'yl618', 'type': 'bigint'}, {'name': 'yl619', 'type': 'bigint'}, {'name': 'yl620', 'type': 'bigint'}, {'name': 'yl621', 'type': 'string'}, {'name': 'yl622', 'type': 'string'}, {'name': 'yl623', 'type': 'bigint'}, {'name': 'yl624', 'type': 'bigint'}, {'name': 'yl625', 'type': 'bigint'}, {'name': 'yl626', 'type': 'bigint'}, {'name': 'yl627', 'type': 'bigint'}, {'name': 'yl628', 'type': 'bigint'}, {'name': 'yl629', 'type': 'bigint'}, {'name': 'yl630', 'type': 'bigint'}, {'name': 'yl631', 'type': 'bigint'}, {'name': 'yl632', 'type': 'bigint'}, {'name': 'yl633', 'type': 'bigint'}, {'name': 'yl634', 'type': 'bigint'}, {'name': 'yl635', 'type': 'bigint'}, {'name': 'yl636', 'type': 'bigint'}, {'name': 'yl637', 'type': 'bigint'}, {'name': 'yl638', 'type': 'bigint'}, {'name': 'yl639', 'type': 'bigint'}, {'name': 'yl640', 'type': 'bigint'}, {'name': 'yl641', 'type': 'bigint'}, {'name': 'yl642', 'type': 'bigint'}, {'name': 'yl643', 'type': 'bigint'}, {'name': 'yl644', 'type': 'bigint'}, {'name': 'yl645', 'type': 'bigint'}, {'name': 'yl646', 'type': 'bigint'}, {'name': 'yl647', 'type': 'bigint'}, {'name': 'yl648', 'type': 'bigint'}, {'name': 'yl649', 'type': 'bigint'}, {'name': 'yl650', 'type': 'bigint'}, {'name': 'yl651', 'type': 'bigint'}, {'name': 'yl652', 'type': 'bigint'}, {'name': 'yl653', 'type': 'bigint'}, {'name': 'yl654', 'type': 'bigint'}, {'name': 'yl655', 'type': 'bigint'}, {'name': 'yl656', 'type': 'bigint'}, {'name': 'yl657', 'type': 'bigint'}, {'name': 'yl658', 'type': 'bigint'}, {'name': 'yl659', 'type': 'bigint'}, {'name': 'yl660', 'type': 'bigint'}, {'name': 'yl661', 'type': 'bigint'}, {'name': 'yl662', 'type': 'bigint'}, {'name': 'yl663', 'type': 'bigint'}, {'name': 'yl664', 'type': 'bigint'}, {'name': 'yl665', 'type': 'bigint'}, {'name': 'yl666', 'type': 'double'}, {'name': 'yl667', 'type': 'double'}, {'name': 'yl668', 'type': 'bigint'}, {'name': 'yl669', 'type': 'bigint'}, {'name': 'yl670', 'type': 'double'}, {'name': 'yl671', 'type': 'double'}, {'name': 'yl672', 'type': 'double'}, {'name': 'yl673', 'type': 'double'}, {'name': 'yl674', 'type': 'double'}, {'name': 'yl675', 'type': 'double'}, {'name': 'yl676', 'type': 'double'}, {'name': 'yl677', 'type': 'double'}, {'name': 'yl678', 'type': 'double'}, {'name': 'yl679', 'type': 'double'}, {'name': 'yl680', 'type': 'double'}, {'name': 'yl681', 'type': 'double'}, {'name': 'yl682', 'type': 'double'}, {'name': 'yl683', 'type': 'double'}, {'name': 'yl684', 'type': 'double'}, {'name': 'yl685', 'type': 'double'}, {'name': 'yl686', 'type': 'double'}, {'name': 'yl687', 'type': 'double'}, {'name': 'yl688', 'type': 'double'}, {'name': 'yl689', 'type': 'double'}, {'name': 'yl690', 'type': 'double'}, {'name': 'yl691', 'type': 'bigint'}, {'name': 'yl692', 'type': 'bigint'}, {'name': 'yl693', 'type': 'bigint'}, {'name': 'yl694', 'type': 'bigint'}, {'name': 'yl695', 'type': 'bigint'}, {'name': 'yl696', 'type': 'bigint'}, {'name': 'yl697', 'type': 'bigint'}, {'name': 'yl698', 'type': 'bigint'}, {'name': 'yl699', 'type': 'bigint'}, {'name': 'yl700', 'type': 'bigint'}, {'name': 'yl701', 'type': 'bigint'}, {'name': 'yl702', 'type': 'bigint'}, {'name': 'yl703', 'type': 'bigint'}, {'name': 'yl704', 'type': 'bigint'}, {'name': 'yl705', 'type': 'bigint'}, {'name': 'yl706', 'type': 'double'}, {'name': 'yl707', 'type': 'bigint'}, {'name': 'yl708', 'type': 'double'}, {'name': 'yl709', 'type': 'bigint'}, {'name': 'yl710', 'type': 'double'}, {'name': 'yl711', 'type': 'bigint'}, {'name': 'yl712', 'type': 'double'}, {'name': 'yl713', 'type': 'bigint'}, {'name': 'yl714', 'type': 'double'}, {'name': 'yl715', 'type': 'bigint'}, {'name': 'yl716', 'type': 'double'}, {'name': 'yl717', 'type': 'bigint'}, {'name': 'yl718', 'type': 'double'}, {'name': 'yl719', 'type': 'bigint'}, {'name': 'yl720', 'type': 'double'}, {'name': 'yl721', 'type': 'double'}, {'name': 'yl722', 'type': 'double'}, {'name': 'yl723', 'type': 'double'}, {'name': 'yl724', 'type': 'double'}, {'name': 'yl725', 'type': 'double'}, {'name': 'yl726', 'type': 'double'}, {'name': 'yl727', 'type': 'double'}, {'name': 'yl728', 'type': 'double'}, {'name': 'yl729', 'type': 'double'}, {'name': 'yl730', 'type': 'double'}, {'name': 'yl731', 'type': 'double'}, {'name': 'yl732', 'type': 'double'}, {'name': 'yl733', 'type': 'bigint'}, {'name': 'yl734', 'type': 'bigint'}, {'name': 'yl735', 'type': 'bigint'}, {'name': 'yl736', 'type': 'bigint'}, {'name': 'yl737', 'type': 'bigint'}, {'name': 'yl738', 'type': 'bigint'}, {'name': 'yl739', 'type': 'bigint'}, {'name': 'yl740', 'type': 'bigint'}, {'name': 'yl741', 'type': 'bigint'}, {'name': 'yl742', 'type': 'bigint'}, {'name': 'yl743', 'type': 'bigint'}, {'name': 'yl744', 'type': 'bigint'}, {'name': 'yl745', 'type': 'bigint'}, {'name': 'yl746', 'type': 'double'}, {'name': 'yl747', 'type': 'double'}, {'name': 'yl748', 'type': 'double'}, {'name': 'yl749', 'type': 'double'}, {'name': 'yl750', 'type': 'double'}, {'name': 'yl751', 'type': 'double'}, {'name': 'yl752', 'type': 'double'}, {'name': 'yl753', 'type': 'double'}, {'name': 'yl754', 'type': 'double'}, {'name': 'yl755', 'type': 'double'}, {'name': 'yl756', 'type': 'double'}, {'name': 'yl757', 'type': 'double'}, {'name': 'yl758', 'type': 'double'}, {'name': 'yl759', 'type': 'double'}, {'name': 'yl760', 'type': 'bigint'}, {'name': 'yl761', 'type': 'bigint'}, {'name': 'yl762', 'type': 'bigint'}, {'name': 'yl763', 'type': 'bigint'}, {'name': 'yl764', 'type': 'bigint'}, {'name': 'yl765', 'type': 'bigint'}, {'name': 'yl766', 'type': 'bigint'}, {'name': 'yl767', 'type': 'bigint'}, {'name': 'yl768', 'type': 'bigint'}, {'name': 'yl769', 'type': 'bigint'}, {'name': 'yl770', 'type': 'bigint'}, {'name': 'yl771', 'type': 'bigint'}, {'name': 'yl772', 'type': 'double'}, {'name': 'yl773', 'type': 'double'}, {'name': 'yl774', 'type': 'double'}, {'name': 'yl775', 'type': 'double'}, {'name': 'yl776', 'type': 'double'}, {'name': 'yl777', 'type': 'double'}, {'name': 'yl778', 'type': 'double'}, {'name': 'yl779', 'type': 'double'}, {'name': 'yl780', 'type': 'double'}, {'name': 'yl781', 'type': 'double'}, {'name': 'yl782', 'type': 'double'}, {'name': 'yl783', 'type': 'double'}, {'name': 'yl784', 'type': 'double'}, {'name': 'yl785', 'type': 'bigint'}, {'name': 'yl786', 'type': 'bigint'}, {'name': 'yl787', 'type': 'bigint'}, {'name': 'yl788', 'type': 'bigint'}, {'name': 'yl789', 'type': 'bigint'}, {'name': 'yl790', 'type': 'bigint'}, {'name': 'yl791', 'type': 'bigint'}, {'name': 'yl792', 'type': 'bigint'}, {'name': 'yl793', 'type': 'bigint'}, {'name': 'yl794', 'type': 'bigint'}, {'name': 'yl795', 'type': 'bigint'}, {'name': 'yl796', 'type': 'bigint'}, {'name': 'yl797', 'type': 'bigint'}, {'name': 'yl798', 'type': 'double'}, {'name': 'yl799', 'type': 'double'}, {'name': 'yl800', 'type': 'double'}, {'name': 'yl801', 'type': 'bigint'}, {'name': 'yl802', 'type': 'bigint'}, {'name': 'yl803', 'type': 'bigint'}, {'name': 'yl804', 'type': 'double'}, {'name': 'yl805', 'type': 'double'}, {'name': 'yl806', 'type': 'double'}, {'name': 'yl807', 'type': 'double'}, {'name': 'yl808', 'type': 'double'}, {'name': 'yl809', 'type': 'double'}, {'name': 'yl810', 'type': 'double'}, {'name': 'yl811', 'type': 'double'}, {'name': 'yl812', 'type': 'bigint'}, {'name': 'yl813', 'type': 'bigint'}, {'name': 'yl814', 'type': 'bigint'}, {'name': 'yl815', 'type': 'bigint'}, {'name': 'yl816', 'type': 'bigint'}, {'name': 'yl817', 'type': 'bigint'}, {'name': 'yl818', 'type': 'bigint'}, {'name': 'yl819', 'type': 'double'}, {'name': 'yl820', 'type': 'double'}, {'name': 'yl821', 'type': 'double'}, {'name': 'yl822', 'type': 'bigint'}, {'name': 'yl823', 'type': 'bigint'}, {'name': 'yl824', 'type': 'bigint'}, {'name': 'yl825', 'type': 'bigint'}, {'name': 'yl826', 'type': 'bigint'}, {'name': 'yl827', 'type': 'bigint'}, {'name': 'yl828', 'type': 'double'}, {'name': 'yl829', 'type': 'string'}, {'name': 'yl830', 'type': 'double'}, {'name': 'yl831', 'type': 'string'}, {'name': 'yl832', 'type': 'double'}, {'name': 'yl833', 'type': 'string'}, {'name': 'yl834', 'type': 'double'}, {'name': 'yl835', 'type': 'string'}, {'name': 'yl836', 'type': 'double'}, {'name': 'yl837', 'type': 'double'}, {'name': 'yl838', 'type': 'double'}, {'name': 'yl839', 'type': 'double'}, {'name': 'yl840', 'type': 'double'}, {'name': 'yl841', 'type': 'double'}, {'name': 'yl842', 'type': 'double'}, {'name': 'yl843', 'type': 'double'}, {'name': 'yl844', 'type': 'double'}, {'name': 'yl845', 'type': 'double'}, {'name': 'yl846', 'type': 'double'}, {'name': 'yl847', 'type': 'double'}, {'name': 'yl848', 'type': 'bigint'}, {'name': 'yl849', 'type': 'bigint'}, {'name': 'yl850', 'type': 'bigint'}, {'name': 'yl851', 'type': 'bigint'}, {'name': 'yl852', 'type': 'bigint'}, {'name': 'yl853', 'type': 'bigint'}, {'name': 'yl854', 'type': 'bigint'}, {'name': 'yl855', 'type': 'bigint'}, {'name': 'yl856', 'type': 'bigint'}, {'name': 'yl857', 'type': 'bigint'}, {'name': 'yl858', 'type': 'bigint'}, {'name': 'yl859', 'type': 'bigint'}, {'name': 'yl860', 'type': 'bigint'}, {'name': 'yl861', 'type': 'bigint'}, {'name': 'yl862', 'type': 'double'}, {'name': 'yl863', 'type': 'bigint'}, {'name': 'yl864', 'type': 'bigint'}, {'name': 'yl865', 'type': 'bigint'}, {'name': 'yl866', 'type': 'bigint'}, {'name': 'yl867', 'type': 'double'}, {'name': 'yl868', 'type': 'bigint'}, {'name': 'yl869', 'type': 'double'}, {'name': 'yl870', 'type': 'bigint'}, {'name': 'yl871', 'type': 'bigint'}, {'name': 'yl872', 'type': 'string'}, {'name': 'yl873', 'type': 'string'}, {'name': 'yl874', 'type': 'string'}, {'name': 'yl875', 'type': 'bigint'}, {'name': 'yl876', 'type': 'string'}, {'name': 'yl877', 'type': 'double'}, {'name': 'yl878', 'type': 'bigint'}, {'name': 'yl879', 'type': 'string'}, {'name': 'yl880', 'type': 'bigint'}, {'name': 'yl881', 'type': 'string'}, {'name': 'yl882', 'type': 'double'}, {'name': 'yl883', 'type': 'bigint'}, {'name': 'yl884', 'type': 'string'}, {'name': 'yl885', 'type': 'bigint'}, {'name': 'yl886', 'type': 'string'}, {'name': 'yl887', 'type': 'bigint'}, {'name': 'yl888', 'type': 'bigint'}, {'name': 'yl889', 'type': 'string'}, {'name': 'yl890', 'type': 'bigint'}, {'name': 'yl891', 'type': 'bigint'}, {'name': 'yl892', 'type': 'bigint'}, {'name': 'yl893', 'type': 'string'}, {'name': 'yl894', 'type': 'string'}, {'name': 'yl895', 'type': 'double'}, {'name': 'yl896', 'type': 'double'}, {'name': 'yl897', 'type': 'string'}, {'name': 'yl898', 'type': 'string'}, {'name': 'yl899', 'type': 'bigint'}, {'name': 'yl900', 'type': 'bigint'}, {'name': 'yl901', 'type': 'bigint'}, {'name': 'yl902', 'type': 'double'}, {'name': 'yl903', 'type': 'double'}, {'name': 'yl904', 'type': 'double'}, {'name': 'yl905', 'type': 'bigint'}, {'name': 'yl906', 'type': 'bigint'}, {'name': 'yl907', 'type': 'bigint'}, {'name': 'yl908', 'type': 'bigint'}, {'name': 'yl909', 'type': 'bigint'}, {'name': 'yl910', 'type': 'double'}, {'name': 'yl911', 'type': 'bigint'}, {'name': 'yl912', 'type': 'bigint'}, {'name': 'yl913', 'type': 'bigint'}, {'name': 'yl914', 'type': 'double'}, {'name': 'yl915', 'type': 'bigint'}, {'name': 'yl916', 'type': 'bigint'}, {'name': 'yl917', 'type': 'double'}, {'name': 'yl918', 'type': 'bigint'}, {'name': 'yl919', 'type': 'bigint'}, {'name': 'yl920', 'type': 'bigint'}, {'name': 'yl921', 'type': 'double'}, {'name': 'yl922', 'type': 'bigint'}, {'name': 'yl923', 'type': 'bigint'}, {'name': 'yl924', 'type': 'double'}, {'name': 'yl925', 'type': 'bigint'}, {'name': 'yl926', 'type': 'bigint'}, {'name': 'yl927', 'type': 'bigint'}, {'name': 'yl928', 'type': 'double'}, {'name': 'yl929', 'type': 'bigint'}, {'name': 'yl930', 'type': 'bigint'}, {'name': 'yl931', 'type': 'double'}, {'name': 'yl932', 'type': 'bigint'}, {'name': 'yl933', 'type': 'bigint'}, {'name': 'yl934', 'type': 'bigint'}, {'name': 'yl935', 'type': 'double'}, {'name': 'yl936', 'type': 'bigint'}, {'name': 'yl937', 'type': 'bigint'}, {'name': 'yl938', 'type': 'double'}, {'name': 'yl939', 'type': 'bigint'}, {'name': 'yl940', 'type': 'bigint'}, {'name': 'yl941', 'type': 'bigint'}, {'name': 'yl942', 'type': 'double'}, {'name': 'yl943', 'type': 'bigint'}, {'name': 'yl944', 'type': 'bigint'}, {'name': 'yl945', 'type': 'bigint'}, {'name': 'yl946', 'type': 'bigint'}, {'name': 'yl947', 'type': 'double'}, {'name': 'yl948', 'type': 'bigint'}, {'name': 'yl949', 'type': 'bigint'}, {'name': 'yl950', 'type': 'bigint'}, {'name': 'yl951', 'type': 'string'}, {'name': 'yl952', 'type': 'string'}, {'name': 'yl953', 'type': 'string'}, {'name': 'yl954', 'type': 'bigint'}, {'name': 'yl955', 'type': 'bigint'}, {'name': 'yl956', 'type': 'double'}, {'name': 'yl957', 'type': 'double'}, {'name': 'yl958', 'type': 'double'}, {'name': 'yl959', 'type': 'double'}, {'name': 'yl960', 'type': 'double'}, {'name': 'yl961', 'type': 'double'}, {'name': 'yl962', 'type': 'double'}, {'name': 'yl963', 'type': 'bigint'}, {'name': 'yl964', 'type': 'double'}, {'name': 'yl965', 'type': 'bigint'}, {'name': 'yl966', 'type': 'bigint'}, {'name': 'yl967', 'type': 'bigint'}, {'name': 'yl968', 'type': 'bigint'}, {'name': 'yl969', 'type': 'bigint'}, {'name': 'yl970', 'type': 'bigint'}, {'name': 'yl971', 'type': 'bigint'}, {'name': 'yl972', 'type': 'bigint'}, {'name': 'yl973', 'type': 'bigint'}, {'name': 'yl974', 'type': 'double'}, {'name': 'yl975', 'type': 'bigint'}, {'name': 'yl976', 'type': 'bigint'}, {'name': 'yl977', 'type': 'double'}, {'name': 'yl978', 'type': 'double'}, {'name': 'yl979', 'type': 'double'}, {'name': 'yl980', 'type': 'double'}, {'name': 'yl981', 'type': 'double'}, {'name': 'yl982', 'type': 'double'}, {'name': 'yl983', 'type': 'bigint'}, {'name': 'yl984', 'type': 'bigint'}, {'name': 'yl985', 'type': 'bigint'}, {'name': 'yl986', 'type': 'bigint'}, {'name': 'yl987', 'type': 'bigint'}, {'name': 'yl988', 'type': 'bigint'}, {'name': 'yl989', 'type': 'bigint'}, {'name': 'yl990', 'type': 'bigint'}, {'name': 'yl991', 'type': 'bigint'}, {'name': 'yl992', 'type': 'bigint'}, {'name': 'yl993', 'type': 'bigint'}, {'name': 'yl994', 'type': 'bigint'}, {'name': 'yl995', 'type': 'bigint'}, {'name': 'yl996', 'type': 'bigint'}, {'name': 'yl997', 'type': 'bigint'}, {'name': 'yl998', 'type': 'string'}, {'name': 'yl999', 'type': 'string'}, {'name': 'yl1000', 'type': 'string'}, {'name': 'yl1001', 'type': 'string'}, {'name': 'yl1002', 'type': 'string'}, {'name': 'yl1003', 'type': 'string'}, {'name': 'yl1004', 'type': 'bigint'}, {'name': 'yl1005', 'type': 'bigint'}, {'name': 'yl1006', 'type': 'bigint'}, {'name': 'yl1007', 'type': 'bigint'}, {'name': 'yl1008', 'type': 'bigint'}, {'name': 'yl1009', 'type': 'double'}, {'name': 'yl1010', 'type': 'bigint'}, {'name': 'yl1011', 'type': 'bigint'}, {'name': 'yl1012', 'type': 'bigint'}, {'name': 'yl1013', 'type': 'bigint'}, {'name': 'yl1014', 'type': 'bigint'}, {'name': 'yl1015', 'type': 'bigint'}, {'name': 'yl1016', 'type': 'bigint'}, {'name': 'yl1017', 'type': 'bigint'}, {'name': 'yl1018', 'type': 'bigint'}, {'name': 'yl1019', 'type': 'bigint'}, {'name': 'yl1020', 'type': 'bigint'}, {'name': 'yl1021', 'type': 'bigint'}, {'name': 'yl1022', 'type': 'bigint'}, {'name': 'yl1023', 'type': 'bigint'}, {'name': 'yl1024', 'type': 'bigint'}, {'name': 'yl1025', 'type': 'bigint'}, {'name': 'yl1026', 'type': 'bigint'}, {'name': 'yl1027', 'type': 'bigint'}, {'name': 'target', 'type': 'bigint'}, {'name': 'gid', 'type': 'string'}], 'pcv': '', 'switchPcv': 0, 'positive': '', 'workId': 1770, 'tableName': 'testdata_zhineng', 'y_col': '', 'output': '/liyiwen1/15/1770/374795d1-0533-4d9b-81ed-ae79abff1331', 'operation_name': 'reading_data', 'input': '/liyiwen1/datasource/2056/', 'expireTime': 30, 'delimiter': ',', 'tableId': '2056', 'small_batch': 1, 'nodeId': '374795d1-0533-4d9b-81ed-ae79abff1331', 'yCol': ''}, 'user_name': '12', 'node_id': '374795d1-0533-4d9b-81ed-ae79abff1331'}}2019-01-15 20:32:15,774 - tornado.application - INFO - #################  send msg to client successfully,the msg is as follow:  #################
[Stage 18:>                                                        (0 + 9) / 16]
[Stage 18:======================================>                 (11 + 5) / 16]
                                                                                
[Stage 20:=====================>                                   (6 + 9) / 16]
[Stage 20:==========================================>             (12 + 4) / 16]
2019-01-15 20:32:27,795 - tornado.application - INFO - ---job process done---
2019-01-15 20:32:27,796 - tornado.application - INFO - {'user_name': '12', 'id': '374795d1-0533-4d9b-81ed-ae79abff1331', 'method': 'ReadingData', 'state': 'done', 'worker_id': 20265}
2019-01-15 20:32:27,983 - tornado.application - INFO - receive message
2019-01-15 20:32:28,221 - tornado.application - INFO - sparkcontext process cost time:0.23803377151489258
---busy--- {'user_name': '12', 'id': '374795d1-0533-4d9b-81ed-ae79abff1331', 'method': 'ReadingData', 'state': 'busy', 'worker_id': 20265}
SELECT rows FROM gai_component_rows WHERE work_id = 1770 and node_id = "374795d1-0533-4d9b-81ed-ae79abff1331" and output = "null"
##########################client request parameter in sparkworker    {'msgId': 'a9028c5a-6509-4c00-ad0e-7ed349aea302', 'data': {'class_name': 'FeatureSelectorRandomForest', 'param': {'single_tress_seed_data_numbers': 10000, 'force_fields': [], 'pre_node_id': '374795d1-0533-4d9b-81ed-ae79abff1331', 'select_fields': [{'parent': 'STRING', 'children': False, 'name': 'yl3', 'checked': True, 'state': '', 'type': 'string'}, {'parent': 'STRING', 'children': False, 'name': 'yl4', 'checked': True, 'state': '', 'type': 'string'}, {'parent': 'STRING', 'children': False, 'name': 'yl6', 'checked': True, 'state': '', 'type': 'string'}, {'parent': 'STRING', 'children': False, 'name': 'yl7', 'checked': True, 'state': '', 'type': 'string'}, {'parent': 'STRING', 'children': False, 'name': 'yl8', 'checked': True, 'state': '', 'type': 'string'}, {'parent': 'STRING', 'children': False, 'name': 'yl9', 'checked': True, 'state': '', 'type': 'string'}, {'parent': 'STRING', 'children': False, 'name': 'yl241', 'checked': True, 'state': '', 'type': 'string'}, {'parent': 'STRING', 'children': False, 'name': 'yl242', 'checked': True, 'state': '', 'type': 'string'}, {'parent': 'STRING', 'children': False, 'name': 'yl244', 'checked': True, 'state': '', 'type': 'string'}, {'parent': 'STRING', 'children': False, 'name': 'yl621', 'checked': True, 'state': '', 'type': 'string'}, {'parent': 'STRING', 'children': False, 'name': 'yl622', 'checked': True, 'state': '', 'type': 'string'}, {'parent': 'STRING', 'children': False, 'name': 'yl829', 'checked': True, 'state': '', 'type': 'string'}, {'parent': 'STRING', 'children': False, 'name': 'yl831', 'checked': True, 'state': '', 'type': 'string'}, {'parent': 'STRING', 'children': False, 'name': 'yl833', 'checked': True, 'state': '', 'type': 'string'}, {'parent': 'STRING', 'children': False, 'name': 'yl835', 'checked': True, 'state': '', 'type': 'string'}, {'parent': 'STRING', 'children': False, 'name': 'yl872', 'checked': True, 'state': '', 'type': 'string'}, {'parent': 'STRING', 'children': False, 'name': 'yl873', 'checked': True, 'state': '', 'type': 'string'}, {'parent': 'STRING', 'children': False, 'name': 'yl874', 'checked': True, 'state': '', 'type': 'string'}, {'parent': 'STRING', 'children': False, 'name': 'yl876', 'checked': True, 'state': '', 'type': 'string'}, {'parent': 'STRING', 'children': False, 'name': 'yl879', 'checked': True, 'state': '', 'type': 'string'}, {'parent': 'STRING', 'children': False, 'name': 'yl881', 'checked': True, 'state': '', 'type': 'string'}, {'parent': 'STRING', 'children': False, 'name': 'yl884', 'checked': True, 'state': '', 'type': 'string'}, {'parent': 'STRING', 'children': False, 'name': 'yl886', 'checked': True, 'state': '', 'type': 'string'}, {'parent': 'STRING', 'children': False, 'name': 'yl889', 'checked': True, 'state': '', 'type': 'string'}, {'parent': 'STRING', 'children': False, 'name': 'yl893', 'checked': True, 'state': '', 'type': 'string'}, {'parent': 'STRING', 'children': False, 'name': 'yl894', 'checked': True, 'state': '', 'type': 'string'}, {'parent': 'STRING', 'children': False, 'name': 'yl897', 'checked': True, 'state': '', 'type': 'string'}, {'parent': 'STRING', 'children': False, 'name': 'yl898', 'checked': True, 'state': '', 'type': 'string'}, {'parent': 'STRING', 'children': False, 'name': 'yl951', 'checked': True, 'state': '', 'type': 'string'}, {'parent': 'STRING', 'children': False, 'name': 'yl952', 'checked': True, 'state': '', 'type': 'string'}, {'parent': 'STRING', 'children': False, 'name': 'yl953', 'checked': True, 'state': '', 'type': 'string'}, {'parent': 'STRING', 'children': False, 'name': 'yl998', 'checked': True, 'state': '', 'type': 'string'}, {'parent': 'STRING', 'children': False, 'name': 'yl999', 'checked': True, 'state': '', 'type': 'string'}, {'parent': 'STRING', 'children': False, 'name': 'yl1000', 'checked': True, 'state': '', 'type': 'string'}, {'parent': 'STRING', 'children': False, 'name': 'yl1001', 'checked': True, 'state': '', 'type': 'string'}, {'parent': 'STRING', 'children': False, 'name': 'yl1002', 'checked': True, 'state': '', 'type': 'string'}, {'parent': 'STRING', 'children': False, 'name': 'yl1003', 'checked': True, 'state': '', 'type': 'string'}, {'parent': 'STRING', 'children': False, 'name': 'gid', 'checked': True, 'state': '', 'type': 'string'}], 'single_trees_num_features': 'log2', 'output_show_result': '/liyiwen1/15/1770/185f7c06-c678-4726-8b66-0942a594d40d/featureselector_randomforest/output_show_result', 'maxdepth': '5', 'workId': 1770, 'y_col': '', 'leaf_node_data_min_numbers': 2, 'output': '/liyiwen1/15/1770/185f7c06-c678-4726-8b66-0942a594d40d/featureselector_randomforest/output', 'num_trees': 100, 'input': '/liyiwen1/15/1770/374795d1-0533-4d9b-81ed-ae79abff1331/add_feature_column', 'ratio_leaf_node_data_and_parent_node': 0, 'higl_level': 1, 'delimiter': ',', 'feature_filter_threshold': 0.9, 'feature_filter_type': 'percent', 'small_batch': 1, 'nodeId': '185f7c06-c678-4726-8b66-0942a594d40d'}, 'user_name': '12', 'node_id': '185f7c06-c678-4726-8b66-0942a594d40d'}}   ##########################  
usegai_spark_application_0
2019-01-15 20:32:36,580 - tornado.application - INFO - {'user_name': '12', 'id': '374795d1-0533-4d9b-81ed-ae79abff1331', 'method': 'ReadingData', 'state': 'busy', 'worker_id': 20265}
[Stage 25:>                                                        (0 + 9) / 16]
[Stage 25:===>                                                     (1 + 9) / 16]
[Stage 26:=======>                                                  (1 + 7) / 8]
                                                                                
                                                                                
2019-01-15 20:32:45,135 - tornado.application - INFO - ---job process done---
2019-01-15 20:32:45,304 - tornado.application - INFO - ##############  Test Sparksession state  ##############
2019-01-15 20:32:45,531 - tornado.application - INFO - {'user_name': '12', 'id': '185f7c06-c678-4726-8b66-0942a594d40d', 'method': 'FeatureSelectorRandomForest', 'state': 'error', 'worker_id': 20265, 'errormessage': 'className is not exist'}
2019-01-15 20:34:07,864 - tornado.application - INFO - #################  send msg to client successfully,the msg is as follow:  #################
2019-01-15 20:34:27,884 - tornado.application - INFO - #################  send msg to client successfully,the msg is as follow:  #################
2019-01-15 20:34:27,884 - tornado.application - INFO - {'state': 'heartbeat', 'worker_id': 20265}
2019-01-15 20:34:47,903 - tornado.application - INFO - {'state': 'heartbeat', 'worker_id': 20265}
2019-01-15 20:35:07,923 - tornado.application - INFO - #################  send msg to client successfully,the msg is as follow:  #################
2019-01-15 20:37:08,012 - tornado.application - INFO - #################  send msg to client successfully,the msg is as follow:  #################
2019-01-15 20:37:28,013 - tornado.application - INFO - #################  send msg to client successfully,the msg is as follow:  #################
2019-01-15 20:37:48,034 - tornado.application - INFO - #################  send msg to client successfully,the msg is as follow:  #################
2019-01-15 20:38:28,066 - tornado.application - INFO - #################  send msg to client successfully,the msg is as follow:  #################
2019-01-15 20:38:48,086 - tornado.application - INFO - #################  send msg to client successfully,the msg is as follow:  #################
2019-01-15 20:39:08,096 - tornado.application - INFO - #################  send msg to client successfully,the msg is as follow:  #################
2019-01-15 20:39:08,096 - tornado.application - INFO - {'state': 'heartbeat', 'worker_id': 20265}
2019-01-15 20:39:48,137 - tornado.application - INFO - #################  send msg to client successfully,the msg is as follow:  #################
2019-01-15 20:41:48,209 - tornado.application - INFO - {'state': 'heartbeat', 'worker_id': 20265}
2019-01-15 20:42:08,212 - tornado.application - INFO - #################  send msg to client successfully,the msg is as follow:  #################
2019-01-15 20:44:28,333 - tornado.application - INFO - #################  send msg to client successfully,the msg is as follow:  #################
2019-01-15 20:45:08,375 - tornado.application - INFO - #################  send msg to client successfully,the msg is as follow:  #################
2019-01-15 20:45:08,375 - tornado.application - INFO - {'state': 'heartbeat', 'worker_id': 20265}
2019-01-15 20:45:48,385 - tornado.application - INFO - #################  send msg to client successfully,the msg is as follow:  #################
2019-01-15 20:46:28,421 - tornado.application - INFO - {'state': 'heartbeat', 'worker_id': 20265}
2019-01-15 20:47:28,478 - tornado.application - INFO - {'state': 'heartbeat', 'worker_id': 20265}
2019-01-15 20:48:08,513 - tornado.application - INFO - #################  send msg to client successfully,the msg is as follow:  #################
2019-01-15 20:48:28,534 - tornado.application - INFO - #################  send msg to client successfully,the msg is as follow:  #################
2019-01-15 20:49:08,566 - tornado.application - INFO - {'state': 'heartbeat', 'worker_id': 20265}
2019-01-15 20:50:08,623 - tornado.application - INFO - {'state': 'heartbeat', 'worker_id': 20265}
2019-01-15 20:51:28,701 - tornado.application - INFO - #################  send msg to client successfully,the msg is as follow:  #################
2019-01-15 20:51:48,721 - tornado.application - INFO - #################  send msg to client successfully,the msg is as follow:  #################
2019-01-15 20:51:48,721 - tornado.application - INFO - {'state': 'heartbeat', 'worker_id': 20265}
2019-01-15 20:52:08,740 - tornado.application - INFO - #################  send msg to client successfully,the msg is as follow:  #################
2019-01-15 20:53:28,794 - tornado.application - INFO - #################  send msg to client successfully,the msg is as follow:  #################
2019-01-15 20:53:48,813 - tornado.application - INFO - #################  send msg to client successfully,the msg is as follow:  #################
2019-01-15 20:54:08,833 - tornado.application - INFO - #################  send msg to client successfully,the msg is as follow:  #################
To adjust logging level use sc.setLogLevel(newLevel). For SparkR, use setLogLevel(newLevel).
2019-01-16 11:14:18,103 - tornado.application - INFO - a sparkcontext is created.
2019-01-16 11:14:18,112 - tornado.application - INFO - receive message
2019-01-16 11:14:58,132 - tornado.application - INFO - #################  send msg to client successfully,the msg is as follow:  #################
2019-01-16 11:15:38,169 - tornado.application - INFO - #################  send msg to client successfully,the msg is as follow:  #################
2019-01-16 11:15:58,190 - tornado.application - INFO - {'state': 'heartbeat', 'worker_id': 32659}
2019-01-16 11:15:59,126 - tornado.application - INFO - {'user_name': '5', 'id': '5aea1557-2fd3-4b26-8060-48e479f6b455', 'method': 'ReadingData', 'state': 'busy', 'worker_id': 32659}
                                                                                
[Stage 2:>                                                          (0 + 1) / 1]
                                                                                

[Stage 3:>                                                          (0 + 1) / 1]
2019-01-16 11:16:12,127 - tornado.application - INFO - {'user_name': '5', 'id': '76c242b9-c2af-4581-af89-c319e0d5a920', 'method': 'FeaturePCA', 'state': 'busy', 'worker_id': 32659}
2019-01-16 11:16:12,127 - tornado.application - INFO - ##############  Test Sparksession state  ##############

[Stage 29:>                                                         (0 + 1) / 1]
                                                                                
                                                                                
2019-01-16 11:16:29,436 - tornado.application - INFO - ---job process done---
2019-01-16 11:16:29,437 - tornado.application - INFO - IDLE
2019-01-16 11:16:49,445 - tornado.application - INFO - #################  send msg to client successfully,the msg is as follow:  #################
2019-01-16 11:17:09,464 - tornado.application - INFO - {'state': 'heartbeat', 'worker_id': 32659}
2019-01-16 11:17:49,494 - tornado.application - INFO - #################  send msg to client successfully,the msg is as follow:  #################
2019-01-16 11:18:49,554 - tornado.application - INFO - #################  send msg to client successfully,the msg is as follow:  #################
2019-01-16 11:19:29,593 - tornado.application - INFO - #################  send msg to client successfully,the msg is as follow:  #################
2019-01-16 11:21:09,673 - tornado.application - INFO - #################  send msg to client successfully,the msg is as follow:  #################
2019-01-16 11:21:29,674 - tornado.application - INFO - #################  send msg to client successfully,the msg is as follow:  #################
2019-01-16 11:21:29,674 - tornado.application - INFO - {'state': 'heartbeat', 'worker_id': 32659}
2019-01-16 11:22:09,709 - tornado.application - INFO - {'state': 'heartbeat', 'worker_id': 32659}
2019-01-16 11:22:29,727 - tornado.application - INFO - #################  send msg to client successfully,the msg is as follow:  #################
2019-01-16 11:22:49,745 - tornado.application - INFO - #################  send msg to client successfully,the msg is as follow:  #################
2019-01-16 11:22:49,745 - tornado.application - INFO - {'state': 'heartbeat', 'worker_id': 32659}
2019-01-16 11:23:00,306 - tornado.application - INFO - {'user_name': '5', 'id': '5aea1557-2fd3-4b26-8060-48e479f6b455', 'method': 'ReadingData', 'state': 'busy', 'worker_id': 32659}
19/01/16 11:23:01 ERROR FileFormatWriter: Aborting job null.
java.io.IOException: Failed to rename FileStatus{path=hdfs://namenode.ai.test.com:8020/user/dp/file/data/liyiwen/20/1773/5aea1557-2fd3-4b26-8060-48e479f6b455/add_feature_column/_temporary/0/task_20190116112301_0077_m_000000/part-00000-77f5e585-6aba-49ef-b156-beff93470da6-c000.csv; isDirectory=false; length=63163; replication=3; blocksize=134217728; modification_time=1547608981318; access_time=1547608981255; owner=dp; group=hdfs; permission=rw-r--r--; isSymlink=false} to hdfs://namenode.ai.test.com:8020/user/dp/file/data/liyiwen/20/1773/5aea1557-2fd3-4b26-8060-48e479f6b455/add_feature_column/part-00000-77f5e585-6aba-49ef-b156-beff93470da6-c000.csv
	at org.apache.hadoop.mapreduce.lib.output.FileOutputCommitter.mergePaths(FileOutputCommitter.java:462)
	at org.apache.hadoop.mapreduce.lib.output.FileOutputCommitter.mergePaths(FileOutputCommitter.java:475)
	at org.apache.spark.internal.io.HadoopMapReduceCommitProtocol.commitJob(HadoopMapReduceCommitProtocol.scala:166)
	at org.apache.spark.sql.execution.datasources.InsertIntoHadoopFsRelationCommand.run(InsertIntoHadoopFsRelationCommand.scala:154)
	at org.apache.spark.sql.execution.command.DataWritingCommandExec.doExecute(commands.scala:122)
	at org.apache.spark.rdd.RDDOperationScope$.withScope(RDDOperationScope.scala:151)
	at org.apache.spark.sql.execution.QueryExecution.toRdd(QueryExecution.scala:80)
	at py4j.reflection.ReflectionEngine.invoke(ReflectionEngine.java:357)
	at py4j.commands.AbstractCommand.invokeMethod(AbstractCommand.java:132)
2019-01-16 11:23:01,379 - tornado.application - INFO - #################  send msg to client successfully,the msg is as follow:  #################
2019-01-16 11:23:01,379 - tornado.application - INFO - {'user_name': '5', 'id': '5aea1557-2fd3-4b26-8060-48e479f6b455', 'method': 'ReadingData', 'state': 'error', 'worker_id': 32659, 'errormessage': 'Traceback (most recent call last):\n  File "/tmp/spark-fd4632ab-c9bd-4113-b2f6-6be98ef2983a/userFiles-1cc0115b-8d5a-4acf-989a-92e2412dafa5/gai_platform.zip/gai_feature_project/data_preprocessing_dataframe/ReadingData.py", line 96, in execute\n    timestampFormat="yyyy-MM-dd HH:mm:ss")\n  File "/server/app/anaconda3/lib/python3.6/site-packages/pyspark/sql/readwriter.py", line 883, in csv\n    self._jwrite.csv(path)\n  File "/server/app/anaconda3/lib/python3.6/site-packages/py4j/java_gateway.py", line 1133, in __call__\n    answer, self.gateway_client, self.target_id, self.name)\n  File "/server/app/anaconda3/lib/python3.6/site-packages/pyspark/sql/utils.py", line 63, in deco\n    return f(*a, **kw)\n  File "/server/app/anaconda3/lib/python3.6/site-packages/py4j/protocol.py", line 319, in get_return_value\n    format(target_id, ".", name), value)\npy4j.protocol.Py4JJavaError: An error occurred while calling o964.csv.\n: org.apache.spark.SparkException: Job aborted.\n\tat org.apache.spark.sql.execution.datasources.FileFormatWriter$.write(FileFormatWriter.scala:224)\n\tat org.apache.spark.sql.execution.datasources.InsertIntoHadoopFsRelationCommand.run(InsertIntoHadoopFsRelationCommand.scala:154)\n\tat org.apache.spark.sql.execution.command.DataWritingCommandExec.sideEffectResult$lzycompute(commands.scala:104)\n\tat org.apache.spark.sql.execution.command.DataWritingCommandExec.sideEffectResult(commands.scala:102)\n\tat org.apache.spark.sql.execution.command.DataWritingCommandExec.doExecute(commands.scala:122)\n\tat org.apache.spark.sql.execution.SparkPlan$$anonfun$execute$1.apply(SparkPlan.scala:131)\n\tat org.apache.spark.sql.execution.SparkPlan$$anonfun$execute$1.apply(SparkPlan.scala:127)\n\tat org.apache.spark.sql.execution.SparkPlan$$anonfun$executeQuery$1.apply(SparkPlan.scala:155)\n\tat org.apache.spark.rdd.RDDOperationScope$.withScope(RDDOperationScope.scala:151)\n\tat org.apache.spark.sql.execution.SparkPlan.executeQuery(SparkPlan.scala:152)\n\tat org.apache.spark.sql.execution.SparkPlan.execute(SparkPlan.scala:127)\n\tat org.apache.spark.sql.execution.QueryExecution.toRdd$lzycompute(QueryExecution.scala:80)\n\tat org.apache.spark.sql.execution.QueryExecution.toRdd(QueryExecution.scala:80)\n\tat org.apache.spark.sql.DataFrameWriter$$anonfun$runCommand$1.apply(DataFrameWriter.scala:654)\n\tat org.apache.spark.sql.DataFrameWriter$$anonfun$runCommand$1.apply(DataFrameWriter.scala:654)\n\tat org.apache.spark.sql.execution.SQLExecution$.withNewExecutionId(SQLExecution.scala:77)\n\tat org.apache.spark.sql.DataFrameWriter.runCommand(DataFrameWriter.scala:654)\n\tat org.apache.spark.sql.DataFrameWriter.saveToV1Source(DataFrameWriter.scala:273)\n\tat org.apache.spark.sql.DataFrameWriter.save(DataFrameWriter.scala:267)\n\tat org.apache.spark.sql.DataFrameWriter.save(DataFrameWriter.scala:225)\n\tat org.apache.spark.sql.DataFrameWriter.csv(DataFrameWriter.scala:642)\n\tat sun.reflect.NativeMethodAccessorImpl.invoke0(Native Method)\n\tat sun.reflect.NativeMethodAccessorImpl.invoke(NativeMethodAccessorImpl.java:62)\n\tat sun.reflect.DelegatingMethodAccessorImpl.invoke(DelegatingMethodAccessorImpl.java:43)\n\tat java.lang.reflect.Method.invoke(Method.java:498)\n\tat py4j.reflection.MethodInvoker.invoke(MethodInvoker.java:244)\n\tat py4j.reflection.ReflectionEngine.invoke(ReflectionEngine.java:357)\n\tat py4j.Gateway.invoke(Gateway.java:282)\n\tat py4j.commands.AbstractCommand.invokeMethod(AbstractCommand.java:132)\n\tat py4j.commands.CallCommand.execute(CallCommand.java:79)\n\tat py4j.GatewayConnection.run(GatewayConnection.java:214)\n\tat java.lang.Thread.run(Thread.java:745)\nCaused by: java.io.IOException: Failed to rename FileStatus{path=hdfs://namenode.ai.test.com:8020/user/dp/file/data/liyiwen/20/1773/5aea1557-2fd3-4b26-8060-48e479f6b455/add_feature_column/_temporary/0/task_20190116112301_0077_m_000000/part-00000-77f5e585-6aba-49ef-b156-beff93470da6-c000.csv; isDirectory=false; length=63163; replication=3; blocksize=134217728; modification_time=1547608981318; access_time=1547608981255; owner=dp; group=hdfs; permission=rw-r--r--; isSymlink=false} to hdfs://namenode.ai.test.com:8020/user/dp/file/data/liyiwen/20/1773/5aea1557-2fd3-4b26-8060-48e479f6b455/add_feature_column/part-00000-77f5e585-6aba-49ef-b156-beff93470da6-c000.csv\n\tat org.apache.hadoop.mapreduce.lib.output.FileOutputCommitter.mergePaths(FileOutputCommitter.java:462)\n\tat org.apache.hadoop.mapreduce.lib.output.FileOutputCommitter.mergePaths(FileOutputCommitter.java:475)\n\tat org.apache.hadoop.mapreduce.lib.output.FileOutputCommitter.commitJobInternal(FileOutputCommitter.java:392)\n\tat org.apache.hadoop.mapreduce.lib.output.FileOutputCommitter.commitJob(FileOutputCommitter.java:364)\n\tat org.apache.spark.internal.io.HadoopMapReduceCommitProtocol.commitJob(HadoopMapReduceCommitProtocol.scala:166)\n\tat org.apache.spark.sql.execution.datasources.FileFormatWriter$.write(FileFormatWriter.scala:213)\n\t... 31 more\n\n\nDuring handling of the above exception, another exception occurred:\n\nTraceback (most recent call last):\n  File "/opt/www/gai_spark_connection/sparkcontextWorker.py", line 431, in exec_test\n    result = handler.execute(gai_ss.sparkContext, gai_ss)\n  File "/tmp/spark-fd4632ab-c9bd-4113-b2f6-6be98ef2983a/userFiles-1cc0115b-8d5a-4acf-989a-92e2412dafa5/gai_platform.zip/gai_feature_project/data_preprocessing_dataframe/ReadingData.py", line 98, in execute\n    raise ValueError("数据源异常!!!")\nValueError: 数据源异常!!!\n'}
  File "/server/app/anaconda3/lib/python3.6/site-packages/pyspark/sql/readwriter.py", line 883, in csv
: org.apache.spark.SparkException: Job aborted.
	at org.apache.spark.sql.execution.command.DataWritingCommandExec.sideEffectResult$lzycompute(commands.scala:104)
	at org.apache.spark.sql.execution.command.DataWritingCommandExec.sideEffectResult(commands.scala:102)
	at org.apache.spark.sql.execution.command.DataWritingCommandExec.doExecute(commands.scala:122)
	at org.apache.spark.sql.execution.SQLExecution$.withNewExecutionId(SQLExecution.scala:77)
	at org.apache.spark.sql.DataFrameWriter.save(DataFrameWriter.scala:267)
	at java.lang.reflect.Method.invoke(Method.java:498)
	at py4j.reflection.MethodInvoker.invoke(MethodInvoker.java:244)
	at py4j.reflection.ReflectionEngine.invoke(ReflectionEngine.java:357)
	at py4j.commands.CallCommand.execute(CallCommand.java:79)
	at py4j.GatewayConnection.run(GatewayConnection.java:214)
	at org.apache.hadoop.mapreduce.lib.output.FileOutputCommitter.commitJobInternal(FileOutputCommitter.java:392)
	... 31 more

    raise ValueError("数据源异常!!!")
ValueError: 数据源异常!!!

2019-01-16 11:23:10,922 - tornado.application - INFO - receive message
worker
8888
SELECT fields FROM gai_module_data WHERE work_id = 1773 and module_name like "5aea1557-2fd3-4b26-8060-48e479f6b455"
##########################client request parameter in sparkworker    {'msgId': '7582820b-285b-4580-a09a-9f1fe00c5e8e', 'data': {'class_name': 'ReadingData', 'param': {'schema': [{'name': 'id', 'type': 'bigint'}, {'name': 'checking', 'type': 'bigint'}, {'name': 'duration', 'type': 'bigint'}, {'name': 'history', 'type': 'bigint'}, {'name': 'purpose', 'type': 'string'}, {'name': 'amount', 'type': 'bigint'}, {'name': 'savings', 'type': 'bigint'}, {'name': 'employed', 'type': 'bigint'}, {'name': 'installp', 'type': 'bigint'}, {'name': 'marital', 'type': 'bigint'}, {'name': 'coapp', 'type': 'bigint'}, {'name': 'resident', 'type': 'bigint'}, {'name': 'property', 'type': 'bigint'}, {'name': 'age', 'type': 'bigint'}, {'name': 'other', 'type': 'bigint'}, {'name': 'housing', 'type': 'bigint'}, {'name': 'existcr', 'type': 'bigint'}, {'name': 'job', 'type': 'bigint'}, {'name': 'depends', 'type': 'bigint'}, {'name': 'telephon', 'type': 'bigint'}, {'name': 'foreign', 'type': 'bigint'}, {'name': 'good_bad', 'type': 'bigint'}, {'name': 'checkingstr', 'type': 'string'}, {'name': 'historystr', 'type': 'string'}], 'pcv': '1', 'switchPcv': 1, 'positive': '1', 'workId': 1773, 'tableName': '23', 'y_col': 'good_bad', 'output': '/liyiwen/20/1773/5aea1557-2fd3-4b26-8060-48e479f6b455', 'operation_name': 'reading_data', 'input': '/liyiwen/datasource/1921/', 'expireTime': 30, 'delimiter': ',', 'tableId': '1921', 'small_batch': 1, 'nodeId': '5aea1557-2fd3-4b26-8060-48e479f6b455', 'yCol': 'good_bad'}, 'user_name': '5', 'node_id': '5aea1557-2fd3-4b26-8060-48e479f6b455'}}   ##########################  
---busy--- {'user_name': '5', 'id': '5aea1557-2fd3-4b26-8060-48e479f6b455', 'method': 'ReadingData', 'state': 'busy', 'worker_id': 32659}
2019-01-16 11:23:12,401 - tornado.application - INFO - #################  send msg to client successfully,the msg is as follow:  #################
2019-01-16 11:23:12,401 - tornado.application - INFO - {'user_name': '5', 'id': '5aea1557-2fd3-4b26-8060-48e479f6b455', 'method': 'ReadingData', 'state': 'done', 'worker_id': 32659, 'result': 'bad_70'}
2019-01-16 11:23:12,401 - tornado.application - INFO - sparkcontext process cost time:1.4788775444030762
2019-01-16 11:23:12,562 - tornado.application - INFO - receive message
2019-01-16 11:23:12,563 - tornado.application - INFO - {'user_name': '5', 'id': '76c242b9-c2af-4581-af89-c319e0d5a920', 'method': 'FeaturePCA', 'state': 'busy', 'worker_id': 32659}
[Stage 95:=============================>                            (1 + 1) / 2]
                                                                                

2019-01-16 11:23:18,732 - tornado.application - INFO - a sparkcontext is creating..
19/01/16 11:23:21 WARN Utils: Service 'SparkUI' could not bind on port 4041. Attempting port 4042.
[I 190116 11:31:43 server:33] run in worker model.
2019-01-16 11:31:43,110 - tornado.application - INFO - {'state': 'heartbeat', 'worker_id': 15042}
2019-01-16 11:33:03,174 - tornado.application - INFO - {'state': 'heartbeat', 'worker_id': 15042}
2019-01-16 11:33:43,204 - tornado.application - INFO - {'state': 'heartbeat', 'worker_id': 15042}
2019-01-16 11:34:43,260 - tornado.application - INFO - #################  send msg to client successfully,the msg is as follow:  #################
2019-01-16 11:34:43,260 - tornado.application - INFO - {'state': 'heartbeat', 'worker_id': 15042}
2019-01-16 11:35:03,275 - tornado.application - INFO - #################  send msg to client successfully,the msg is as follow:  #################
2019-01-16 11:36:23,349 - tornado.application - INFO - #################  send msg to client successfully,the msg is as follow:  #################
2019-01-16 11:37:03,376 - tornado.application - INFO - {'state': 'heartbeat', 'worker_id': 15042}
2019-01-16 11:39:23,495 - tornado.application - INFO - #################  send msg to client successfully,the msg is as follow:  #################
2019-01-16 11:39:23,495 - tornado.application - INFO - {'state': 'heartbeat', 'worker_id': 15042}
2019-01-16 11:39:43,515 - tornado.application - INFO - {'state': 'heartbeat', 'worker_id': 15042}
2019-01-16 11:41:23,601 - tornado.application - INFO - #################  send msg to client successfully,the msg is as follow:  #################
2019-01-16 11:41:43,621 - tornado.application - INFO - #################  send msg to client successfully,the msg is as follow:  #################
2019-01-16 11:42:03,642 - tornado.application - INFO - {'state': 'heartbeat', 'worker_id': 15042}
2019-01-16 11:42:23,663 - tornado.application - INFO - {'state': 'heartbeat', 'worker_id': 15042}
2019-01-16 11:42:43,683 - tornado.application - INFO - {'state': 'heartbeat', 'worker_id': 15042}
2019-01-16 11:43:03,704 - tornado.application - INFO - #################  send msg to client successfully,the msg is as follow:  #################
2019-01-16 11:44:23,758 - tornado.application - INFO - #################  send msg to client successfully,the msg is as follow:  #################
2019-01-16 11:44:23,758 - tornado.application - INFO - {'state': 'heartbeat', 'worker_id': 15042}
2019-01-16 11:45:03,099 - tornado.application - INFO - #################  send msg to client successfully,the msg is as follow:  #################

[Stage 2:>                                                          (0 + 1) / 1]
                                                                                
2019-01-16 11:45:15,359 - tornado.application - INFO - {'user_name': '12', 'id': 'd0f60465-55aa-43bf-81ac-d8353047319e', 'method': 'ReadingData', 'state': 'done', 'worker_id': 15042, 'result': 'bad_24'}
2019-01-16 11:45:15,359 - tornado.application - INFO - sparkcontext process cost time:12.259892463684082
2019-01-16 11:45:15,510 - tornado.application - INFO - {'msgId': '775efd58-ba78-4879-9e9d-96d22f4268ed', 'data': {'class_name': 'FeatureFilter', 'param': {'colinear_features': 0, 'pre_node_id': 'd0f60465-55aa-43bf-81ac-d8353047319e', 'zero_importance_features': 1, 'missingvalue_features_value': '0.6', 'missingvalue_features': 1, 'output_show_result': '/liyiwen1/15/1775/b864222b-97ae-4343-b7ab-6ba7b6edf10e/feature_filter/output_show_result', 'low_importance_features_value': '0.2', 'val_features': 0, 'froce_features': [], 'workId': 1775, 'id_features': 0, 'y_col': 'GEO_Y', 'output': '/liyiwen1/15/1775/b864222b-97ae-4343-b7ab-6ba7b6edf10e/feature_filter/output', 'input': '/liyiwen1/15/1775/d0f60465-55aa-43bf-81ac-d8353047319e/add_feature_column', 'low_importance_features': 0, 'colinear_features_value': '0.9', 'small_batch': 1, 'force_enter': '', 'nodeId': 'b864222b-97ae-4343-b7ab-6ba7b6edf10e'}, 'user_name': '12', 'node_id': 'b864222b-97ae-4343-b7ab-6ba7b6edf10e'}}
2019-01-16 11:45:15,510 - tornado.application - INFO - {'user_name': '12', 'id': 'b864222b-97ae-4343-b7ab-6ba7b6edf10e', 'method': 'FeatureFilter', 'state': 'busy', 'worker_id': 15042}
2019-01-16 11:45:15,511 - tornado.application - INFO - ##############  Test Sparksession state  ##############
                                                                                
worker
usegai_spark_application_0
##########################client request parameter in sparkworker    {'msgId': '4aa97595-af0c-4159-a59a-64dec0afb57b', 'data': {'class_name': 'ReadingData', 'param': {'schema': [{'name': 'age', 'type': 'bigint'}, {'name': '_workclass', 'type': 'string'}, {'name': '_fnlwgt', 'type': 'string'}, {'name': '_education', 'type': 'string'}, {'name': '_education-num', 'type': 'string'}, {'name': '_marital-status', 'type': 'string'}, {'name': '_occupation', 'type': 'string'}, {'name': '_relationship', 'type': 'string'}, {'name': '_race', 'type': 'string'}, {'name': '_sex', 'type': 'string'}, {'name': '_capital-gain', 'type': 'string'}, {'name': '_capital-loss', 'type': 'string'}, {'name': '_hours-per-week', 'type': 'string'}, {'name': '_native-country', 'type': 'string'}, {'name': '_income', 'type': 'string'}], 'pcv': '<=50K', 'switchPcv': 1, 'positive': '<=50K', 'workId': 1775, 'tableName': 'Adult', 'y_col': '_income', 'output': '/liyiwen1/15/1775/d0f60465-55aa-43bf-81ac-d8353047319e', 'operation_name': 'reading_data', 'input': '/liyiwen1/datasource/2000/', 'expireTime': 30, 'delimiter': ',', 'tableId': '2000', 'small_batch': 1, 'nodeId': 'd0f60465-55aa-43bf-81ac-d8353047319e', 'yCol': '_income'}, 'user_name': '12', 'node_id': 'd0f60465-55aa-43bf-81ac-d8353047319e'}}   ##########################  
---busy--- {'user_name': '12', 'id': 'd0f60465-55aa-43bf-81ac-d8353047319e', 'method': 'ReadingData', 'state': 'busy', 'worker_id': 15042}
delimiter: this key is error
[Stage 9:>                                                          (0 + 1) / 1]
------ missing_value 列集合 计算完毕----------
19/01/16 11:45:23 WARN InternalH2OBackend: Increasing 'spark.locality.wait' to value 30000
19/01/16 11:45:23 WARN InternalH2OBackend: The property 'spark.scheduler.minRegisteredResourcesRatio' is not specified!
We recommend to pass `--conf spark.scheduler.minRegisteredResourcesRatio=1`

[Stage 24:=============================>                            (1 + 1) / 2]
Connecting to H2O server at http://10.111.32.205:54327... successful.
H2O cluster version age:    9 months and 18 days !!!
Python version:             3.6.4 final
--------------------------  -------------------------------------------------
Sparkling Water Context:
 * H2O name: sparkling-water-dp_application_1547197277214_0090
  (2,datanode.ai.test.com,54321)

    
gbm Grid Build progress: |████████████████████████████████████████████████| 100%
Gini: 0.8518813579676499
0      1425  714   0.3338   (714.0/2139.0)

metric                       threshold    value     idx
max f0point5                 0.744668     0.920926  150
max accuracy                 0.525232     0.873092  233
max specificity              0.993046     1         0
max mean_per_class_accuracy  0.761304     0.840731  143
Gains/Lift Table: Avg response rate: 76.17 %
    group    cumulative_data_fraction    lower_threshold    lift       cumulative_lift    response_rate    cumulative_response_rate    capture_rate    cumulative_capture_rate    gain      cumulative_gain
    1        0.0106964                   0.992826           1.3129     1.3129             1                1                           0.0140433       0.0140433                  31.2902   31.2902
    6        0.100056                    0.990875           1.3129     1.3129             1                1                           0.0656817       0.131363                   31.2902   31.2902
    9        0.300056                    0.974897           1.30267    1.309              0.992205         0.997029                    0.130339        0.392774                   30.2668   30.9002
    12       0.600111                    0.84168            1.15062    1.26756            0.876392         0.965466                    0.115126        0.760679                   15.0617   26.7563
    14       0.8                         0.501856           0.823122   1.17649            0.626949         0.8961                      0.0823581       0.941194                   -17.6878  17.6492
    15       0.900613                    0.224043           0.49143    1.09996            0.374308         0.837808                    0.0494441       0.990638                   -50.857   9.99597
程序运行完毕花费时间：  1.1497863809267679
SELECT fields FROM gai_module_data WHERE work_id = 1775 and module_name like "b864222b-97ae-4343-b7ab-6ba7b6edf10e"
  warnings.warn("Using RDD of dict to inferSchema is deprecated. "
{'rows': 32561, 'columns': 14, 'output': 'null'}
[Stage 41:====================>                                   (18 + 3) / 50]
2019-01-16 11:46:31,966 - tornado.application - INFO - sparkcontext process cost time:76.45570755004883
2019-01-16 11:46:32,117 - tornado.application - INFO - receive message
2019-01-16 11:46:32,117 - tornado.application - INFO - {'msgId': 'e50dbd66-d998-404b-8a2e-db0a9b24b090', 'data': {'class_name': 'ExecuteGBDT', 'param': {'scaledvalue': 800, 'bucket_type': 'rate', 'pre_node_id': '', 'select_fields': [], 'model_type': 'GBDT', 'model_test_input': '', 'model_param': {'maxDepth': 5, 'subsamplingRate': 1, 'maxIter': 20, 'maxBins': 32, 'stepSize': 0.1, 'minInfoGain': 0, 'minInstancesPerNode': 1}, 'input_bucket_dataset': '', 'bucket_num': 10, 'workId': 1775, 'min_score': 300, 'y_col': '', 'output': '', 'operation_name': 'train', 'input': '', 'odds': 50, 'max_score': 900, 'model': 'gbdt_model', 'pdo': 25, 'small_batch': 1, 'nodeId': '', 'if_bucket': '1'}, 'user_name': '12', 'node_id': '6209838f-d332-4e2f-8b0a-c5756403467f'}}
2019-01-16 11:46:32,117 - tornado.application - INFO - #################  send msg to client successfully,the msg is as follow:  #################
2019-01-16 11:46:32,118 - tornado.application - INFO - {'user_name': '12', 'id': '6209838f-d332-4e2f-8b0a-c5756403467f', 'method': 'ExecuteGBDT', 'state': 'busy', 'worker_id': 15042}
---busy--- {'user_name': '12', 'id': '6209838f-d332-4e2f-8b0a-c5756403467f', 'method': 'ExecuteGBDT', 'state': 'busy', 'worker_id': 15042}
2019-01-16 11:46:32,118 - tornado.application - INFO - ##############  Test Sparksession state  ##############
2019-01-16 11:46:33,858 - tornado.application - ERROR - Error sending error message: Traceback (most recent call last):
    module = importlib.import_module(import_module, BASE_DIR)
2019-01-16 11:46:33,859 - tornado.application - INFO - IDLE
2019-01-16 11:48:52,076 - tornado.application - INFO - #################  send msg to client successfully,the msg is as follow:  #################
2019-01-16 11:49:12,097 - tornado.application - INFO - {'state': 'heartbeat', 'worker_id': 15042}
2019-01-16 11:49:32,110 - tornado.application - INFO - {'state': 'heartbeat', 'worker_id': 15042}
2019-01-16 11:49:52,126 - tornado.application - INFO - #################  send msg to client successfully,the msg is as follow:  #################
2019-01-16 11:49:52,126 - tornado.application - INFO - {'state': 'heartbeat', 'worker_id': 15042}
2019-01-16 11:50:12,146 - tornado.application - INFO - {'state': 'heartbeat', 'worker_id': 15042}
2019-01-16 11:51:12,207 - tornado.application - INFO - {'state': 'heartbeat', 'worker_id': 15042}
2019-01-16 11:51:32,220 - tornado.application - INFO - #################  send msg to client successfully,the msg is as follow:  #################
2019-01-16 11:51:32,220 - tornado.application - INFO - {'state': 'heartbeat', 'worker_id': 15042}
2019-01-16 11:51:52,240 - tornado.application - INFO - #################  send msg to client successfully,the msg is as follow:  #################
2019-01-16 11:52:52,301 - tornado.application - INFO - #################  send msg to client successfully,the msg is as follow:  #################
2019-01-16 11:53:12,321 - tornado.application - INFO - #################  send msg to client successfully,the msg is as follow:  #################
2019-01-16 11:54:12,379 - tornado.application - INFO - {'state': 'heartbeat', 'worker_id': 15042}
2019-01-16 11:54:52,416 - tornado.application - INFO - #################  send msg to client successfully,the msg is as follow:  #################
2019-01-16 11:56:12,479 - tornado.application - INFO - #################  send msg to client successfully,the msg is as follow:  #################
##########################client request parameter in sparkworker    {'msgId': '1b2c6990-4e27-4101-8644-35fe539c7eac', 'data': {'class_name': 'ReadingData', 'param': {'schema': [{'name': 'id', 'type': 'bigint'}, {'name': 'checking', 'type': 'bigint'}, {'name': 'duration', 'type': 'bigint'}, {'name': 'history', 'type': 'bigint'}, {'name': 'purpose', 'type': 'string'}, {'name': 'amount', 'type': 'bigint'}, {'name': 'savings', 'type': 'bigint'}, {'name': 'employed', 'type': 'bigint'}, {'name': 'installp', 'type': 'bigint'}, {'name': 'marital', 'type': 'bigint'}, {'name': 'coapp', 'type': 'bigint'}, {'name': 'resident', 'type': 'bigint'}, {'name': 'property', 'type': 'bigint'}, {'name': 'age', 'type': 'bigint'}, {'name': 'other', 'type': 'bigint'}, {'name': 'housing', 'type': 'bigint'}, {'name': 'existcr', 'type': 'bigint'}, {'name': 'job', 'type': 'bigint'}, {'name': 'depends', 'type': 'bigint'}, {'name': 'telephon', 'type': 'bigint'}, {'name': 'foreign', 'type': 'bigint'}, {'name': 'good_bad', 'type': 'bigint'}, {'name': 'checkingstr', 'type': 'string'}, {'name': 'historystr', 'type': 'string'}], 'pcv': '1', 'switchPcv': 1, 'positive': '1', 'workId': 1773, 'tableName': '23', 'y_col': 'good_bad', 'output': '/liyiwen/20/1773/5aea1557-2fd3-4b26-8060-48e479f6b455', 'operation_name': 'reading_data', 'input': '/liyiwen/datasource/1921/', 'expireTime': 30, 'delimiter': ',', 'tableId': '1921', 'small_batch': 1, 'nodeId': '5aea1557-2fd3-4b26-8060-48e479f6b455', 'yCol': 'good_bad'}, 'user_name': '5', 'node_id': '5aea1557-2fd3-4b26-8060-48e479f6b455'}}   ##########################  
2019-01-16 11:56:15,110 - tornado.application - INFO - ---job process done---
2019-01-16 11:56:15,111 - tornado.application - INFO - #################  send msg to client successfully,the msg is as follow:  #################
2019-01-16 11:56:15,111 - tornado.application - INFO - {'user_name': '5', 'id': '5aea1557-2fd3-4b26-8060-48e479f6b455', 'method': 'ReadingData', 'state': 'done', 'worker_id': 15042, 'result': 'bad_70'}
2019-01-16 11:56:15,111 - tornado.application - INFO - sparkcontext process cost time:1.5682263374328613
##########################client request parameter in sparkworker    {'msgId': '4021b0ec-ffe6-49af-8ea9-492c30e4b836', 'data': {'class_name': 'FeaturePCA', 'param': {'output': '/liyiwen/20/1773/76c242b9-c2af-4581-af89-c319e0d5a920/bin', 'operation_name': 'feature_pca', 'input': '/liyiwen/20/1773/5aea1557-2fd3-4b26-8060-48e479f6b455/add_feature_column', 'eigenvalue_decomposition': 'CORR', 'pre_node_id': '5aea1557-2fd3-4b26-8060-48e479f6b455', 'delimiter': ',', 'select_fields': [{'parent': 'BIGINT', 'children': False, 'name': 'id', 'checked': True, 'state': '', 'type': 'bigint'}, {'parent': 'BIGINT', 'children': False, 'name': 'checking', 'checked': True, 'state': '', 'type': 'bigint'}, {'parent': 'BIGINT', 'children': False, 'name': 'duration', 'checked': True, 'state': '', 'type': 'bigint'}, {'parent': 'BIGINT', 'children': False, 'name': 'history', 'checked': True, 'state': '', 'type': 'bigint'}, {'parent': 'BIGINT', 'children': False, 'name': 'amount', 'checked': True, 'state': '', 'type': 'bigint'}, {'parent': 'BIGINT', 'children': False, 'name': 'savings', 'checked': True, 'state': '', 'type': 'bigint'}, {'parent': 'BIGINT', 'children': False, 'name': 'employed', 'checked': True, 'state': '', 'type': 'bigint'}, {'parent': 'BIGINT', 'children': False, 'name': 'installp', 'checked': True, 'state': '', 'type': 'bigint'}, {'parent': 'BIGINT', 'children': False, 'name': 'marital', 'checked': True, 'state': '', 'type': 'bigint'}, {'parent': 'BIGINT', 'children': False, 'name': 'coapp', 'checked': True, 'state': '', 'type': 'bigint'}, {'parent': 'BIGINT', 'children': False, 'name': 'resident', 'checked': True, 'state': '', 'type': 'bigint'}, {'parent': 'BIGINT', 'children': False, 'name': 'property', 'checked': True, 'state': '', 'type': 'bigint'}, {'parent': 'BIGINT', 'children': False, 'name': 'age', 'checked': True, 'state': '', 'type': 'bigint'}, {'parent': 'BIGINT', 'children': False, 'name': 'other', 'checked': True, 'state': '', 'type': 'bigint'}, {'parent': 'BIGINT', 'children': False, 'name': 'housing', 'checked': True, 'state': '', 'type': 'bigint'}, {'parent': 'BIGINT', 'children': False, 'name': 'existcr', 'checked': True, 'state': '', 'type': 'bigint'}, {'parent': 'BIGINT', 'children': False, 'name': 'job', 'checked': True, 'state': '', 'type': 'bigint'}, {'parent': 'BIGINT', 'children': False, 'name': 'depends', 'checked': True, 'state': '', 'type': 'bigint'}, {'parent': 'BIGINT', 'children': False, 'name': 'telephon', 'checked': True, 'state': '', 'type': 'bigint'}, {'parent': 'BIGINT', 'children': False, 'name': 'foreign', 'checked': True, 'state': '', 'type': 'bigint'}, {'parent': 'BIGINT', 'children': False, 'name': 'GEO_Y', 'checked': True, 'state': '', 'type': 'bigint'}], 'info_ratio': '0.8', 'normal_method': 'normal', 'small_batch': 1, 'nodeId': '76c242b9-c2af-4581-af89-c319e0d5a920', 'workId': 1773}, 'user_name': '5', 'node_id': '76c242b9-c2af-4581-af89-c319e0d5a920'}}   ##########################  
2019-01-16 11:56:15,264 - tornado.application - INFO - {'user_name': '5', 'id': '76c242b9-c2af-4581-af89-c319e0d5a920', 'method': 'FeaturePCA', 'state': 'busy', 'worker_id': 15042}
                                                                                
[Stage 68:=============================>                            (1 + 1) / 2]
To adjust logging level use sc.setLogLevel(newLevel). For SparkR, use setLogLevel(newLevel).
2019-01-16 14:49:31,716 - tornado.application - INFO - #################  send msg to client successfully,the msg is as follow:  #################
2019-01-16 14:49:31,717 - tornado.application - INFO - receive message
2019-01-16 14:50:11,739 - tornado.application - INFO - #################  send msg to client successfully,the msg is as follow:  #################
2019-01-16 14:52:11,838 - tornado.application - INFO - #################  send msg to client successfully,the msg is as follow:  #################
2019-01-16 14:52:31,852 - tornado.application - INFO - #################  send msg to client successfully,the msg is as follow:  #################
2019-01-16 14:53:11,894 - tornado.application - INFO - {'state': 'heartbeat', 'worker_id': 29691}
2019-01-16 14:53:58,819 - tornado.application - INFO - #################  send msg to client successfully,the msg is as follow:  #################

[Stage 1:>                                                          (0 + 1) / 1]

[Stage 9:>                                                          (0 + 2) / 2]
                                                                                
[Stage 31:>                                                         (0 + 2) / 2]

                                                                                
2019-01-16 14:54:24,330 - tornado.application - INFO - ---job process done---
2019-01-16 14:54:24,331 - tornado.application - INFO - IDLE
2019-01-16 14:55:04,359 - tornado.application - INFO - {'state': 'heartbeat', 'worker_id': 29691}
2019-01-16 14:55:44,400 - tornado.application - INFO - #################  send msg to client successfully,the msg is as follow:  #################
2019-01-16 14:55:44,400 - tornado.application - INFO - {'state': 'heartbeat', 'worker_id': 29691}
2019-01-16 14:56:24,441 - tornado.application - INFO - {'state': 'heartbeat', 'worker_id': 29691}
2019-01-16 14:56:44,460 - tornado.application - INFO - {'state': 'heartbeat', 'worker_id': 29691}
2019-01-16 14:57:24,491 - tornado.application - INFO - #################  send msg to client successfully,the msg is as follow:  #################
2019-01-16 14:58:24,531 - tornado.application - INFO - #################  send msg to client successfully,the msg is as follow:  #################
2019-01-16 14:59:04,558 - tornado.application - INFO - #################  send msg to client successfully,the msg is as follow:  #################
2019-01-16 15:00:04,597 - tornado.application - INFO - {'state': 'heartbeat', 'worker_id': 29691}
2019-01-16 15:00:44,631 - tornado.application - INFO - #################  send msg to client successfully,the msg is as follow:  #################
2019-01-16 15:00:44,632 - tornado.application - INFO - {'state': 'heartbeat', 'worker_id': 29691}
2019-01-16 15:01:24,666 - tornado.application - INFO - #################  send msg to client successfully,the msg is as follow:  #################
2019-01-16 15:01:24,666 - tornado.application - INFO - {'state': 'heartbeat', 'worker_id': 29691}
2019-01-16 15:02:44,741 - tornado.application - INFO - {'state': 'heartbeat', 'worker_id': 29691}
2019-01-16 15:04:24,824 - tornado.application - INFO - {'state': 'heartbeat', 'worker_id': 29691}
2019-01-16 15:06:24,934 - tornado.application - INFO - #################  send msg to client successfully,the msg is as follow:  #################
2019-01-16 15:07:24,992 - tornado.application - INFO - {'state': 'heartbeat', 'worker_id': 29691}
2019-01-16 15:09:05,063 - tornado.application - INFO - {'state': 'heartbeat', 'worker_id': 29691}
2019-01-16 15:10:25,120 - tornado.application - INFO - #################  send msg to client successfully,the msg is as follow:  #################
2019-01-16 15:10:45,137 - tornado.application - INFO - {'state': 'heartbeat', 'worker_id': 29691}
2019-01-16 15:11:05,155 - tornado.application - INFO - #################  send msg to client successfully,the msg is as follow:  #################
2019-01-16 15:12:05,218 - tornado.application - INFO - {'state': 'heartbeat', 'worker_id': 29691}
2019-01-16 15:12:25,232 - tornado.application - INFO - #################  send msg to client successfully,the msg is as follow:  #################
2019-01-16 15:12:25,232 - tornado.application - INFO - {'state': 'heartbeat', 'worker_id': 29691}
2019-01-16 15:14:25,340 - tornado.application - INFO - #################  send msg to client successfully,the msg is as follow:  #################
2019-01-16 15:14:25,341 - tornado.application - INFO - {'state': 'heartbeat', 'worker_id': 29691}
2019-01-16 15:14:45,359 - tornado.application - INFO - #################  send msg to client successfully,the msg is as follow:  #################
2019-01-16 15:14:45,359 - tornado.application - INFO - {'state': 'heartbeat', 'worker_id': 29691}
2019-01-16 15:15:05,375 - tornado.application - INFO - #################  send msg to client successfully,the msg is as follow:  #################
2019-01-16 15:15:05,376 - tornado.application - INFO - {'state': 'heartbeat', 'worker_id': 29691}
2019-01-16 15:16:09,164 - tornado.application - INFO - #################  send msg to client successfully,the msg is as follow:  #################
2019-01-16 15:16:09,164 - tornado.application - INFO - {'user_name': '5', 'id': 'a8a6ab18-8879-4546-bf94-ac509f00cff9', 'method': 'ExecuteAdaboost', 'state': 'busy', 'worker_id': 29691}

[Stage 77:====>                                                  (16 + 3) / 200]
[Stage 77:===============>                                       (55 + 3) / 200]
[Stage 77:=============================>                        (109 + 3) / 200]
[Stage 77:===============================>                      (117 + 3) / 200]
[Stage 77:=======================================>              (147 + 3) / 200]
[Stage 77:==========================================>           (156 + 3) / 200]
[Stage 77:=====================================================>(198 + 2) / 200]
                                                                                
[Stage 80:=================================>                    (124 + 3) / 200]
[Stage 80:====================================================> (194 + 3) / 200]
worker
SELECT fields FROM gai_module_data WHERE work_id = 1773 and module_name like "5aea1557-2fd3-4b26-8060-48e479f6b455"
{'rows': 1000, 'columns': 40, 'output': 'null'}
+--------------------+
|[[parent -> BIGIN...|
+--------------------+
{'rows': 1000, 'columns': 26, 'output': 'null'}
|           std_A|             std_B|scaledvalue|odds| pdo|min_score|max_score|
+----------------+------------------+-----------+----+----+---------+---------+
+----------------+------------------+-----------+----+----+---------+---------+--------------------+
+----------------+------------------+-----------+----+----+---------+---------+--------------------+
+----------------+------------------+-----------+----+----+---------+---------+--------------------+
[Stage 99:>                                                        (0 + 6) / 50]
[Stage 99:========================================>               (36 + 3) / 50]
19/01/16 15:16:44 WARN WindowExec: No Partition Defined for Window operation! Moving all data to a single partition, this can cause serious performance degradation.
19/01/16 15:16:44 WARN WindowExec: No Partition Defined for Window operation! Moving all data to a single partition, this can cause serious performance degradation.
19/01/16 15:16:44 WARN WindowExec: No Partition Defined for Window operation! Moving all data to a single partition, this can cause serious performance degradation.
                                                                                
                                                                                
2019-01-16 15:16:52,404 - tornado.application - INFO - #################  send msg to client successfully,the msg is as follow:  #################
2019-01-16 15:18:12,460 - tornado.application - INFO - #################  send msg to client successfully,the msg is as follow:  #################
2019-01-16 15:18:12,460 - tornado.application - INFO - {'state': 'heartbeat', 'worker_id': 29691}
2019-01-16 15:18:32,481 - tornado.application - INFO - {'state': 'heartbeat', 'worker_id': 29691}
2019-01-16 15:19:12,503 - tornado.application - INFO - #################  send msg to client successfully,the msg is as follow:  #################
2019-01-16 15:19:32,523 - tornado.application - INFO - {'state': 'heartbeat', 'worker_id': 29691}
2019-01-16 15:21:32,607 - tornado.application - INFO - #################  send msg to client successfully,the msg is as follow:  #################
2019-01-16 15:22:32,670 - tornado.application - INFO - #################  send msg to client successfully,the msg is as follow:  #################
2019-01-16 15:22:32,670 - tornado.application - INFO - {'state': 'heartbeat', 'worker_id': 29691}
2019-01-16 15:23:32,729 - tornado.application - INFO - #################  send msg to client successfully,the msg is as follow:  #################
2019-01-16 15:24:12,766 - tornado.application - INFO - #################  send msg to client successfully,the msg is as follow:  #################
2019-01-16 15:24:52,804 - tornado.application - INFO - #################  send msg to client successfully,the msg is as follow:  #################
2019-01-16 15:24:52,804 - tornado.application - INFO - {'state': 'heartbeat', 'worker_id': 29691}
2019-01-16 15:25:12,825 - tornado.application - INFO - #################  send msg to client successfully,the msg is as follow:  #################
2019-01-16 15:25:32,844 - tornado.application - INFO - {'state': 'heartbeat', 'worker_id': 29691}
2019-01-16 15:26:12,876 - tornado.application - INFO - #################  send msg to client successfully,the msg is as follow:  #################
2019-01-16 15:26:32,892 - tornado.application - INFO - {'state': 'heartbeat', 'worker_id': 29691}
2019-01-16 15:26:52,908 - tornado.application - INFO - {'state': 'heartbeat', 'worker_id': 29691}
2019-01-16 15:27:32,940 - tornado.application - INFO - #################  send msg to client successfully,the msg is as follow:  #################
2019-01-16 15:27:52,959 - tornado.application - INFO - #################  send msg to client successfully,the msg is as follow:  #################
2019-01-16 15:28:12,979 - tornado.application - INFO - {'state': 'heartbeat', 'worker_id': 29691}
2019-01-16 15:28:32,999 - tornado.application - INFO - {'state': 'heartbeat', 'worker_id': 29691}
2019-01-16 15:29:13,030 - tornado.application - INFO - {'state': 'heartbeat', 'worker_id': 29691}
2019-01-16 15:29:33,050 - tornado.application - INFO - #################  send msg to client successfully,the msg is as follow:  #################
2019-01-16 15:29:53,066 - tornado.application - INFO - #################  send msg to client successfully,the msg is as follow:  #################
2019-01-16 15:30:33,108 - tornado.application - INFO - #################  send msg to client successfully,the msg is as follow:  #################
2019-01-16 15:31:33,165 - tornado.application - INFO - {'state': 'heartbeat', 'worker_id': 29691}
2019-01-16 15:32:53,220 - tornado.application - INFO - #################  send msg to client successfully,the msg is as follow:  #################
2019-01-16 15:33:13,240 - tornado.application - INFO - #################  send msg to client successfully,the msg is as follow:  #################
2019-01-16 15:33:53,275 - tornado.application - INFO - #################  send msg to client successfully,the msg is as follow:  #################
2019-01-16 15:33:53,275 - tornado.application - INFO - {'state': 'heartbeat', 'worker_id': 29691}
2019-01-16 15:34:53,337 - tornado.application - INFO - {'state': 'heartbeat', 'worker_id': 29691}
2019-01-16 15:35:13,339 - tornado.application - INFO - #################  send msg to client successfully,the msg is as follow:  #################
2019-01-16 15:36:13,395 - tornado.application - INFO - {'state': 'heartbeat', 'worker_id': 29691}
2019-01-16 15:36:33,416 - tornado.application - INFO - #################  send msg to client successfully,the msg is as follow:  #################
2019-01-16 15:36:33,416 - tornado.application - INFO - {'state': 'heartbeat', 'worker_id': 29691}
2019-01-16 15:36:53,436 - tornado.application - INFO - #################  send msg to client successfully,the msg is as follow:  #################
2019-01-16 15:37:13,456 - tornado.application - INFO - {'state': 'heartbeat', 'worker_id': 29691}
2019-01-16 15:38:53,552 - tornado.application - INFO - {'state': 'heartbeat', 'worker_id': 29691}
2019-01-16 15:39:13,571 - tornado.application - INFO - #################  send msg to client successfully,the msg is as follow:  #################
2019-01-16 15:39:13,571 - tornado.application - INFO - {'state': 'heartbeat', 'worker_id': 29691}
2019-01-16 15:39:33,590 - tornado.application - INFO - #################  send msg to client successfully,the msg is as follow:  #################
2019-01-16 15:40:13,615 - tornado.application - INFO - #################  send msg to client successfully,the msg is as follow:  #################
2019-01-16 15:40:33,634 - tornado.application - INFO - #################  send msg to client successfully,the msg is as follow:  #################
2019-01-16 15:40:53,655 - tornado.application - INFO - #################  send msg to client successfully,the msg is as follow:  #################
2019-01-16 15:42:13,714 - tornado.application - INFO - {'state': 'heartbeat', 'worker_id': 29691}
2019-01-16 15:42:33,733 - tornado.application - INFO - {'state': 'heartbeat', 'worker_id': 29691}
2019-01-16 15:43:33,787 - tornado.application - INFO - #################  send msg to client successfully,the msg is as follow:  #################
2019-01-16 15:45:53,903 - tornado.application - INFO - #################  send msg to client successfully,the msg is as follow:  #################
2019-01-16 15:46:33,944 - tornado.application - INFO - #################  send msg to client successfully,the msg is as follow:  #################
2019-01-16 15:48:14,021 - tornado.application - INFO - #################  send msg to client successfully,the msg is as follow:  #################
2019-01-16 15:49:34,100 - tornado.application - INFO - {'state': 'heartbeat', 'worker_id': 29691}
2019-01-16 15:49:54,101 - tornado.application - INFO - #################  send msg to client successfully,the msg is as follow:  #################
2019-01-16 15:49:54,101 - tornado.application - INFO - {'state': 'heartbeat', 'worker_id': 29691}
2019-01-16 15:50:34,134 - tornado.application - INFO - {'state': 'heartbeat', 'worker_id': 29691}
2019-01-16 15:52:54,272 - tornado.application - INFO - #################  send msg to client successfully,the msg is as follow:  #################
2019-01-16 15:54:14,343 - tornado.application - INFO - #################  send msg to client successfully,the msg is as follow:  #################
2019-01-16 15:54:34,361 - tornado.application - INFO - {'state': 'heartbeat', 'worker_id': 29691}
2019-01-16 15:57:14,478 - tornado.application - INFO - {'state': 'heartbeat', 'worker_id': 29691}
2019-01-16 15:58:14,540 - tornado.application - INFO - #################  send msg to client successfully,the msg is as follow:  #################
2019-01-16 15:59:14,597 - tornado.application - INFO - {'state': 'heartbeat', 'worker_id': 29691}
2019-01-16 16:00:14,643 - tornado.application - INFO - #################  send msg to client successfully,the msg is as follow:  #################
2019-01-16 16:00:14,644 - tornado.application - INFO - {'state': 'heartbeat', 'worker_id': 29691}
2019-01-16 16:00:54,663 - tornado.application - INFO - #################  send msg to client successfully,the msg is as follow:  #################
2019-01-16 16:00:54,664 - tornado.application - INFO - {'state': 'heartbeat', 'worker_id': 29691}
2019-01-16 16:01:54,715 - tornado.application - INFO - #################  send msg to client successfully,the msg is as follow:  #################
2019-01-16 16:01:54,715 - tornado.application - INFO - {'state': 'heartbeat', 'worker_id': 29691}
2019-01-16 16:02:14,732 - tornado.application - INFO - {'state': 'heartbeat', 'worker_id': 29691}
2019-01-16 16:02:34,752 - tornado.application - INFO - #################  send msg to client successfully,the msg is as follow:  #################
2019-01-16 16:02:54,773 - tornado.application - INFO - #################  send msg to client successfully,the msg is as follow:  #################
2019-01-16 16:03:14,793 - tornado.application - INFO - #################  send msg to client successfully,the msg is as follow:  #################
2019-01-16 16:04:14,850 - tornado.application - INFO - #################  send msg to client successfully,the msg is as follow:  #################
2019-01-16 16:05:34,926 - tornado.application - INFO - #################  send msg to client successfully,the msg is as follow:  #################
2019-01-16 16:06:14,956 - tornado.application - INFO - {'state': 'heartbeat', 'worker_id': 29691}
2019-01-16 16:06:34,977 - tornado.application - INFO - {'state': 'heartbeat', 'worker_id': 29691}
2019-01-16 16:06:54,997 - tornado.application - INFO - #################  send msg to client successfully,the msg is as follow:  #################
2019-01-16 16:07:15,011 - tornado.application - INFO - #################  send msg to client successfully,the msg is as follow:  #################
2019-01-16 16:07:55,048 - tornado.application - INFO - #################  send msg to client successfully,the msg is as follow:  #################
2019-01-16 16:08:35,089 - tornado.application - INFO - {'state': 'heartbeat', 'worker_id': 29691}
2019-01-16 16:09:15,112 - tornado.application - INFO - {'state': 'heartbeat', 'worker_id': 29691}
2019-01-16 16:09:35,113 - tornado.application - INFO - {'state': 'heartbeat', 'worker_id': 29691}
2019-01-16 16:10:15,153 - tornado.application - INFO - #################  send msg to client successfully,the msg is as follow:  #################
2019-01-16 16:10:55,190 - tornado.application - INFO - #################  send msg to client successfully,the msg is as follow:  #################
2019-01-16 16:13:15,303 - tornado.application - INFO - {'state': 'heartbeat', 'worker_id': 29691}
2019-01-16 16:13:55,329 - tornado.application - INFO - {'state': 'heartbeat', 'worker_id': 29691}
2019-01-16 16:15:15,399 - tornado.application - INFO - #################  send msg to client successfully,the msg is as follow:  #################
2019-01-16 16:15:15,399 - tornado.application - INFO - {'state': 'heartbeat', 'worker_id': 29691}
2019-01-16 16:15:35,419 - tornado.application - INFO - #################  send msg to client successfully,the msg is as follow:  #################
2019-01-16 16:16:35,471 - tornado.application - INFO - #################  send msg to client successfully,the msg is as follow:  #################
2019-01-16 16:17:15,501 - tornado.application - INFO - {'state': 'heartbeat', 'worker_id': 29691}
2019-01-16 16:18:15,553 - tornado.application - INFO - {'state': 'heartbeat', 'worker_id': 29691}
2019-01-16 16:19:35,624 - tornado.application - INFO - #################  send msg to client successfully,the msg is as follow:  #################
2019-01-16 16:19:35,624 - tornado.application - INFO - {'state': 'heartbeat', 'worker_id': 29691}
2019-01-16 16:20:15,667 - tornado.application - INFO - #################  send msg to client successfully,the msg is as follow:  #################
2019-01-16 16:20:35,687 - tornado.application - INFO - #################  send msg to client successfully,the msg is as follow:  #################
2019-01-16 16:20:55,702 - tornado.application - INFO - #################  send msg to client successfully,the msg is as follow:  #################
2019-01-16 16:20:55,703 - tornado.application - INFO - {'state': 'heartbeat', 'worker_id': 29691}
2019-01-16 16:21:35,738 - tornado.application - INFO - {'state': 'heartbeat', 'worker_id': 29691}
2019-01-16 16:23:15,832 - tornado.application - INFO - #################  send msg to client successfully,the msg is as follow:  #################
2019-01-16 16:24:15,894 - tornado.application - INFO - #################  send msg to client successfully,the msg is as follow:  #################
2019-01-16 16:24:55,936 - tornado.application - INFO - {'state': 'heartbeat', 'worker_id': 29691}
2019-01-16 16:25:15,953 - tornado.application - INFO - #################  send msg to client successfully,the msg is as follow:  #################
2019-01-16 16:25:55,988 - tornado.application - INFO - {'state': 'heartbeat', 'worker_id': 29691}
2019-01-16 16:26:16,009 - tornado.application - INFO - {'state': 'heartbeat', 'worker_id': 29691}
2019-01-16 16:28:16,123 - tornado.application - INFO - #################  send msg to client successfully,the msg is as follow:  #################
2019-01-16 16:28:36,142 - tornado.application - INFO - {'state': 'heartbeat', 'worker_id': 29691}
2019-01-16 16:28:56,162 - tornado.application - INFO - {'state': 'heartbeat', 'worker_id': 29691}
2019-01-16 16:29:16,183 - tornado.application - INFO - {'state': 'heartbeat', 'worker_id': 29691}
2019-01-16 16:30:16,239 - tornado.application - INFO - #################  send msg to client successfully,the msg is as follow:  #################
2019-01-16 16:30:36,260 - tornado.application - INFO - {'state': 'heartbeat', 'worker_id': 29691}
2019-01-16 16:31:16,298 - tornado.application - INFO - {'state': 'heartbeat', 'worker_id': 29691}
2019-01-16 16:33:16,367 - tornado.application - INFO - {'state': 'heartbeat', 'worker_id': 29691}
2019-01-16 16:33:36,388 - tornado.application - INFO - {'state': 'heartbeat', 'worker_id': 29691}
2019-01-16 16:33:56,406 - tornado.application - INFO - {'state': 'heartbeat', 'worker_id': 29691}
2019-01-16 16:34:36,441 - tornado.application - INFO - {'state': 'heartbeat', 'worker_id': 29691}
2019-01-16 16:34:56,459 - tornado.application - INFO - #################  send msg to client successfully,the msg is as follow:  #################
2019-01-16 16:35:16,462 - tornado.application - INFO - {'state': 'heartbeat', 'worker_id': 29691}
2019-01-16 16:35:56,486 - tornado.application - INFO - #################  send msg to client successfully,the msg is as follow:  #################
2019-01-16 16:35:56,486 - tornado.application - INFO - {'state': 'heartbeat', 'worker_id': 29691}
2019-01-16 16:36:56,536 - tornado.application - INFO - {'state': 'heartbeat', 'worker_id': 29691}
2019-01-16 16:38:16,599 - tornado.application - INFO - {'state': 'heartbeat', 'worker_id': 29691}
2019-01-16 16:38:36,620 - tornado.application - INFO - {'state': 'heartbeat', 'worker_id': 29691}
2019-01-16 16:38:56,640 - tornado.application - INFO - {'state': 'heartbeat', 'worker_id': 29691}
2019-01-16 16:40:16,714 - tornado.application - INFO - #################  send msg to client successfully,the msg is as follow:  #################
2019-01-16 16:41:56,798 - tornado.application - INFO - {'state': 'heartbeat', 'worker_id': 29691}
2019-01-16 16:42:16,814 - tornado.application - INFO - #################  send msg to client successfully,the msg is as follow:  #################
2019-01-16 16:42:16,815 - tornado.application - INFO - {'state': 'heartbeat', 'worker_id': 29691}
2019-01-16 16:42:36,835 - tornado.application - INFO - #################  send msg to client successfully,the msg is as follow:  #################
2019-01-16 16:42:36,836 - tornado.application - INFO - {'state': 'heartbeat', 'worker_id': 29691}
2019-01-16 16:43:56,895 - tornado.application - INFO - {'state': 'heartbeat', 'worker_id': 29691}
2019-01-16 16:45:16,951 - tornado.application - INFO - {'state': 'heartbeat', 'worker_id': 29691}
2019-01-16 16:46:17,009 - tornado.application - INFO - #################  send msg to client successfully,the msg is as follow:  #################
2019-01-16 16:46:17,010 - tornado.application - INFO - {'state': 'heartbeat', 'worker_id': 29691}
2019-01-16 16:47:17,054 - tornado.application - INFO - {'state': 'heartbeat', 'worker_id': 29691}
2019-01-16 16:47:37,075 - tornado.application - INFO - #################  send msg to client successfully,the msg is as follow:  #################
2019-01-16 16:47:57,092 - tornado.application - INFO - #################  send msg to client successfully,the msg is as follow:  #################
2019-01-16 16:49:37,158 - tornado.application - INFO - #################  send msg to client successfully,the msg is as follow:  #################
2019-01-16 16:49:57,179 - tornado.application - INFO - {'state': 'heartbeat', 'worker_id': 29691}
2019-01-16 16:50:17,190 - tornado.application - INFO - {'state': 'heartbeat', 'worker_id': 29691}
2019-01-16 16:50:57,227 - tornado.application - INFO - #################  send msg to client successfully,the msg is as follow:  #################
2019-01-16 16:50:57,227 - tornado.application - INFO - {'state': 'heartbeat', 'worker_id': 29691}
2019-01-16 16:51:17,244 - tornado.application - INFO - #################  send msg to client successfully,the msg is as follow:  #################
2019-01-16 16:51:37,261 - tornado.application - INFO - #################  send msg to client successfully,the msg is as follow:  #################
2019-01-16 16:52:37,304 - tornado.application - INFO - #################  send msg to client successfully,the msg is as follow:  #################
2019-01-16 16:52:57,319 - tornado.application - INFO - #################  send msg to client successfully,the msg is as follow:  #################
custom_condition: this key is error
splits: this key is error
    res = self._query(query)
  File "/server/app/anaconda3/lib/python3.6/site-packages/MySQLdb/cursors.py", line 411, in _query
Mysql Error:(1054, "Unknown column 'None' in 'where clause'")
SQL:SELECT rows FROM gai_component_rows WHERE work_id = None and node_id = "a8a6ab18-8879-4546-bf94-ac509f00cff9" and output = "null"
    rows = handler.fetchRow()
  File "/tmp/spark-b18ed3a3-4d17-44bb-b4b4-a2a715f98090/userFiles-b2997951-b2a0-4dd1-b8b3-9bc5679d2372/gai_platform.zip/gai_feature_project/data_preprocessing_dataframe/MysqlUtils.py", line 46, in fetchRow
  File "/server/app/anaconda3/lib/python3.6/site-packages/MySQLdb/cursors.py", line 422, in fetchone
    raise errorclass(errorvalue)
lowest_pro: this key is error
switchCustomBase: this key is error
pre_node_id: this key is error
custom_box: this key is error
--------------get_final_bucket_df----------------
----------------compute_woe--------------
Traceback (most recent call last):
  File "/tmp/spark-b18ed3a3-4d17-44bb-b4b4-a2a715f98090/userFiles-b2997951-b2a0-4dd1-b8b3-9bc5679d2372/gai_platform.zip/gai_feature_project/data_preprocessing_dataframe/utils.py", line 450, in update_table_structure
  File "/server/app/anaconda3/lib/python3.6/site-packages/MySQLdb/connections.py", line 50, in defaulterrorhandler
  File "/server/app/anaconda3/lib/python3.6/site-packages/MySQLdb/cursors.py", line 247, in execute
  File "/server/app/anaconda3/lib/python3.6/site-packages/MySQLdb/cursors.py", line 411, in _query
  File "/server/app/anaconda3/lib/python3.6/site-packages/MySQLdb/connections.py", line 277, in query
Mysql Error:(1054, "Unknown column 'None' in 'where clause'")
+--------------------+--------------------+--------------------+
+--------------------+--------------------+--------------------+
|[precision_score ...|[[0.0, 300.0 ~ 39...|[checking -> bigi...|

+--------------------+--------------------+--------------------+--------------------+--------------------+-------------------------+--------------------+--------------------------------+

	at java.util.concurrent.ThreadPoolExecutor$Worker.run(ThreadPoolExecutor.java:617)
Caused by: java.lang.IllegalStateException: Error closing the output.
	at org.apache.spark.sql.execution.datasources.FileFormatWriter$$anonfun$org$apache$spark$sql$execution$datasources$FileFormatWriter$$executeTask$3.apply(FileFormatWriter.scala:267)
	at org.apache.spark.sql.execution.datasources.FileFormatWriter$.org$apache$spark$sql$execution$datasources$FileFormatWriter$$executeTask(FileFormatWriter.scala:272)
Caused by: org.apache.hadoop.ipc.RemoteException(org.apache.hadoop.hdfs.server.namenode.LeaseExpiredException): No lease on /user/dp/file/data/liyiwen/20/1771/9118a10d-7783-4f67-9836-a283dcc452ff/add_feature_column/_temporary/0/_temporary/attempt_20190116165339_0221_m_000000_0/part-00000-1d2cf003-0ef9-4fe0-b8de-831d53a08793-c000.csv (inode 982050): File does not exist. Holder DFSClient_NONMAPREDUCE_1176298901_39 does not have any open files.
	at org.apache.hadoop.hdfs.server.namenode.FSNamesystem.completeFile(FSNamesystem.java:3752)
	at org.apache.hadoop.hdfs.protocol.proto.ClientNamenodeProtocolProtos$ClientNamenodeProtocol$2.callBlockingMethod(ClientNamenodeProtocolProtos.java)
	at java.security.AccessController.doPrivileged(Native Method)
	at org.apache.hadoop.security.UserGroupInformation.doAs(UserGroupInformation.java:1869)
	at org.apache.hadoop.hdfs.protocolPB.ClientNamenodeProtocolTranslatorPB.complete(ClientNamenodeProtocolTranslatorPB.java:503)
	at org.apache.hadoop.hdfs.DFSOutputStream.close(DFSOutputStream.java:2437)
	at sun.nio.cs.StreamEncoder.implClose(StreamEncoder.java:320)
	at com.univocity.parsers.common.AbstractWriter.close(AbstractWriter.java:874)
	... 16 more

2019-01-16 16:53:40,122 - tornado.application - INFO - IDLE
2019-01-16 16:53:40,122 - tornado.application - INFO - sparkcontext process cost time:1.99656343460083
2019-01-16 16:53:40,182 - tornado.application - INFO - {'msgId': 'a7f35add-cfc0-43a8-906b-cd98dac56bb6', 'data': {'class_name': 'ExecuteRandomForest', 'param': {'scaledvalue': 800, 'bucket_type': 'rate', 'pre_node_id': '', 'select_fields': [{'parent': 'BIGINT', 'children': False, 'name': 'id', 'checked': True, 'state': '', 'type': 'bigint'}, {'parent': 'BIGINT', 'children': False, 'name': 'checking', 'checked': True, 'state': '', 'type': 'bigint'}, {'parent': 'BIGINT', 'children': False, 'name': 'duration', 'checked': True, 'state': '', 'type': 'bigint'}, {'parent': 'BIGINT', 'children': False, 'name': 'history', 'checked': True, 'state': '', 'type': 'bigint'}, {'parent': 'BIGINT', 'children': False, 'name': 'amount', 'checked': True, 'state': '', 'type': 'bigint'}, {'parent': 'BIGINT', 'children': False, 'name': 'savings', 'checked': True, 'state': '', 'type': 'bigint'}, {'parent': 'BIGINT', 'children': False, 'name': 'employed', 'checked': True, 'state': '', 'type': 'bigint'}, {'parent': 'BIGINT', 'children': False, 'name': 'installp', 'checked': True, 'state': '', 'type': 'bigint'}, {'parent': 'BIGINT', 'children': False, 'name': 'marital', 'checked': True, 'state': '', 'type': 'bigint'}, {'parent': 'BIGINT', 'children': False, 'name': 'coapp', 'checked': True, 'state': '', 'type': 'bigint'}, {'parent': 'BIGINT', 'children': False, 'name': 'resident', 'checked': True, 'state': '', 'type': 'bigint'}, {'parent': 'BIGINT', 'children': False, 'name': 'property', 'checked': True, 'state': '', 'type': 'bigint'}, {'parent': 'BIGINT', 'children': False, 'name': 'age', 'checked': True, 'state': '', 'type': 'bigint'}, {'parent': 'BIGINT', 'children': False, 'name': 'other', 'checked': True, 'state': '', 'type': 'bigint'}, {'parent': 'BIGINT', 'children': False, 'name': 'housing', 'checked': True, 'state': '', 'type': 'bigint'}, {'parent': 'BIGINT', 'children': False, 'name': 'existcr', 'checked': True, 'state': '', 'type': 'bigint'}, {'parent': 'BIGINT', 'children': False, 'name': 'job', 'checked': True, 'state': '', 'type': 'bigint'}, {'parent': 'BIGINT', 'children': False, 'name': 'depends', 'checked': True, 'state': '', 'type': 'bigint'}, {'parent': 'BIGINT', 'children': False, 'name': 'telephon', 'checked': True, 'state': '', 'type': 'bigint'}, {'parent': 'BIGINT', 'children': False, 'name': 'foreign', 'checked': True, 'state': '', 'type': 'bigint'}], 'model_type': 'RandomForest', 'model_test_input': '', 'model_param': {'numTrees': 20, 'maxDepth': 5, 'featureSubsetStrategy': 'auto', 'impurity': 'gini', 'subsamplingRate': 1, 'maxBins': 32, 'minInfoGain': 0, 'minInstancesPerNode': 1}, 'input_bucket_dataset': '', 'bucket_num': 10, 'workId': 1771, 'min_score': 300, 'y_col': '', 'output': '', 'operation_name': 'train', 'input': '', 'odds': 50, 'max_score': 900, 'model': 'RandomForest_model', 'pdo': 25, 'small_batch': 1, 'nodeId': '', 'if_bucket': '1'}, 'user_name': '5', 'node_id': '56e27463-48c6-4dfe-9c22-55de800dd6c5'}}
2019-01-16 16:53:40,425 - tornado.application - INFO - #################  send msg to client successfully,the msg is as follow:  #################
    module = importlib.import_module(import_module, BASE_DIR)
    return _bootstrap._gcd_import(name[level:], package, level)
  File "<frozen importlib._bootstrap>", line 955, in _find_and_load_unlocked
  File "<frozen importlib._bootstrap>", line 626, in _load_backward_compatible
  File "/tmp/spark-b18ed3a3-4d17-44bb-b4b4-a2a715f98090/userFiles-b2997951-b2a0-4dd1-b8b3-9bc5679d2372/gai_platform.zip/gai_model_project/ExecuteRandomForest.py", line 18, in <module>
    from pyspark2pmml import PMMLBuilder
2019-01-16 16:53:45,296 - tornado.application - INFO - receive message
2019-01-16 16:53:45,297 - tornado.application - INFO - #################  send msg to client successfully,the msg is as follow:  #################
{'rows': 1000, 'columns': 24, 'output': 'null'}
---busy--- {'user_name': '5', 'id': 'b08ed673-ff16-4f43-9f55-00bfc8fdf0f1', 'method': 'FeatureSelectorRandomForest', 'state': 'busy', 'worker_id': 29691}
2019-01-16 16:53:45,798 - tornado.application - INFO - #################  send msg to client successfully,the msg is as follow:  #################
2019-01-16 16:53:45,799 - tornado.application - INFO - ---job process  error---
2019-01-16 16:53:45,799 - tornado.application - INFO - sparkcontext process cost time:0.5022656917572021
usegai_spark_application_0
2019-01-16 16:54:10,235 - tornado.application - INFO - {'user_name': '5', 'id': '90b29b30-5ce5-44da-b113-26d9c390c84f', 'method': 'FeatureSelectorRandomForest', 'state': 'busy', 'worker_id': 29691}
                                                                                
2019-01-16 16:54:13,905 - tornado.application - INFO - ---job process  error---
py4j.protocol.Py4JJavaError: An error occurred while calling o2160.csv.
: org.apache.spark.sql.AnalysisException: Path does not exist: hdfs://namenode.ai.test.com:8020/home/jerry/geoplatform/gai_platform/data/feature_filter/fill_null_4000lie.csv;
	at org.apache.spark.sql.execution.datasources.DataSource$$anonfun$15.apply(DataSource.scala:389)
	at scala.collection.TraversableLike$$anonfun$flatMap$1.apply(TraversableLike.scala:241)
	at sun.reflect.DelegatingMethodAccessorImpl.invoke(DelegatingMethodAccessorImpl.java:43)
	at java.lang.reflect.Method.invoke(Method.java:498)
	at py4j.Gateway.invoke(Gateway.java:282)
	at py4j.commands.AbstractCommand.invokeMethod(AbstractCommand.java:132)
	at java.lang.Thread.run(Thread.java:745)

  File "/tmp/spark-b18ed3a3-4d17-44bb-b4b4-a2a715f98090/userFiles-b2997951-b2a0-4dd1-b8b3-9bc5679d2372/gai_platform.zip/gai_feature_project/data_preprocessing_dataframe/FeatureSelectorRandomForest.py", line 544, in execute
    inferSchema=True).repartition(50)
  File "/server/app/anaconda3/lib/python3.6/site-packages/pyspark/sql/readwriter.py", line 439, in csv
2019-01-16 16:54:15,808 - tornado.application - INFO - receive message
---busy--- {'user_name': '5', 'id': 'd9b6e7a9-c6af-4e62-bb07-82e35cc91ead', 'method': 'ExecuteGBDT', 'state': 'busy', 'worker_id': 29691}
2019-01-16 16:54:20,810 - tornado.application - INFO - {'user_name': '5', 'id': 'a8a6ab18-8879-4546-bf94-ac509f00cff9', 'method': 'ExecuteAdaboost', 'state': 'busy', 'worker_id': 29691}
2019-01-16 16:54:20,811 - tornado.application - INFO - ##############  Test Sparksession state  ##############
SELECT fields FROM gai_module_data WHERE work_id = 1773 and module_name like "5aea1557-2fd3-4b26-8060-48e479f6b455"
+--------------------+
[Stage 241:=====>                                                (21 + 6) / 200]
[Stage 241:======>                                               (23 + 6) / 200]
[Stage 241:=======>                                              (29 + 6) / 200]
[Stage 241:===========>                                          (42 + 6) / 200]
[Stage 241:==============>                                       (53 + 6) / 200]
[Stage 241:===============>                                      (58 + 6) / 200]
[Stage 241:====================>                                 (75 + 6) / 200]
[Stage 241:=======================>                              (86 + 6) / 200]
[Stage 241:=================================>                   (128 + 6) / 200]
[Stage 241:=====================================>               (140 + 6) / 200]
[Stage 241:=========================================>           (157 + 6) / 200]
[Stage 241:===========================================>         (166 + 6) / 200]
{'rows': 1000, 'columns': 26, 'output': 'null'}

|           std_A|             std_B|scaledvalue|odds| pdo|min_score|max_score|      best_threshold|
[Stage 263:>                                                      (0 + 12) / 50]
workId: this key is error
pre_node_id: this key is error
splits: this key is error
    return self.cur.execute(_sql)
    res = self._query(query)
    db.query(q)
    _mysql.connection.query(self, query)
Traceback (most recent call last):
    self.errorhandler(self, ProgrammingError, "execute() first")
    raise errorclass(errorvalue)
std_score ---start----
19/01/16 16:54:47 WARN QuantileDiscretizer: Some quantiles were identical. Bucketing to 7 buckets as a result.
    return self.cur.execute(_sql)
  File "/server/app/anaconda3/lib/python3.6/site-packages/MySQLdb/connections.py", line 277, in query

Mysql Error:(1054, "Unknown column 'None' in 'where clause'")
Traceback (most recent call last):
  File "/server/app/anaconda3/lib/python3.6/site-packages/MySQLdb/connections.py", line 52, in defaulterrorhandler

19/01/16 16:54:52 WARN WindowExec: No Partition Defined for Window operation! Moving all data to a single partition, this can cause serious performance degradation.
19/01/16 16:54:52 WARN WindowExec: No Partition Defined for Window operation! Moving all data to a single partition, this can cause serious performance degradation.
[Stage 369:>                                                        (0 + 1) / 1]

[Stage 371:>                                                        (0 + 1) / 1]
+--------------------+--------------------+--------------------+

19/01/16 16:54:59 WARN TaskSetManager: Stage 381 contains a task of very large size (441 KB). The maximum recommended task size is 100 KB.
+--------------------+--------------------+--------------------+--------------------+--------------------+-------------------------+--------------------+--------------------------------+
|iVBORw0KGgoAAAANS...|iVBORw0KGgoAAAANS...|iVBORw0KGgoAAAANS...|iVBORw0KGgoAAAANS...|iVBORw0KGgoAAAANS...|     iVBORw0KGgoAAAANS...|iVBORw0KGgoAAAANS...|            [[name -> checkin...|
------------------  over !!! --------------
2019-01-16 16:54:59,811 - tornado.application - INFO - {'user_name': '5', 'id': 'a8a6ab18-8879-4546-bf94-ac509f00cff9', 'method': 'ExecuteAdaboost', 'state': 'done', 'worker_id': 29691}
2019-01-16 16:54:59,811 - tornado.application - INFO - IDLE
2019-01-16 16:55:39,852 - tornado.application - INFO - #################  send msg to client successfully,the msg is as follow:  #################
2019-01-16 16:56:19,884 - tornado.application - INFO - #################  send msg to client successfully,the msg is as follow:  #################
2019-01-16 16:56:39,897 - tornado.application - INFO - #################  send msg to client successfully,the msg is as follow:  #################
2019-01-16 16:56:59,917 - tornado.application - INFO - {'state': 'heartbeat', 'worker_id': 29691}
2019-01-16 16:57:19,936 - tornado.application - INFO - #################  send msg to client successfully,the msg is as follow:  #################
2019-01-16 16:57:39,945 - tornado.application - INFO - #################  send msg to client successfully,the msg is as follow:  #################
2019-01-16 16:57:39,945 - tornado.application - INFO - {'state': 'heartbeat', 'worker_id': 29691}
2019-01-16 16:58:39,991 - tornado.application - INFO - #################  send msg to client successfully,the msg is as follow:  #################
2019-01-16 16:58:39,991 - tornado.application - INFO - {'state': 'heartbeat', 'worker_id': 29691}
2019-01-16 17:00:20,091 - tornado.application - INFO - {'state': 'heartbeat', 'worker_id': 29691}
2019-01-16 17:00:40,112 - tornado.application - INFO - #################  send msg to client successfully,the msg is as follow:  #################
2019-01-16 17:01:00,130 - tornado.application - INFO - #################  send msg to client successfully,the msg is as follow:  #################
2019-01-16 17:01:00,130 - tornado.application - INFO - {'state': 'heartbeat', 'worker_id': 29691}
2019-01-16 17:01:20,143 - tornado.application - INFO - {'state': 'heartbeat', 'worker_id': 29691}
2019-01-16 17:01:40,163 - tornado.application - INFO - {'state': 'heartbeat', 'worker_id': 29691}
2019-01-16 17:02:00,171 - tornado.application - INFO - #################  send msg to client successfully,the msg is as follow:  #################
2019-01-16 17:02:20,191 - tornado.application - INFO - #################  send msg to client successfully,the msg is as follow:  #################
2019-01-16 17:03:20,247 - tornado.application - INFO - {'state': 'heartbeat', 'worker_id': 29691}
2019-01-16 17:03:40,263 - tornado.application - INFO - #################  send msg to client successfully,the msg is as follow:  #################
2019-01-16 17:04:40,313 - tornado.application - INFO - {'state': 'heartbeat', 'worker_id': 29691}
2019-01-16 17:05:00,334 - tornado.application - INFO - #################  send msg to client successfully,the msg is as follow:  #################
2019-01-16 17:06:00,394 - tornado.application - INFO - {'state': 'heartbeat', 'worker_id': 29691}
2019-01-16 17:07:00,440 - tornado.application - INFO - {'state': 'heartbeat', 'worker_id': 29691}
2019-01-16 17:07:20,460 - tornado.application - INFO - {'state': 'heartbeat', 'worker_id': 29691}
2019-01-16 17:07:40,480 - tornado.application - INFO - #################  send msg to client successfully,the msg is as follow:  #################
2019-01-16 17:07:40,480 - tornado.application - INFO - {'state': 'heartbeat', 'worker_id': 29691}
2019-01-16 17:08:00,497 - tornado.application - INFO - #################  send msg to client successfully,the msg is as follow:  #################
---busy--- {'user_name': '5', 'id': 'c4f48393-33a9-4924-941a-b78ee2967526', 'method': 'ReadingData', 'state': 'busy', 'worker_id': 29691}
[Stage 384:>                                                      (0 + 12) / 16]
[Stage 384:=============>                                         (4 + 12) / 16]
[Stage 384:========================>                               (7 + 9) / 16]
[Stage 384:===============================>                        (9 + 7) / 16]
	at org.apache.spark.sql.execution.datasources.FileFormatWriter$$anonfun$write$1.apply(FileFormatWriter.scala:197)
	at org.apache.spark.scheduler.Task.run(Task.scala:109)
	at org.apache.spark.executor.Executor$TaskRunner.run(Executor.scala:345)
	at java.lang.Thread.run(Thread.java:745)
	at org.apache.spark.sql.execution.datasources.FileFormatWriter$SingleDirectoryWriteTask.releaseResources(FileFormatWriter.scala:405)
	at org.apache.spark.sql.execution.datasources.FileFormatWriter$SingleDirectoryWriteTask.execute(FileFormatWriter.scala:396)
	at org.apache.spark.util.Utils$.tryWithSafeFinallyAndFailureCallbacks(Utils.scala:1411)
	at org.apache.spark.sql.execution.datasources.FileFormatWriter$.org$apache$spark$sql$execution$datasources$FileFormatWriter$$executeTask(FileFormatWriter.scala:272)
	... 8 more
	at org.apache.hadoop.hdfs.protocol.proto.ClientNamenodeProtocolProtos$ClientNamenodeProtocol$2.callBlockingMethod(ClientNamenodeProtocolProtos.java)
	at org.apache.hadoop.ipc.RPC$Server.call(RPC.java:982)
	at org.apache.hadoop.ipc.Server$Handler$1.run(Server.java:2347)
	at org.apache.hadoop.security.UserGroupInformation.doAs(UserGroupInformation.java:1869)
	at sun.reflect.DelegatingMethodAccessorImpl.invoke(DelegatingMethodAccessorImpl.java:43)
	at org.apache.hadoop.hdfs.DFSOutputStream.completeFile(DFSOutputStream.java:2496)
	at org.apache.hadoop.hdfs.DFSOutputStream.closeImpl(DFSOutputStream.java:2472)
	at sun.nio.cs.StreamEncoder.implClose(StreamEncoder.java:320)
	at java.io.OutputStreamWriter.close(OutputStreamWriter.java:233)
	... 16 more
[Stage 385:============================>                            (4 + 3) / 8]
                                                                                
work_id = 1692 and module_name like "c4f48393-33a9-4924-941a-b78ee2967526"
[Stage 386:=====================================>                 (11 + 5) / 16]
                                                                                
{'rows': 49296, 'columns': 1034, 'output': 'null'}
2019-01-16 17:08:22,018 - tornado.application - INFO - #################  send msg to client successfully,the msg is as follow:  #################
2019-01-16 17:08:25,739 - tornado.application - INFO - #################  send msg to client successfully,the msg is as follow:  #################
2019-01-16 17:08:25,739 - tornado.application - INFO - {'user_name': '5', 'id': '28b056ca-bf65-4269-8be6-4ca178c2868b', 'method': 'ReadingData', 'state': 'busy', 'worker_id': 29691}
{'rows': 37202, 'columns': 5, 'output': 'null'}
2019-01-16 17:08:28,517 - tornado.application - INFO - IDLE
2019-01-16 17:08:30,768 - tornado.application - INFO - #################  send msg to client successfully,the msg is as follow:  #################
[Stage 395:==========>                                            (3 + 12) / 16]
[Stage 395:===============================>                        (9 + 7) / 16]
	at org.apache.spark.executor.Executor$TaskRunner.run(Executor.scala:345)
	at java.util.concurrent.ThreadPoolExecutor.runWorker(ThreadPoolExecutor.java:1142)
	at java.lang.Thread.run(Thread.java:745)
	at org.apache.spark.sql.execution.datasources.csv.UnivocityGenerator.write(UnivocityGenerator.scala:82)
	at org.apache.spark.sql.execution.datasources.FileFormatWriter$$anonfun$org$apache$spark$sql$execution$datasources$FileFormatWriter$$executeTask$3.apply(FileFormatWriter.scala:267)
	at org.apache.spark.util.Utils$.tryWithSafeFinallyAndFailureCallbacks(Utils.scala:1411)
	at com.univocity.parsers.common.AbstractWriter.writeRow(AbstractWriter.java:827)
	at org.apache.hadoop.hdfs.server.namenode.FSNamesystem.checkLease(FSNamesystem.java:3697)
	at org.apache.hadoop.ipc.ProtobufRpcEngine$Server$ProtoBufRpcInvoker.call(ProtobufRpcEngine.java:640)
	at org.apache.hadoop.ipc.Server$Handler.run(Server.java:2347)

	at org.apache.hadoop.ipc.Client.getRpcResponse(Client.java:1554)
	at sun.reflect.DelegatingMethodAccessorImpl.invoke(DelegatingMethodAccessorImpl.java:43)
	at org.apache.hadoop.io.retry.RetryInvocationHandler.invoke(RetryInvocationHandler.java:202)
	at org.apache.hadoop.hdfs.DFSOutputStream$DataStreamer.run(DFSOutputStream.java:564)

[Stage 396:===================================>                     (5 + 3) / 8]
[Stage 396:=================================================>       (7 + 1) / 8]
work_id = 1692 and module_name like "c4f48393-33a9-4924-941a-b78ee2967526"
[Stage 397:===================================================>   (15 + 1) / 16]
2019-01-16 17:08:44,401 - tornado.application - INFO - ---job process done---
2019-01-16 17:08:44,402 - tornado.application - INFO - {'user_name': '5', 'id': 'c4f48393-33a9-4924-941a-b78ee2967526', 'method': 'ReadingData', 'state': 'done', 'worker_id': 29691}
[Stage 401:============================>                            (1 + 1) / 2]
2019-01-16 17:08:49,753 - tornado.application - INFO - ---job process done---
2019-01-16 17:08:49,754 - tornado.application - INFO - #################  send msg to client successfully,the msg is as follow:  #################
[Stage 409:============================>                           (8 + 8) / 16]
[Stage 410:==============>                                          (2 + 6) / 8]
[Stage 410:==========================================>              (6 + 2) / 8]
                                                                                
2019-01-16 17:09:33,372 - tornado.application - INFO - {'state': 'heartbeat', 'worker_id': 29691}
2019-01-16 17:09:53,392 - tornado.application - INFO - {'state': 'heartbeat', 'worker_id': 29691}
2019-01-16 17:10:53,443 - tornado.application - INFO - #################  send msg to client successfully,the msg is as follow:  #################
2019-01-16 17:11:13,463 - tornado.application - INFO - {'state': 'heartbeat', 'worker_id': 29691}
2019-01-16 17:11:33,480 - tornado.application - INFO - {'state': 'heartbeat', 'worker_id': 29691}
2019-01-16 17:12:22,500 - tornado.application - INFO - receive message
2019-01-16 17:12:22,500 - tornado.application - INFO - {'msgId': '2bbcbfa1-7a5c-4910-81ea-b654451bc5a4', 'data': {'class_name': 'ReadingData', 'param': {'schema': [{'name': 'age', 'type': 'bigint'}, {'name': '_workclass', 'type': 'string'}, {'name': '_fnlwgt', 'type': 'string'}, {'name': '_education', 'type': 'string'}, {'name': '_education-num', 'type': 'string'}, {'name': '_marital-status', 'type': 'string'}, {'name': '_occupation', 'type': 'string'}, {'name': '_relationship', 'type': 'string'}, {'name': '_race', 'type': 'string'}, {'name': '_sex', 'type': 'string'}, {'name': '_capital-gain', 'type': 'string'}, {'name': '_capital-loss', 'type': 'string'}, {'name': '_hours-per-week', 'type': 'string'}, {'name': '_native-country', 'type': 'string'}, {'name': '_income', 'type': 'string'}], 'pcv': '<=50K', 'switchPcv': 1, 'positive': '<=50K', 'workId': 1775, 'tableName': 'Adult', 'y_col': '_income', 'output': '/liyiwen1/15/1775/d0f60465-55aa-43bf-81ac-d8353047319e', 'operation_name': 'reading_data', 'input': '/liyiwen1/datasource/2000/', 'expireTime': 30, 'delimiter': ',', 'tableId': '2000', 'small_batch': 1, 'nodeId': 'd0f60465-55aa-43bf-81ac-d8353047319e', 'yCol': '_income'}, 'user_name': '12', 'node_id': 'd0f60465-55aa-43bf-81ac-d8353047319e'}}
##########################client request parameter in sparkworker    {'msgId': '2bbcbfa1-7a5c-4910-81ea-b654451bc5a4', 'data': {'class_name': 'ReadingData', 'param': {'schema': [{'name': 'age', 'type': 'bigint'}, {'name': '_workclass', 'type': 'string'}, {'name': '_fnlwgt', 'type': 'string'}, {'name': '_education', 'type': 'string'}, {'name': '_education-num', 'type': 'string'}, {'name': '_marital-status', 'type': 'string'}, {'name': '_occupation', 'type': 'string'}, {'name': '_relationship', 'type': 'string'}, {'name': '_race', 'type': 'string'}, {'name': '_sex', 'type': 'string'}, {'name': '_capital-gain', 'type': 'string'}, {'name': '_capital-loss', 'type': 'string'}, {'name': '_hours-per-week', 'type': 'string'}, {'name': '_native-country', 'type': 'string'}, {'name': '_income', 'type': 'string'}], 'pcv': '<=50K', 'switchPcv': 1, 'positive': '<=50K', 'workId': 1775, 'tableName': 'Adult', 'y_col': '_income', 'output': '/liyiwen1/15/1775/d0f60465-55aa-43bf-81ac-d8353047319e', 'operation_name': 'reading_data', 'input': '/liyiwen1/datasource/2000/', 'expireTime': 30, 'delimiter': ',', 'tableId': '2000', 'small_batch': 1, 'nodeId': 'd0f60465-55aa-43bf-81ac-d8353047319e', 'yCol': '_income'}, 'user_name': '12', 'node_id': 'd0f60465-55aa-43bf-81ac-d8353047319e'}}   ##########################  
                                                                                
2019-01-16 17:12:25,521 - tornado.application - INFO - {'user_name': '12', 'id': 'b864222b-97ae-4343-b7ab-6ba7b6edf10e', 'method': 'FeatureFilter', 'state': 'busy', 'worker_id': 29691}
---busy--- {'user_name': '12', 'id': 'b864222b-97ae-4343-b7ab-6ba7b6edf10e', 'method': 'FeatureFilter', 'state': 'busy', 'worker_id': 29691}
2019-01-16 17:12:25,521 - tornado.application - INFO - ##############  Test Sparksession state  ##############
------ missing_value 列集合 计算完毕----------
[Stage 432:==========================================>            (32 + 9) / 41]
[Stage 433:==============>                                          (1 + 3) / 4]
--------------------------  -------------------------------------------------
H2O data parsing timezone:  UTC
H2O connection proxy:
H2O internal security:      False
H2O API Extensions:         XGBoost, Algos, AutoML, Core V3, Core V4
Sparkling Water Context:
 * list of used nodes:
  ------------------------
** Reported on test data. **
MSE: 0.08973005032754111
AUC: 0.925962939649864
       0     1     Error    Rate
Maximum Metrics: Maximum metrics at their respective thresholds
---------------------------  -----------  --------  -----
max f1                       0.506999     0.918398  246
max accuracy                 0.553837     0.872981  230
max precision                0.993108     1         0
max min_per_class_accuracy   0.740546     0.839233  158
    group    cumulative_data_fraction    lower_threshold    lift       cumulative_lift    response_rate    cumulative_response_rate    capture_rate    cumulative_capture_rate    gain      cumulative_gain
    10       0.4                         0.956705           1.28656    1.30339            0.979933         0.992758                    0.128584        0.521358                   28.6556   30.3394
    11       0.500056                    0.917905           1.24126    1.29096            0.945434         0.983289                    0.124195        0.645553                   24.1263   29.0962
    12       0.600111                    0.84168            1.15062    1.26756            0.876392         0.965466                    0.115126        0.760679                   15.0617   26.7563
    16       1                           0.0106527          0.0941993  1                  0.0717489        0.761671                    0.0093622       1                          -90.5801  0
[0, 0, 1, 0.6, 1, 0, 0.2, 0, 0.9, 0] [0, 0, 1, 0.6, 1, 0, 0.2, 0, 0.9, 0]
规则未变================强制入模未变
2019-01-16 17:13:49,884 - tornado.application - INFO - IDLE
2019-01-16 17:13:49,884 - tornado.application - INFO - sparkcontext process cost time:84.36375522613525
##########################client request parameter in sparkworker    {'msgId': '0a71e116-8c1c-4b8f-b209-0db1d444239f', 'data': {'class_name': 'ExecuteGBDT', 'param': {'scaledvalue': 800, 'bucket_type': 'rate', 'pre_node_id': '', 'select_fields': [], 'model_type': 'GBDT', 'model_test_input': '', 'model_param': {'maxDepth': 5, 'subsamplingRate': 1, 'maxIter': 20, 'maxBins': 32, 'stepSize': 0.1, 'minInfoGain': 0, 'minInstancesPerNode': 1}, 'input_bucket_dataset': '', 'bucket_num': 10, 'workId': 1775, 'min_score': 300, 'y_col': '', 'output': '', 'operation_name': 'train', 'input': '', 'odds': 50, 'max_score': 900, 'model': 'gbdt_model', 'pdo': 25, 'small_batch': 1, 'nodeId': '', 'if_bucket': '1'}, 'user_name': '12', 'node_id': '6209838f-d332-4e2f-8b0a-c5756403467f'}}   ##########################  
2019-01-16 17:13:50,198 - tornado.application - INFO - ---job process  error---
    return _bootstrap._gcd_import(name[level:], package, level)
  File "<frozen importlib._bootstrap>", line 971, in _find_and_load
ModuleNotFoundError: No module named 'pyspark2pmml'

2019-01-16 17:13:50,198 - tornado.application - INFO - IDLE
2019-01-16 17:14:29,910 - tornado.application - INFO - #################  send msg to client successfully,the msg is as follow:  #################
2019-01-16 17:14:49,927 - tornado.application - INFO - #################  send msg to client successfully,the msg is as follow:  #################
2019-01-16 17:15:49,974 - tornado.application - INFO - {'state': 'heartbeat', 'worker_id': 29691}
2019-01-16 17:16:30,001 - tornado.application - INFO - #################  send msg to client successfully,the msg is as follow:  #################
2019-01-16 17:17:10,037 - tornado.application - INFO - #################  send msg to client successfully,the msg is as follow:  #################
---busy--- {'user_name': '12', 'id': 'fd719237-acd8-4d72-8388-d822c0d5dab0', 'method': 'ReadingData', 'state': 'busy', 'worker_id': 29691}
[Stage 456:>                                                        (0 + 8) / 8]
[Stage 456:=======>                                                 (1 + 7) / 8]
[Stage 456:===================================>                     (5 + 3) / 8]
2019-01-16 17:17:59,522 - tornado.application - INFO - {'user_name': '12', 'id': 'fd719237-acd8-4d72-8388-d822c0d5dab0', 'method': 'ReadingData', 'state': 'done', 'worker_id': 29691, 'result': 'bad_84'}
usegai_spark_application_0
2019-01-16 17:17:59,696 - tornado.application - INFO - {'user_name': '12', 'id': '6a180f3c-c4cf-44cb-8fad-3ec3d9161b5c', 'method': 'ExecuteRandomForest', 'state': 'busy', 'worker_id': 29691}
2019-01-16 17:17:59,852 - tornado.application - INFO - {'user_name': '12', 'id': '6a180f3c-c4cf-44cb-8fad-3ec3d9161b5c', 'method': 'ExecuteRandomForest', 'state': 'error', 'worker_id': 29691, 'errormessage': 'Traceback (most recent call last):\n  File "/opt/www/gai_spark_connection/sparkcontextWorker.py", line 412, in exec_test\n    module = importlib.import_module(import_module, BASE_DIR)\n  File "/server/app/anaconda3/lib/python3.6/importlib/__init__.py", line 126, in import_module\n    return _bootstrap._gcd_import(name[level:], package, level)\n  File "<frozen importlib._bootstrap>", line 994, in _gcd_import\n  File "<frozen importlib._bootstrap>", line 971, in _find_and_load\n  File "<frozen importlib._bootstrap>", line 955, in _find_and_load_unlocked\n  File "<frozen importlib._bootstrap>", line 656, in _load_unlocked\n  File "<frozen importlib._bootstrap>", line 626, in _load_backward_compatible\n  File "/tmp/spark-b18ed3a3-4d17-44bb-b4b4-a2a715f98090/userFiles-b2997951-b2a0-4dd1-b8b3-9bc5679d2372/gai_platform.zip/gai_model_project/ExecuteRandomForest.py", line 18, in <module>\n    from pyspark2pmml import PMMLBuilder\nModuleNotFoundError: No module named \'pyspark2pmml\'\n'}
2019-01-16 17:17:59,852 - tornado.application - INFO - ---job process  error---
2019-01-16 17:17:59,852 - tornado.application - ERROR - Error sending error message: Traceback (most recent call last):
    module = importlib.import_module(import_module, BASE_DIR)
    from pyspark2pmml import PMMLBuilder
2019-01-16 17:20:39,647 - tornado.application - INFO - #################  send msg to client successfully,the msg is as follow:  #################
2019-01-16 17:21:59,713 - tornado.application - INFO - #################  send msg to client successfully,the msg is as follow:  #################
2019-01-16 17:22:19,732 - tornado.application - INFO - {'state': 'heartbeat', 'worker_id': 29691}
##########################client request parameter in sparkworker    {'msgId': 'a50d38e0-c5df-4b34-a384-c5cb85645437', 'data': {'class_name': 'ReadingData', 'param': {'schema': [{'name': 'yl0', 'type': 'timestamp'}, {'name': 'yl1', 'type': 'bigint'}, {'name': 'yl2', 'type': 'bigint'}, {'name': 'yl3', 'type': 'string'}, {'name': 'yl4', 'type': 'string'}, {'name': 'yl5', 'type': 'bigint'}, {'name': 'yl6', 'type': 'string'}, {'name': 'yl7', 'type': 'string'}, {'name': 'yl8', 'type': 'string'}, {'name': 'yl9', 'type': 'string'}, {'name': 'yl10', 'type': 'bigint'}, {'name': 'yl11', 'type': 'bigint'}, {'name': 'yl12', 'type': 'bigint'}, {'name': 'yl13', 'type': 'bigint'}, {'name': 'yl14', 'type': 'bigint'}, {'name': 'yl15', 'type': 'bigint'}, {'name': 'yl16', 'type': 'bigint'}, {'name': 'yl17', 'type': 'bigint'}, {'name': 'yl18', 'type': 'bigint'}, {'name': 'yl19', 'type': 'bigint'}, {'name': 'yl20', 'type': 'bigint'}, {'name': 'yl21', 'type': 'bigint'}, {'name': 'yl22', 'type': 'bigint'}, {'name': 'yl23', 'type': 'double'}, {'name': 'yl24', 'type': 'double'}, {'name': 'yl25', 'type': 'double'}, {'name': 'yl26', 'type': 'double'}, {'name': 'yl27', 'type': 'double'}, {'name': 'yl28', 'type': 'double'}, {'name': 'yl29', 'type': 'double'}, {'name': 'yl30', 'type': 'double'}, {'name': 'yl31', 'type': 'double'}, {'name': 'yl32', 'type': 'double'}, {'name': 'yl33', 'type': 'double'}, {'name': 'yl34', 'type': 'double'}, {'name': 'yl35', 'type': 'double'}, {'name': 'yl36', 'type': 'double'}, {'name': 'yl37', 'type': 'double'}, {'name': 'yl38', 'type': 'bigint'}, {'name': 'yl39', 'type': 'bigint'}, {'name': 'yl40', 'type': 'bigint'}, {'name': 'yl41', 'type': 'bigint'}, {'name': 'yl42', 'type': 'bigint'}, {'name': 'yl43', 'type': 'bigint'}, {'name': 'yl44', 'type': 'bigint'}, {'name': 'yl45', 'type': 'bigint'}, {'name': 'yl46', 'type': 'bigint'}, {'name': 'yl47', 'type': 'bigint'}, {'name': 'yl48', 'type': 'bigint'}, {'name': 'yl49', 'type': 'bigint'}, {'name': 'yl50', 'type': 'bigint'}, {'name': 'yl51', 'type': 'bigint'}, {'name': 'yl52', 'type': 'bigint'}, {'name': 'yl53', 'type': 'double'}, {'name': 'yl54', 'type': 'double'}, {'name': 'yl55', 'type': 'double'}, {'name': 'yl56', 'type': 'double'}, {'name': 'yl57', 'type': 'double'}, {'name': 'yl58', 'type': 'double'}, {'name': 'yl59', 'type': 'double'}, {'name': 'yl60', 'type': 'double'}, {'name': 'yl61', 'type': 'double'}, {'name': 'yl62', 'type': 'double'}, {'name': 'yl63', 'type': 'double'}, {'name': 'yl64', 'type': 'double'}, {'name': 'yl65', 'type': 'double'}, {'name': 'yl66', 'type': 'double'}, {'name': 'yl67', 'type': 'bigint'}, {'name': 'yl68', 'type': 'bigint'}, {'name': 'yl69', 'type': 'bigint'}, {'name': 'yl70', 'type': 'bigint'}, {'name': 'yl71', 'type': 'bigint'}, {'name': 'yl72', 'type': 'bigint'}, {'name': 'yl73', 'type': 'bigint'}, {'name': 'yl74', 'type': 'bigint'}, {'name': 'yl75', 'type': 'bigint'}, {'name': 'yl76', 'type': 'bigint'}, {'name': 'yl77', 'type': 'bigint'}, {'name': 'yl78', 'type': 'bigint'}, {'name': 'yl79', 'type': 'bigint'}, {'name': 'yl80', 'type': 'bigint'}, {'name': 'yl81', 'type': 'double'}, {'name': 'yl82', 'type': 'double'}, {'name': 'yl83', 'type': 'double'}, {'name': 'yl84', 'type': 'double'}, {'name': 'yl85', 'type': 'double'}, {'name': 'yl86', 'type': 'double'}, {'name': 'yl87', 'type': 'double'}, {'name': 'yl88', 'type': 'double'}, {'name': 'yl89', 'type': 'double'}, {'name': 'yl90', 'type': 'double'}, {'name': 'yl91', 'type': 'double'}, {'name': 'yl92', 'type': 'double'}, {'name': 'yl93', 'type': 'double'}, {'name': 'yl94', 'type': 'double'}, {'name': 'yl95', 'type': 'double'}, {'name': 'yl96', 'type': 'double'}, {'name': 'yl97', 'type': 'double'}, {'name': 'yl98', 'type': 'double'}, {'name': 'yl99', 'type': 'double'}, {'name': 'yl100', 'type': 'double'}, {'name': 'yl101', 'type': 'double'}, {'name': 'yl102', 'type': 'double'}, {'name': 'yl103', 'type': 'double'}, {'name': 'yl104', 'type': 'double'}, {'name': 'yl105', 'type': 'double'}, {'name': 'yl106', 'type': 'double'}, {'name': 'yl107', 'type': 'double'}, {'name': 'yl108', 'type': 'double'}, {'name': 'yl109', 'type': 'double'}, {'name': 'yl110', 'type': 'double'}, {'name': 'yl111', 'type': 'double'}, {'name': 'yl112', 'type': 'double'}, {'name': 'yl113', 'type': 'double'}, {'name': 'yl114', 'type': 'bigint'}, {'name': 'yl115', 'type': 'bigint'}, {'name': 'yl116', 'type': 'bigint'}, {'name': 'yl117', 'type': 'bigint'}, {'name': 'yl118', 'type': 'bigint'}, {'name': 'yl119', 'type': 'bigint'}, {'name': 'yl120', 'type': 'bigint'}, {'name': 'yl121', 'type': 'bigint'}, {'name': 'yl122', 'type': 'bigint'}, {'name': 'yl123', 'type': 'bigint'}, {'name': 'yl124', 'type': 'bigint'}, {'name': 'yl125', 'type': 'bigint'}, {'name': 'yl126', 'type': 'bigint'}, {'name': 'yl127', 'type': 'bigint'}, {'name': 'yl128', 'type': 'bigint'}, {'name': 'yl129', 'type': 'bigint'}, {'name': 'yl130', 'type': 'bigint'}, {'name': 'yl131', 'type': 'bigint'}, {'name': 'yl132', 'type': 'bigint'}, {'name': 'yl133', 'type': 'bigint'}, {'name': 'yl134', 'type': 'bigint'}, {'name': 'yl135', 'type': 'bigint'}, {'name': 'yl136', 'type': 'bigint'}, {'name': 'yl137', 'type': 'bigint'}, {'name': 'yl138', 'type': 'bigint'}, {'name': 'yl139', 'type': 'bigint'}, {'name': 'yl140', 'type': 'bigint'}, {'name': 'yl141', 'type': 'bigint'}, {'name': 'yl142', 'type': 'bigint'}, {'name': 'yl143', 'type': 'bigint'}, {'name': 'yl144', 'type': 'bigint'}, {'name': 'yl145', 'type': 'bigint'}, {'name': 'yl146', 'type': 'bigint'}, {'name': 'yl147', 'type': 'bigint'}, {'name': 'yl148', 'type': 'bigint'}, {'name': 'yl149', 'type': 'bigint'}, {'name': 'yl150', 'type': 'bigint'}, {'name': 'yl151', 'type': 'bigint'}, {'name': 'yl152', 'type': 'bigint'}, {'name': 'yl153', 'type': 'bigint'}, {'name': 'yl154', 'type': 'bigint'}, {'name': 'yl155', 'type': 'bigint'}, {'name': 'yl156', 'type': 'bigint'}, {'name': 'yl157', 'type': 'bigint'}, {'name': 'yl158', 'type': 'bigint'}, {'name': 'yl159', 'type': 'bigint'}, {'name': 'yl160', 'type': 'bigint'}, {'name': 'yl161', 'type': 'bigint'}, {'name': 'yl162', 'type': 'bigint'}, {'name': 'yl163', 'type': 'bigint'}, {'name': 'yl164', 'type': 'bigint'}, {'name': 'yl165', 'type': 'bigint'}, {'name': 'yl166', 'type': 'bigint'}, {'name': 'yl167', 'type': 'bigint'}, {'name': 'yl168', 'type': 'bigint'}, {'name': 'yl169', 'type': 'bigint'}, {'name': 'yl170', 'type': 'bigint'}, {'name': 'yl171', 'type': 'bigint'}, {'name': 'yl172', 'type': 'bigint'}, {'name': 'yl173', 'type': 'bigint'}, {'name': 'yl174', 'type': 'bigint'}, {'name': 'yl175', 'type': 'bigint'}, {'name': 'yl176', 'type': 'bigint'}, {'name': 'yl177', 'type': 'bigint'}, {'name': 'yl178', 'type': 'bigint'}, {'name': 'yl179', 'type': 'bigint'}, {'name': 'yl180', 'type': 'bigint'}, {'name': 'yl181', 'type': 'bigint'}, {'name': 'yl182', 'type': 'bigint'}, {'name': 'yl183', 'type': 'bigint'}, {'name': 'yl184', 'type': 'bigint'}, {'name': 'yl185', 'type': 'bigint'}, {'name': 'yl186', 'type': 'bigint'}, {'name': 'yl187', 'type': 'bigint'}, {'name': 'yl188', 'type': 'bigint'}, {'name': 'yl189', 'type': 'bigint'}, {'name': 'yl190', 'type': 'bigint'}, {'name': 'yl191', 'type': 'double'}, {'name': 'yl192', 'type': 'double'}, {'name': 'yl193', 'type': 'double'}, {'name': 'yl194', 'type': 'bigint'}, {'name': 'yl195', 'type': 'bigint'}, {'name': 'yl196', 'type': 'bigint'}, {'name': 'yl197', 'type': 'bigint'}, {'name': 'yl198', 'type': 'bigint'}, {'name': 'yl199', 'type': 'bigint'}, {'name': 'yl200', 'type': 'double'}, {'name': 'yl201', 'type': 'double'}, {'name': 'yl202', 'type': 'double'}, {'name': 'yl203', 'type': 'double'}, {'name': 'yl204', 'type': 'double'}, {'name': 'yl205', 'type': 'double'}, {'name': 'yl206', 'type': 'double'}, {'name': 'yl207', 'type': 'double'}, {'name': 'yl208', 'type': 'double'}, {'name': 'yl209', 'type': 'double'}, {'name': 'yl210', 'type': 'double'}, {'name': 'yl211', 'type': 'double'}, {'name': 'yl212', 'type': 'double'}, {'name': 'yl213', 'type': 'bigint'}, {'name': 'yl214', 'type': 'double'}, {'name': 'yl215', 'type': 'double'}, {'name': 'yl216', 'type': 'double'}, {'name': 'yl217', 'type': 'double'}, {'name': 'yl218', 'type': 'bigint'}, {'name': 'yl219', 'type': 'double'}, {'name': 'yl220', 'type': 'double'}, {'name': 'yl221', 'type': 'double'}, {'name': 'yl222', 'type': 'double'}, {'name': 'yl223', 'type': 'double'}, {'name': 'yl224', 'type': 'double'}, {'name': 'yl225', 'type': 'double'}, {'name': 'yl226', 'type': 'double'}, {'name': 'yl227', 'type': 'double'}, {'name': 'yl228', 'type': 'double'}, {'name': 'yl229', 'type': 'double'}, {'name': 'yl230', 'type': 'double'}, {'name': 'yl231', 'type': 'double'}, {'name': 'yl232', 'type': 'double'}, {'name': 'yl233', 'type': 'bigint'}, {'name': 'yl234', 'type': 'bigint'}, {'name': 'yl235', 'type': 'bigint'}, {'name': 'yl236', 'type': 'bigint'}, {'name': 'yl237', 'type': 'bigint'}, {'name': 'yl238', 'type': 'bigint'}, {'name': 'yl239', 'type': 'bigint'}, {'name': 'yl240', 'type': 'bigint'}, {'name': 'yl241', 'type': 'string'}, {'name': 'yl242', 'type': 'string'}, {'name': 'yl243', 'type': 'bigint'}, {'name': 'yl244', 'type': 'string'}, {'name': 'yl245', 'type': 'double'}, {'name': 'yl246', 'type': 'double'}, {'name': 'yl247', 'type': 'bigint'}, {'name': 'yl248', 'type': 'bigint'}, {'name': 'yl249', 'type': 'double'}, {'name': 'yl250', 'type': 'double'}, {'name': 'yl251', 'type': 'double'}, {'name': 'yl252', 'type': 'double'}, {'name': 'yl253', 'type': 'double'}, {'name': 'yl254', 'type': 'double'}, {'name': 'yl255', 'type': 'double'}, {'name': 'yl256', 'type': 'double'}, {'name': 'yl257', 'type': 'double'}, {'name': 'yl258', 'type': 'double'}, {'name': 'yl259', 'type': 'double'}, {'name': 'yl260', 'type': 'double'}, {'name': 'yl261', 'type': 'double'}, {'name': 'yl262', 'type': 'double'}, {'name': 'yl263', 'type': 'double'}, {'name': 'yl264', 'type': 'double'}, {'name': 'yl265', 'type': 'double'}, {'name': 'yl266', 'type': 'double'}, {'name': 'yl267', 'type': 'bigint'}, {'name': 'yl268', 'type': 'double'}, {'name': 'yl269', 'type': 'bigint'}, {'name': 'yl270', 'type': 'bigint'}, {'name': 'yl271', 'type': 'bigint'}, {'name': 'yl272', 'type': 'bigint'}, {'name': 'yl273', 'type': 'bigint'}, {'name': 'yl274', 'type': 'bigint'}, {'name': 'yl275', 'type': 'bigint'}, {'name': 'yl276', 'type': 'bigint'}, {'name': 'yl277', 'type': 'bigint'}, {'name': 'yl278', 'type': 'bigint'}, {'name': 'yl279', 'type': 'bigint'}, {'name': 'yl280', 'type': 'bigint'}, {'name': 'yl281', 'type': 'bigint'}, {'name': 'yl282', 'type': 'bigint'}, {'name': 'yl283', 'type': 'bigint'}, {'name': 'yl284', 'type': 'bigint'}, {'name': 'yl285', 'type': 'bigint'}, {'name': 'yl286', 'type': 'bigint'}, {'name': 'yl287', 'type': 'bigint'}, {'name': 'yl288', 'type': 'bigint'}, {'name': 'yl289', 'type': 'bigint'}, {'name': 'yl290', 'type': 'bigint'}, {'name': 'yl291', 'type': 'bigint'}, {'name': 'yl292', 'type': 'bigint'}, {'name': 'yl293', 'type': 'bigint'}, {'name': 'yl294', 'type': 'double'}, {'name': 'yl295', 'type': 'bigint'}, {'name': 'yl296', 'type': 'double'}, {'name': 'yl297', 'type': 'bigint'}, {'name': 'yl298', 'type': 'double'}, {'name': 'yl299', 'type': 'double'}, {'name': 'yl300', 'type': 'double'}, {'name': 'yl301', 'type': 'double'}, {'name': 'yl302', 'type': 'double'}, {'name': 'yl303', 'type': 'double'}, {'name': 'yl304', 'type': 'bigint'}, {'name': 'yl305', 'type': 'bigint'}, {'name': 'yl306', 'type': 'bigint'}, {'name': 'yl307', 'type': 'bigint'}, {'name': 'yl308', 'type': 'bigint'}, {'name': 'yl309', 'type': 'bigint'}, {'name': 'yl310', 'type': 'bigint'}, {'name': 'yl311', 'type': 'bigint'}, {'name': 'yl312', 'type': 'bigint'}, {'name': 'yl313', 'type': 'bigint'}, {'name': 'yl314', 'type': 'bigint'}, {'name': 'yl315', 'type': 'double'}, {'name': 'yl316', 'type': 'double'}, {'name': 'yl317', 'type': 'double'}, {'name': 'yl318', 'type': 'bigint'}, {'name': 'yl319', 'type': 'bigint'}, {'name': 'yl320', 'type': 'bigint'}, {'name': 'yl321', 'type': 'bigint'}, {'name': 'yl322', 'type': 'bigint'}, {'name': 'yl323', 'type': 'bigint'}, {'name': 'yl324', 'type': 'bigint'}, {'name': 'yl325', 'type': 'bigint'}, {'name': 'yl326', 'type': 'bigint'}, {'name': 'yl327', 'type': 'bigint'}, {'name': 'yl328', 'type': 'bigint'}, {'name': 'yl329', 'type': 'bigint'}, {'name': 'yl330', 'type': 'bigint'}, {'name': 'yl331', 'type': 'bigint'}, {'name': 'yl332', 'type': 'bigint'}, {'name': 'yl333', 'type': 'bigint'}, {'name': 'yl334', 'type': 'bigint'}, {'name': 'yl335', 'type': 'bigint'}, {'name': 'yl336', 'type': 'bigint'}, {'name': 'yl337', 'type': 'bigint'}, {'name': 'yl338', 'type': 'bigint'}, {'name': 'yl339', 'type': 'bigint'}, {'name': 'yl340', 'type': 'bigint'}, {'name': 'yl341', 'type': 'bigint'}, {'name': 'yl342', 'type': 'bigint'}, {'name': 'yl343', 'type': 'bigint'}, {'name': 'yl344', 'type': 'bigint'}, {'name': 'yl345', 'type': 'bigint'}, {'name': 'yl346', 'type': 'bigint'}, {'name': 'yl347', 'type': 'bigint'}, {'name': 'yl348', 'type': 'bigint'}, {'name': 'yl349', 'type': 'double'}, {'name': 'yl350', 'type': 'double'}, {'name': 'yl351', 'type': 'bigint'}, {'name': 'yl352', 'type': 'bigint'}, {'name': 'yl353', 'type': 'bigint'}, {'name': 'yl354', 'type': 'bigint'}, {'name': 'yl355', 'type': 'double'}, {'name': 'yl356', 'type': 'double'}, {'name': 'yl357', 'type': 'bigint'}, {'name': 'yl358', 'type': 'bigint'}, {'name': 'yl359', 'type': 'bigint'}, {'name': 'yl360', 'type': 'bigint'}, {'name': 'yl361', 'type': 'bigint'}, {'name': 'yl362', 'type': 'bigint'}, {'name': 'yl363', 'type': 'bigint'}, {'name': 'yl364', 'type': 'bigint'}, {'name': 'yl365', 'type': 'bigint'}, {'name': 'yl366', 'type': 'bigint'}, {'name': 'yl367', 'type': 'bigint'}, {'name': 'yl368', 'type': 'bigint'}, {'name': 'yl369', 'type': 'bigint'}, {'name': 'yl370', 'type': 'bigint'}, {'name': 'yl371', 'type': 'double'}, {'name': 'yl372', 'type': 'bigint'}, {'name': 'yl373', 'type': 'bigint'}, {'name': 'yl374', 'type': 'bigint'}, {'name': 'yl375', 'type': 'bigint'}, {'name': 'yl376', 'type': 'bigint'}, {'name': 'yl377', 'type': 'bigint'}, {'name': 'yl378', 'type': 'bigint'}, {'name': 'yl379', 'type': 'bigint'}, {'name': 'yl380', 'type': 'bigint'}, {'name': 'yl381', 'type': 'bigint'}, {'name': 'yl382', 'type': 'double'}, {'name': 'yl383', 'type': 'double'}, {'name': 'yl384', 'type': 'bigint'}, {'name': 'yl385', 'type': 'bigint'}, {'name': 'yl386', 'type': 'double'}, {'name': 'yl387', 'type': 'double'}, {'name': 'yl388', 'type': 'double'}, {'name': 'yl389', 'type': 'bigint'}, {'name': 'yl390', 'type': 'bigint'}, {'name': 'yl391', 'type': 'bigint'}, {'name': 'yl392', 'type': 'bigint'}, {'name': 'yl393', 'type': 'double'}, {'name': 'yl394', 'type': 'double'}, {'name': 'yl395', 'type': 'bigint'}, {'name': 'yl396', 'type': 'bigint'}, {'name': 'yl397', 'type': 'bigint'}, {'name': 'yl398', 'type': 'bigint'}, {'name': 'yl399', 'type': 'bigint'}, {'name': 'yl400', 'type': 'bigint'}, {'name': 'yl401', 'type': 'bigint'}, {'name': 'yl402', 'type': 'bigint'}, {'name': 'yl403', 'type': 'bigint'}, {'name': 'yl404', 'type': 'bigint'}, {'name': 'yl405', 'type': 'bigint'}, {'name': 'yl406', 'type': 'bigint'}, {'name': 'yl407', 'type': 'bigint'}, {'name': 'yl408', 'type': 'bigint'}, {'name': 'yl409', 'type': 'bigint'}, {'name': 'yl410', 'type': 'double'}, {'name': 'yl411', 'type': 'double'}, {'name': 'yl412', 'type': 'double'}, {'name': 'yl413', 'type': 'bigint'}, {'name': 'yl414', 'type': 'bigint'}, {'name': 'yl415', 'type': 'double'}, {'name': 'yl416', 'type': 'double'}, {'name': 'yl417', 'type': 'bigint'}, {'name': 'yl418', 'type': 'bigint'}, {'name': 'yl419', 'type': 'double'}, {'name': 'yl420', 'type': 'double'}, {'name': 'yl421', 'type': 'double'}, {'name': 'yl422', 'type': 'bigint'}, {'name': 'yl423', 'type': 'bigint'}, {'name': 'yl424', 'type': 'double'}, {'name': 'yl425', 'type': 'double'}, {'name': 'yl426', 'type': 'bigint'}, {'name': 'yl427', 'type': 'bigint'}, {'name': 'yl428', 'type': 'bigint'}, {'name': 'yl429', 'type': 'double'}, {'name': 'yl430', 'type': 'double'}, {'name': 'yl431', 'type': 'bigint'}, {'name': 'yl432', 'type': 'bigint'}, {'name': 'yl433', 'type': 'bigint'}, {'name': 'yl434', 'type': 'double'}, {'name': 'yl435', 'type': 'double'}, {'name': 'yl436', 'type': 'double'}, {'name': 'yl437', 'type': 'bigint'}, {'name': 'yl438', 'type': 'bigint'}, {'name': 'yl439', 'type': 'bigint'}, {'name': 'yl440', 'type': 'bigint'}, {'name': 'yl441', 'type': 'bigint'}, {'name': 'yl442', 'type': 'bigint'}, {'name': 'yl443', 'type': 'bigint'}, {'name': 'yl444', 'type': 'bigint'}, {'name': 'yl445', 'type': 'bigint'}, {'name': 'yl446', 'type': 'bigint'}, {'name': 'yl447', 'type': 'bigint'}, {'name': 'yl448', 'type': 'bigint'}, {'name': 'yl449', 'type': 'bigint'}, {'name': 'yl450', 'type': 'bigint'}, {'name': 'yl451', 'type': 'bigint'}, {'name': 'yl452', 'type': 'double'}, {'name': 'yl453', 'type': 'double'}, {'name': 'yl454', 'type': 'double'}, {'name': 'yl455', 'type': 'bigint'}, {'name': 'yl456', 'type': 'bigint'}, {'name': 'yl457', 'type': 'bigint'}, {'name': 'yl458', 'type': 'bigint'}, {'name': 'yl459', 'type': 'bigint'}, {'name': 'yl460', 'type': 'bigint'}, {'name': 'yl461', 'type': 'bigint'}, {'name': 'yl462', 'type': 'double'}, {'name': 'yl463', 'type': 'double'}, {'name': 'yl464', 'type': 'double'}, {'name': 'yl465', 'type': 'bigint'}, {'name': 'yl466', 'type': 'bigint'}, {'name': 'yl467', 'type': 'bigint'}, {'name': 'yl468', 'type': 'double'}, {'name': 'yl469', 'type': 'double'}, {'name': 'yl470', 'type': 'double'}, {'name': 'yl471', 'type': 'bigint'}, {'name': 'yl472', 'type': 'bigint'}, {'name': 'yl473', 'type': 'bigint'}, {'name': 'yl474', 'type': 'double'}, {'name': 'yl475', 'type': 'double'}, {'name': 'yl476', 'type': 'double'}, {'name': 'yl477', 'type': 'bigint'}, {'name': 'yl478', 'type': 'bigint'}, {'name': 'yl479', 'type': 'bigint'}, {'name': 'yl480', 'type': 'bigint'}, {'name': 'yl481', 'type': 'double'}, {'name': 'yl482', 'type': 'double'}, {'name': 'yl483', 'type': 'bigint'}, {'name': 'yl484', 'type': 'bigint'}, {'name': 'yl485', 'type': 'bigint'}, {'name': 'yl486', 'type': 'bigint'}, {'name': 'yl487', 'type': 'bigint'}, {'name': 'yl488', 'type': 'bigint'}, {'name': 'yl489', 'type': 'bigint'}, {'name': 'yl490', 'type': 'bigint'}, {'name': 'yl491', 'type': 'bigint'}, {'name': 'yl492', 'type': 'bigint'}, {'name': 'yl493', 'type': 'bigint'}, {'name': 'yl494', 'type': 'bigint'}, {'name': 'yl495', 'type': 'bigint'}, {'name': 'yl496', 'type': 'bigint'}, {'name': 'yl497', 'type': 'bigint'}, {'name': 'yl498', 'type': 'double'}, {'name': 'yl499', 'type': 'double'}, {'name': 'yl500', 'type': 'bigint'}, {'name': 'yl501', 'type': 'bigint'}, {'name': 'yl502', 'type': 'double'}, {'name': 'yl503', 'type': 'double'}, {'name': 'yl504', 'type': 'double'}, {'name': 'yl505', 'type': 'bigint'}, {'name': 'yl506', 'type': 'bigint'}, {'name': 'yl507', 'type': 'bigint'}, {'name': 'yl508', 'type': 'bigint'}, {'name': 'yl509', 'type': 'bigint'}, {'name': 'yl510', 'type': 'bigint'}, {'name': 'yl511', 'type': 'bigint'}, {'name': 'yl512', 'type': 'bigint'}, {'name': 'yl513', 'type': 'bigint'}, {'name': 'yl514', 'type': 'double'}, {'name': 'yl515', 'type': 'double'}, {'name': 'yl516', 'type': 'double'}, {'name': 'yl517', 'type': 'bigint'}, {'name': 'yl518', 'type': 'bigint'}, {'name': 'yl519', 'type': 'bigint'}, {'name': 'yl520', 'type': 'double'}, {'name': 'yl521', 'type': 'double'}, {'name': 'yl522', 'type': 'double'}, {'name': 'yl523', 'type': 'bigint'}, {'name': 'yl524', 'type': 'bigint'}, {'name': 'yl525', 'type': 'bigint'}, {'name': 'yl526', 'type': 'double'}, {'name': 'yl527', 'type': 'double'}, {'name': 'yl528', 'type': 'bigint'}, {'name': 'yl529', 'type': 'bigint'}, {'name': 'yl530', 'type': 'double'}, {'name': 'yl531', 'type': 'double'}, {'name': 'yl532', 'type': 'double'}, {'name': 'yl533', 'type': 'double'}, {'name': 'yl534', 'type': 'double'}, {'name': 'yl535', 'type': 'double'}, {'name': 'yl536', 'type': 'double'}, {'name': 'yl537', 'type': 'double'}, {'name': 'yl538', 'type': 'double'}, {'name': 'yl539', 'type': 'double'}, {'name': 'yl540', 'type': 'double'}, {'name': 'yl541', 'type': 'double'}, {'name': 'yl542', 'type': 'bigint'}, {'name': 'yl543', 'type': 'bigint'}, {'name': 'yl544', 'type': 'bigint'}, {'name': 'yl545', 'type': 'bigint'}, {'name': 'yl546', 'type': 'bigint'}, {'name': 'yl547', 'type': 'bigint'}, {'name': 'yl548', 'type': 'bigint'}, {'name': 'yl549', 'type': 'bigint'}, {'name': 'yl550', 'type': 'bigint'}, {'name': 'yl551', 'type': 'bigint'}, {'name': 'yl552', 'type': 'bigint'}, {'name': 'yl553', 'type': 'bigint'}, {'name': 'yl554', 'type': 'double'}, {'name': 'yl555', 'type': 'double'}, {'name': 'yl556', 'type': 'double'}, {'name': 'yl557', 'type': 'double'}, {'name': 'yl558', 'type': 'bigint'}, {'name': 'yl559', 'type': 'bigint'}, {'name': 'yl560', 'type': 'double'}, {'name': 'yl561', 'type': 'double'}, {'name': 'yl562', 'type': 'double'}, {'name': 'yl563', 'type': 'bigint'}, {'name': 'yl564', 'type': 'bigint'}, {'name': 'yl565', 'type': 'bigint'}, {'name': 'yl566', 'type': 'double'}, {'name': 'yl567', 'type': 'double'}, {'name': 'yl568', 'type': 'double'}, {'name': 'yl569', 'type': 'bigint'}, {'name': 'yl570', 'type': 'bigint'}, {'name': 'yl571', 'type': 'bigint'}, {'name': 'yl572', 'type': 'bigint'}, {'name': 'yl573', 'type': 'bigint'}, {'name': 'yl574', 'type': 'bigint'}, {'name': 'yl575', 'type': 'bigint'}, {'name': 'yl576', 'type': 'bigint'}, {'name': 'yl577', 'type': 'bigint'}, {'name': 'yl578', 'type': 'bigint'}, {'name': 'yl579', 'type': 'bigint'}, {'name': 'yl580', 'type': 'bigint'}, {'name': 'yl581', 'type': 'bigint'}, {'name': 'yl582', 'type': 'bigint'}, {'name': 'yl583', 'type': 'bigint'}, {'name': 'yl584', 'type': 'bigint'}, {'name': 'yl585', 'type': 'bigint'}, {'name': 'yl586', 'type': 'bigint'}, {'name': 'yl587', 'type': 'bigint'}, {'name': 'yl588', 'type': 'bigint'}, {'name': 'yl589', 'type': 'bigint'}, {'name': 'yl590', 'type': 'bigint'}, {'name': 'yl591', 'type': 'bigint'}, {'name': 'yl592', 'type': 'bigint'}, {'name': 'yl593', 'type': 'bigint'}, {'name': 'yl594', 'type': 'bigint'}, {'name': 'yl595', 'type': 'bigint'}, {'name': 'yl596', 'type': 'bigint'}, {'name': 'yl597', 'type': 'bigint'}, {'name': 'yl598', 'type': 'bigint'}, {'name': 'yl599', 'type': 'bigint'}, {'name': 'yl600', 'type': 'bigint'}, {'name': 'yl601', 'type': 'bigint'}, {'name': 'yl602', 'type': 'bigint'}, {'name': 'yl603', 'type': 'bigint'}, {'name': 'yl604', 'type': 'bigint'}, {'name': 'yl605', 'type': 'bigint'}, {'name': 'yl606', 'type': 'bigint'}, {'name': 'yl607', 'type': 'bigint'}, {'name': 'yl608', 'type': 'bigint'}, {'name': 'yl609', 'type': 'bigint'}, {'name': 'yl610', 'type': 'bigint'}, {'name': 'yl611', 'type': 'bigint'}, {'name': 'yl612', 'type': 'bigint'}, {'name': 'yl613', 'type': 'bigint'}, {'name': 'yl614', 'type': 'bigint'}, {'name': 'yl615', 'type': 'bigint'}, {'name': 'yl616', 'type': 'bigint'}, {'name': 'yl617', 'type': 'bigint'}, {'name': 'yl618', 'type': 'bigint'}, {'name': 'yl619', 'type': 'bigint'}, {'name': 'yl620', 'type': 'bigint'}, {'name': 'yl621', 'type': 'string'}, {'name': 'yl622', 'type': 'string'}, {'name': 'yl623', 'type': 'bigint'}, {'name': 'yl624', 'type': 'bigint'}, {'name': 'yl625', 'type': 'bigint'}, {'name': 'yl626', 'type': 'bigint'}, {'name': 'yl627', 'type': 'bigint'}, {'name': 'yl628', 'type': 'bigint'}, {'name': 'yl629', 'type': 'bigint'}, {'name': 'yl630', 'type': 'bigint'}, {'name': 'yl631', 'type': 'bigint'}, {'name': 'yl632', 'type': 'bigint'}, {'name': 'yl633', 'type': 'bigint'}, {'name': 'yl634', 'type': 'bigint'}, {'name': 'yl635', 'type': 'bigint'}, {'name': 'yl636', 'type': 'bigint'}, {'name': 'yl637', 'type': 'bigint'}, {'name': 'yl638', 'type': 'bigint'}, {'name': 'yl639', 'type': 'bigint'}, {'name': 'yl640', 'type': 'bigint'}, {'name': 'yl641', 'type': 'bigint'}, {'name': 'yl642', 'type': 'bigint'}, {'name': 'yl643', 'type': 'bigint'}, {'name': 'yl644', 'type': 'bigint'}, {'name': 'yl645', 'type': 'bigint'}, {'name': 'yl646', 'type': 'bigint'}, {'name': 'yl647', 'type': 'bigint'}, {'name': 'yl648', 'type': 'bigint'}, {'name': 'yl649', 'type': 'bigint'}, {'name': 'yl650', 'type': 'bigint'}, {'name': 'yl651', 'type': 'bigint'}, {'name': 'yl652', 'type': 'bigint'}, {'name': 'yl653', 'type': 'bigint'}, {'name': 'yl654', 'type': 'bigint'}, {'name': 'yl655', 'type': 'bigint'}, {'name': 'yl656', 'type': 'bigint'}, {'name': 'yl657', 'type': 'bigint'}, {'name': 'yl658', 'type': 'bigint'}, {'name': 'yl659', 'type': 'bigint'}, {'name': 'yl660', 'type': 'bigint'}, {'name': 'yl661', 'type': 'bigint'}, {'name': 'yl662', 'type': 'bigint'}, {'name': 'yl663', 'type': 'bigint'}, {'name': 'yl664', 'type': 'bigint'}, {'name': 'yl665', 'type': 'bigint'}, {'name': 'yl666', 'type': 'double'}, {'name': 'yl667', 'type': 'double'}, {'name': 'yl668', 'type': 'bigint'}, {'name': 'yl669', 'type': 'bigint'}, {'name': 'yl670', 'type': 'double'}, {'name': 'yl671', 'type': 'double'}, {'name': 'yl672', 'type': 'double'}, {'name': 'yl673', 'type': 'double'}, {'name': 'yl674', 'type': 'double'}, {'name': 'yl675', 'type': 'double'}, {'name': 'yl676', 'type': 'double'}, {'name': 'yl677', 'type': 'double'}, {'name': 'yl678', 'type': 'double'}, {'name': 'yl679', 'type': 'double'}, {'name': 'yl680', 'type': 'double'}, {'name': 'yl681', 'type': 'double'}, {'name': 'yl682', 'type': 'double'}, {'name': 'yl683', 'type': 'double'}, {'name': 'yl684', 'type': 'double'}, {'name': 'yl685', 'type': 'double'}, {'name': 'yl686', 'type': 'double'}, {'name': 'yl687', 'type': 'double'}, {'name': 'yl688', 'type': 'double'}, {'name': 'yl689', 'type': 'double'}, {'name': 'yl690', 'type': 'double'}, {'name': 'yl691', 'type': 'bigint'}, {'name': 'yl692', 'type': 'bigint'}, {'name': 'yl693', 'type': 'bigint'}, {'name': 'yl694', 'type': 'bigint'}, {'name': 'yl695', 'type': 'bigint'}, {'name': 'yl696', 'type': 'bigint'}, {'name': 'yl697', 'type': 'bigint'}, {'name': 'yl698', 'type': 'bigint'}, {'name': 'yl699', 'type': 'bigint'}, {'name': 'yl700', 'type': 'bigint'}, {'name': 'yl701', 'type': 'bigint'}, {'name': 'yl702', 'type': 'bigint'}, {'name': 'yl703', 'type': 'bigint'}, {'name': 'yl704', 'type': 'bigint'}, {'name': 'yl705', 'type': 'bigint'}, {'name': 'yl706', 'type': 'double'}, {'name': 'yl707', 'type': 'bigint'}, {'name': 'yl708', 'type': 'double'}, {'name': 'yl709', 'type': 'bigint'}, {'name': 'yl710', 'type': 'double'}, {'name': 'yl711', 'type': 'bigint'}, {'name': 'yl712', 'type': 'double'}, {'name': 'yl713', 'type': 'bigint'}, {'name': 'yl714', 'type': 'double'}, {'name': 'yl715', 'type': 'bigint'}, {'name': 'yl716', 'type': 'double'}, {'name': 'yl717', 'type': 'bigint'}, {'name': 'yl718', 'type': 'double'}, {'name': 'yl719', 'type': 'bigint'}, {'name': 'yl720', 'type': 'double'}, {'name': 'yl721', 'type': 'double'}, {'name': 'yl722', 'type': 'double'}, {'name': 'yl723', 'type': 'double'}, {'name': 'yl724', 'type': 'double'}, {'name': 'yl725', 'type': 'double'}, {'name': 'yl726', 'type': 'double'}, {'name': 'yl727', 'type': 'double'}, {'name': 'yl728', 'type': 'double'}, {'name': 'yl729', 'type': 'double'}, {'name': 'yl730', 'type': 'double'}, {'name': 'yl731', 'type': 'double'}, {'name': 'yl732', 'type': 'double'}, {'name': 'yl733', 'type': 'bigint'}, {'name': 'yl734', 'type': 'bigint'}, {'name': 'yl735', 'type': 'bigint'}, {'name': 'yl736', 'type': 'bigint'}, {'name': 'yl737', 'type': 'bigint'}, {'name': 'yl738', 'type': 'bigint'}, {'name': 'yl739', 'type': 'bigint'}, {'name': 'yl740', 'type': 'bigint'}, {'name': 'yl741', 'type': 'bigint'}, {'name': 'yl742', 'type': 'bigint'}, {'name': 'yl743', 'type': 'bigint'}, {'name': 'yl744', 'type': 'bigint'}, {'name': 'yl745', 'type': 'bigint'}, {'name': 'yl746', 'type': 'double'}, {'name': 'yl747', 'type': 'double'}, {'name': 'yl748', 'type': 'double'}, {'name': 'yl749', 'type': 'double'}, {'name': 'yl750', 'type': 'double'}, {'name': 'yl751', 'type': 'double'}, {'name': 'yl752', 'type': 'double'}, {'name': 'yl753', 'type': 'double'}, {'name': 'yl754', 'type': 'double'}, {'name': 'yl755', 'type': 'double'}, {'name': 'yl756', 'type': 'double'}, {'name': 'yl757', 'type': 'double'}, {'name': 'yl758', 'type': 'double'}, {'name': 'yl759', 'type': 'double'}, {'name': 'yl760', 'type': 'bigint'}, {'name': 'yl761', 'type': 'bigint'}, {'name': 'yl762', 'type': 'bigint'}, {'name': 'yl763', 'type': 'bigint'}, {'name': 'yl764', 'type': 'bigint'}, {'name': 'yl765', 'type': 'bigint'}, {'name': 'yl766', 'type': 'bigint'}, {'name': 'yl767', 'type': 'bigint'}, {'name': 'yl768', 'type': 'bigint'}, {'name': 'yl769', 'type': 'bigint'}, {'name': 'yl770', 'type': 'bigint'}, {'name': 'yl771', 'type': 'bigint'}, {'name': 'yl772', 'type': 'double'}, {'name': 'yl773', 'type': 'double'}, {'name': 'yl774', 'type': 'double'}, {'name': 'yl775', 'type': 'double'}, {'name': 'yl776', 'type': 'double'}, {'name': 'yl777', 'type': 'double'}, {'name': 'yl778', 'type': 'double'}, {'name': 'yl779', 'type': 'double'}, {'name': 'yl780', 'type': 'double'}, {'name': 'yl781', 'type': 'double'}, {'name': 'yl782', 'type': 'double'}, {'name': 'yl783', 'type': 'double'}, {'name': 'yl784', 'type': 'double'}, {'name': 'yl785', 'type': 'bigint'}, {'name': 'yl786', 'type': 'bigint'}, {'name': 'yl787', 'type': 'bigint'}, {'name': 'yl788', 'type': 'bigint'}, {'name': 'yl789', 'type': 'bigint'}, {'name': 'yl790', 'type': 'bigint'}, {'name': 'yl791', 'type': 'bigint'}, {'name': 'yl792', 'type': 'bigint'}, {'name': 'yl793', 'type': 'bigint'}, {'name': 'yl794', 'type': 'bigint'}, {'name': 'yl795', 'type': 'bigint'}, {'name': 'yl796', 'type': 'bigint'}, {'name': 'yl797', 'type': 'bigint'}, {'name': 'yl798', 'type': 'double'}, {'name': 'yl799', 'type': 'double'}, {'name': 'yl800', 'type': 'double'}, {'name': 'yl801', 'type': 'bigint'}, {'name': 'yl802', 'type': 'bigint'}, {'name': 'yl803', 'type': 'bigint'}, {'name': 'yl804', 'type': 'double'}, {'name': 'yl805', 'type': 'double'}, {'name': 'yl806', 'type': 'double'}, {'name': 'yl807', 'type': 'double'}, {'name': 'yl808', 'type': 'double'}, {'name': 'yl809', 'type': 'double'}, {'name': 'yl810', 'type': 'double'}, {'name': 'yl811', 'type': 'double'}, {'name': 'yl812', 'type': 'bigint'}, {'name': 'yl813', 'type': 'bigint'}, {'name': 'yl814', 'type': 'bigint'}, {'name': 'yl815', 'type': 'bigint'}, {'name': 'yl816', 'type': 'bigint'}, {'name': 'yl817', 'type': 'bigint'}, {'name': 'yl818', 'type': 'bigint'}, {'name': 'yl819', 'type': 'double'}, {'name': 'yl820', 'type': 'double'}, {'name': 'yl821', 'type': 'double'}, {'name': 'yl822', 'type': 'bigint'}, {'name': 'yl823', 'type': 'bigint'}, {'name': 'yl824', 'type': 'bigint'}, {'name': 'yl825', 'type': 'bigint'}, {'name': 'yl826', 'type': 'bigint'}, {'name': 'yl827', 'type': 'bigint'}, {'name': 'yl828', 'type': 'double'}, {'name': 'yl829', 'type': 'string'}, {'name': 'yl830', 'type': 'double'}, {'name': 'yl831', 'type': 'string'}, {'name': 'yl832', 'type': 'double'}, {'name': 'yl833', 'type': 'string'}, {'name': 'yl834', 'type': 'double'}, {'name': 'yl835', 'type': 'string'}, {'name': 'yl836', 'type': 'double'}, {'name': 'yl837', 'type': 'double'}, {'name': 'yl838', 'type': 'double'}, {'name': 'yl839', 'type': 'double'}, {'name': 'yl840', 'type': 'double'}, {'name': 'yl841', 'type': 'double'}, {'name': 'yl842', 'type': 'double'}, {'name': 'yl843', 'type': 'double'}, {'name': 'yl844', 'type': 'double'}, {'name': 'yl845', 'type': 'double'}, {'name': 'yl846', 'type': 'double'}, {'name': 'yl847', 'type': 'double'}, {'name': 'yl848', 'type': 'bigint'}, {'name': 'yl849', 'type': 'bigint'}, {'name': 'yl850', 'type': 'bigint'}, {'name': 'yl851', 'type': 'bigint'}, {'name': 'yl852', 'type': 'bigint'}, {'name': 'yl853', 'type': 'bigint'}, {'name': 'yl854', 'type': 'bigint'}, {'name': 'yl855', 'type': 'bigint'}, {'name': 'yl856', 'type': 'bigint'}, {'name': 'yl857', 'type': 'bigint'}, {'name': 'yl858', 'type': 'bigint'}, {'name': 'yl859', 'type': 'bigint'}, {'name': 'yl860', 'type': 'bigint'}, {'name': 'yl861', 'type': 'bigint'}, {'name': 'yl862', 'type': 'double'}, {'name': 'yl863', 'type': 'bigint'}, {'name': 'yl864', 'type': 'bigint'}, {'name': 'yl865', 'type': 'bigint'}, {'name': 'yl866', 'type': 'bigint'}, {'name': 'yl867', 'type': 'double'}, {'name': 'yl868', 'type': 'bigint'}, {'name': 'yl869', 'type': 'double'}, {'name': 'yl870', 'type': 'bigint'}, {'name': 'yl871', 'type': 'bigint'}, {'name': 'yl872', 'type': 'string'}, {'name': 'yl873', 'type': 'string'}, {'name': 'yl874', 'type': 'string'}, {'name': 'yl875', 'type': 'bigint'}, {'name': 'yl876', 'type': 'string'}, {'name': 'yl877', 'type': 'double'}, {'name': 'yl878', 'type': 'bigint'}, {'name': 'yl879', 'type': 'string'}, {'name': 'yl880', 'type': 'bigint'}, {'name': 'yl881', 'type': 'string'}, {'name': 'yl882', 'type': 'double'}, {'name': 'yl883', 'type': 'bigint'}, {'name': 'yl884', 'type': 'string'}, {'name': 'yl885', 'type': 'bigint'}, {'name': 'yl886', 'type': 'string'}, {'name': 'yl887', 'type': 'bigint'}, {'name': 'yl888', 'type': 'bigint'}, {'name': 'yl889', 'type': 'string'}, {'name': 'yl890', 'type': 'bigint'}, {'name': 'yl891', 'type': 'bigint'}, {'name': 'yl892', 'type': 'bigint'}, {'name': 'yl893', 'type': 'string'}, {'name': 'yl894', 'type': 'string'}, {'name': 'yl895', 'type': 'double'}, {'name': 'yl896', 'type': 'double'}, {'name': 'yl897', 'type': 'string'}, {'name': 'yl898', 'type': 'string'}, {'name': 'yl899', 'type': 'bigint'}, {'name': 'yl900', 'type': 'bigint'}, {'name': 'yl901', 'type': 'bigint'}, {'name': 'yl902', 'type': 'double'}, {'name': 'yl903', 'type': 'double'}, {'name': 'yl904', 'type': 'double'}, {'name': 'yl905', 'type': 'bigint'}, {'name': 'yl906', 'type': 'bigint'}, {'name': 'yl907', 'type': 'bigint'}, {'name': 'yl908', 'type': 'bigint'}, {'name': 'yl909', 'type': 'bigint'}, {'name': 'yl910', 'type': 'double'}, {'name': 'yl911', 'type': 'bigint'}, {'name': 'yl912', 'type': 'bigint'}, {'name': 'yl913', 'type': 'bigint'}, {'name': 'yl914', 'type': 'double'}, {'name': 'yl915', 'type': 'bigint'}, {'name': 'yl916', 'type': 'bigint'}, {'name': 'yl917', 'type': 'double'}, {'name': 'yl918', 'type': 'bigint'}, {'name': 'yl919', 'type': 'bigint'}, {'name': 'yl920', 'type': 'bigint'}, {'name': 'yl921', 'type': 'double'}, {'name': 'yl922', 'type': 'bigint'}, {'name': 'yl923', 'type': 'bigint'}, {'name': 'yl924', 'type': 'double'}, {'name': 'yl925', 'type': 'bigint'}, {'name': 'yl926', 'type': 'bigint'}, {'name': 'yl927', 'type': 'bigint'}, {'name': 'yl928', 'type': 'double'}, {'name': 'yl929', 'type': 'bigint'}, {'name': 'yl930', 'type': 'bigint'}, {'name': 'yl931', 'type': 'double'}, {'name': 'yl932', 'type': 'bigint'}, {'name': 'yl933', 'type': 'bigint'}, {'name': 'yl934', 'type': 'bigint'}, {'name': 'yl935', 'type': 'double'}, {'name': 'yl936', 'type': 'bigint'}, {'name': 'yl937', 'type': 'bigint'}, {'name': 'yl938', 'type': 'double'}, {'name': 'yl939', 'type': 'bigint'}, {'name': 'yl940', 'type': 'bigint'}, {'name': 'yl941', 'type': 'bigint'}, {'name': 'yl942', 'type': 'double'}, {'name': 'yl943', 'type': 'bigint'}, {'name': 'yl944', 'type': 'bigint'}, {'name': 'yl945', 'type': 'bigint'}, {'name': 'yl946', 'type': 'bigint'}, {'name': 'yl947', 'type': 'double'}, {'name': 'yl948', 'type': 'bigint'}, {'name': 'yl949', 'type': 'bigint'}, {'name': 'yl950', 'type': 'bigint'}, {'name': 'yl951', 'type': 'string'}, {'name': 'yl952', 'type': 'string'}, {'name': 'yl953', 'type': 'string'}, {'name': 'yl954', 'type': 'bigint'}, {'name': 'yl955', 'type': 'bigint'}, {'name': 'yl956', 'type': 'double'}, {'name': 'yl957', 'type': 'double'}, {'name': 'yl958', 'type': 'double'}, {'name': 'yl959', 'type': 'double'}, {'name': 'yl960', 'type': 'double'}, {'name': 'yl961', 'type': 'double'}, {'name': 'yl962', 'type': 'double'}, {'name': 'yl963', 'type': 'bigint'}, {'name': 'yl964', 'type': 'double'}, {'name': 'yl965', 'type': 'bigint'}, {'name': 'yl966', 'type': 'bigint'}, {'name': 'yl967', 'type': 'bigint'}, {'name': 'yl968', 'type': 'bigint'}, {'name': 'yl969', 'type': 'bigint'}, {'name': 'yl970', 'type': 'bigint'}, {'name': 'yl971', 'type': 'bigint'}, {'name': 'yl972', 'type': 'bigint'}, {'name': 'yl973', 'type': 'bigint'}, {'name': 'yl974', 'type': 'double'}, {'name': 'yl975', 'type': 'bigint'}, {'name': 'yl976', 'type': 'bigint'}, {'name': 'yl977', 'type': 'double'}, {'name': 'yl978', 'type': 'double'}, {'name': 'yl979', 'type': 'double'}, {'name': 'yl980', 'type': 'double'}, {'name': 'yl981', 'type': 'double'}, {'name': 'yl982', 'type': 'double'}, {'name': 'yl983', 'type': 'bigint'}, {'name': 'yl984', 'type': 'bigint'}, {'name': 'yl985', 'type': 'bigint'}, {'name': 'yl986', 'type': 'bigint'}, {'name': 'yl987', 'type': 'bigint'}, {'name': 'yl988', 'type': 'bigint'}, {'name': 'yl989', 'type': 'bigint'}, {'name': 'yl990', 'type': 'bigint'}, {'name': 'yl991', 'type': 'bigint'}, {'name': 'yl992', 'type': 'bigint'}, {'name': 'yl993', 'type': 'bigint'}, {'name': 'yl994', 'type': 'bigint'}, {'name': 'yl995', 'type': 'bigint'}, {'name': 'yl996', 'type': 'bigint'}, {'name': 'yl997', 'type': 'bigint'}, {'name': 'yl998', 'type': 'string'}, {'name': 'yl999', 'type': 'string'}, {'name': 'yl1000', 'type': 'string'}, {'name': 'yl1001', 'type': 'string'}, {'name': 'yl1002', 'type': 'string'}, {'name': 'yl1003', 'type': 'string'}, {'name': 'yl1004', 'type': 'bigint'}, {'name': 'yl1005', 'type': 'bigint'}, {'name': 'yl1006', 'type': 'bigint'}, {'name': 'yl1007', 'type': 'bigint'}, {'name': 'yl1008', 'type': 'bigint'}, {'name': 'yl1009', 'type': 'double'}, {'name': 'yl1010', 'type': 'bigint'}, {'name': 'yl1011', 'type': 'bigint'}, {'name': 'yl1012', 'type': 'bigint'}, {'name': 'yl1013', 'type': 'bigint'}, {'name': 'yl1014', 'type': 'bigint'}, {'name': 'yl1015', 'type': 'bigint'}, {'name': 'yl1016', 'type': 'bigint'}, {'name': 'yl1017', 'type': 'bigint'}, {'name': 'yl1018', 'type': 'bigint'}, {'name': 'yl1019', 'type': 'bigint'}, {'name': 'yl1020', 'type': 'bigint'}, {'name': 'yl1021', 'type': 'bigint'}, {'name': 'yl1022', 'type': 'bigint'}, {'name': 'yl1023', 'type': 'bigint'}, {'name': 'yl1024', 'type': 'bigint'}, {'name': 'yl1025', 'type': 'bigint'}, {'name': 'yl1026', 'type': 'bigint'}, {'name': 'yl1027', 'type': 'bigint'}, {'name': 'target', 'type': 'bigint'}, {'name': 'gid', 'type': 'string'}], 'pcv': '1', 'switchPcv': 1, 'positive': '1', 'workId': 1774, 'tableName': 'testdata_zhineng', 'y_col': 'target', 'output': '/liyiwen1/15/1774/fd719237-acd8-4d72-8388-d822c0d5dab0', 'operation_name': 'reading_data', 'input': '/liyiwen1/datasource/2056/', 'expireTime': 30, 'delimiter': ',', 'tableId': '2056', 'small_batch': 1, 'nodeId': 'fd719237-acd8-4d72-8388-d822c0d5dab0', 'yCol': 'target'}, 'user_name': '12', 'node_id': 'fd719237-acd8-4d72-8388-d822c0d5dab0'}}   ##########################  
2019-01-16 17:22:29,593 - tornado.application - INFO - #################  send msg to client successfully,the msg is as follow:  #################
[Stage 465:===============================>                        (9 + 7) / 16]
[Stage 465:===================================================>   (15 + 1) / 16]
                                                                                
{'rows': 50000, 'columns': 1030, 'output': 'null'}
[Stage 470:=========================================>             (12 + 4) / 16]
2019-01-16 17:22:42,549 - tornado.application - INFO - ---job process done---
2019-01-16 17:22:42,550 - tornado.application - INFO - #################  send msg to client successfully,the msg is as follow:  #################
##########################client request parameter in sparkworker    {'msgId': '2aec515b-d510-4f94-9193-87c08d8a76f0', 'data': {'class_name': 'ExecuteRandomForest', 'param': {'scaledvalue': 800, 'bucket_type': 'rate', 'pre_node_id': 'fd719237-acd8-4d72-8388-d822c0d5dab0', 'select_fields': [{'parent': 'DOUBLE', 'children': False, 'name': 'yl23', 'checked': True, 'state': '', 'type': 'double'}, {'parent': 'DOUBLE', 'children': False, 'name': 'yl24', 'checked': True, 'state': '', 'type': 'double'}, {'parent': 'DOUBLE', 'children': False, 'name': 'yl25', 'checked': True, 'state': '', 'type': 'double'}, {'parent': 'DOUBLE', 'children': False, 'name': 'yl26', 'checked': True, 'state': '', 'type': 'double'}, {'parent': 'DOUBLE', 'children': False, 'name': 'yl27', 'checked': True, 'state': '', 'type': 'double'}], 'model_type': 'RandomForest', 'model_test_input': '', 'model_param': {'numTrees': 20, 'maxDepth': 5, 'featureSubsetStrategy': 'auto', 'impurity': 'gini', 'subsamplingRate': 1, 'maxBins': 32, 'minInfoGain': 0, 'minInstancesPerNode': 1}, 'input_bucket_dataset': '', 'bucket_num': 10, 'workId': 1774, 'min_score': 300, 'y_col': 'GEO_Y', 'output': '/liyiwen1/15/1774/6a180f3c-c4cf-44cb-8fad-3ec3d9161b5c', 'operation_name': 'train', 'input': '/liyiwen1/15/1774/fd719237-acd8-4d72-8388-d822c0d5dab0/add_feature_column', 'odds': 50, 'max_score': 900, 'model': 'RandomForest_model', 'pdo': 25, 'small_batch': 1, 'nodeId': '6a180f3c-c4cf-44cb-8fad-3ec3d9161b5c', 'if_bucket': '1'}, 'user_name': '12', 'node_id': '6a180f3c-c4cf-44cb-8fad-3ec3d9161b5c'}}   ##########################  
2019-01-16 17:22:42,855 - tornado.application - INFO - {'user_name': '12', 'id': '6a180f3c-c4cf-44cb-8fad-3ec3d9161b5c', 'method': 'ExecuteRandomForest', 'state': 'error', 'worker_id': 29691, 'errormessage': 'Traceback (most recent call last):\n  File "/opt/www/gai_spark_connection/sparkcontextWorker.py", line 412, in exec_test\n    module = importlib.import_module(import_module, BASE_DIR)\n  File "/server/app/anaconda3/lib/python3.6/importlib/__init__.py", line 126, in import_module\n    return _bootstrap._gcd_import(name[level:], package, level)\n  File "<frozen importlib._bootstrap>", line 994, in _gcd_import\n  File "<frozen importlib._bootstrap>", line 971, in _find_and_load\n  File "<frozen importlib._bootstrap>", line 955, in _find_and_load_unlocked\n  File "<frozen importlib._bootstrap>", line 656, in _load_unlocked\n  File "<frozen importlib._bootstrap>", line 626, in _load_backward_compatible\n  File "/tmp/spark-b18ed3a3-4d17-44bb-b4b4-a2a715f98090/userFiles-b2997951-b2a0-4dd1-b8b3-9bc5679d2372/gai_platform.zip/gai_model_project/ExecuteRandomForest.py", line 18, in <module>\n    from pyspark2pmml import PMMLBuilder\nModuleNotFoundError: No module named \'pyspark2pmml\'\n'}
2019-01-16 17:22:42,856 - tornado.application - ERROR - Error sending error message: Traceback (most recent call last):
2019-01-16 17:22:42,856 - tornado.application - INFO - sparkcontext process cost time:0.14182281494140625
2019-01-16 17:23:22,574 - tornado.application - INFO - {'state': 'heartbeat', 'worker_id': 29691}
2019-01-16 17:23:42,592 - tornado.application - INFO - #################  send msg to client successfully,the msg is as follow:  #################
2019-01-16 17:23:42,592 - tornado.application - INFO - {'state': 'heartbeat', 'worker_id': 29691}
2019-01-16 17:25:22,691 - tornado.application - INFO - #################  send msg to client successfully,the msg is as follow:  #################
2019-01-16 17:25:42,710 - tornado.application - INFO - #################  send msg to client successfully,the msg is as follow:  #################
2019-01-16 17:26:02,720 - tornado.application - INFO - #################  send msg to client successfully,the msg is as follow:  #################
2019-01-16 17:27:02,758 - tornado.application - INFO - #################  send msg to client successfully,the msg is as follow:  #################
2019-01-16 17:27:02,758 - tornado.application - INFO - {'state': 'heartbeat', 'worker_id': 29691}
2019-01-16 17:27:42,792 - tornado.application - INFO - #################  send msg to client successfully,the msg is as follow:  #################
2019-01-16 17:27:42,793 - tornado.application - INFO - {'state': 'heartbeat', 'worker_id': 29691}
2019-01-16 17:28:22,831 - tornado.application - INFO - #################  send msg to client successfully,the msg is as follow:  #################
2019-01-16 17:29:02,861 - tornado.application - INFO - {'state': 'heartbeat', 'worker_id': 29691}
2019-01-16 17:30:22,936 - tornado.application - INFO - {'state': 'heartbeat', 'worker_id': 29691}
2019-01-16 17:32:03,020 - tornado.application - INFO - #################  send msg to client successfully,the msg is as follow:  #################
2019-01-16 17:32:43,049 - tornado.application - INFO - #################  send msg to client successfully,the msg is as follow:  #################
2019-01-16 17:32:43,050 - tornado.application - INFO - {'state': 'heartbeat', 'worker_id': 29691}
2019-01-16 17:34:03,112 - tornado.application - INFO - #################  send msg to client successfully,the msg is as follow:  #################
2019-01-16 17:34:43,142 - tornado.application - INFO - #################  send msg to client successfully,the msg is as follow:  #################
2019-01-16 17:34:43,143 - tornado.application - INFO - {'state': 'heartbeat', 'worker_id': 29691}
2019-01-16 17:35:03,163 - tornado.application - INFO - #################  send msg to client successfully,the msg is as follow:  #################
2019-01-16 17:35:23,175 - tornado.application - INFO - #################  send msg to client successfully,the msg is as follow:  #################
2019-01-16 17:36:03,210 - tornado.application - INFO - #################  send msg to client successfully,the msg is as follow:  #################
2019-01-16 17:36:43,250 - tornado.application - INFO - #################  send msg to client successfully,the msg is as follow:  #################
2019-01-16 17:38:23,343 - tornado.application - INFO - {'state': 'heartbeat', 'worker_id': 29691}
2019-01-16 17:39:23,398 - tornado.application - INFO - #################  send msg to client successfully,the msg is as follow:  #################
2019-01-16 17:39:43,418 - tornado.application - INFO - {'state': 'heartbeat', 'worker_id': 29691}
2019-01-16 17:40:03,437 - tornado.application - INFO - {'state': 'heartbeat', 'worker_id': 29691}
2019-01-16 17:40:23,453 - tornado.application - INFO - {'state': 'heartbeat', 'worker_id': 29691}
2019-01-16 17:40:43,473 - tornado.application - INFO - #################  send msg to client successfully,the msg is as follow:  #################
2019-01-16 17:40:43,473 - tornado.application - INFO - {'state': 'heartbeat', 'worker_id': 29691}
2019-01-16 17:41:03,490 - tornado.application - INFO - #################  send msg to client successfully,the msg is as follow:  #################
2019-01-16 17:42:03,542 - tornado.application - INFO - #################  send msg to client successfully,the msg is as follow:  #################
2019-01-16 17:42:43,564 - tornado.application - INFO - #################  send msg to client successfully,the msg is as follow:  #################
2019-01-16 17:43:03,585 - tornado.application - INFO - #################  send msg to client successfully,the msg is as follow:  #################
2019-01-16 17:44:23,657 - tornado.application - INFO - {'state': 'heartbeat', 'worker_id': 29691}
2019-01-16 17:44:43,677 - tornado.application - INFO - #################  send msg to client successfully,the msg is as follow:  #################
2019-01-16 17:45:43,732 - tornado.application - INFO - {'state': 'heartbeat', 'worker_id': 29691}
2019-01-16 17:47:03,789 - tornado.application - INFO - #################  send msg to client successfully,the msg is as follow:  #################
2019-01-16 17:47:43,830 - tornado.application - INFO - #################  send msg to client successfully,the msg is as follow:  #################
2019-01-16 17:48:43,876 - tornado.application - INFO - {'state': 'heartbeat', 'worker_id': 29691}
2019-01-16 17:49:23,916 - tornado.application - INFO - {'state': 'heartbeat', 'worker_id': 29691}
2019-01-16 17:49:43,936 - tornado.application - INFO - {'state': 'heartbeat', 'worker_id': 29691}
2019-01-16 17:50:03,955 - tornado.application - INFO - {'state': 'heartbeat', 'worker_id': 29691}
2019-01-16 17:50:43,993 - tornado.application - INFO - #################  send msg to client successfully,the msg is as follow:  #################
2019-01-16 17:51:04,011 - tornado.application - INFO - #################  send msg to client successfully,the msg is as follow:  #################
2019-01-16 17:51:04,012 - tornado.application - INFO - {'state': 'heartbeat', 'worker_id': 29691}
2019-01-16 17:52:04,052 - tornado.application - INFO - {'state': 'heartbeat', 'worker_id': 29691}
2019-01-16 17:52:44,093 - tornado.application - INFO - #################  send msg to client successfully,the msg is as follow:  #################
2019-01-16 17:53:04,113 - tornado.application - INFO - #################  send msg to client successfully,the msg is as follow:  #################
2019-01-16 17:53:44,152 - tornado.application - INFO - {'state': 'heartbeat', 'worker_id': 29691}
2019-01-16 17:54:24,189 - tornado.application - INFO - {'state': 'heartbeat', 'worker_id': 29691}
2019-01-16 17:54:44,200 - tornado.application - INFO - {'state': 'heartbeat', 'worker_id': 29691}
2019-01-16 17:55:24,241 - tornado.application - INFO - #################  send msg to client successfully,the msg is as follow:  #################
2019-01-16 17:56:04,282 - tornado.application - INFO - {'state': 'heartbeat', 'worker_id': 29691}
2019-01-16 17:57:04,336 - tornado.application - INFO - {'state': 'heartbeat', 'worker_id': 29691}
2019-01-16 17:57:24,354 - tornado.application - INFO - #################  send msg to client successfully,the msg is as follow:  #################
2019-01-16 17:58:04,382 - tornado.application - INFO - #################  send msg to client successfully,the msg is as follow:  #################
2019-01-16 17:58:44,412 - tornado.application - INFO - #################  send msg to client successfully,the msg is as follow:  #################
2019-01-16 17:59:44,470 - tornado.application - INFO - {'state': 'heartbeat', 'worker_id': 29691}
2019-01-16 18:00:04,482 - tornado.application - INFO - #################  send msg to client successfully,the msg is as follow:  #################
2019-01-16 18:03:44,682 - tornado.application - INFO - #################  send msg to client successfully,the msg is as follow:  #################
2019-01-16 18:04:44,740 - tornado.application - INFO - #################  send msg to client successfully,the msg is as follow:  #################
2019-01-16 18:05:44,797 - tornado.application - INFO - #################  send msg to client successfully,the msg is as follow:  #################
2019-01-16 18:05:44,797 - tornado.application - INFO - {'state': 'heartbeat', 'worker_id': 29691}
2019-01-16 18:06:04,817 - tornado.application - INFO - #################  send msg to client successfully,the msg is as follow:  #################
2019-01-16 18:06:04,817 - tornado.application - INFO - {'state': 'heartbeat', 'worker_id': 29691}
2019-01-16 18:06:35,716 - tornado.application - INFO - {'msgId': 'f6779328-2511-4298-ba74-26b61c59d5e5', 'data': {'class_name': 'ReadingData', 'param': {'tableId': '1907', 'tableName': 'id4', 'workId': 1692, 'pcv': '1', 'yCol': 'y_label', 'expireTime': 30, 'input': '/liyiwen/datasource/1907/', 'output': '/liyiwen/5/1692/8c1b3b38-752a-423c-a895-62c89a4d0588', 'operation_name': 'reading_data', 'switchPcv': 1, 'delimiter': '\\t', 'small_batch': 1, 'schema': [{'name': 'gid', 'type': 'string'}, {'name': 'realname', 'type': 'string'}, {'name': 'certid', 'type': 'string'}, {'name': 'mobile', 'type': 'bigint'}, {'name': 'card', 'type': 'bigint'}, {'name': 'apply_time', 'type': 'timestamp'}, {'name': 'y_label', 'type': 'bigint'}, {'name': 'apply_amount', 'type': 'string'}, {'name': 'apply_period', 'type': 'string'}, {'name': 'overdus_day', 'type': 'string'}, {'name': 'sense_code', 'type': 'string'}, {'name': 'client_nmbr', 'type': 'string'}, {'name': 'batch', 'type': 'string'}], 'nodeId': '8c1b3b38-752a-423c-a895-62c89a4d0588', 'y_col': 'y_label', 'positive': '1'}, 'user_name': '5', 'node_id': '8c1b3b38-752a-423c-a895-62c89a4d0588'}}
SELECT rows FROM gai_component_rows WHERE work_id = 1692 and node_id = "8c1b3b38-752a-423c-a895-62c89a4d0588" and output = "null"
{'rows': 51369, 'columns': 13, 'output': 'null'}
[Stage 480:>                                                        (0 + 1) / 1]
##########################client request parameter in sparkworker    {'msgId': 'fcd4911b-2695-4f3d-b4d6-e6a00f41598a', 'data': {'class_name': 'ReadingData', 'param': {'schema': [{'name': 'id', 'type': 'bigint'}, {'name': 'checking', 'type': 'bigint'}, {'name': 'duration', 'type': 'bigint'}, {'name': 'history', 'type': 'bigint'}, {'name': 'purpose', 'type': 'string'}, {'name': 'amount', 'type': 'bigint'}, {'name': 'savings', 'type': 'bigint'}, {'name': 'employed', 'type': 'bigint'}, {'name': 'installp', 'type': 'bigint'}, {'name': 'marital', 'type': 'bigint'}, {'name': 'coapp', 'type': 'bigint'}, {'name': 'resident', 'type': 'bigint'}, {'name': 'property', 'type': 'bigint'}, {'name': 'age', 'type': 'bigint'}, {'name': 'other', 'type': 'bigint'}, {'name': 'housing', 'type': 'bigint'}, {'name': 'existcr', 'type': 'bigint'}, {'name': 'job', 'type': 'bigint'}, {'name': 'depends', 'type': 'bigint'}, {'name': 'telephon', 'type': 'bigint'}, {'name': 'foreign', 'type': 'bigint'}, {'name': 'good_bad', 'type': 'bigint'}, {'name': 'checkingstr', 'type': 'string'}, {'name': 'historystr', 'type': 'string'}], 'pcv': '1', 'switchPcv': 1, 'positive': '1', 'workId': 1764, 'tableName': '23', 'y_col': 'good_bad', 'output': '/liyiwen/5/1764/3293cd38-f754-4306-98ef-ed4d3dc7675c', 'operation_name': 'reading_data', 'input': '/liyiwen/datasource/1921/', 'expireTime': 30, 'delimiter': ',', 'tableId': '1921', 'small_batch': 1, 'nodeId': '3293cd38-f754-4306-98ef-ed4d3dc7675c', 'yCol': 'good_bad'}, 'user_name': '5', 'node_id': '3293cd38-f754-4306-98ef-ed4d3dc7675c'}}   ##########################  
2019-01-16 18:06:58,325 - tornado.application - INFO - ---job process done---
2019-01-16 18:06:58,325 - tornado.application - INFO - #################  send msg to client successfully,the msg is as follow:  #################
2019-01-16 18:06:58,326 - tornado.application - INFO - IDLE
2019-01-16 18:06:58,519 - tornado.application - INFO - receive message
##########################client request parameter in sparkworker    {'msgId': '22d5694f-c29c-4637-99d9-eb1ca644a522', 'data': {'class_name': 'FeatureFilter', 'param': {'colinear_features': 1, 'pre_node_id': '3293cd38-f754-4306-98ef-ed4d3dc7675c', 'zero_importance_features': 1, 'missingvalue_features_value': '0.6', 'missingvalue_features': 1, 'output_show_result': '/liyiwen/5/1764/905610e2-ce65-446a-b583-601052bc70c0/feature_filter/output_show_result', 'low_importance_features_value': '0.9', 'val_features': 1, 'froce_features': [], 'workId': 1764, 'id_features': 1, 'y_col': 'GEO_Y', 'output': '/liyiwen/5/1764/905610e2-ce65-446a-b583-601052bc70c0/feature_filter/output', 'input': '/liyiwen/5/1764/3293cd38-f754-4306-98ef-ed4d3dc7675c/add_feature_column', 'low_importance_features': 1, 'colinear_features_value': '0.9', 'small_batch': 1, 'force_enter': '', 'nodeId': '905610e2-ce65-446a-b583-601052bc70c0'}, 'user_name': '5', 'node_id': '905610e2-ce65-446a-b583-601052bc70c0'}}   ##########################  
2019-01-16 18:06:58,519 - tornado.application - INFO - #################  send msg to client successfully,the msg is as follow:  #################
---busy--- {'user_name': '5', 'id': '905610e2-ce65-446a-b583-601052bc70c0', 'method': 'FeatureFilter', 'state': 'busy', 'worker_id': 29691}
delimiter: this key is error
[Stage 497:==========================>                            (24 + 3) / 50]
H2O cluster free memory:    24.88 Gb
H2O cluster status:         locked, healthy
H2O connection proxy:
 * cluster size: 4
  (4,snamenode.ai.test.com,54321)
  (2,datanode.ai.test.com,54321)
ModelMetricsBinomial: gbm
** Reported on test data. **
AUC: 0.7664778830192365
Confusion Matrix (Act/Pred) for max f1 @ threshold = 0.15008007535113316: 
-----  ---  ---  -------  -------------
0      119  90   0.4306   (90.0/209.0)
max f2                       0.103365     0.750853  193
max f0point5                 0.468764     0.606936  61
max precision                0.971785     1         0
max recall                   0.0330593    1         273
max absolute_mcc             0.468764     0.386538  61
max min_per_class_accuracy   0.241105     0.679426  133
    2        0.0228013                   0.842847           1.04422   2.23761            0.333333         0.714286                    0.0102041       0.0510204                  4.42177   123.761
    4        0.0423453                   0.79491            2.08844   2.40973            0.666667         0.769231                    0.0204082       0.102041                   108.844   140.973
    6        0.100977                    0.669158           1.67075   2.02107            0.533333         0.645161                    0.0816327       0.204082                   67.0748   102.107
    9        0.299674                    0.349511           1.14864   1.80468            0.366667         0.576087                    0.112245        0.540816                   14.8639   80.4681


Hyperparameters: [learn_rate, max_depth, stopping_metric]
features   row['id'],row['checking'],row['duration'],row['history'],row['amount'],row['savings'],row['employed'],row['installp'],row['marital'],row['coapp'],row['resident'],row['property'],row['age'],row['other'],row['housing'],row['existcr'],row['job'],row['depends'],row['telephon'],row['foreign']
[Stage 519:===================================>                   (32 + 3) / 50]
------ 共线度集合 列集合 计算完毕----------
程序运行完毕花费时间：  0.7632650971412659
SELECT fields FROM gai_module_data WHERE work_id = 1764 and module_name like "3293cd38-f754-4306-98ef-ed4d3dc7675c"
第一次存储================
SELECT rows FROM gai_component_rows WHERE work_id = 1764 and node_id = "905610e2-ce65-446a-b583-601052bc70c0" and output = "null"
[Stage 534:===============================>                       (29 + 3) / 50]
2019-01-16 18:07:47,273 - tornado.application - INFO - #################  send msg to client successfully,the msg is as follow:  #################
2019-01-16 18:07:47,273 - tornado.application - INFO - IDLE
usegai_spark_application_0
##########################client request parameter in sparkworker    {'msgId': 'cea4b181-75e5-4d81-9e67-5afa96596c89', 'data': {'class_name': 'FeatureFilter', 'param': {'colinear_features': 1, 'pre_node_id': '3293cd38-f754-4306-98ef-ed4d3dc7675c', 'zero_importance_features': 1, 'missingvalue_features_value': '0.6', 'missingvalue_features': 1, 'output_show_result': '/liyiwen/5/1764/c082ccf1-f486-441e-8363-38236f0cb4aa/feature_filter/output_show_result', 'low_importance_features_value': '0.9', 'val_features': 1, 'froce_features': [], 'workId': 1764, 'id_features': 1, 'y_col': 'GEO_Y', 'output': '/liyiwen/5/1764/c082ccf1-f486-441e-8363-38236f0cb4aa/feature_filter/output', 'input': '/liyiwen/5/1764/3293cd38-f754-4306-98ef-ed4d3dc7675c/add_feature_column', 'low_importance_features': 1, 'colinear_features_value': '0.9', 'small_batch': 1, 'force_enter': '', 'nodeId': 'c082ccf1-f486-441e-8363-38236f0cb4aa'}, 'user_name': '5', 'node_id': 'c082ccf1-f486-441e-8363-38236f0cb4aa'}}   ##########################  
delimiter: this key is error
[Stage 542:=======================================>               (36 + 3) / 50]
[Stage 542:==============================================>        (42 + 3) / 50]
[Stage 546:===================================================>   (47 + 3) / 50]
                                                                                
Connecting to H2O server at http://10.111.32.205:54321... successful.
--------------------------  -------------------------------------------------
H2O cluster timezone:       Asia/Shanghai
H2O cluster name:           sparkling-water-dp_application_1547197277214_0092
H2O cluster total nodes:    4
H2O cluster total cores:    24
 * H2O name: sparkling-water-dp_application_1547197277214_0092
 * cluster size: 4
  (1,snamenode.ai.test.com,54323)
  Open H2O Flow in browser: http://10.111.32.205:54321 (CMD + click in Mac OSX)
gbm Grid Build progress: |████████████████████████████████████████████████| 100%
** Reported on test data. **
Confusion Matrix (Act/Pred) for max f1 @ threshold = 0.15008007535113316: 
max f1                       0.15008      0.607407  171
max accuracy                 0.479978     0.752443  57
max min_per_class_accuracy   0.241105     0.679426  133
--  -------  --------------------------  -----------------  --------  -----------------  ---------------  --------------------------  --------------  -------------------------  --------  -----------------
    1        0.0130293                   0.868868           3.13265   3.13265            1                1                           0.0408163       0.0408163                  213.265   213.265
    4        0.0423453                   0.79491            2.08844   2.40973            0.666667         0.769231                    0.0204082       0.102041                   108.844   140.973
    5        0.0521173                   0.784037           2.08844   2.34949            0.666667         0.75                        0.0204082       0.122449                   108.844   134.949
    10       0.400651                    0.272143           0.707373  1.52812            0.225806         0.487805                    0.0714286       0.612245                   -29.2627  52.8123
    13       0.700326                    0.0840798          0.60632   1.31134            0.193548         0.418605                    0.0612245       0.918367                   -39.368   31.1343
------ 列名结合其重要度 列集合 计算完毕----------
[Stage 564:=====================================>                 (34 + 3) / 50]
                                                                                
SELECT fields FROM gai_module_data WHERE work_id = 1764 and module_name like "3293cd38-f754-4306-98ef-ed4d3dc7675c"
[Stage 579:=========================================>             (38 + 3) / 50]
2019-01-16 18:08:31,144 - tornado.application - INFO - sparkcontext process cost time:41.38286519050598
2019-01-16 18:08:31,318 - tornado.application - INFO - {'msgId': '30be5bbe-2cd4-4cc9-a9aa-23c338442d4e', 'data': {'class_name': 'FeatureBucketizer', 'param': {'is_modification': 0, 'splits': '', 'method': '', 'pre_node_id': 'c082ccf1-f486-441e-8363-38236f0cb4aa', 'custom_fields': [{'parent': 'STRING', 'children': False, 'name': 'purpose', 'checked': True, 'state': '', 'type': 'string'}], 'model_test_input': '', 'switchCustomBase': 1, 'workId': 1764, 'y_col': 'GEO_Y', 'custom_condition': [], 'output': '/liyiwen/5/1764/edf06d16-d9c5-44e0-8fb0-542752c25de5', 'operation_name': 'feature_bucketizer', 'left_open': '', 'input': '/liyiwen/5/1764/c082ccf1-f486-441e-8363-38236f0cb4aa/feature_filter/output', 'number': 10, 'reserve_fields': [{'parent': 'STRING', 'children': False, 'name': 'purpose', 'checked': True, 'state': '', 'type': 'string'}, {'parent': 'STRING', 'children': False, 'name': 'checkingstr', 'checked': True, 'state': '', 'type': 'string'}, {'parent': 'STRING', 'children': False, 'name': 'historystr', 'checked': True, 'state': '', 'type': 'string'}], 'bin_type': 'rate', 'lowest_pro': 10, 'delimiter': ',', 'small_batch': 1, 'nodeId': 'edf06d16-d9c5-44e0-8fb0-542752c25de5', 'EchoCustom_fields': [{'parent': 'STRING', 'children': False, 'name': 'purpose', 'checked': True, 'state': '', 'type': 'string'}]}, 'user_name': '5', 'node_id': 'edf06d16-d9c5-44e0-8fb0-542752c25de5'}}
##########################client request parameter in sparkworker    {'msgId': '30be5bbe-2cd4-4cc9-a9aa-23c338442d4e', 'data': {'class_name': 'FeatureBucketizer', 'param': {'is_modification': 0, 'splits': '', 'method': '', 'pre_node_id': 'c082ccf1-f486-441e-8363-38236f0cb4aa', 'custom_fields': [{'parent': 'STRING', 'children': False, 'name': 'purpose', 'checked': True, 'state': '', 'type': 'string'}], 'model_test_input': '', 'switchCustomBase': 1, 'workId': 1764, 'y_col': 'GEO_Y', 'custom_condition': [], 'output': '/liyiwen/5/1764/edf06d16-d9c5-44e0-8fb0-542752c25de5', 'operation_name': 'feature_bucketizer', 'left_open': '', 'input': '/liyiwen/5/1764/c082ccf1-f486-441e-8363-38236f0cb4aa/feature_filter/output', 'number': 10, 'reserve_fields': [{'parent': 'STRING', 'children': False, 'name': 'purpose', 'checked': True, 'state': '', 'type': 'string'}, {'parent': 'STRING', 'children': False, 'name': 'checkingstr', 'checked': True, 'state': '', 'type': 'string'}, {'parent': 'STRING', 'children': False, 'name': 'historystr', 'checked': True, 'state': '', 'type': 'string'}], 'bin_type': 'rate', 'lowest_pro': 10, 'delimiter': ',', 'small_batch': 1, 'nodeId': 'edf06d16-d9c5-44e0-8fb0-542752c25de5', 'EchoCustom_fields': [{'parent': 'STRING', 'children': False, 'name': 'purpose', 'checked': True, 'state': '', 'type': 'string'}]}, 'user_name': '5', 'node_id': 'edf06d16-d9c5-44e0-8fb0-542752c25de5'}}   ##########################  
SELECT fields FROM gai_module_data WHERE work_id = 1764 and module_name like "c082ccf1-f486-441e-8363-38236f0cb4aa"
custom_box: this key is error
splits: this key is error
2019-01-16 18:08:41,201 - tornado.application - INFO - #################  send msg to client successfully,the msg is as follow:  #################
2019-01-16 18:08:41,201 - tornado.application - INFO - sparkcontext process cost time:9.88292670249939
2019-01-16 18:09:11,175 - tornado.application - INFO - #################  send msg to client successfully,the msg is as follow:  #################
2019-01-16 18:09:51,206 - tornado.application - INFO - {'state': 'heartbeat', 'worker_id': 29691}
2019-01-16 18:10:11,226 - tornado.application - INFO - {'state': 'heartbeat', 'worker_id': 29691}
2019-01-16 18:11:11,279 - tornado.application - INFO - {'state': 'heartbeat', 'worker_id': 29691}
##########################client request parameter in sparkworker    {'msgId': 'fc4d3180-7cad-4f43-b98e-97b75e310dfa', 'data': {'class_name': 'ReadingData', 'param': {'schema': [{'name': 'id', 'type': 'bigint'}, {'name': 'checking', 'type': 'bigint'}, {'name': 'duration', 'type': 'bigint'}, {'name': 'history', 'type': 'bigint'}, {'name': 'purpose', 'type': 'string'}, {'name': 'amount', 'type': 'bigint'}, {'name': 'savings', 'type': 'bigint'}, {'name': 'employed', 'type': 'bigint'}, {'name': 'installp', 'type': 'bigint'}, {'name': 'marital', 'type': 'bigint'}, {'name': 'coapp', 'type': 'bigint'}, {'name': 'resident', 'type': 'bigint'}, {'name': 'property', 'type': 'bigint'}, {'name': 'age', 'type': 'bigint'}, {'name': 'other', 'type': 'bigint'}, {'name': 'housing', 'type': 'bigint'}, {'name': 'existcr', 'type': 'bigint'}, {'name': 'job', 'type': 'bigint'}, {'name': 'depends', 'type': 'bigint'}, {'name': 'telephon', 'type': 'bigint'}, {'name': 'foreign', 'type': 'bigint'}, {'name': 'good_bad', 'type': 'bigint'}, {'name': 'checkingstr', 'type': 'string'}, {'name': 'historystr', 'type': 'string'}], 'pcv': '1', 'switchPcv': 1, 'positive': '1', 'workId': 1761, 'tableName': '23', 'y_col': 'good_bad', 'output': '/liyiwen/5/1761/f414596a-71c4-4706-91b4-a35c9287a037', 'operation_name': 'reading_data', 'input': '/liyiwen/datasource/1921/', 'expireTime': 30, 'delimiter': ',', 'tableId': '1921', 'small_batch': 1, 'nodeId': 'f414596a-71c4-4706-91b4-a35c9287a037', 'yCol': 'good_bad'}, 'user_name': '5', 'node_id': 'f414596a-71c4-4706-91b4-a35c9287a037'}}   ##########################  
	at org.apache.spark.sql.execution.datasources.FileFormatWriter$$anonfun$write$1.apply(FileFormatWriter.scala:196)
	at java.util.concurrent.ThreadPoolExecutor.runWorker(ThreadPoolExecutor.java:1142)
	at java.lang.Thread.run(Thread.java:745)
Caused by: java.lang.IllegalStateException: Error closing the output.
	at org.apache.spark.sql.execution.datasources.csv.UnivocityGenerator.close(UnivocityGenerator.scala:86)
	at org.apache.spark.sql.execution.datasources.csv.CsvOutputWriter.close(CSVFileFormat.scala:155)
	at org.apache.spark.sql.execution.datasources.FileFormatWriter$$anonfun$org$apache$spark$sql$execution$datasources$FileFormatWriter$$executeTask$3.apply(FileFormatWriter.scala:267)
	at org.apache.spark.sql.execution.datasources.FileFormatWriter$.org$apache$spark$sql$execution$datasources$FileFormatWriter$$executeTask(FileFormatWriter.scala:272)
	at org.apache.hadoop.hdfs.protocolPB.ClientNamenodeProtocolServerSideTranslatorPB.addBlock(ClientNamenodeProtocolServerSideTranslatorPB.java:504)
	at org.apache.hadoop.ipc.Client.getRpcResponse(Client.java:1554)
	at sun.reflect.GeneratedMethodAccessor50.invoke(Unknown Source)
	at sun.reflect.DelegatingMethodAccessorImpl.invoke(DelegatingMethodAccessorImpl.java:43)
	at org.apache.hadoop.io.retry.RetryInvocationHandler.invokeMethod(RetryInvocationHandler.java:290)
	at org.apache.hadoop.io.retry.RetryInvocationHandler.invoke(RetryInvocationHandler.java:202)
work_id = 1761 and module_name like "f414596a-71c4-4706-91b4-a35c9287a037"
SELECT rows FROM gai_component_rows WHERE work_id = 1761 and node_id = "f414596a-71c4-4706-91b4-a35c9287a037" and output = "null"
2019-01-16 18:11:24,255 - tornado.application - INFO - sparkcontext process cost time:1.148677110671997
usegai_spark_application_0
2019-01-16 18:11:24,416 - tornado.application - INFO - {'user_name': '5', 'id': 'dfb39eb8-868e-4faa-aff9-7d10171d4799', 'method': 'FeatureFilter', 'state': 'busy', 'worker_id': 29691}
2019-01-16 18:11:24,416 - tornado.application - INFO - ##############  Test Sparksession state  ##############
SELECT fields FROM gai_module_data WHERE work_id = 1761 and module_name like "f414596a-71c4-4706-91b4-a35c9287a037"
                                                                                
------ missing_value 列集合 计算完毕----------
H2O cluster total nodes:    4
H2O connection url:         http://10.111.32.205:54321
H2O connection proxy:
H2O API Extensions:         XGBoost, Algos, AutoML, Core V3, Core V4
Python version:             3.6.4 final
--------------------------  -------------------------------------------------
  (2,datanode.ai.test.com,54321)
  Open H2O Flow in browser: http://10.111.32.205:54321 (CMD + click in Mac OSX)
 * Yarn App ID of Spark application: application_1547197277214_0092
gbm Grid Build progress: |████████████████████████████████████████████████| 100%

RMSE: 0.23672126530971654
AUC: 0.9586894586894587
Gini: 0.9173789173789173
Confusion Matrix (Act/Pred) for max f1 @ threshold = 0.534502765794471: 
-----  ---  ---  -------  ------------
0      413  16   0.0373   (16.0/429.0)
Total  435  174  0.0624   (38.0/609.0)

---------------------------  -----------  --------  -----
Gains/Lift Table: Avg response rate: 29.56 %

    group    cumulative_data_fraction    lower_threshold    lift      cumulative_lift    response_rate    cumulative_response_rate    capture_rate    cumulative_capture_rate    gain      cumulative_gain
    1        0.0114943                   0.978821           3.38333   3.38333            1                1                           0.0388889       0.0388889                  238.333   238.333
    4        0.0410509                   0.955439           3.38333   3.38333            1                1                           0.0333333       0.138889                   238.333   238.333
    6        0.101806                    0.92789            3.38333   3.38333            1                1                           0.172222        0.344444                   238.333   238.333
    9        0.302135                    0.393561           2.51022   2.94203            0.741935         0.869565                    0.255556        0.888889                   151.022   194.203
    11       0.500821                    0.060651           0.225556  1.93016            0.0666667        0.570492                    0.0222222       0.966667                   -77.4444  93.0164
    14       0.799672                    0.0144709          0         1.22272            0                0.361396                    0               0.977778                   -100      22.2724

================= 最优参数组合 =================  {'learn_rate': 0.06, 'max_depth': 9, 'stopping_metric': 'logloss'}
features   row['id'],row['checking'],row['duration'],row['history'],row['amount'],row['savings'],row['employed'],row['installp'],row['marital'],row['coapp'],row['resident'],row['property'],row['age'],row['other'],row['housing'],row['existcr'],row['job'],row['depends'],row['telephon'],row['foreign']
[Stage 704:======================================>                (35 + 8) / 50]
[Stage 707:================================================>      (44 + 3) / 50]
2019-01-16 18:12:00,925 - tornado.application - INFO - {'user_name': '5', 'id': 'dfb39eb8-868e-4faa-aff9-7d10171d4799', 'method': 'FeatureFilter', 'state': 'done', 'worker_id': 29691}
2019-01-16 18:13:00,984 - tornado.application - INFO - #################  send msg to client successfully,the msg is as follow:  #################
2019-01-16 18:13:21,003 - tornado.application - INFO - #################  send msg to client successfully,the msg is as follow:  #################
2019-01-16 18:13:23,146 - tornado.application - INFO - receive message
2019-01-16 18:13:23,146 - tornado.application - INFO - {'msgId': 'c5644a79-0e8f-416e-86ab-69637a0d8593', 'data': {'class_name': 'ReadingData', 'param': {'schema': [{'name': 'id', 'type': 'bigint'}, {'name': 'checking', 'type': 'bigint'}, {'name': 'duration', 'type': 'bigint'}, {'name': 'history', 'type': 'bigint'}, {'name': 'purpose', 'type': 'string'}, {'name': 'amount', 'type': 'bigint'}, {'name': 'savings', 'type': 'bigint'}, {'name': 'employed', 'type': 'bigint'}, {'name': 'installp', 'type': 'bigint'}, {'name': 'marital', 'type': 'bigint'}, {'name': 'coapp', 'type': 'bigint'}, {'name': 'resident', 'type': 'bigint'}, {'name': 'property', 'type': 'bigint'}, {'name': 'age', 'type': 'bigint'}, {'name': 'other', 'type': 'bigint'}, {'name': 'housing', 'type': 'bigint'}, {'name': 'existcr', 'type': 'bigint'}, {'name': 'job', 'type': 'bigint'}, {'name': 'depends', 'type': 'bigint'}, {'name': 'telephon', 'type': 'bigint'}, {'name': 'foreign', 'type': 'bigint'}, {'name': 'good_bad', 'type': 'bigint'}, {'name': 'checkingstr', 'type': 'string'}, {'name': 'historystr', 'type': 'string'}], 'pcv': '1', 'switchPcv': 1, 'positive': '1', 'workId': 1755, 'tableName': '23', 'y_col': 'good_bad', 'output': '/liyiwen/5/1755/845cfc7e-52b8-45e2-bd4c-50494e7c2c00', 'operation_name': 'reading_data', 'input': '/liyiwen/datasource/1921/', 'expireTime': 30, 'delimiter': ',', 'tableId': '1921', 'small_batch': 1, 'nodeId': '845cfc7e-52b8-45e2-bd4c-50494e7c2c00', 'yCol': 'good_bad'}, 'user_name': '5', 'node_id': '845cfc7e-52b8-45e2-bd4c-50494e7c2c00'}}
##########################client request parameter in sparkworker    {'msgId': 'c5644a79-0e8f-416e-86ab-69637a0d8593', 'data': {'class_name': 'ReadingData', 'param': {'schema': [{'name': 'id', 'type': 'bigint'}, {'name': 'checking', 'type': 'bigint'}, {'name': 'duration', 'type': 'bigint'}, {'name': 'history', 'type': 'bigint'}, {'name': 'purpose', 'type': 'string'}, {'name': 'amount', 'type': 'bigint'}, {'name': 'savings', 'type': 'bigint'}, {'name': 'employed', 'type': 'bigint'}, {'name': 'installp', 'type': 'bigint'}, {'name': 'marital', 'type': 'bigint'}, {'name': 'coapp', 'type': 'bigint'}, {'name': 'resident', 'type': 'bigint'}, {'name': 'property', 'type': 'bigint'}, {'name': 'age', 'type': 'bigint'}, {'name': 'other', 'type': 'bigint'}, {'name': 'housing', 'type': 'bigint'}, {'name': 'existcr', 'type': 'bigint'}, {'name': 'job', 'type': 'bigint'}, {'name': 'depends', 'type': 'bigint'}, {'name': 'telephon', 'type': 'bigint'}, {'name': 'foreign', 'type': 'bigint'}, {'name': 'good_bad', 'type': 'bigint'}, {'name': 'checkingstr', 'type': 'string'}, {'name': 'historystr', 'type': 'string'}], 'pcv': '1', 'switchPcv': 1, 'positive': '1', 'workId': 1755, 'tableName': '23', 'y_col': 'good_bad', 'output': '/liyiwen/5/1755/845cfc7e-52b8-45e2-bd4c-50494e7c2c00', 'operation_name': 'reading_data', 'input': '/liyiwen/datasource/1921/', 'expireTime': 30, 'delimiter': ',', 'tableId': '1921', 'small_batch': 1, 'nodeId': '845cfc7e-52b8-45e2-bd4c-50494e7c2c00', 'yCol': 'good_bad'}, 'user_name': '5', 'node_id': '845cfc7e-52b8-45e2-bd4c-50494e7c2c00'}}   ##########################  
2019-01-16 18:13:23,147 - tornado.application - INFO - {'user_name': '5', 'id': '845cfc7e-52b8-45e2-bd4c-50494e7c2c00', 'method': 'ReadingData', 'state': 'busy', 'worker_id': 29691}
19/01/16 18:13:23 WARN TaskSetManager: Lost task 0.0 in stage 722.0 (TID 4912, snamenode.ai.test.com, executor 4): org.apache.spark.SparkException: Task failed while writing rows.
	at org.apache.spark.sql.execution.datasources.FileFormatWriter$$anonfun$write$1.apply(FileFormatWriter.scala:197)
	at org.apache.spark.sql.execution.datasources.FileFormatWriter$$anonfun$write$1.apply(FileFormatWriter.scala:196)
	at org.apache.spark.scheduler.Task.run(Task.scala:109)
	at java.util.concurrent.ThreadPoolExecutor$Worker.run(ThreadPoolExecutor.java:617)
	at java.lang.Thread.run(Thread.java:745)
	at org.apache.spark.sql.execution.datasources.csv.UnivocityGenerator.close(UnivocityGenerator.scala:86)
	at org.apache.spark.sql.execution.datasources.csv.CsvOutputWriter.close(CSVFileFormat.scala:155)
	at org.apache.spark.sql.execution.datasources.FileFormatWriter$$anonfun$org$apache$spark$sql$execution$datasources$FileFormatWriter$$executeTask$3.apply(FileFormatWriter.scala:269)
	at org.apache.spark.util.Utils$.tryWithSafeFinallyAndFailureCallbacks(Utils.scala:1411)
	at org.apache.spark.sql.execution.datasources.FileFormatWriter$.org$apache$spark$sql$execution$datasources$FileFormatWriter$$executeTask(FileFormatWriter.scala:272)
	at org.apache.hadoop.hdfs.server.namenode.FSNamesystem.checkLease(FSNamesystem.java:3697)
	at javax.security.auth.Subject.doAs(Subject.java:422)
	at org.apache.hadoop.security.UserGroupInformation.doAs(UserGroupInformation.java:1869)
	at org.apache.hadoop.ipc.Client.call(Client.java:1398)
	at org.apache.hadoop.io.retry.RetryInvocationHandler.invoke(RetryInvocationHandler.java:184)
	at com.sun.proxy.$Proxy14.addBlock(Unknown Source)
	at org.apache.hadoop.hdfs.DFSOutputStream$DataStreamer.run(DFSOutputStream.java:564)
{'rows': 1000, 'columns': 24, 'output': 'null'}
##########################client request parameter in sparkworker    {'msgId': '80470f64-3077-4997-8450-81faef866784', 'data': {'class_name': 'DataCodeProcess', 'param': {'output': '/liyiwen/5/1755/56fb7ec0-04f8-4235-91ec-7e9c0fcb4564', 'operation_name': 'data_code_processing', 'input': '/liyiwen/5/1755/845cfc7e-52b8-45e2-bd4c-50494e7c2c00/add_feature_column', 'pre_node_id': '845cfc7e-52b8-45e2-bd4c-50494e7c2c00', 'delimiter': ',', 'fields_params': [{'threshold': 3, 'fields': [{'parent': 'BIGINT', 'children': False, 'name': 'id', 'checked': True, 'state': '', 'type': 'bigint'}, {'parent': 'BIGINT', 'children': False, 'name': 'duration', 'checked': True, 'state': '', 'type': 'bigint'}, {'parent': 'BIGINT', 'children': False, 'name': 'history', 'checked': True, 'state': '', 'type': 'bigint'}], 'code_type': 'Binarizer'}], 'small_batch': 1, 'nodeId': '56fb7ec0-04f8-4235-91ec-7e9c0fcb4564', 'workId': 1755, 'y_col': 'GEO_Y'}, 'user_name': '5', 'node_id': '56fb7ec0-04f8-4235-91ec-7e9c0fcb4564'}}   ##########################  
final_binarizer_encoder_df join end
{'rows': 2000, 'columns': 27, 'output': 'null'}
2019-01-16 18:13:26,431 - tornado.application - INFO - ---job process done---
2019-01-16 18:13:26,431 - tornado.application - INFO - #################  send msg to client successfully,the msg is as follow:  #################
2019-01-16 18:13:26,431 - tornado.application - INFO - {'user_name': '5', 'id': '56fb7ec0-04f8-4235-91ec-7e9c0fcb4564', 'method': 'DataCodeProcess', 'state': 'done', 'worker_id': 29691}
2019-01-16 18:13:29,968 - tornado.application - INFO - {'msgId': '3ef85871-38d2-49df-bc15-37138a32f31c', 'data': {'class_name': 'DataCleanFilter', 'param': {'output': '/liyiwen/5/1755/08abd471-666d-4f8f-8243-819503e2cc5e', 'operation_name': 'data_cleaning_filter', 'input': '/liyiwen/5/1755/845cfc7e-52b8-45e2-bd4c-50494e7c2c00/add_feature_column', 'pre_node_id': '845cfc7e-52b8-45e2-bd4c-50494e7c2c00', 'delimiter': ',', 'clear_fields': [{'parent': 'STRING', 'children': False, 'name': 'checkingstr', 'checked': True, 'state': '', 'type': 'string'}, {'parent': 'STRING', 'children': False, 'name': 'historystr', 'checked': True, 'state': '', 'type': 'string'}, {'parent': 'BIGINT', 'children': False, 'name': 'id', 'checked': True, 'state': '', 'type': 'bigint'}, {'parent': 'BIGINT', 'children': False, 'name': 'duration', 'checked': True, 'state': '', 'type': 'bigint'}, {'parent': 'BIGINT', 'children': False, 'name': 'history', 'checked': True, 'state': '', 'type': 'bigint'}, {'parent': 'BIGINT', 'children': False, 'name': 'amount', 'checked': True, 'state': '', 'type': 'bigint'}, {'parent': 'BIGINT', 'children': False, 'name': 'employed', 'checked': True, 'state': '', 'type': 'bigint'}, {'parent': 'BIGINT', 'children': False, 'name': 'installp', 'checked': True, 'state': '', 'type': 'bigint'}, {'parent': 'BIGINT', 'children': False, 'name': 'marital', 'checked': True, 'state': '', 'type': 'bigint'}, {'parent': 'BIGINT', 'children': False, 'name': 'coapp', 'checked': True, 'state': '', 'type': 'bigint'}, {'parent': 'BIGINT', 'children': False, 'name': 'resident', 'checked': True, 'state': '', 'type': 'bigint'}, {'parent': 'BIGINT', 'children': False, 'name': 'property', 'checked': True, 'state': '', 'type': 'bigint'}, {'parent': 'BIGINT', 'children': False, 'name': 'age', 'checked': True, 'state': '', 'type': 'bigint'}, {'parent': 'BIGINT', 'children': False, 'name': 'other', 'checked': True, 'state': '', 'type': 'bigint'}, {'parent': 'BIGINT', 'children': False, 'name': 'housing', 'checked': True, 'state': '', 'type': 'bigint'}, {'parent': 'BIGINT', 'children': False, 'name': 'existcr', 'checked': True, 'state': '', 'type': 'bigint'}, {'parent': 'BIGINT', 'children': False, 'name': 'job', 'checked': True, 'state': '', 'type': 'bigint'}, {'parent': 'BIGINT', 'children': False, 'name': 'depends', 'checked': True, 'state': '', 'type': 'bigint'}, {'parent': 'BIGINT', 'children': False, 'name': 'telephon', 'checked': True, 'state': '', 'type': 'bigint'}, {'parent': 'BIGINT', 'children': False, 'name': 'foreign', 'checked': True, 'state': '', 'type': 'bigint'}], 'small_batch': 1, 'filter_conditions': [], 'nodeId': '08abd471-666d-4f8f-8243-819503e2cc5e', 'workId': 1755, 'filter_fields': [], 'y_col': 'GEO_Y'}, 'user_name': '5', 'node_id': '08abd471-666d-4f8f-8243-819503e2cc5e'}}
SELECT rows FROM gai_component_rows WHERE work_id = 1755 and node_id = "08abd471-666d-4f8f-8243-819503e2cc5e" and output = "null"
2019-01-16 18:13:35,536 - tornado.application - INFO - #################  send msg to client successfully,the msg is as follow:  #################
2019-01-16 18:13:35,536 - tornado.application - INFO - ##############  Test Sparksession state  ##############
work_id = 1755 and module_name like "5dbdaf96-bcc7-40d0-86cc-b523f20d1f2a"
2019-01-16 18:13:38,800 - tornado.application - INFO - #################  send msg to client successfully,the msg is as follow:  #################
2019-01-16 18:13:38,800 - tornado.application - INFO - {'user_name': '5', 'id': '5dbdaf96-bcc7-40d0-86cc-b523f20d1f2a', 'method': 'DataCodeProcess', 'state': 'done', 'worker_id': 29691}
2019-01-16 18:13:38,800 - tornado.application - INFO - IDLE
2019-01-16 18:14:21,043 - tornado.application - INFO - #################  send msg to client successfully,the msg is as follow:  #################
2019-01-16 18:16:21,155 - tornado.application - INFO - #################  send msg to client successfully,the msg is as follow:  #################
2019-01-16 18:17:41,231 - tornado.application - INFO - #################  send msg to client successfully,the msg is as follow:  #################
2019-01-16 18:18:01,251 - tornado.application - INFO - {'state': 'heartbeat', 'worker_id': 29691}
2019-01-16 18:18:21,271 - tornado.application - INFO - {'state': 'heartbeat', 'worker_id': 29691}
2019-01-16 18:19:41,335 - tornado.application - INFO - {'state': 'heartbeat', 'worker_id': 29691}
2019-01-16 18:20:41,388 - tornado.application - INFO - #################  send msg to client successfully,the msg is as follow:  #################
2019-01-16 18:20:41,388 - tornado.application - INFO - {'state': 'heartbeat', 'worker_id': 29691}
2019-01-16 18:23:01,484 - tornado.application - INFO - #################  send msg to client successfully,the msg is as follow:  #################
2019-01-16 18:23:01,485 - tornado.application - INFO - {'state': 'heartbeat', 'worker_id': 29691}
2019-01-16 18:23:41,521 - tornado.application - INFO - #################  send msg to client successfully,the msg is as follow:  #################
2019-01-16 18:25:01,587 - tornado.application - INFO - {'state': 'heartbeat', 'worker_id': 29691}
2019-01-16 18:25:21,602 - tornado.application - INFO - #################  send msg to client successfully,the msg is as follow:  #################
2019-01-16 18:25:21,602 - tornado.application - INFO - {'state': 'heartbeat', 'worker_id': 29691}
2019-01-16 18:26:41,637 - tornado.application - INFO - #################  send msg to client successfully,the msg is as follow:  #################
2019-01-16 18:28:01,703 - tornado.application - INFO - {'state': 'heartbeat', 'worker_id': 29691}
2019-01-16 18:28:21,723 - tornado.application - INFO - #################  send msg to client successfully,the msg is as follow:  #################
2019-01-16 18:31:01,839 - tornado.application - INFO - #################  send msg to client successfully,the msg is as follow:  #################
2019-01-16 18:32:21,905 - tornado.application - INFO - #################  send msg to client successfully,the msg is as follow:  #################
2019-01-16 18:32:21,905 - tornado.application - INFO - {'state': 'heartbeat', 'worker_id': 29691}
2019-01-16 18:32:41,912 - tornado.application - INFO - #################  send msg to client successfully,the msg is as follow:  #################
2019-01-16 18:32:41,912 - tornado.application - INFO - {'state': 'heartbeat', 'worker_id': 29691}
2019-01-16 18:33:21,924 - tornado.application - INFO - #################  send msg to client successfully,the msg is as follow:  #################
2019-01-16 18:33:41,943 - tornado.application - INFO - #################  send msg to client successfully,the msg is as follow:  #################
2019-01-16 18:33:41,944 - tornado.application - INFO - {'state': 'heartbeat', 'worker_id': 29691}
2019-01-16 18:34:21,980 - tornado.application - INFO - #################  send msg to client successfully,the msg is as follow:  #################
2019-01-16 18:34:41,995 - tornado.application - INFO - {'state': 'heartbeat', 'worker_id': 29691}
2019-01-16 18:35:02,014 - tornado.application - INFO - #################  send msg to client successfully,the msg is as follow:  #################
2019-01-16 18:35:02,015 - tornado.application - INFO - {'state': 'heartbeat', 'worker_id': 29691}
2019-01-16 18:35:42,050 - tornado.application - INFO - #################  send msg to client successfully,the msg is as follow:  #################
2019-01-16 18:36:02,070 - tornado.application - INFO - #################  send msg to client successfully,the msg is as follow:  #################
2019-01-16 18:36:02,071 - tornado.application - INFO - {'state': 'heartbeat', 'worker_id': 29691}
2019-01-16 18:36:22,087 - tornado.application - INFO - #################  send msg to client successfully,the msg is as follow:  #################
2019-01-16 18:36:22,087 - tornado.application - INFO - {'state': 'heartbeat', 'worker_id': 29691}
2019-01-16 18:37:42,164 - tornado.application - INFO - #################  send msg to client successfully,the msg is as follow:  #################
2019-01-16 18:38:22,202 - tornado.application - INFO - #################  send msg to client successfully,the msg is as follow:  #################
2019-01-16 18:39:02,235 - tornado.application - INFO - #################  send msg to client successfully,the msg is as follow:  #################
2019-01-16 18:41:02,348 - tornado.application - INFO - #################  send msg to client successfully,the msg is as follow:  #################
2019-01-16 18:41:22,364 - tornado.application - INFO - #################  send msg to client successfully,the msg is as follow:  #################
2019-01-16 18:41:22,364 - tornado.application - INFO - {'state': 'heartbeat', 'worker_id': 29691}
2019-01-16 18:44:22,512 - tornado.application - INFO - {'state': 'heartbeat', 'worker_id': 29691}
2019-01-16 18:44:42,529 - tornado.application - INFO - {'state': 'heartbeat', 'worker_id': 29691}
2019-01-16 18:45:22,557 - tornado.application - INFO - #################  send msg to client successfully,the msg is as follow:  #################
2019-01-16 18:46:02,590 - tornado.application - INFO - #################  send msg to client successfully,the msg is as follow:  #################
2019-01-16 18:46:42,631 - tornado.application - INFO - #################  send msg to client successfully,the msg is as follow:  #################
2019-01-16 18:47:02,651 - tornado.application - INFO - #################  send msg to client successfully,the msg is as follow:  #################
2019-01-16 18:47:42,680 - tornado.application - INFO - #################  send msg to client successfully,the msg is as follow:  #################
2019-01-16 18:48:02,699 - tornado.application - INFO - #################  send msg to client successfully,the msg is as follow:  #################
2019-01-16 18:48:22,717 - tornado.application - INFO - #################  send msg to client successfully,the msg is as follow:  #################
2019-01-16 18:48:22,718 - tornado.application - INFO - {'state': 'heartbeat', 'worker_id': 29691}
2019-01-16 18:48:42,737 - tornado.application - INFO - {'state': 'heartbeat', 'worker_id': 29691}
2019-01-16 18:49:02,757 - tornado.application - INFO - {'state': 'heartbeat', 'worker_id': 29691}
2019-01-16 18:51:02,864 - tornado.application - INFO - {'state': 'heartbeat', 'worker_id': 29691}
2019-01-16 18:51:22,884 - tornado.application - INFO - #################  send msg to client successfully,the msg is as follow:  #################
2019-01-16 18:52:22,931 - tornado.application - INFO - #################  send msg to client successfully,the msg is as follow:  #################
2019-01-16 18:52:42,938 - tornado.application - INFO - #################  send msg to client successfully,the msg is as follow:  #################
---busy--- {'user_name': '12', 'id': 'fd719237-acd8-4d72-8388-d822c0d5dab0', 'method': 'ReadingData', 'state': 'busy', 'worker_id': 29691}
2019-01-16 18:53:31,601 - tornado.application - INFO - ##############  Test Sparksession state  ##############
[Stage 781:==========>                                            (3 + 12) / 16]
[Stage 781:============================>                           (8 + 8) / 16]
[Stage 781:=========================================>             (12 + 4) / 16]
[Stage 781:===================================================>   (15 + 1) / 16]
                                                                                
2019-01-16 18:53:43,566 - tornado.application - INFO - {'user_name': '12', 'id': 'fd719237-acd8-4d72-8388-d822c0d5dab0', 'method': 'ReadingData', 'state': 'done', 'worker_id': 29691, 'result': 'bad_84'}
2019-01-16 18:53:43,918 - tornado.application - INFO - #################  send msg to client successfully,the msg is as follow:  #################
2019-01-16 18:53:43,919 - tornado.application - ERROR - Error sending error message: Traceback (most recent call last):
    module = importlib.import_module(import_module, BASE_DIR)
  File "<frozen importlib._bootstrap>", line 994, in _gcd_import
  File "<frozen importlib._bootstrap>", line 971, in _find_and_load
  File "<frozen importlib._bootstrap>", line 955, in _find_and_load_unlocked

2019-01-16 18:53:43,920 - tornado.application - INFO - IDLE
2019-01-16 18:55:03,632 - tornado.application - INFO - #################  send msg to client successfully,the msg is as follow:  #################
2019-01-16 18:55:03,632 - tornado.application - INFO - {'state': 'heartbeat', 'worker_id': 29691}
2019-01-16 18:55:23,651 - tornado.application - INFO - #################  send msg to client successfully,the msg is as follow:  #################
2019-01-16 18:56:23,708 - tornado.application - INFO - {'state': 'heartbeat', 'worker_id': 29691}
2019-01-16 18:57:03,724 - tornado.application - INFO - #################  send msg to client successfully,the msg is as follow:  #################
2019-01-16 18:57:23,742 - tornado.application - INFO - #################  send msg to client successfully,the msg is as follow:  #################
2019-01-16 18:58:23,796 - tornado.application - INFO - {'state': 'heartbeat', 'worker_id': 29691}
2019-01-16 18:59:03,826 - tornado.application - INFO - {'state': 'heartbeat', 'worker_id': 29691}
2019-01-16 18:59:43,845 - tornado.application - INFO - {'state': 'heartbeat', 'worker_id': 29691}
2019-01-16 19:00:03,862 - tornado.application - INFO - {'state': 'heartbeat', 'worker_id': 29691}
2019-01-16 19:00:23,882 - tornado.application - INFO - {'state': 'heartbeat', 'worker_id': 29691}
2019-01-16 19:00:43,903 - tornado.application - INFO - #################  send msg to client successfully,the msg is as follow:  #################
2019-01-16 19:03:24,034 - tornado.application - INFO - #################  send msg to client successfully,the msg is as follow:  #################
2019-01-16 19:03:44,047 - tornado.application - INFO - {'state': 'heartbeat', 'worker_id': 29691}
2019-01-16 19:04:44,094 - tornado.application - INFO - #################  send msg to client successfully,the msg is as follow:  #################
2019-01-16 19:04:44,094 - tornado.application - INFO - {'state': 'heartbeat', 'worker_id': 29691}
2019-01-16 19:06:24,184 - tornado.application - INFO - #################  send msg to client successfully,the msg is as follow:  #################
2019-01-16 19:07:24,233 - tornado.application - INFO - #################  send msg to client successfully,the msg is as follow:  #################
2019-01-16 19:07:44,248 - tornado.application - INFO - {'state': 'heartbeat', 'worker_id': 29691}
2019-01-16 19:08:24,289 - tornado.application - INFO - #################  send msg to client successfully,the msg is as follow:  #################
2019-01-16 19:08:44,308 - tornado.application - INFO - {'state': 'heartbeat', 'worker_id': 29691}
2019-01-16 19:09:04,322 - tornado.application - INFO - #################  send msg to client successfully,the msg is as follow:  #################
2019-01-16 19:10:24,396 - tornado.application - INFO - #################  send msg to client successfully,the msg is as follow:  #################
2019-01-16 19:10:44,411 - tornado.application - INFO - {'state': 'heartbeat', 'worker_id': 29691}
2019-01-16 19:11:04,426 - tornado.application - INFO - {'state': 'heartbeat', 'worker_id': 29691}
##########################client request parameter in sparkworker    {'msgId': '6670b7d8-8e1a-4d58-9dbb-1c1faea364a4', 'data': {'class_name': 'ReadingData', 'param': {'schema': [{'name': 'yl0', 'type': 'timestamp'}, {'name': 'yl1', 'type': 'bigint'}, {'name': 'yl2', 'type': 'bigint'}, {'name': 'yl3', 'type': 'string'}, {'name': 'yl4', 'type': 'string'}, {'name': 'yl5', 'type': 'bigint'}, {'name': 'yl6', 'type': 'string'}, {'name': 'yl7', 'type': 'string'}, {'name': 'yl8', 'type': 'string'}, {'name': 'yl9', 'type': 'string'}, {'name': 'yl10', 'type': 'bigint'}, {'name': 'yl11', 'type': 'bigint'}, {'name': 'yl12', 'type': 'bigint'}, {'name': 'yl13', 'type': 'bigint'}, {'name': 'yl14', 'type': 'bigint'}, {'name': 'yl15', 'type': 'bigint'}, {'name': 'yl16', 'type': 'bigint'}, {'name': 'yl17', 'type': 'bigint'}, {'name': 'yl18', 'type': 'bigint'}, {'name': 'yl19', 'type': 'bigint'}, {'name': 'yl20', 'type': 'bigint'}, {'name': 'yl21', 'type': 'bigint'}, {'name': 'yl22', 'type': 'bigint'}, {'name': 'yl23', 'type': 'double'}, {'name': 'yl24', 'type': 'double'}, {'name': 'yl25', 'type': 'double'}, {'name': 'yl26', 'type': 'double'}, {'name': 'yl27', 'type': 'double'}, {'name': 'yl28', 'type': 'double'}, {'name': 'yl29', 'type': 'double'}, {'name': 'yl30', 'type': 'double'}, {'name': 'yl31', 'type': 'double'}, {'name': 'yl32', 'type': 'double'}, {'name': 'yl33', 'type': 'double'}, {'name': 'yl34', 'type': 'double'}, {'name': 'yl35', 'type': 'double'}, {'name': 'yl36', 'type': 'double'}, {'name': 'yl37', 'type': 'double'}, {'name': 'yl38', 'type': 'bigint'}, {'name': 'yl39', 'type': 'bigint'}, {'name': 'yl40', 'type': 'bigint'}, {'name': 'yl41', 'type': 'bigint'}, {'name': 'yl42', 'type': 'bigint'}, {'name': 'yl43', 'type': 'bigint'}, {'name': 'yl44', 'type': 'bigint'}, {'name': 'yl45', 'type': 'bigint'}, {'name': 'yl46', 'type': 'bigint'}, {'name': 'yl47', 'type': 'bigint'}, {'name': 'yl48', 'type': 'bigint'}, {'name': 'yl49', 'type': 'bigint'}, {'name': 'yl50', 'type': 'bigint'}, {'name': 'yl51', 'type': 'bigint'}, {'name': 'yl52', 'type': 'bigint'}, {'name': 'yl53', 'type': 'double'}, {'name': 'yl54', 'type': 'double'}, {'name': 'yl55', 'type': 'double'}, {'name': 'yl56', 'type': 'double'}, {'name': 'yl57', 'type': 'double'}, {'name': 'yl58', 'type': 'double'}, {'name': 'yl59', 'type': 'double'}, {'name': 'yl60', 'type': 'double'}, {'name': 'yl61', 'type': 'double'}, {'name': 'yl62', 'type': 'double'}, {'name': 'yl63', 'type': 'double'}, {'name': 'yl64', 'type': 'double'}, {'name': 'yl65', 'type': 'double'}, {'name': 'yl66', 'type': 'double'}, {'name': 'yl67', 'type': 'bigint'}, {'name': 'yl68', 'type': 'bigint'}, {'name': 'yl69', 'type': 'bigint'}, {'name': 'yl70', 'type': 'bigint'}, {'name': 'yl71', 'type': 'bigint'}, {'name': 'yl72', 'type': 'bigint'}, {'name': 'yl73', 'type': 'bigint'}, {'name': 'yl74', 'type': 'bigint'}, {'name': 'yl75', 'type': 'bigint'}, {'name': 'yl76', 'type': 'bigint'}, {'name': 'yl77', 'type': 'bigint'}, {'name': 'yl78', 'type': 'bigint'}, {'name': 'yl79', 'type': 'bigint'}, {'name': 'yl80', 'type': 'bigint'}, {'name': 'yl81', 'type': 'double'}, {'name': 'yl82', 'type': 'double'}, {'name': 'yl83', 'type': 'double'}, {'name': 'yl84', 'type': 'double'}, {'name': 'yl85', 'type': 'double'}, {'name': 'yl86', 'type': 'double'}, {'name': 'yl87', 'type': 'double'}, {'name': 'yl88', 'type': 'double'}, {'name': 'yl89', 'type': 'double'}, {'name': 'yl90', 'type': 'double'}, {'name': 'yl91', 'type': 'double'}, {'name': 'yl92', 'type': 'double'}, {'name': 'yl93', 'type': 'double'}, {'name': 'yl94', 'type': 'double'}, {'name': 'yl95', 'type': 'double'}, {'name': 'yl96', 'type': 'double'}, {'name': 'yl97', 'type': 'double'}, {'name': 'yl98', 'type': 'double'}, {'name': 'yl99', 'type': 'double'}, {'name': 'yl100', 'type': 'double'}, {'name': 'yl101', 'type': 'double'}, {'name': 'yl102', 'type': 'double'}, {'name': 'yl103', 'type': 'double'}, {'name': 'yl104', 'type': 'double'}, {'name': 'yl105', 'type': 'double'}, {'name': 'yl106', 'type': 'double'}, {'name': 'yl107', 'type': 'double'}, {'name': 'yl108', 'type': 'double'}, {'name': 'yl109', 'type': 'double'}, {'name': 'yl110', 'type': 'double'}, {'name': 'yl111', 'type': 'double'}, {'name': 'yl112', 'type': 'double'}, {'name': 'yl113', 'type': 'double'}, {'name': 'yl114', 'type': 'bigint'}, {'name': 'yl115', 'type': 'bigint'}, {'name': 'yl116', 'type': 'bigint'}, {'name': 'yl117', 'type': 'bigint'}, {'name': 'yl118', 'type': 'bigint'}, {'name': 'yl119', 'type': 'bigint'}, {'name': 'yl120', 'type': 'bigint'}, {'name': 'yl121', 'type': 'bigint'}, {'name': 'yl122', 'type': 'bigint'}, {'name': 'yl123', 'type': 'bigint'}, {'name': 'yl124', 'type': 'bigint'}, {'name': 'yl125', 'type': 'bigint'}, {'name': 'yl126', 'type': 'bigint'}, {'name': 'yl127', 'type': 'bigint'}, {'name': 'yl128', 'type': 'bigint'}, {'name': 'yl129', 'type': 'bigint'}, {'name': 'yl130', 'type': 'bigint'}, {'name': 'yl131', 'type': 'bigint'}, {'name': 'yl132', 'type': 'bigint'}, {'name': 'yl133', 'type': 'bigint'}, {'name': 'yl134', 'type': 'bigint'}, {'name': 'yl135', 'type': 'bigint'}, {'name': 'yl136', 'type': 'bigint'}, {'name': 'yl137', 'type': 'bigint'}, {'name': 'yl138', 'type': 'bigint'}, {'name': 'yl139', 'type': 'bigint'}, {'name': 'yl140', 'type': 'bigint'}, {'name': 'yl141', 'type': 'bigint'}, {'name': 'yl142', 'type': 'bigint'}, {'name': 'yl143', 'type': 'bigint'}, {'name': 'yl144', 'type': 'bigint'}, {'name': 'yl145', 'type': 'bigint'}, {'name': 'yl146', 'type': 'bigint'}, {'name': 'yl147', 'type': 'bigint'}, {'name': 'yl148', 'type': 'bigint'}, {'name': 'yl149', 'type': 'bigint'}, {'name': 'yl150', 'type': 'bigint'}, {'name': 'yl151', 'type': 'bigint'}, {'name': 'yl152', 'type': 'bigint'}, {'name': 'yl153', 'type': 'bigint'}, {'name': 'yl154', 'type': 'bigint'}, {'name': 'yl155', 'type': 'bigint'}, {'name': 'yl156', 'type': 'bigint'}, {'name': 'yl157', 'type': 'bigint'}, {'name': 'yl158', 'type': 'bigint'}, {'name': 'yl159', 'type': 'bigint'}, {'name': 'yl160', 'type': 'bigint'}, {'name': 'yl161', 'type': 'bigint'}, {'name': 'yl162', 'type': 'bigint'}, {'name': 'yl163', 'type': 'bigint'}, {'name': 'yl164', 'type': 'bigint'}, {'name': 'yl165', 'type': 'bigint'}, {'name': 'yl166', 'type': 'bigint'}, {'name': 'yl167', 'type': 'bigint'}, {'name': 'yl168', 'type': 'bigint'}, {'name': 'yl169', 'type': 'bigint'}, {'name': 'yl170', 'type': 'bigint'}, {'name': 'yl171', 'type': 'bigint'}, {'name': 'yl172', 'type': 'bigint'}, {'name': 'yl173', 'type': 'bigint'}, {'name': 'yl174', 'type': 'bigint'}, {'name': 'yl175', 'type': 'bigint'}, {'name': 'yl176', 'type': 'bigint'}, {'name': 'yl177', 'type': 'bigint'}, {'name': 'yl178', 'type': 'bigint'}, {'name': 'yl179', 'type': 'bigint'}, {'name': 'yl180', 'type': 'bigint'}, {'name': 'yl181', 'type': 'bigint'}, {'name': 'yl182', 'type': 'bigint'}, {'name': 'yl183', 'type': 'bigint'}, {'name': 'yl184', 'type': 'bigint'}, {'name': 'yl185', 'type': 'bigint'}, {'name': 'yl186', 'type': 'bigint'}, {'name': 'yl187', 'type': 'bigint'}, {'name': 'yl188', 'type': 'bigint'}, {'name': 'yl189', 'type': 'bigint'}, {'name': 'yl190', 'type': 'bigint'}, {'name': 'yl191', 'type': 'double'}, {'name': 'yl192', 'type': 'double'}, {'name': 'yl193', 'type': 'double'}, {'name': 'yl194', 'type': 'bigint'}, {'name': 'yl195', 'type': 'bigint'}, {'name': 'yl196', 'type': 'bigint'}, {'name': 'yl197', 'type': 'bigint'}, {'name': 'yl198', 'type': 'bigint'}, {'name': 'yl199', 'type': 'bigint'}, {'name': 'yl200', 'type': 'double'}, {'name': 'yl201', 'type': 'double'}, {'name': 'yl202', 'type': 'double'}, {'name': 'yl203', 'type': 'double'}, {'name': 'yl204', 'type': 'double'}, {'name': 'yl205', 'type': 'double'}, {'name': 'yl206', 'type': 'double'}, {'name': 'yl207', 'type': 'double'}, {'name': 'yl208', 'type': 'double'}, {'name': 'yl209', 'type': 'double'}, {'name': 'yl210', 'type': 'double'}, {'name': 'yl211', 'type': 'double'}, {'name': 'yl212', 'type': 'double'}, {'name': 'yl213', 'type': 'bigint'}, {'name': 'yl214', 'type': 'double'}, {'name': 'yl215', 'type': 'double'}, {'name': 'yl216', 'type': 'double'}, {'name': 'yl217', 'type': 'double'}, {'name': 'yl218', 'type': 'bigint'}, {'name': 'yl219', 'type': 'double'}, {'name': 'yl220', 'type': 'double'}, {'name': 'yl221', 'type': 'double'}, {'name': 'yl222', 'type': 'double'}, {'name': 'yl223', 'type': 'double'}, {'name': 'yl224', 'type': 'double'}, {'name': 'yl225', 'type': 'double'}, {'name': 'yl226', 'type': 'double'}, {'name': 'yl227', 'type': 'double'}, {'name': 'yl228', 'type': 'double'}, {'name': 'yl229', 'type': 'double'}, {'name': 'yl230', 'type': 'double'}, {'name': 'yl231', 'type': 'double'}, {'name': 'yl232', 'type': 'double'}, {'name': 'yl233', 'type': 'bigint'}, {'name': 'yl234', 'type': 'bigint'}, {'name': 'yl235', 'type': 'bigint'}, {'name': 'yl236', 'type': 'bigint'}, {'name': 'yl237', 'type': 'bigint'}, {'name': 'yl238', 'type': 'bigint'}, {'name': 'yl239', 'type': 'bigint'}, {'name': 'yl240', 'type': 'bigint'}, {'name': 'yl241', 'type': 'string'}, {'name': 'yl242', 'type': 'string'}, {'name': 'yl243', 'type': 'bigint'}, {'name': 'yl244', 'type': 'string'}, {'name': 'yl245', 'type': 'double'}, {'name': 'yl246', 'type': 'double'}, {'name': 'yl247', 'type': 'bigint'}, {'name': 'yl248', 'type': 'bigint'}, {'name': 'yl249', 'type': 'double'}, {'name': 'yl250', 'type': 'double'}, {'name': 'yl251', 'type': 'double'}, {'name': 'yl252', 'type': 'double'}, {'name': 'yl253', 'type': 'double'}, {'name': 'yl254', 'type': 'double'}, {'name': 'yl255', 'type': 'double'}, {'name': 'yl256', 'type': 'double'}, {'name': 'yl257', 'type': 'double'}, {'name': 'yl258', 'type': 'double'}, {'name': 'yl259', 'type': 'double'}, {'name': 'yl260', 'type': 'double'}, {'name': 'yl261', 'type': 'double'}, {'name': 'yl262', 'type': 'double'}, {'name': 'yl263', 'type': 'double'}, {'name': 'yl264', 'type': 'double'}, {'name': 'yl265', 'type': 'double'}, {'name': 'yl266', 'type': 'double'}, {'name': 'yl267', 'type': 'bigint'}, {'name': 'yl268', 'type': 'double'}, {'name': 'yl269', 'type': 'bigint'}, {'name': 'yl270', 'type': 'bigint'}, {'name': 'yl271', 'type': 'bigint'}, {'name': 'yl272', 'type': 'bigint'}, {'name': 'yl273', 'type': 'bigint'}, {'name': 'yl274', 'type': 'bigint'}, {'name': 'yl275', 'type': 'bigint'}, {'name': 'yl276', 'type': 'bigint'}, {'name': 'yl277', 'type': 'bigint'}, {'name': 'yl278', 'type': 'bigint'}, {'name': 'yl279', 'type': 'bigint'}, {'name': 'yl280', 'type': 'bigint'}, {'name': 'yl281', 'type': 'bigint'}, {'name': 'yl282', 'type': 'bigint'}, {'name': 'yl283', 'type': 'bigint'}, {'name': 'yl284', 'type': 'bigint'}, {'name': 'yl285', 'type': 'bigint'}, {'name': 'yl286', 'type': 'bigint'}, {'name': 'yl287', 'type': 'bigint'}, {'name': 'yl288', 'type': 'bigint'}, {'name': 'yl289', 'type': 'bigint'}, {'name': 'yl290', 'type': 'bigint'}, {'name': 'yl291', 'type': 'bigint'}, {'name': 'yl292', 'type': 'bigint'}, {'name': 'yl293', 'type': 'bigint'}, {'name': 'yl294', 'type': 'double'}, {'name': 'yl295', 'type': 'bigint'}, {'name': 'yl296', 'type': 'double'}, {'name': 'yl297', 'type': 'bigint'}, {'name': 'yl298', 'type': 'double'}, {'name': 'yl299', 'type': 'double'}, {'name': 'yl300', 'type': 'double'}, {'name': 'yl301', 'type': 'double'}, {'name': 'yl302', 'type': 'double'}, {'name': 'yl303', 'type': 'double'}, {'name': 'yl304', 'type': 'bigint'}, {'name': 'yl305', 'type': 'bigint'}, {'name': 'yl306', 'type': 'bigint'}, {'name': 'yl307', 'type': 'bigint'}, {'name': 'yl308', 'type': 'bigint'}, {'name': 'yl309', 'type': 'bigint'}, {'name': 'yl310', 'type': 'bigint'}, {'name': 'yl311', 'type': 'bigint'}, {'name': 'yl312', 'type': 'bigint'}, {'name': 'yl313', 'type': 'bigint'}, {'name': 'yl314', 'type': 'bigint'}, {'name': 'yl315', 'type': 'double'}, {'name': 'yl316', 'type': 'double'}, {'name': 'yl317', 'type': 'double'}, {'name': 'yl318', 'type': 'bigint'}, {'name': 'yl319', 'type': 'bigint'}, {'name': 'yl320', 'type': 'bigint'}, {'name': 'yl321', 'type': 'bigint'}, {'name': 'yl322', 'type': 'bigint'}, {'name': 'yl323', 'type': 'bigint'}, {'name': 'yl324', 'type': 'bigint'}, {'name': 'yl325', 'type': 'bigint'}, {'name': 'yl326', 'type': 'bigint'}, {'name': 'yl327', 'type': 'bigint'}, {'name': 'yl328', 'type': 'bigint'}, {'name': 'yl329', 'type': 'bigint'}, {'name': 'yl330', 'type': 'bigint'}, {'name': 'yl331', 'type': 'bigint'}, {'name': 'yl332', 'type': 'bigint'}, {'name': 'yl333', 'type': 'bigint'}, {'name': 'yl334', 'type': 'bigint'}, {'name': 'yl335', 'type': 'bigint'}, {'name': 'yl336', 'type': 'bigint'}, {'name': 'yl337', 'type': 'bigint'}, {'name': 'yl338', 'type': 'bigint'}, {'name': 'yl339', 'type': 'bigint'}, {'name': 'yl340', 'type': 'bigint'}, {'name': 'yl341', 'type': 'bigint'}, {'name': 'yl342', 'type': 'bigint'}, {'name': 'yl343', 'type': 'bigint'}, {'name': 'yl344', 'type': 'bigint'}, {'name': 'yl345', 'type': 'bigint'}, {'name': 'yl346', 'type': 'bigint'}, {'name': 'yl347', 'type': 'bigint'}, {'name': 'yl348', 'type': 'bigint'}, {'name': 'yl349', 'type': 'double'}, {'name': 'yl350', 'type': 'double'}, {'name': 'yl351', 'type': 'bigint'}, {'name': 'yl352', 'type': 'bigint'}, {'name': 'yl353', 'type': 'bigint'}, {'name': 'yl354', 'type': 'bigint'}, {'name': 'yl355', 'type': 'double'}, {'name': 'yl356', 'type': 'double'}, {'name': 'yl357', 'type': 'bigint'}, {'name': 'yl358', 'type': 'bigint'}, {'name': 'yl359', 'type': 'bigint'}, {'name': 'yl360', 'type': 'bigint'}, {'name': 'yl361', 'type': 'bigint'}, {'name': 'yl362', 'type': 'bigint'}, {'name': 'yl363', 'type': 'bigint'}, {'name': 'yl364', 'type': 'bigint'}, {'name': 'yl365', 'type': 'bigint'}, {'name': 'yl366', 'type': 'bigint'}, {'name': 'yl367', 'type': 'bigint'}, {'name': 'yl368', 'type': 'bigint'}, {'name': 'yl369', 'type': 'bigint'}, {'name': 'yl370', 'type': 'bigint'}, {'name': 'yl371', 'type': 'double'}, {'name': 'yl372', 'type': 'bigint'}, {'name': 'yl373', 'type': 'bigint'}, {'name': 'yl374', 'type': 'bigint'}, {'name': 'yl375', 'type': 'bigint'}, {'name': 'yl376', 'type': 'bigint'}, {'name': 'yl377', 'type': 'bigint'}, {'name': 'yl378', 'type': 'bigint'}, {'name': 'yl379', 'type': 'bigint'}, {'name': 'yl380', 'type': 'bigint'}, {'name': 'yl381', 'type': 'bigint'}, {'name': 'yl382', 'type': 'double'}, {'name': 'yl383', 'type': 'double'}, {'name': 'yl384', 'type': 'bigint'}, {'name': 'yl385', 'type': 'bigint'}, {'name': 'yl386', 'type': 'double'}, {'name': 'yl387', 'type': 'double'}, {'name': 'yl388', 'type': 'double'}, {'name': 'yl389', 'type': 'bigint'}, {'name': 'yl390', 'type': 'bigint'}, {'name': 'yl391', 'type': 'bigint'}, {'name': 'yl392', 'type': 'bigint'}, {'name': 'yl393', 'type': 'double'}, {'name': 'yl394', 'type': 'double'}, {'name': 'yl395', 'type': 'bigint'}, {'name': 'yl396', 'type': 'bigint'}, {'name': 'yl397', 'type': 'bigint'}, {'name': 'yl398', 'type': 'bigint'}, {'name': 'yl399', 'type': 'bigint'}, {'name': 'yl400', 'type': 'bigint'}, {'name': 'yl401', 'type': 'bigint'}, {'name': 'yl402', 'type': 'bigint'}, {'name': 'yl403', 'type': 'bigint'}, {'name': 'yl404', 'type': 'bigint'}, {'name': 'yl405', 'type': 'bigint'}, {'name': 'yl406', 'type': 'bigint'}, {'name': 'yl407', 'type': 'bigint'}, {'name': 'yl408', 'type': 'bigint'}, {'name': 'yl409', 'type': 'bigint'}, {'name': 'yl410', 'type': 'double'}, {'name': 'yl411', 'type': 'double'}, {'name': 'yl412', 'type': 'double'}, {'name': 'yl413', 'type': 'bigint'}, {'name': 'yl414', 'type': 'bigint'}, {'name': 'yl415', 'type': 'double'}, {'name': 'yl416', 'type': 'double'}, {'name': 'yl417', 'type': 'bigint'}, {'name': 'yl418', 'type': 'bigint'}, {'name': 'yl419', 'type': 'double'}, {'name': 'yl420', 'type': 'double'}, {'name': 'yl421', 'type': 'double'}, {'name': 'yl422', 'type': 'bigint'}, {'name': 'yl423', 'type': 'bigint'}, {'name': 'yl424', 'type': 'double'}, {'name': 'yl425', 'type': 'double'}, {'name': 'yl426', 'type': 'bigint'}, {'name': 'yl427', 'type': 'bigint'}, {'name': 'yl428', 'type': 'bigint'}, {'name': 'yl429', 'type': 'double'}, {'name': 'yl430', 'type': 'double'}, {'name': 'yl431', 'type': 'bigint'}, {'name': 'yl432', 'type': 'bigint'}, {'name': 'yl433', 'type': 'bigint'}, {'name': 'yl434', 'type': 'double'}, {'name': 'yl435', 'type': 'double'}, {'name': 'yl436', 'type': 'double'}, {'name': 'yl437', 'type': 'bigint'}, {'name': 'yl438', 'type': 'bigint'}, {'name': 'yl439', 'type': 'bigint'}, {'name': 'yl440', 'type': 'bigint'}, {'name': 'yl441', 'type': 'bigint'}, {'name': 'yl442', 'type': 'bigint'}, {'name': 'yl443', 'type': 'bigint'}, {'name': 'yl444', 'type': 'bigint'}, {'name': 'yl445', 'type': 'bigint'}, {'name': 'yl446', 'type': 'bigint'}, {'name': 'yl447', 'type': 'bigint'}, {'name': 'yl448', 'type': 'bigint'}, {'name': 'yl449', 'type': 'bigint'}, {'name': 'yl450', 'type': 'bigint'}, {'name': 'yl451', 'type': 'bigint'}, {'name': 'yl452', 'type': 'double'}, {'name': 'yl453', 'type': 'double'}, {'name': 'yl454', 'type': 'double'}, {'name': 'yl455', 'type': 'bigint'}, {'name': 'yl456', 'type': 'bigint'}, {'name': 'yl457', 'type': 'bigint'}, {'name': 'yl458', 'type': 'bigint'}, {'name': 'yl459', 'type': 'bigint'}, {'name': 'yl460', 'type': 'bigint'}, {'name': 'yl461', 'type': 'bigint'}, {'name': 'yl462', 'type': 'double'}, {'name': 'yl463', 'type': 'double'}, {'name': 'yl464', 'type': 'double'}, {'name': 'yl465', 'type': 'bigint'}, {'name': 'yl466', 'type': 'bigint'}, {'name': 'yl467', 'type': 'bigint'}, {'name': 'yl468', 'type': 'double'}, {'name': 'yl469', 'type': 'double'}, {'name': 'yl470', 'type': 'double'}, {'name': 'yl471', 'type': 'bigint'}, {'name': 'yl472', 'type': 'bigint'}, {'name': 'yl473', 'type': 'bigint'}, {'name': 'yl474', 'type': 'double'}, {'name': 'yl475', 'type': 'double'}, {'name': 'yl476', 'type': 'double'}, {'name': 'yl477', 'type': 'bigint'}, {'name': 'yl478', 'type': 'bigint'}, {'name': 'yl479', 'type': 'bigint'}, {'name': 'yl480', 'type': 'bigint'}, {'name': 'yl481', 'type': 'double'}, {'name': 'yl482', 'type': 'double'}, {'name': 'yl483', 'type': 'bigint'}, {'name': 'yl484', 'type': 'bigint'}, {'name': 'yl485', 'type': 'bigint'}, {'name': 'yl486', 'type': 'bigint'}, {'name': 'yl487', 'type': 'bigint'}, {'name': 'yl488', 'type': 'bigint'}, {'name': 'yl489', 'type': 'bigint'}, {'name': 'yl490', 'type': 'bigint'}, {'name': 'yl491', 'type': 'bigint'}, {'name': 'yl492', 'type': 'bigint'}, {'name': 'yl493', 'type': 'bigint'}, {'name': 'yl494', 'type': 'bigint'}, {'name': 'yl495', 'type': 'bigint'}, {'name': 'yl496', 'type': 'bigint'}, {'name': 'yl497', 'type': 'bigint'}, {'name': 'yl498', 'type': 'double'}, {'name': 'yl499', 'type': 'double'}, {'name': 'yl500', 'type': 'bigint'}, {'name': 'yl501', 'type': 'bigint'}, {'name': 'yl502', 'type': 'double'}, {'name': 'yl503', 'type': 'double'}, {'name': 'yl504', 'type': 'double'}, {'name': 'yl505', 'type': 'bigint'}, {'name': 'yl506', 'type': 'bigint'}, {'name': 'yl507', 'type': 'bigint'}, {'name': 'yl508', 'type': 'bigint'}, {'name': 'yl509', 'type': 'bigint'}, {'name': 'yl510', 'type': 'bigint'}, {'name': 'yl511', 'type': 'bigint'}, {'name': 'yl512', 'type': 'bigint'}, {'name': 'yl513', 'type': 'bigint'}, {'name': 'yl514', 'type': 'double'}, {'name': 'yl515', 'type': 'double'}, {'name': 'yl516', 'type': 'double'}, {'name': 'yl517', 'type': 'bigint'}, {'name': 'yl518', 'type': 'bigint'}, {'name': 'yl519', 'type': 'bigint'}, {'name': 'yl520', 'type': 'double'}, {'name': 'yl521', 'type': 'double'}, {'name': 'yl522', 'type': 'double'}, {'name': 'yl523', 'type': 'bigint'}, {'name': 'yl524', 'type': 'bigint'}, {'name': 'yl525', 'type': 'bigint'}, {'name': 'yl526', 'type': 'double'}, {'name': 'yl527', 'type': 'double'}, {'name': 'yl528', 'type': 'bigint'}, {'name': 'yl529', 'type': 'bigint'}, {'name': 'yl530', 'type': 'double'}, {'name': 'yl531', 'type': 'double'}, {'name': 'yl532', 'type': 'double'}, {'name': 'yl533', 'type': 'double'}, {'name': 'yl534', 'type': 'double'}, {'name': 'yl535', 'type': 'double'}, {'name': 'yl536', 'type': 'double'}, {'name': 'yl537', 'type': 'double'}, {'name': 'yl538', 'type': 'double'}, {'name': 'yl539', 'type': 'double'}, {'name': 'yl540', 'type': 'double'}, {'name': 'yl541', 'type': 'double'}, {'name': 'yl542', 'type': 'bigint'}, {'name': 'yl543', 'type': 'bigint'}, {'name': 'yl544', 'type': 'bigint'}, {'name': 'yl545', 'type': 'bigint'}, {'name': 'yl546', 'type': 'bigint'}, {'name': 'yl547', 'type': 'bigint'}, {'name': 'yl548', 'type': 'bigint'}, {'name': 'yl549', 'type': 'bigint'}, {'name': 'yl550', 'type': 'bigint'}, {'name': 'yl551', 'type': 'bigint'}, {'name': 'yl552', 'type': 'bigint'}, {'name': 'yl553', 'type': 'bigint'}, {'name': 'yl554', 'type': 'double'}, {'name': 'yl555', 'type': 'double'}, {'name': 'yl556', 'type': 'double'}, {'name': 'yl557', 'type': 'double'}, {'name': 'yl558', 'type': 'bigint'}, {'name': 'yl559', 'type': 'bigint'}, {'name': 'yl560', 'type': 'double'}, {'name': 'yl561', 'type': 'double'}, {'name': 'yl562', 'type': 'double'}, {'name': 'yl563', 'type': 'bigint'}, {'name': 'yl564', 'type': 'bigint'}, {'name': 'yl565', 'type': 'bigint'}, {'name': 'yl566', 'type': 'double'}, {'name': 'yl567', 'type': 'double'}, {'name': 'yl568', 'type': 'double'}, {'name': 'yl569', 'type': 'bigint'}, {'name': 'yl570', 'type': 'bigint'}, {'name': 'yl571', 'type': 'bigint'}, {'name': 'yl572', 'type': 'bigint'}, {'name': 'yl573', 'type': 'bigint'}, {'name': 'yl574', 'type': 'bigint'}, {'name': 'yl575', 'type': 'bigint'}, {'name': 'yl576', 'type': 'bigint'}, {'name': 'yl577', 'type': 'bigint'}, {'name': 'yl578', 'type': 'bigint'}, {'name': 'yl579', 'type': 'bigint'}, {'name': 'yl580', 'type': 'bigint'}, {'name': 'yl581', 'type': 'bigint'}, {'name': 'yl582', 'type': 'bigint'}, {'name': 'yl583', 'type': 'bigint'}, {'name': 'yl584', 'type': 'bigint'}, {'name': 'yl585', 'type': 'bigint'}, {'name': 'yl586', 'type': 'bigint'}, {'name': 'yl587', 'type': 'bigint'}, {'name': 'yl588', 'type': 'bigint'}, {'name': 'yl589', 'type': 'bigint'}, {'name': 'yl590', 'type': 'bigint'}, {'name': 'yl591', 'type': 'bigint'}, {'name': 'yl592', 'type': 'bigint'}, {'name': 'yl593', 'type': 'bigint'}, {'name': 'yl594', 'type': 'bigint'}, {'name': 'yl595', 'type': 'bigint'}, {'name': 'yl596', 'type': 'bigint'}, {'name': 'yl597', 'type': 'bigint'}, {'name': 'yl598', 'type': 'bigint'}, {'name': 'yl599', 'type': 'bigint'}, {'name': 'yl600', 'type': 'bigint'}, {'name': 'yl601', 'type': 'bigint'}, {'name': 'yl602', 'type': 'bigint'}, {'name': 'yl603', 'type': 'bigint'}, {'name': 'yl604', 'type': 'bigint'}, {'name': 'yl605', 'type': 'bigint'}, {'name': 'yl606', 'type': 'bigint'}, {'name': 'yl607', 'type': 'bigint'}, {'name': 'yl608', 'type': 'bigint'}, {'name': 'yl609', 'type': 'bigint'}, {'name': 'yl610', 'type': 'bigint'}, {'name': 'yl611', 'type': 'bigint'}, {'name': 'yl612', 'type': 'bigint'}, {'name': 'yl613', 'type': 'bigint'}, {'name': 'yl614', 'type': 'bigint'}, {'name': 'yl615', 'type': 'bigint'}, {'name': 'yl616', 'type': 'bigint'}, {'name': 'yl617', 'type': 'bigint'}, {'name': 'yl618', 'type': 'bigint'}, {'name': 'yl619', 'type': 'bigint'}, {'name': 'yl620', 'type': 'bigint'}, {'name': 'yl621', 'type': 'string'}, {'name': 'yl622', 'type': 'string'}, {'name': 'yl623', 'type': 'bigint'}, {'name': 'yl624', 'type': 'bigint'}, {'name': 'yl625', 'type': 'bigint'}, {'name': 'yl626', 'type': 'bigint'}, {'name': 'yl627', 'type': 'bigint'}, {'name': 'yl628', 'type': 'bigint'}, {'name': 'yl629', 'type': 'bigint'}, {'name': 'yl630', 'type': 'bigint'}, {'name': 'yl631', 'type': 'bigint'}, {'name': 'yl632', 'type': 'bigint'}, {'name': 'yl633', 'type': 'bigint'}, {'name': 'yl634', 'type': 'bigint'}, {'name': 'yl635', 'type': 'bigint'}, {'name': 'yl636', 'type': 'bigint'}, {'name': 'yl637', 'type': 'bigint'}, {'name': 'yl638', 'type': 'bigint'}, {'name': 'yl639', 'type': 'bigint'}, {'name': 'yl640', 'type': 'bigint'}, {'name': 'yl641', 'type': 'bigint'}, {'name': 'yl642', 'type': 'bigint'}, {'name': 'yl643', 'type': 'bigint'}, {'name': 'yl644', 'type': 'bigint'}, {'name': 'yl645', 'type': 'bigint'}, {'name': 'yl646', 'type': 'bigint'}, {'name': 'yl647', 'type': 'bigint'}, {'name': 'yl648', 'type': 'bigint'}, {'name': 'yl649', 'type': 'bigint'}, {'name': 'yl650', 'type': 'bigint'}, {'name': 'yl651', 'type': 'bigint'}, {'name': 'yl652', 'type': 'bigint'}, {'name': 'yl653', 'type': 'bigint'}, {'name': 'yl654', 'type': 'bigint'}, {'name': 'yl655', 'type': 'bigint'}, {'name': 'yl656', 'type': 'bigint'}, {'name': 'yl657', 'type': 'bigint'}, {'name': 'yl658', 'type': 'bigint'}, {'name': 'yl659', 'type': 'bigint'}, {'name': 'yl660', 'type': 'bigint'}, {'name': 'yl661', 'type': 'bigint'}, {'name': 'yl662', 'type': 'bigint'}, {'name': 'yl663', 'type': 'bigint'}, {'name': 'yl664', 'type': 'bigint'}, {'name': 'yl665', 'type': 'bigint'}, {'name': 'yl666', 'type': 'double'}, {'name': 'yl667', 'type': 'double'}, {'name': 'yl668', 'type': 'bigint'}, {'name': 'yl669', 'type': 'bigint'}, {'name': 'yl670', 'type': 'double'}, {'name': 'yl671', 'type': 'double'}, {'name': 'yl672', 'type': 'double'}, {'name': 'yl673', 'type': 'double'}, {'name': 'yl674', 'type': 'double'}, {'name': 'yl675', 'type': 'double'}, {'name': 'yl676', 'type': 'double'}, {'name': 'yl677', 'type': 'double'}, {'name': 'yl678', 'type': 'double'}, {'name': 'yl679', 'type': 'double'}, {'name': 'yl680', 'type': 'double'}, {'name': 'yl681', 'type': 'double'}, {'name': 'yl682', 'type': 'double'}, {'name': 'yl683', 'type': 'double'}, {'name': 'yl684', 'type': 'double'}, {'name': 'yl685', 'type': 'double'}, {'name': 'yl686', 'type': 'double'}, {'name': 'yl687', 'type': 'double'}, {'name': 'yl688', 'type': 'double'}, {'name': 'yl689', 'type': 'double'}, {'name': 'yl690', 'type': 'double'}, {'name': 'yl691', 'type': 'bigint'}, {'name': 'yl692', 'type': 'bigint'}, {'name': 'yl693', 'type': 'bigint'}, {'name': 'yl694', 'type': 'bigint'}, {'name': 'yl695', 'type': 'bigint'}, {'name': 'yl696', 'type': 'bigint'}, {'name': 'yl697', 'type': 'bigint'}, {'name': 'yl698', 'type': 'bigint'}, {'name': 'yl699', 'type': 'bigint'}, {'name': 'yl700', 'type': 'bigint'}, {'name': 'yl701', 'type': 'bigint'}, {'name': 'yl702', 'type': 'bigint'}, {'name': 'yl703', 'type': 'bigint'}, {'name': 'yl704', 'type': 'bigint'}, {'name': 'yl705', 'type': 'bigint'}, {'name': 'yl706', 'type': 'double'}, {'name': 'yl707', 'type': 'bigint'}, {'name': 'yl708', 'type': 'double'}, {'name': 'yl709', 'type': 'bigint'}, {'name': 'yl710', 'type': 'double'}, {'name': 'yl711', 'type': 'bigint'}, {'name': 'yl712', 'type': 'double'}, {'name': 'yl713', 'type': 'bigint'}, {'name': 'yl714', 'type': 'double'}, {'name': 'yl715', 'type': 'bigint'}, {'name': 'yl716', 'type': 'double'}, {'name': 'yl717', 'type': 'bigint'}, {'name': 'yl718', 'type': 'double'}, {'name': 'yl719', 'type': 'bigint'}, {'name': 'yl720', 'type': 'double'}, {'name': 'yl721', 'type': 'double'}, {'name': 'yl722', 'type': 'double'}, {'name': 'yl723', 'type': 'double'}, {'name': 'yl724', 'type': 'double'}, {'name': 'yl725', 'type': 'double'}, {'name': 'yl726', 'type': 'double'}, {'name': 'yl727', 'type': 'double'}, {'name': 'yl728', 'type': 'double'}, {'name': 'yl729', 'type': 'double'}, {'name': 'yl730', 'type': 'double'}, {'name': 'yl731', 'type': 'double'}, {'name': 'yl732', 'type': 'double'}, {'name': 'yl733', 'type': 'bigint'}, {'name': 'yl734', 'type': 'bigint'}, {'name': 'yl735', 'type': 'bigint'}, {'name': 'yl736', 'type': 'bigint'}, {'name': 'yl737', 'type': 'bigint'}, {'name': 'yl738', 'type': 'bigint'}, {'name': 'yl739', 'type': 'bigint'}, {'name': 'yl740', 'type': 'bigint'}, {'name': 'yl741', 'type': 'bigint'}, {'name': 'yl742', 'type': 'bigint'}, {'name': 'yl743', 'type': 'bigint'}, {'name': 'yl744', 'type': 'bigint'}, {'name': 'yl745', 'type': 'bigint'}, {'name': 'yl746', 'type': 'double'}, {'name': 'yl747', 'type': 'double'}, {'name': 'yl748', 'type': 'double'}, {'name': 'yl749', 'type': 'double'}, {'name': 'yl750', 'type': 'double'}, {'name': 'yl751', 'type': 'double'}, {'name': 'yl752', 'type': 'double'}, {'name': 'yl753', 'type': 'double'}, {'name': 'yl754', 'type': 'double'}, {'name': 'yl755', 'type': 'double'}, {'name': 'yl756', 'type': 'double'}, {'name': 'yl757', 'type': 'double'}, {'name': 'yl758', 'type': 'double'}, {'name': 'yl759', 'type': 'double'}, {'name': 'yl760', 'type': 'bigint'}, {'name': 'yl761', 'type': 'bigint'}, {'name': 'yl762', 'type': 'bigint'}, {'name': 'yl763', 'type': 'bigint'}, {'name': 'yl764', 'type': 'bigint'}, {'name': 'yl765', 'type': 'bigint'}, {'name': 'yl766', 'type': 'bigint'}, {'name': 'yl767', 'type': 'bigint'}, {'name': 'yl768', 'type': 'bigint'}, {'name': 'yl769', 'type': 'bigint'}, {'name': 'yl770', 'type': 'bigint'}, {'name': 'yl771', 'type': 'bigint'}, {'name': 'yl772', 'type': 'double'}, {'name': 'yl773', 'type': 'double'}, {'name': 'yl774', 'type': 'double'}, {'name': 'yl775', 'type': 'double'}, {'name': 'yl776', 'type': 'double'}, {'name': 'yl777', 'type': 'double'}, {'name': 'yl778', 'type': 'double'}, {'name': 'yl779', 'type': 'double'}, {'name': 'yl780', 'type': 'double'}, {'name': 'yl781', 'type': 'double'}, {'name': 'yl782', 'type': 'double'}, {'name': 'yl783', 'type': 'double'}, {'name': 'yl784', 'type': 'double'}, {'name': 'yl785', 'type': 'bigint'}, {'name': 'yl786', 'type': 'bigint'}, {'name': 'yl787', 'type': 'bigint'}, {'name': 'yl788', 'type': 'bigint'}, {'name': 'yl789', 'type': 'bigint'}, {'name': 'yl790', 'type': 'bigint'}, {'name': 'yl791', 'type': 'bigint'}, {'name': 'yl792', 'type': 'bigint'}, {'name': 'yl793', 'type': 'bigint'}, {'name': 'yl794', 'type': 'bigint'}, {'name': 'yl795', 'type': 'bigint'}, {'name': 'yl796', 'type': 'bigint'}, {'name': 'yl797', 'type': 'bigint'}, {'name': 'yl798', 'type': 'double'}, {'name': 'yl799', 'type': 'double'}, {'name': 'yl800', 'type': 'double'}, {'name': 'yl801', 'type': 'bigint'}, {'name': 'yl802', 'type': 'bigint'}, {'name': 'yl803', 'type': 'bigint'}, {'name': 'yl804', 'type': 'double'}, {'name': 'yl805', 'type': 'double'}, {'name': 'yl806', 'type': 'double'}, {'name': 'yl807', 'type': 'double'}, {'name': 'yl808', 'type': 'double'}, {'name': 'yl809', 'type': 'double'}, {'name': 'yl810', 'type': 'double'}, {'name': 'yl811', 'type': 'double'}, {'name': 'yl812', 'type': 'bigint'}, {'name': 'yl813', 'type': 'bigint'}, {'name': 'yl814', 'type': 'bigint'}, {'name': 'yl815', 'type': 'bigint'}, {'name': 'yl816', 'type': 'bigint'}, {'name': 'yl817', 'type': 'bigint'}, {'name': 'yl818', 'type': 'bigint'}, {'name': 'yl819', 'type': 'double'}, {'name': 'yl820', 'type': 'double'}, {'name': 'yl821', 'type': 'double'}, {'name': 'yl822', 'type': 'bigint'}, {'name': 'yl823', 'type': 'bigint'}, {'name': 'yl824', 'type': 'bigint'}, {'name': 'yl825', 'type': 'bigint'}, {'name': 'yl826', 'type': 'bigint'}, {'name': 'yl827', 'type': 'bigint'}, {'name': 'yl828', 'type': 'double'}, {'name': 'yl829', 'type': 'string'}, {'name': 'yl830', 'type': 'double'}, {'name': 'yl831', 'type': 'string'}, {'name': 'yl832', 'type': 'double'}, {'name': 'yl833', 'type': 'string'}, {'name': 'yl834', 'type': 'double'}, {'name': 'yl835', 'type': 'string'}, {'name': 'yl836', 'type': 'double'}, {'name': 'yl837', 'type': 'double'}, {'name': 'yl838', 'type': 'double'}, {'name': 'yl839', 'type': 'double'}, {'name': 'yl840', 'type': 'double'}, {'name': 'yl841', 'type': 'double'}, {'name': 'yl842', 'type': 'double'}, {'name': 'yl843', 'type': 'double'}, {'name': 'yl844', 'type': 'double'}, {'name': 'yl845', 'type': 'double'}, {'name': 'yl846', 'type': 'double'}, {'name': 'yl847', 'type': 'double'}, {'name': 'yl848', 'type': 'bigint'}, {'name': 'yl849', 'type': 'bigint'}, {'name': 'yl850', 'type': 'bigint'}, {'name': 'yl851', 'type': 'bigint'}, {'name': 'yl852', 'type': 'bigint'}, {'name': 'yl853', 'type': 'bigint'}, {'name': 'yl854', 'type': 'bigint'}, {'name': 'yl855', 'type': 'bigint'}, {'name': 'yl856', 'type': 'bigint'}, {'name': 'yl857', 'type': 'bigint'}, {'name': 'yl858', 'type': 'bigint'}, {'name': 'yl859', 'type': 'bigint'}, {'name': 'yl860', 'type': 'bigint'}, {'name': 'yl861', 'type': 'bigint'}, {'name': 'yl862', 'type': 'double'}, {'name': 'yl863', 'type': 'bigint'}, {'name': 'yl864', 'type': 'bigint'}, {'name': 'yl865', 'type': 'bigint'}, {'name': 'yl866', 'type': 'bigint'}, {'name': 'yl867', 'type': 'double'}, {'name': 'yl868', 'type': 'bigint'}, {'name': 'yl869', 'type': 'double'}, {'name': 'yl870', 'type': 'bigint'}, {'name': 'yl871', 'type': 'bigint'}, {'name': 'yl872', 'type': 'string'}, {'name': 'yl873', 'type': 'string'}, {'name': 'yl874', 'type': 'string'}, {'name': 'yl875', 'type': 'bigint'}, {'name': 'yl876', 'type': 'string'}, {'name': 'yl877', 'type': 'double'}, {'name': 'yl878', 'type': 'bigint'}, {'name': 'yl879', 'type': 'string'}, {'name': 'yl880', 'type': 'bigint'}, {'name': 'yl881', 'type': 'string'}, {'name': 'yl882', 'type': 'double'}, {'name': 'yl883', 'type': 'bigint'}, {'name': 'yl884', 'type': 'string'}, {'name': 'yl885', 'type': 'bigint'}, {'name': 'yl886', 'type': 'string'}, {'name': 'yl887', 'type': 'bigint'}, {'name': 'yl888', 'type': 'bigint'}, {'name': 'yl889', 'type': 'string'}, {'name': 'yl890', 'type': 'bigint'}, {'name': 'yl891', 'type': 'bigint'}, {'name': 'yl892', 'type': 'bigint'}, {'name': 'yl893', 'type': 'string'}, {'name': 'yl894', 'type': 'string'}, {'name': 'yl895', 'type': 'double'}, {'name': 'yl896', 'type': 'double'}, {'name': 'yl897', 'type': 'string'}, {'name': 'yl898', 'type': 'string'}, {'name': 'yl899', 'type': 'bigint'}, {'name': 'yl900', 'type': 'bigint'}, {'name': 'yl901', 'type': 'bigint'}, {'name': 'yl902', 'type': 'double'}, {'name': 'yl903', 'type': 'double'}, {'name': 'yl904', 'type': 'double'}, {'name': 'yl905', 'type': 'bigint'}, {'name': 'yl906', 'type': 'bigint'}, {'name': 'yl907', 'type': 'bigint'}, {'name': 'yl908', 'type': 'bigint'}, {'name': 'yl909', 'type': 'bigint'}, {'name': 'yl910', 'type': 'double'}, {'name': 'yl911', 'type': 'bigint'}, {'name': 'yl912', 'type': 'bigint'}, {'name': 'yl913', 'type': 'bigint'}, {'name': 'yl914', 'type': 'double'}, {'name': 'yl915', 'type': 'bigint'}, {'name': 'yl916', 'type': 'bigint'}, {'name': 'yl917', 'type': 'double'}, {'name': 'yl918', 'type': 'bigint'}, {'name': 'yl919', 'type': 'bigint'}, {'name': 'yl920', 'type': 'bigint'}, {'name': 'yl921', 'type': 'double'}, {'name': 'yl922', 'type': 'bigint'}, {'name': 'yl923', 'type': 'bigint'}, {'name': 'yl924', 'type': 'double'}, {'name': 'yl925', 'type': 'bigint'}, {'name': 'yl926', 'type': 'bigint'}, {'name': 'yl927', 'type': 'bigint'}, {'name': 'yl928', 'type': 'double'}, {'name': 'yl929', 'type': 'bigint'}, {'name': 'yl930', 'type': 'bigint'}, {'name': 'yl931', 'type': 'double'}, {'name': 'yl932', 'type': 'bigint'}, {'name': 'yl933', 'type': 'bigint'}, {'name': 'yl934', 'type': 'bigint'}, {'name': 'yl935', 'type': 'double'}, {'name': 'yl936', 'type': 'bigint'}, {'name': 'yl937', 'type': 'bigint'}, {'name': 'yl938', 'type': 'double'}, {'name': 'yl939', 'type': 'bigint'}, {'name': 'yl940', 'type': 'bigint'}, {'name': 'yl941', 'type': 'bigint'}, {'name': 'yl942', 'type': 'double'}, {'name': 'yl943', 'type': 'bigint'}, {'name': 'yl944', 'type': 'bigint'}, {'name': 'yl945', 'type': 'bigint'}, {'name': 'yl946', 'type': 'bigint'}, {'name': 'yl947', 'type': 'double'}, {'name': 'yl948', 'type': 'bigint'}, {'name': 'yl949', 'type': 'bigint'}, {'name': 'yl950', 'type': 'bigint'}, {'name': 'yl951', 'type': 'string'}, {'name': 'yl952', 'type': 'string'}, {'name': 'yl953', 'type': 'string'}, {'name': 'yl954', 'type': 'bigint'}, {'name': 'yl955', 'type': 'bigint'}, {'name': 'yl956', 'type': 'double'}, {'name': 'yl957', 'type': 'double'}, {'name': 'yl958', 'type': 'double'}, {'name': 'yl959', 'type': 'double'}, {'name': 'yl960', 'type': 'double'}, {'name': 'yl961', 'type': 'double'}, {'name': 'yl962', 'type': 'double'}, {'name': 'yl963', 'type': 'bigint'}, {'name': 'yl964', 'type': 'double'}, {'name': 'yl965', 'type': 'bigint'}, {'name': 'yl966', 'type': 'bigint'}, {'name': 'yl967', 'type': 'bigint'}, {'name': 'yl968', 'type': 'bigint'}, {'name': 'yl969', 'type': 'bigint'}, {'name': 'yl970', 'type': 'bigint'}, {'name': 'yl971', 'type': 'bigint'}, {'name': 'yl972', 'type': 'bigint'}, {'name': 'yl973', 'type': 'bigint'}, {'name': 'yl974', 'type': 'double'}, {'name': 'yl975', 'type': 'bigint'}, {'name': 'yl976', 'type': 'bigint'}, {'name': 'yl977', 'type': 'double'}, {'name': 'yl978', 'type': 'double'}, {'name': 'yl979', 'type': 'double'}, {'name': 'yl980', 'type': 'double'}, {'name': 'yl981', 'type': 'double'}, {'name': 'yl982', 'type': 'double'}, {'name': 'yl983', 'type': 'bigint'}, {'name': 'yl984', 'type': 'bigint'}, {'name': 'yl985', 'type': 'bigint'}, {'name': 'yl986', 'type': 'bigint'}, {'name': 'yl987', 'type': 'bigint'}, {'name': 'yl988', 'type': 'bigint'}, {'name': 'yl989', 'type': 'bigint'}, {'name': 'yl990', 'type': 'bigint'}, {'name': 'yl991', 'type': 'bigint'}, {'name': 'yl992', 'type': 'bigint'}, {'name': 'yl993', 'type': 'bigint'}, {'name': 'yl994', 'type': 'bigint'}, {'name': 'yl995', 'type': 'bigint'}, {'name': 'yl996', 'type': 'bigint'}, {'name': 'yl997', 'type': 'bigint'}, {'name': 'yl998', 'type': 'string'}, {'name': 'yl999', 'type': 'string'}, {'name': 'yl1000', 'type': 'string'}, {'name': 'yl1001', 'type': 'string'}, {'name': 'yl1002', 'type': 'string'}, {'name': 'yl1003', 'type': 'string'}, {'name': 'yl1004', 'type': 'bigint'}, {'name': 'yl1005', 'type': 'bigint'}, {'name': 'yl1006', 'type': 'bigint'}, {'name': 'yl1007', 'type': 'bigint'}, {'name': 'yl1008', 'type': 'bigint'}, {'name': 'yl1009', 'type': 'double'}, {'name': 'yl1010', 'type': 'bigint'}, {'name': 'yl1011', 'type': 'bigint'}, {'name': 'yl1012', 'type': 'bigint'}, {'name': 'yl1013', 'type': 'bigint'}, {'name': 'yl1014', 'type': 'bigint'}, {'name': 'yl1015', 'type': 'bigint'}, {'name': 'yl1016', 'type': 'bigint'}, {'name': 'yl1017', 'type': 'bigint'}, {'name': 'yl1018', 'type': 'bigint'}, {'name': 'yl1019', 'type': 'bigint'}, {'name': 'yl1020', 'type': 'bigint'}, {'name': 'yl1021', 'type': 'bigint'}, {'name': 'yl1022', 'type': 'bigint'}, {'name': 'yl1023', 'type': 'bigint'}, {'name': 'yl1024', 'type': 'bigint'}, {'name': 'yl1025', 'type': 'bigint'}, {'name': 'yl1026', 'type': 'bigint'}, {'name': 'yl1027', 'type': 'bigint'}, {'name': 'target', 'type': 'bigint'}, {'name': 'gid', 'type': 'string'}], 'pcv': '1', 'switchPcv': 1, 'positive': '1', 'workId': 1774, 'tableName': 'testdata_zhineng', 'y_col': 'target', 'output': '/liyiwen1/15/1774/fd719237-acd8-4d72-8388-d822c0d5dab0', 'operation_name': 'reading_data', 'input': '/liyiwen1/datasource/2056/', 'expireTime': 30, 'delimiter': ',', 'tableId': '2056', 'small_batch': 1, 'nodeId': 'fd719237-acd8-4d72-8388-d822c0d5dab0', 'yCol': 'target'}, 'user_name': '12', 'node_id': 'fd719237-acd8-4d72-8388-d822c0d5dab0'}}   ##########################  
[Stage 791:====================>                                  (6 + 10) / 16]
[Stage 791:===============================>                        (9 + 7) / 16]
[Stage 792:==========================================>              (6 + 2) / 8]
2019-01-16 19:11:24,391 - tornado.application - INFO - {'user_name': '12', 'id': 'fd719237-acd8-4d72-8388-d822c0d5dab0', 'method': 'ReadingData', 'state': 'done', 'worker_id': 29691, 'result': 'bad_84'}
2019-01-16 19:11:24,391 - tornado.application - INFO - IDLE
2019-01-16 19:11:24,579 - tornado.application - INFO - receive message
2019-01-16 19:11:24,733 - tornado.application - INFO - {'user_name': '12', 'id': '6a180f3c-c4cf-44cb-8fad-3ec3d9161b5c', 'method': 'ExecuteRandomForest', 'state': 'error', 'worker_id': 29691, 'errormessage': 'Traceback (most recent call last):\n  File "/opt/www/gai_spark_connection/sparkcontextWorker.py", line 412, in exec_test\n    module = importlib.import_module(import_module, BASE_DIR)\n  File "/server/app/anaconda3/lib/python3.6/importlib/__init__.py", line 126, in import_module\n    return _bootstrap._gcd_import(name[level:], package, level)\n  File "<frozen importlib._bootstrap>", line 994, in _gcd_import\n  File "<frozen importlib._bootstrap>", line 971, in _find_and_load\n  File "<frozen importlib._bootstrap>", line 955, in _find_and_load_unlocked\n  File "<frozen importlib._bootstrap>", line 656, in _load_unlocked\n  File "<frozen importlib._bootstrap>", line 626, in _load_backward_compatible\n  File "/tmp/spark-b18ed3a3-4d17-44bb-b4b4-a2a715f98090/userFiles-b2997951-b2a0-4dd1-b8b3-9bc5679d2372/gai_platform.zip/gai_model_project/ExecuteRandomForest.py", line 18, in <module>\n    from pyspark2pmml import PMMLBuilder\nModuleNotFoundError: No module named \'pyspark2pmml\'\n'}
2019-01-16 19:11:24,733 - tornado.application - ERROR - Error sending error message: Traceback (most recent call last):
  File "/opt/www/gai_spark_connection/sparkcontextWorker.py", line 412, in exec_test
    module = importlib.import_module(import_module, BASE_DIR)
  File "<frozen importlib._bootstrap>", line 955, in _find_and_load_unlocked
2019-01-16 19:12:04,444 - tornado.application - INFO - #################  send msg to client successfully,the msg is as follow:  #################
2019-01-16 19:12:04,444 - tornado.application - INFO - {'state': 'heartbeat', 'worker_id': 29691}
usegai_spark_application_0
                                                                                
2019-01-16 19:12:30,240 - tornado.application - INFO - IDLE
2019-01-16 19:12:30,415 - tornado.application - INFO - receive message
[Stage 816:>                                                        (0 + 1) / 1]
[Stage 818:>                                                        (0 + 1) / 1]
                                                                                
                                                                                
[Stage 832:>                                                        (0 + 1) / 1]
  File "/hadoop/yarn/local/usercache/dp/appcache/application_1547197277214_0092/container_e03_1547197277214_0092_01_000004/pyspark.zip/pyspark/worker.py", line 229, in main
    serializer.dump_stream(func(split_index, iterator), outfile)
  File "/hadoop/yarn/local/usercache/dp/appcache/application_1547197277214_0092/container_e03_1547197277214_0092_01_000004/pyspark.zip/pyspark/serializers.py", line 372, in dump_stream
    vs = list(itertools.islice(iterator, batch))
  File "/server/app/anaconda3/lib/python3.6/site-packages/pyspark/rdd.py", line 1354, in takeUpToNumLeft

	at org.apache.spark.api.python.PythonRunner$$anon$1.read(PythonRunner.scala:438)
	at org.apache.spark.api.python.BasePythonRunner$ReaderIterator.hasNext(PythonRunner.scala:252)
	at org.apache.spark.InterruptibleIterator.foreach(InterruptibleIterator.scala:28)
	at scala.collection.generic.Growable$class.$plus$plus$eq(Growable.scala:59)
	at scala.collection.TraversableOnce$class.toBuffer(TraversableOnce.scala:302)
	at java.util.concurrent.ThreadPoolExecutor$Worker.run(ThreadPoolExecutor.java:617)
19/01/16 19:12:54 ERROR TaskSetManager: Task 0 in stage 834.0 failed 4 times; aborting job
2019-01-16 19:12:54,979 - tornado.application - INFO - {'user_name': '12', 'id': 'd2d3e061-02a1-438a-85ca-0498a7707b13', 'method': 'FeaturePCA', 'state': 'error', 'worker_id': 29691, 'errormessage': 'Traceback (most recent call last):\n  File "/opt/www/gai_spark_connection/sparkcontextWorker.py", line 431, in exec_test\n    result = handler.execute(gai_ss.sparkContext, gai_ss)\n  File "/tmp/spark-b18ed3a3-4d17-44bb-b4b4-a2a715f98090/userFiles-b2997951-b2a0-4dd1-b8b3-9bc5679d2372/gai_platform.zip/gai_feature_project/data_preprocessing_dataframe/FeaturePCA.py", line 390, in execute\n    Z_block_matrix = self.generate_indexed_row_matrix_by_df(Z_df)\n  File "/tmp/spark-b18ed3a3-4d17-44bb-b4b4-a2a715f98090/userFiles-b2997951-b2a0-4dd1-b8b3-9bc5679d2372/gai_platform.zip/gai_feature_project/data_preprocessing_dataframe/FeaturePCA.py", line 310, in generate_indexed_row_matrix_by_df\n    mat = IndexedRowMatrix(row_vector).toBlockMatrix()\n  File "/server/app/anaconda3/lib/python3.6/site-packages/pyspark/mllib/linalg/distributed.py", line 507, in __init__\n    java_matrix = callMLlibFunc("createIndexedRowMatrix", rows.toDF(),\n  File "/server/app/anaconda3/lib/python3.6/site-packages/pyspark/sql/session.py", line 58, in toDF\n    return sparkSession.createDataFrame(self, schema, sampleRatio)\n  File "/server/app/anaconda3/lib/python3.6/site-packages/pyspark/sql/session.py", line 687, in createDataFrame\n    rdd, schema = self._createFromRDD(data.map(prepare), schema, samplingRatio)\n  File "/server/app/anaconda3/lib/python3.6/site-packages/pyspark/sql/session.py", line 384, in _createFromRDD\n    struct = self._inferSchema(rdd, samplingRatio, names=schema)\n  File "/server/app/anaconda3/lib/python3.6/site-packages/pyspark/sql/session.py", line 355, in _inferSchema\n    first = rdd.first()\n  File "/server/app/anaconda3/lib/python3.6/site-packages/pyspark/rdd.py", line 1376, in first\n    rs = self.take(1)\n  File "/server/app/anaconda3/lib/python3.6/site-packages/pyspark/rdd.py", line 1358, in take\n    res = self.context.runJob(self, takeUpToNumLeft, p)\n  File "/server/app/anaconda3/lib/python3.6/site-packages/pyspark/context.py", line 1001, in runJob\n    port = self._jvm.PythonRDD.runJob(self._jsc.sc(), mappedRDD._jrdd, partitions)\n  File "/server/app/anaconda3/lib/python3.6/site-packages/py4j/java_gateway.py", line 1133, in __call__\n    answer, self.gateway_client, self.target_id, self.name)\n  File "/server/app/anaconda3/lib/python3.6/site-packages/pyspark/sql/utils.py", line 63, in deco\n    return f(*a, **kw)\n  File "/server/app/anaconda3/lib/python3.6/site-packages/py4j/protocol.py", line 319, in get_return_value\n    format(target_id, ".", name), value)\npy4j.protocol.Py4JJavaError: An error occurred while calling z:org.apache.spark.api.python.PythonRDD.runJob.\n: org.apache.spark.SparkException: Job aborted due to stage failure: Task 0 in stage 834.0 failed 4 times, most recent failure: Lost task 0.3 in stage 834.0 (TID 5287, namenode.ai.test.com, executor 3): org.apache.spark.api.python.PythonException: Traceback (most recent call last):\n  File "/hadoop/yarn/local/usercache/dp/appcache/application_1547197277214_0092/container_e03_1547197277214_0092_01_000004/pyspark.zip/pyspark/worker.py", line 229, in main\n    process()\n  File "/hadoop/yarn/local/usercache/dp/appcache/application_1547197277214_0092/container_e03_1547197277214_0092_01_000004/pyspark.zip/pyspark/worker.py", line 224, in process\n    serializer.dump_stream(func(split_index, iterator), outfile)\n  File "/hadoop/yarn/local/usercache/dp/appcache/application_1547197277214_0092/container_e03_1547197277214_0092_01_000004/pyspark.zip/pyspark/serializers.py", line 372, in dump_stream\n    vs = list(itertools.islice(iterator, batch))\n  File "/server/app/anaconda3/lib/python3.6/site-packages/pyspark/rdd.py", line 1354, in takeUpToNumLeft\n    yield next(iterator)\n  File "/tmp/spark-b18ed3a3-4d17-44bb-b4b4-a2a715f98090/userFiles-b2997951-b2a0-4dd1-b8b3-9bc5679d2372/gai_platform.zip/gai_feature_project/data_preprocessing_dataframe/FeaturePCA.py", line 308, in <lambda>\n  File "/hadoop/yarn/local/usercache/dp/appcache/application_1547197277214_0092/container_e03_1547197277214_0092_01_000004/pyspark.zip/pyspark/mllib/linalg/distributed.py", line 445, in __init__\n    self.vector = _convert_to_vector(vector)\n  File "/hadoop/yarn/local/usercache/dp/appcache/application_1547197277214_0092/container_e03_1547197277214_0092_01_000004/pyspark.zip/pyspark/mllib/linalg/__init__.py", line 83, in _convert_to_vector\n    raise TypeError("Cannot convert type %s into Vector" % type(l))\nTypeError: Cannot convert type <class \'float\'> into Vector\n\n\tat org.apache.spark.api.python.BasePythonRunner$ReaderIterator.handlePythonException(PythonRunner.scala:298)\n\tat org.apache.spark.api.python.PythonRunner$$anon$1.read(PythonRunner.scala:438)\n\tat org.apache.spark.api.python.PythonRunner$$anon$1.read(PythonRunner.scala:421)\n\tat org.apache.spark.api.python.BasePythonRunner$ReaderIterator.hasNext(PythonRunner.scala:252)\n\tat org.apache.spark.InterruptibleIterator.hasNext(InterruptibleIterator.scala:37)\n\tat scala.collection.Iterator$class.foreach(Iterator.scala:893)\n\tat org.apache.spark.InterruptibleIterator.foreach(InterruptibleIterator.scala:28)\n\tat scala.collection.generic.Growable$class.$plus$plus$eq(Growable.scala:59)\n\tat scala.collection.mutable.ArrayBuffer.$plus$plus$eq(ArrayBuffer.scala:104)\n\tat scala.collection.mutable.ArrayBuffer.$plus$plus$eq(ArrayBuffer.scala:48)\n\tat scala.collection.TraversableOnce$class.to(TraversableOnce.scala:310)\n\tat org.apache.spark.InterruptibleIterator.to(InterruptibleIterator.scala:28)\n\tat scala.collection.TraversableOnce$class.toBuffer(TraversableOnce.scala:302)\n\tat org.apache.spark.InterruptibleIterator.toBuffer(InterruptibleIterator.scala:28)\n\tat scala.collection.TraversableOnce$class.toArray(TraversableOnce.scala:289)\n\tat org.apache.spark.InterruptibleIterator.toArray(InterruptibleIterator.scala:28)\n\tat org.apache.spark.api.python.PythonRDD$$anonfun$1.apply(PythonRDD.scala:141)\n\tat org.apache.spark.api.python.PythonRDD$$anonfun$1.apply(PythonRDD.scala:141)\n\tat org.apache.spark.SparkContext$$anonfun$runJob$5.apply(SparkContext.scala:2074)\n\tat org.apache.spark.SparkContext$$anonfun$runJob$5.apply(SparkContext.scala:2074)\n\tat org.apache.spark.scheduler.ResultTask.runTask(ResultTask.scala:87)\n\tat org.apache.spark.scheduler.Task.run(Task.scala:109)\n\tat org.apache.spark.executor.Executor$TaskRunner.run(Executor.scala:345)\n\tat java.util.concurrent.ThreadPoolExecutor.runWorker(ThreadPoolExecutor.java:1142)\n\tat java.util.concurrent.ThreadPoolExecutor$Worker.run(ThreadPoolExecutor.java:617)\n\tat java.lang.Thread.run(Thread.java:745)\n\nDriver stacktrace:\n\tat org.apache.spark.scheduler.DAGScheduler.org$apache$spark$scheduler$DAGScheduler$$failJobAndIndependentStages(DAGScheduler.scala:1599)\n\tat org.apache.spark.scheduler.DAGScheduler$$anonfun$abortStage$1.apply(DAGScheduler.scala:1587)\n\tat org.apache.spark.scheduler.DAGScheduler$$anonfun$abortStage$1.apply(DAGScheduler.scala:1586)\n\tat scala.collection.mutable.ResizableArray$class.foreach(ResizableArray.scala:59)\n\tat scala.collection.mutable.ArrayBuffer.foreach(ArrayBuffer.scala:48)\n\tat org.apache.spark.scheduler.DAGScheduler.abortStage(DAGScheduler.scala:1586)\n\tat org.apache.spark.scheduler.DAGScheduler$$anonfun$handleTaskSetFailed$1.apply(DAGScheduler.scala:831)\n\tat org.apache.spark.scheduler.DAGScheduler$$anonfun$handleTaskSetFailed$1.apply(DAGScheduler.scala:831)\n\tat scala.Option.foreach(Option.scala:257)\n\tat org.apache.spark.scheduler.DAGScheduler.handleTaskSetFailed(DAGScheduler.scala:831)\n\tat org.apache.spark.scheduler.DAGSchedulerEventProcessLoop.doOnReceive(DAGScheduler.scala:1820)\n\tat org.apache.spark.scheduler.DAGSchedulerEventProcessLoop.onReceive(DAGScheduler.scala:1769)\n\tat org.apache.spark.scheduler.DAGSchedulerEventProcessLoop.onReceive(DAGScheduler.scala:1758)\n\tat org.apache.spark.util.EventLoop$$anon$1.run(EventLoop.scala:48)\n\tat org.apache.spark.scheduler.DAGScheduler.runJob(DAGScheduler.scala:642)\n\tat org.apache.spark.SparkContext.runJob(SparkContext.scala:2034)\n\tat org.apache.spark.SparkContext.runJob(SparkContext.scala:2055)\n\tat org.apache.spark.SparkContext.runJob(SparkContext.scala:2074)\n\tat org.apache.spark.api.python.PythonRDD$.runJob(PythonRDD.scala:141)\n\tat org.apache.spark.api.python.PythonRDD.runJob(PythonRDD.scala)\n\tat sun.reflect.GeneratedMethodAccessor230.invoke(Unknown Source)\n\tat sun.reflect.DelegatingMethodAccessorImpl.invoke(DelegatingMethodAccessorImpl.java:43)\n\tat java.lang.reflect.Method.invoke(Method.java:498)\n\tat py4j.reflection.MethodInvoker.invoke(MethodInvoker.java:244)\n\tat py4j.reflection.ReflectionEngine.invoke(ReflectionEngine.java:357)\n\tat py4j.Gateway.invoke(Gateway.java:282)\n\tat py4j.commands.AbstractCommand.invokeMethod(AbstractCommand.java:132)\n\tat py4j.commands.CallCommand.execute(CallCommand.java:79)\n\tat py4j.GatewayConnection.run(GatewayConnection.java:214)\n\tat java.lang.Thread.run(Thread.java:745)\nCaused by: org.apache.spark.api.python.PythonException: Traceback (most recent call last):\n  File "/hadoop/yarn/local/usercache/dp/appcache/application_1547197277214_0092/container_e03_1547197277214_0092_01_000004/pyspark.zip/pyspark/worker.py", line 229, in main\n    process()\n  File "/hadoop/yarn/local/usercache/dp/appcache/application_1547197277214_0092/container_e03_1547197277214_0092_01_000004/pyspark.zip/pyspark/worker.py", line 224, in process\n    serializer.dump_stream(func(split_index, iterator), outfile)\n  File "/hadoop/yarn/local/usercache/dp/appcache/application_1547197277214_0092/container_e03_1547197277214_0092_01_000004/pyspark.zip/pyspark/serializers.py", line 372, in dump_stream\n    vs = list(itertools.islice(iterator, batch))\n  File "/server/app/anaconda3/lib/python3.6/site-packages/pyspark/rdd.py", line 1354, in takeUpToNumLeft\n    yield next(iterator)\n  File "/tmp/spark-b18ed3a3-4d17-44bb-b4b4-a2a715f98090/userFiles-b2997951-b2a0-4dd1-b8b3-9bc5679d2372/gai_platform.zip/gai_feature_project/data_preprocessing_dataframe/FeaturePCA.py", line 308, in <lambda>\n  File "/hadoop/yarn/local/usercache/dp/appcache/application_1547197277214_0092/container_e03_1547197277214_0092_01_000004/pyspark.zip/pyspark/mllib/linalg/distributed.py", line 445, in __init__\n    self.vector = _convert_to_vector(vector)\n  File "/hadoop/yarn/local/usercache/dp/appcache/application_1547197277214_0092/container_e03_1547197277214_0092_01_000004/pyspark.zip/pyspark/mllib/linalg/__init__.py", line 83, in _convert_to_vector\n    raise TypeError("Cannot convert type %s into Vector" % type(l))\nTypeError: Cannot convert type <class \'float\'> into Vector\n\n\tat org.apache.spark.api.python.BasePythonRunner$ReaderIterator.handlePythonException(PythonRunner.scala:298)\n\tat org.apache.spark.api.python.PythonRunner$$anon$1.read(PythonRunner.scala:438)\n\tat org.apache.spark.api.python.PythonRunner$$anon$1.read(PythonRunner.scala:421)\n\tat org.apache.spark.api.python.BasePythonRunner$ReaderIterator.hasNext(PythonRunner.scala:252)\n\tat org.apache.spark.InterruptibleIterator.hasNext(InterruptibleIterator.scala:37)\n\tat scala.collection.Iterator$class.foreach(Iterator.scala:893)\n\tat org.apache.spark.InterruptibleIterator.foreach(InterruptibleIterator.scala:28)\n\tat scala.collection.generic.Growable$class.$plus$plus$eq(Growable.scala:59)\n\tat scala.collection.mutable.ArrayBuffer.$plus$plus$eq(ArrayBuffer.scala:104)\n\tat scala.collection.mutable.ArrayBuffer.$plus$plus$eq(ArrayBuffer.scala:48)\n\tat scala.collection.TraversableOnce$class.to(TraversableOnce.scala:310)\n\tat org.apache.spark.InterruptibleIterator.to(InterruptibleIterator.scala:28)\n\tat scala.collection.TraversableOnce$class.toBuffer(TraversableOnce.scala:302)\n\tat org.apache.spark.InterruptibleIterator.toBuffer(InterruptibleIterator.scala:28)\n\tat scala.collection.TraversableOnce$class.toArray(TraversableOnce.scala:289)\n\tat org.apache.spark.InterruptibleIterator.toArray(InterruptibleIterator.scala:28)\n\tat org.apache.spark.api.python.PythonRDD$$anonfun$1.apply(PythonRDD.scala:141)\n\tat org.apache.spark.api.python.PythonRDD$$anonfun$1.apply(PythonRDD.scala:141)\n\tat org.apache.spark.SparkContext$$anonfun$runJob$5.apply(SparkContext.scala:2074)\n\tat org.apache.spark.SparkContext$$anonfun$runJob$5.apply(SparkContext.scala:2074)\n\tat org.apache.spark.scheduler.ResultTask.runTask(ResultTask.scala:87)\n\tat org.apache.spark.scheduler.Task.run(Task.scala:109)\n\tat org.apache.spark.executor.Executor$TaskRunner.run(Executor.scala:345)\n\tat java.util.concurrent.ThreadPoolExecutor.runWorker(ThreadPoolExecutor.java:1142)\n\tat java.util.concurrent.ThreadPoolExecutor$Worker.run(ThreadPoolExecutor.java:617)\n\t... 1 more\n\n'}
    java_matrix = callMLlibFunc("createIndexedRowMatrix", rows.toDF(),
    return sparkSession.createDataFrame(self, schema, sampleRatio)
    first = rdd.first()
    answer, self.gateway_client, self.target_id, self.name)
  File "/server/app/anaconda3/lib/python3.6/site-packages/pyspark/sql/utils.py", line 63, in deco
    return f(*a, **kw)
  File "/hadoop/yarn/local/usercache/dp/appcache/application_1547197277214_0092/container_e03_1547197277214_0092_01_000004/pyspark.zip/pyspark/worker.py", line 229, in main
  File "/server/app/anaconda3/lib/python3.6/site-packages/pyspark/rdd.py", line 1354, in takeUpToNumLeft
    self.vector = _convert_to_vector(vector)
    raise TypeError("Cannot convert type %s into Vector" % type(l))
	at org.apache.spark.api.python.PythonRunner$$anon$1.read(PythonRunner.scala:438)
	at org.apache.spark.InterruptibleIterator.hasNext(InterruptibleIterator.scala:37)
	at scala.collection.Iterator$class.foreach(Iterator.scala:893)
	at scala.collection.TraversableOnce$class.to(TraversableOnce.scala:310)
	at org.apache.spark.InterruptibleIterator.to(InterruptibleIterator.scala:28)
	at org.apache.spark.InterruptibleIterator.toBuffer(InterruptibleIterator.scala:28)
	at org.apache.spark.InterruptibleIterator.toArray(InterruptibleIterator.scala:28)
	at java.util.concurrent.ThreadPoolExecutor.runWorker(ThreadPoolExecutor.java:1142)
	at org.apache.spark.scheduler.DAGScheduler$$anonfun$abortStage$1.apply(DAGScheduler.scala:1587)
	at scala.Option.foreach(Option.scala:257)
	at org.apache.spark.SparkContext.runJob(SparkContext.scala:2055)
	at org.apache.spark.SparkContext.runJob(SparkContext.scala:2074)
	at org.apache.spark.api.python.PythonRDD.runJob(PythonRDD.scala)
	at sun.reflect.DelegatingMethodAccessorImpl.invoke(DelegatingMethodAccessorImpl.java:43)
	at py4j.GatewayConnection.run(GatewayConnection.java:214)
  File "/hadoop/yarn/local/usercache/dp/appcache/application_1547197277214_0092/container_e03_1547197277214_0092_01_000004/pyspark.zip/pyspark/worker.py", line 229, in main
  File "/hadoop/yarn/local/usercache/dp/appcache/application_1547197277214_0092/container_e03_1547197277214_0092_01_000004/pyspark.zip/pyspark/worker.py", line 224, in process
    vs = list(itertools.islice(iterator, batch))
  File "/hadoop/yarn/local/usercache/dp/appcache/application_1547197277214_0092/container_e03_1547197277214_0092_01_000004/pyspark.zip/pyspark/mllib/linalg/distributed.py", line 445, in __init__
    self.vector = _convert_to_vector(vector)
	at org.apache.spark.api.python.PythonRunner$$anon$1.read(PythonRunner.scala:421)
	at org.apache.spark.InterruptibleIterator.toBuffer(InterruptibleIterator.scala:28)
	at org.apache.spark.api.python.PythonRDD$$anonfun$1.apply(PythonRDD.scala:141)
	at org.apache.spark.executor.Executor$TaskRunner.run(Executor.scala:345)
	... 1 more

2019-01-16 19:13:35,052 - tornado.application - INFO - #################  send msg to client successfully,the msg is as follow:  #################
2019-01-16 19:13:52,785 - tornado.application - INFO - receive message
usegai_spark_application_0
2019-01-16 19:13:52,790 - tornado.application - INFO - {'user_name': '12', 'id': 'fd719237-acd8-4d72-8388-d822c0d5dab0', 'method': 'ReadingData', 'state': 'busy', 'worker_id': 29691}
[Stage 836:==========>                                            (3 + 12) / 16]
[Stage 836:====================>                                  (6 + 10) / 16]
[Stage 836:========================>                               (7 + 9) / 16]
[Stage 837:=======>                                                 (1 + 6) / 8]
                                                                                
work_id = 1774 and module_name like "fd719237-acd8-4d72-8388-d822c0d5dab0"
2019-01-16 19:14:03,380 - tornado.application - INFO - sparkcontext process cost time:10.59371280670166
2019-01-16 19:14:03,557 - tornado.application - INFO - receive message
##########################client request parameter in sparkworker    {'msgId': 'c2e93da1-6120-43fa-b3a9-8cd8c2fc348a', 'data': {'class_name': 'ExecuteRandomForest', 'param': {'scaledvalue': 800, 'bucket_type': 'rate', 'pre_node_id': 'fd719237-acd8-4d72-8388-d822c0d5dab0', 'select_fields': [{'parent': 'DOUBLE', 'children': False, 'name': 'yl23', 'checked': True, 'state': '', 'type': 'double'}, {'parent': 'DOUBLE', 'children': False, 'name': 'yl24', 'checked': True, 'state': '', 'type': 'double'}, {'parent': 'DOUBLE', 'children': False, 'name': 'yl25', 'checked': True, 'state': '', 'type': 'double'}, {'parent': 'DOUBLE', 'children': False, 'name': 'yl26', 'checked': True, 'state': '', 'type': 'double'}, {'parent': 'DOUBLE', 'children': False, 'name': 'yl27', 'checked': True, 'state': '', 'type': 'double'}], 'model_type': 'RandomForest', 'model_test_input': '', 'model_param': {'numTrees': 20, 'maxDepth': 5, 'featureSubsetStrategy': 'auto', 'impurity': 'gini', 'subsamplingRate': 1, 'maxBins': 32, 'minInfoGain': 0, 'minInstancesPerNode': 1}, 'input_bucket_dataset': '', 'bucket_num': 10, 'workId': 1774, 'min_score': 300, 'y_col': 'GEO_Y', 'output': '/liyiwen1/15/1774/6a180f3c-c4cf-44cb-8fad-3ec3d9161b5c', 'operation_name': 'train', 'input': '/liyiwen1/15/1774/fd719237-acd8-4d72-8388-d822c0d5dab0/add_feature_column', 'odds': 50, 'max_score': 900, 'model': 'RandomForest_model', 'pdo': 25, 'small_batch': 1, 'nodeId': '6a180f3c-c4cf-44cb-8fad-3ec3d9161b5c', 'if_bucket': '1'}, 'user_name': '12', 'node_id': '6a180f3c-c4cf-44cb-8fad-3ec3d9161b5c'}}   ##########################  
  File "/opt/www/gai_spark_connection/sparkcontextWorker.py", line 412, in exec_test
  File "/server/app/anaconda3/lib/python3.6/importlib/__init__.py", line 126, in import_module
    return _bootstrap._gcd_import(name[level:], package, level)
  File "<frozen importlib._bootstrap>", line 971, in _find_and_load
  File "<frozen importlib._bootstrap>", line 955, in _find_and_load_unlocked
  File "<frozen importlib._bootstrap>", line 626, in _load_backward_compatible
2019-01-16 19:14:43,410 - tornado.application - INFO - #################  send msg to client successfully,the msg is as follow:  #################
2019-01-16 19:15:03,432 - tornado.application - INFO - {'state': 'heartbeat', 'worker_id': 29691}
2019-01-16 19:17:23,557 - tornado.application - INFO - #################  send msg to client successfully,the msg is as follow:  #################
2019-01-16 19:17:43,576 - tornado.application - INFO - #################  send msg to client successfully,the msg is as follow:  #################
2019-01-16 19:18:03,597 - tornado.application - INFO - #################  send msg to client successfully,the msg is as follow:  #################
2019-01-16 19:18:23,616 - tornado.application - INFO - {'state': 'heartbeat', 'worker_id': 29691}
2019-01-16 19:18:43,635 - tornado.application - INFO - #################  send msg to client successfully,the msg is as follow:  #################
2019-01-16 19:19:02,105 - tornado.application - INFO - receive message
usegai_spark_application_0
##########################client request parameter in sparkworker    {'msgId': '32e7d9cf-9c23-4435-9dd4-a2a3e6e68deb', 'data': {'class_name': 'ReadingData', 'param': {'schema': [{'name': 'id', 'type': 'bigint'}, {'name': 'checking', 'type': 'bigint'}, {'name': 'duration', 'type': 'bigint'}, {'name': 'history', 'type': 'bigint'}, {'name': 'purpose', 'type': 'string'}, {'name': 'amount', 'type': 'bigint'}, {'name': 'savings', 'type': 'bigint'}, {'name': 'employed', 'type': 'bigint'}, {'name': 'installp', 'type': 'bigint'}, {'name': 'marital', 'type': 'bigint'}, {'name': 'coapp', 'type': 'bigint'}, {'name': 'resident', 'type': 'bigint'}, {'name': 'property', 'type': 'bigint'}, {'name': 'age', 'type': 'bigint'}, {'name': 'other', 'type': 'bigint'}, {'name': 'housing', 'type': 'bigint'}, {'name': 'existcr', 'type': 'bigint'}, {'name': 'job', 'type': 'bigint'}, {'name': 'depends', 'type': 'bigint'}, {'name': 'telephon', 'type': 'bigint'}, {'name': 'foreign', 'type': 'bigint'}, {'name': 'good_bad', 'type': 'bigint'}, {'name': 'checkingstr', 'type': 'string'}, {'name': 'historystr', 'type': 'string'}], 'pcv': '1', 'switchPcv': 1, 'positive': '1', 'workId': 1779, 'tableName': 'dmagecr1', 'y_col': 'good_bad', 'output': '/liyiwen1/15/1779/8e30d355-8443-42bb-adde-095c06ae6713', 'operation_name': 'reading_data', 'input': '/liyiwen1/datasource/2058/', 'expireTime': 30, 'delimiter': ',', 'tableId': '2058', 'small_batch': 1, 'nodeId': '8e30d355-8443-42bb-adde-095c06ae6713', 'yCol': 'good_bad'}, 'user_name': '12', 'node_id': '8e30d355-8443-42bb-adde-095c06ae6713'}}   ##########################  
2019-01-16 19:19:02,107 - tornado.application - INFO - {'user_name': '12', 'id': '8e30d355-8443-42bb-adde-095c06ae6713', 'method': 'ReadingData', 'state': 'busy', 'worker_id': 29691}
{'rows': 1000, 'columns': 24, 'output': 'null'}
2019-01-16 19:19:03,030 - tornado.application - INFO - #################  send msg to client successfully,the msg is as follow:  #################
2019-01-16 19:19:03,031 - tornado.application - INFO - sparkcontext process cost time:0.9249396324157715
2019-01-16 19:19:03,206 - tornado.application - INFO - #################  send msg to client successfully,the msg is as follow:  #################
2019-01-16 19:19:03,206 - tornado.application - INFO - {'user_name': '12', 'id': '4fc93c17-bbc6-4068-a404-1baeedfef08d', 'method': 'FeaturePCA', 'state': 'busy', 'worker_id': 29691}
                                                                                
work_id = 1779 and module_name like "4fc93c17-bbc6-4068-a404-1baeedfef08d"
2019-01-16 19:19:12,153 - tornado.application - INFO - ---job process done---
2019-01-16 19:19:12,154 - tornado.application - INFO - IDLE
2019-01-16 19:19:12,154 - tornado.application - INFO - sparkcontext process cost time:8.94903826713562
usegai_spark_application_0
2019-01-16 19:19:12,409 - tornado.application - INFO - ##############  Test Sparksession state  ##############
2019-01-16 19:19:12,582 - tornado.application - INFO - ---job process  error---
  File "/opt/www/gai_spark_connection/sparkcontextWorker.py", line 412, in exec_test
  File "/server/app/anaconda3/lib/python3.6/importlib/__init__.py", line 126, in import_module
    return _bootstrap._gcd_import(name[level:], package, level)
  File "<frozen importlib._bootstrap>", line 626, in _load_backward_compatible

2019-01-16 19:19:41,229 - tornado.application - INFO - {'msgId': '2adfd05d-1720-4a01-8a4a-ffc17d78c0f3', 'data': {'class_name': 'ExecuteGBDT', 'param': {'workId': 1779, 'input': '/liyiwen1/15/1779/4fc93c17-bbc6-4068-a404-1baeedfef08d/bin', 'output': '/liyiwen1/15/1779/4f7cb95a-ea25-4b04-bbd2-388cd19f5d4d', 'if_bucket': '1', 'operation_name': 'train', 'input_bucket_dataset': '', 'model': 'gbdt_model', 'model_type': 'GBDT', 'model_test_input': '', 'y_col': 'GEO_Y', 'select_fields': [{'checked': True, 'name': 'prin0', 'children': False, 'type': 'double', 'parent': 'DOUBLE', 'state': ''}, {'checked': True, 'name': 'prin1', 'children': False, 'type': 'double', 'parent': 'DOUBLE', 'state': ''}, {'checked': True, 'name': 'prin2', 'children': False, 'type': 'double', 'parent': 'DOUBLE', 'state': ''}, {'checked': True, 'name': 'prin3', 'children': False, 'type': 'double', 'parent': 'DOUBLE', 'state': ''}, {'checked': True, 'name': 'prin4', 'children': False, 'type': 'double', 'parent': 'DOUBLE', 'state': ''}, {'checked': True, 'name': 'prin5', 'children': False, 'type': 'double', 'parent': 'DOUBLE', 'state': ''}, {'checked': True, 'name': 'prin6', 'children': False, 'type': 'double', 'parent': 'DOUBLE', 'state': ''}, {'checked': True, 'name': 'prin7', 'children': False, 'type': 'double', 'parent': 'DOUBLE', 'state': ''}, {'checked': True, 'name': 'prin8', 'children': False, 'type': 'double', 'parent': 'DOUBLE', 'state': ''}, {'checked': True, 'name': 'prin9', 'children': False, 'type': 'double', 'parent': 'DOUBLE', 'state': ''}, {'checked': True, 'name': 'prin10', 'children': False, 'type': 'double', 'parent': 'DOUBLE', 'state': ''}, {'checked': True, 'name': 'prin11', 'children': False, 'type': 'double', 'parent': 'DOUBLE', 'state': ''}, {'checked': True, 'name': 'prin12', 'children': False, 'type': 'double', 'parent': 'DOUBLE', 'state': ''}, {'checked': True, 'name': 'prin13', 'children': False, 'type': 'double', 'parent': 'DOUBLE', 'state': ''}, {'checked': True, 'name': 'prin14', 'children': False, 'type': 'double', 'parent': 'DOUBLE', 'state': ''}, {'checked': True, 'name': 'prin15', 'children': False, 'type': 'double', 'parent': 'DOUBLE', 'state': ''}, {'checked': True, 'name': 'id', 'children': False, 'type': 'bigint', 'parent': 'BIGINT', 'state': ''}, {'checked': True, 'name': 'checking', 'children': False, 'type': 'bigint', 'parent': 'BIGINT', 'state': ''}, {'checked': True, 'name': 'duration', 'children': False, 'type': 'bigint', 'parent': 'BIGINT', 'state': ''}, {'checked': True, 'name': 'history', 'children': False, 'type': 'bigint', 'parent': 'BIGINT', 'state': ''}, {'checked': True, 'name': 'amount', 'children': False, 'type': 'bigint', 'parent': 'BIGINT', 'state': ''}, {'checked': True, 'name': 'savings', 'children': False, 'type': 'bigint', 'parent': 'BIGINT', 'state': ''}, {'checked': True, 'name': 'employed', 'children': False, 'type': 'bigint', 'parent': 'BIGINT', 'state': ''}, {'checked': True, 'name': 'installp', 'children': False, 'type': 'bigint', 'parent': 'BIGINT', 'state': ''}, {'checked': True, 'name': 'marital', 'children': False, 'type': 'bigint', 'parent': 'BIGINT', 'state': ''}, {'checked': True, 'name': 'coapp', 'children': False, 'type': 'bigint', 'parent': 'BIGINT', 'state': ''}, {'checked': True, 'name': 'resident', 'children': False, 'type': 'bigint', 'parent': 'BIGINT', 'state': ''}, {'checked': True, 'name': 'property', 'children': False, 'type': 'bigint', 'parent': 'BIGINT', 'state': ''}, {'checked': True, 'name': 'age', 'children': False, 'type': 'bigint', 'parent': 'BIGINT', 'state': ''}, {'checked': True, 'name': 'other', 'children': False, 'type': 'bigint', 'parent': 'BIGINT', 'state': ''}, {'checked': True, 'name': 'housing', 'children': False, 'type': 'bigint', 'parent': 'BIGINT', 'state': ''}, {'checked': True, 'name': 'existcr', 'children': False, 'type': 'bigint', 'parent': 'BIGINT', 'state': ''}, {'checked': True, 'name': 'job', 'children': False, 'type': 'bigint', 'parent': 'BIGINT', 'state': ''}, {'checked': True, 'name': 'depends', 'children': False, 'type': 'bigint', 'parent': 'BIGINT', 'state': ''}, {'checked': True, 'name': 'telephon', 'children': False, 'type': 'bigint', 'parent': 'BIGINT', 'state': ''}, {'checked': True, 'name': 'foreign', 'children': False, 'type': 'bigint', 'parent': 'BIGINT', 'state': ''}], 'model_param': {'maxIter': 20, 'stepSize': 0.1, 'maxDepth': 5, 'minInstancesPerNode': 1, 'minInfoGain': 0, 'maxBins': 32, 'subsamplingRate': 1}, 'scaledvalue': 800, 'odds': 50, 'pdo': 25, 'min_score': 300, 'max_score': 900, 'bucket_type': 'rate', 'bucket_num': 10, 'nodeId': '4f7cb95a-ea25-4b04-bbd2-388cd19f5d4d', 'pre_node_id': '4fc93c17-bbc6-4068-a404-1baeedfef08d', 'small_batch': 1, 'switchStepwise': 0}, 'user_name': '12', 'node_id': '4f7cb95a-ea25-4b04-bbd2-388cd19f5d4d'}}
usegai_spark_application_0
##########################client request parameter in sparkworker    {'msgId': '2adfd05d-1720-4a01-8a4a-ffc17d78c0f3', 'data': {'class_name': 'ExecuteGBDT', 'param': {'workId': 1779, 'input': '/liyiwen1/15/1779/4fc93c17-bbc6-4068-a404-1baeedfef08d/bin', 'output': '/liyiwen1/15/1779/4f7cb95a-ea25-4b04-bbd2-388cd19f5d4d', 'if_bucket': '1', 'operation_name': 'train', 'input_bucket_dataset': '', 'model': 'gbdt_model', 'model_type': 'GBDT', 'model_test_input': '', 'y_col': 'GEO_Y', 'select_fields': [{'checked': True, 'name': 'prin0', 'children': False, 'type': 'double', 'parent': 'DOUBLE', 'state': ''}, {'checked': True, 'name': 'prin1', 'children': False, 'type': 'double', 'parent': 'DOUBLE', 'state': ''}, {'checked': True, 'name': 'prin2', 'children': False, 'type': 'double', 'parent': 'DOUBLE', 'state': ''}, {'checked': True, 'name': 'prin3', 'children': False, 'type': 'double', 'parent': 'DOUBLE', 'state': ''}, {'checked': True, 'name': 'prin4', 'children': False, 'type': 'double', 'parent': 'DOUBLE', 'state': ''}, {'checked': True, 'name': 'prin5', 'children': False, 'type': 'double', 'parent': 'DOUBLE', 'state': ''}, {'checked': True, 'name': 'prin6', 'children': False, 'type': 'double', 'parent': 'DOUBLE', 'state': ''}, {'checked': True, 'name': 'prin7', 'children': False, 'type': 'double', 'parent': 'DOUBLE', 'state': ''}, {'checked': True, 'name': 'prin8', 'children': False, 'type': 'double', 'parent': 'DOUBLE', 'state': ''}, {'checked': True, 'name': 'prin9', 'children': False, 'type': 'double', 'parent': 'DOUBLE', 'state': ''}, {'checked': True, 'name': 'prin10', 'children': False, 'type': 'double', 'parent': 'DOUBLE', 'state': ''}, {'checked': True, 'name': 'prin11', 'children': False, 'type': 'double', 'parent': 'DOUBLE', 'state': ''}, {'checked': True, 'name': 'prin12', 'children': False, 'type': 'double', 'parent': 'DOUBLE', 'state': ''}, {'checked': True, 'name': 'prin13', 'children': False, 'type': 'double', 'parent': 'DOUBLE', 'state': ''}, {'checked': True, 'name': 'prin14', 'children': False, 'type': 'double', 'parent': 'DOUBLE', 'state': ''}, {'checked': True, 'name': 'prin15', 'children': False, 'type': 'double', 'parent': 'DOUBLE', 'state': ''}, {'checked': True, 'name': 'id', 'children': False, 'type': 'bigint', 'parent': 'BIGINT', 'state': ''}, {'checked': True, 'name': 'checking', 'children': False, 'type': 'bigint', 'parent': 'BIGINT', 'state': ''}, {'checked': True, 'name': 'duration', 'children': False, 'type': 'bigint', 'parent': 'BIGINT', 'state': ''}, {'checked': True, 'name': 'history', 'children': False, 'type': 'bigint', 'parent': 'BIGINT', 'state': ''}, {'checked': True, 'name': 'amount', 'children': False, 'type': 'bigint', 'parent': 'BIGINT', 'state': ''}, {'checked': True, 'name': 'savings', 'children': False, 'type': 'bigint', 'parent': 'BIGINT', 'state': ''}, {'checked': True, 'name': 'employed', 'children': False, 'type': 'bigint', 'parent': 'BIGINT', 'state': ''}, {'checked': True, 'name': 'installp', 'children': False, 'type': 'bigint', 'parent': 'BIGINT', 'state': ''}, {'checked': True, 'name': 'marital', 'children': False, 'type': 'bigint', 'parent': 'BIGINT', 'state': ''}, {'checked': True, 'name': 'coapp', 'children': False, 'type': 'bigint', 'parent': 'BIGINT', 'state': ''}, {'checked': True, 'name': 'resident', 'children': False, 'type': 'bigint', 'parent': 'BIGINT', 'state': ''}, {'checked': True, 'name': 'property', 'children': False, 'type': 'bigint', 'parent': 'BIGINT', 'state': ''}, {'checked': True, 'name': 'age', 'children': False, 'type': 'bigint', 'parent': 'BIGINT', 'state': ''}, {'checked': True, 'name': 'other', 'children': False, 'type': 'bigint', 'parent': 'BIGINT', 'state': ''}, {'checked': True, 'name': 'housing', 'children': False, 'type': 'bigint', 'parent': 'BIGINT', 'state': ''}, {'checked': True, 'name': 'existcr', 'children': False, 'type': 'bigint', 'parent': 'BIGINT', 'state': ''}, {'checked': True, 'name': 'job', 'children': False, 'type': 'bigint', 'parent': 'BIGINT', 'state': ''}, {'checked': True, 'name': 'depends', 'children': False, 'type': 'bigint', 'parent': 'BIGINT', 'state': ''}, {'checked': True, 'name': 'telephon', 'children': False, 'type': 'bigint', 'parent': 'BIGINT', 'state': ''}, {'checked': True, 'name': 'foreign', 'children': False, 'type': 'bigint', 'parent': 'BIGINT', 'state': ''}], 'model_param': {'maxIter': 20, 'stepSize': 0.1, 'maxDepth': 5, 'minInstancesPerNode': 1, 'minInfoGain': 0, 'maxBins': 32, 'subsamplingRate': 1}, 'scaledvalue': 800, 'odds': 50, 'pdo': 25, 'min_score': 300, 'max_score': 900, 'bucket_type': 'rate', 'bucket_num': 10, 'nodeId': '4f7cb95a-ea25-4b04-bbd2-388cd19f5d4d', 'pre_node_id': '4fc93c17-bbc6-4068-a404-1baeedfef08d', 'small_batch': 1, 'switchStepwise': 0}, 'user_name': '12', 'node_id': '4f7cb95a-ea25-4b04-bbd2-388cd19f5d4d'}}   ##########################  
    module = importlib.import_module(import_module, BASE_DIR)
  File "<frozen importlib._bootstrap>", line 994, in _gcd_import
2019-01-16 19:19:57,159 - tornado.application - INFO - receive message
2019-01-16 19:19:57,159 - tornado.application - INFO - {'msgId': '58e60d1d-b1a9-4079-aa52-bef675e68cd6', 'data': {'class_name': 'ExecuteAdaboost', 'param': {'workId': 1779, 'input': '/liyiwen1/15/1779/4fc93c17-bbc6-4068-a404-1baeedfef08d/bin', 'output': '/liyiwen1/15/1779/f5c64002-9514-4c43-8791-ca3de5453c87', 'if_bucket': '1', 'operation_name': 'train', 'input_bucket_dataset': '', 'model': 'adaboost_model', 'model_type': 'Adaboost', 'model_test_input': '', 'bucket_type': 'rate', 'bucket_num': 10, 'y_col': 'GEO_Y', 'select_fields': [{'checked': True, 'name': 'prin0', 'children': False, 'type': 'double', 'parent': 'DOUBLE', 'state': ''}, {'checked': True, 'name': 'prin1', 'children': False, 'type': 'double', 'parent': 'DOUBLE', 'state': ''}, {'checked': True, 'name': 'prin2', 'children': False, 'type': 'double', 'parent': 'DOUBLE', 'state': ''}, {'checked': True, 'name': 'prin3', 'children': False, 'type': 'double', 'parent': 'DOUBLE', 'state': ''}, {'checked': True, 'name': 'prin4', 'children': False, 'type': 'double', 'parent': 'DOUBLE', 'state': ''}, {'checked': True, 'name': 'prin5', 'children': False, 'type': 'double', 'parent': 'DOUBLE', 'state': ''}, {'checked': True, 'name': 'prin6', 'children': False, 'type': 'double', 'parent': 'DOUBLE', 'state': ''}, {'checked': True, 'name': 'prin7', 'children': False, 'type': 'double', 'parent': 'DOUBLE', 'state': ''}, {'checked': True, 'name': 'prin8', 'children': False, 'type': 'double', 'parent': 'DOUBLE', 'state': ''}, {'checked': True, 'name': 'prin9', 'children': False, 'type': 'double', 'parent': 'DOUBLE', 'state': ''}, {'checked': True, 'name': 'prin10', 'children': False, 'type': 'double', 'parent': 'DOUBLE', 'state': ''}, {'checked': True, 'name': 'prin11', 'children': False, 'type': 'double', 'parent': 'DOUBLE', 'state': ''}, {'checked': True, 'name': 'prin12', 'children': False, 'type': 'double', 'parent': 'DOUBLE', 'state': ''}, {'checked': True, 'name': 'prin13', 'children': False, 'type': 'double', 'parent': 'DOUBLE', 'state': ''}, {'checked': True, 'name': 'prin14', 'children': False, 'type': 'double', 'parent': 'DOUBLE', 'state': ''}, {'checked': True, 'name': 'prin15', 'children': False, 'type': 'double', 'parent': 'DOUBLE', 'state': ''}, {'checked': True, 'name': 'id', 'children': False, 'type': 'bigint', 'parent': 'BIGINT', 'state': ''}, {'checked': True, 'name': 'checking', 'children': False, 'type': 'bigint', 'parent': 'BIGINT', 'state': ''}, {'checked': True, 'name': 'duration', 'children': False, 'type': 'bigint', 'parent': 'BIGINT', 'state': ''}, {'checked': True, 'name': 'history', 'children': False, 'type': 'bigint', 'parent': 'BIGINT', 'state': ''}, {'checked': True, 'name': 'amount', 'children': False, 'type': 'bigint', 'parent': 'BIGINT', 'state': ''}, {'checked': True, 'name': 'savings', 'children': False, 'type': 'bigint', 'parent': 'BIGINT', 'state': ''}, {'checked': True, 'name': 'employed', 'children': False, 'type': 'bigint', 'parent': 'BIGINT', 'state': ''}, {'checked': True, 'name': 'installp', 'children': False, 'type': 'bigint', 'parent': 'BIGINT', 'state': ''}, {'checked': True, 'name': 'marital', 'children': False, 'type': 'bigint', 'parent': 'BIGINT', 'state': ''}, {'checked': True, 'name': 'coapp', 'children': False, 'type': 'bigint', 'parent': 'BIGINT', 'state': ''}, {'checked': True, 'name': 'resident', 'children': False, 'type': 'bigint', 'parent': 'BIGINT', 'state': ''}, {'checked': True, 'name': 'property', 'children': False, 'type': 'bigint', 'parent': 'BIGINT', 'state': ''}, {'checked': True, 'name': 'age', 'children': False, 'type': 'bigint', 'parent': 'BIGINT', 'state': ''}, {'checked': True, 'name': 'other', 'children': False, 'type': 'bigint', 'parent': 'BIGINT', 'state': ''}, {'checked': True, 'name': 'housing', 'children': False, 'type': 'bigint', 'parent': 'BIGINT', 'state': ''}, {'checked': True, 'name': 'existcr', 'children': False, 'type': 'bigint', 'parent': 'BIGINT', 'state': ''}, {'checked': True, 'name': 'job', 'children': False, 'type': 'bigint', 'parent': 'BIGINT', 'state': ''}, {'checked': True, 'name': 'depends', 'children': False, 'type': 'bigint', 'parent': 'BIGINT', 'state': ''}, {'checked': True, 'name': 'telephon', 'children': False, 'type': 'bigint', 'parent': 'BIGINT', 'state': ''}, {'checked': True, 'name': 'foreign', 'children': False, 'type': 'bigint', 'parent': 'BIGINT', 'state': ''}], 'model_param': {'algorithm': 'SAMME.R', 'n_estimators': 50, 'learning_rate': 1, 'max_features': 'None', 'max_depth': 5, 'min_samples_split': 2, 'min_samples_leaf': 1, 'min_weight_fraction_leaf': 0, 'max_leaf_nodes': ''}, 'scaledvalue': 800, 'odds': 50, 'pdo': 25, 'min_score': 300, 'max_score': 900, 'nodeId': 'f5c64002-9514-4c43-8791-ca3de5453c87', 'pre_node_id': '4fc93c17-bbc6-4068-a404-1baeedfef08d', 'small_batch': 1}, 'user_name': '12', 'node_id': 'f5c64002-9514-4c43-8791-ca3de5453c87'}}
usegai_spark_application_0
---busy--- {'user_name': '12', 'id': 'f5c64002-9514-4c43-8791-ca3de5453c87', 'method': 'ExecuteAdaboost', 'state': 'busy', 'worker_id': 29691}
SELECT fields FROM gai_module_data WHERE work_id = 1779 and module_name like "4fc93c17-bbc6-4068-a404-1baeedfef08d"
|        columns_type|

2019-01-16 19:19:58,138 - tornado.application - INFO - #################  send msg to client successfully,the msg is as follow:  #################
2019-01-16 19:19:58,138 - tornado.application - INFO - ---job process  error---
2019-01-16 19:19:58,139 - tornado.application - ERROR - Error sending error message: Traceback (most recent call last):
  File "/opt/www/gai_spark_connection/sparkcontextWorker.py", line 431, in exec_test
    adaboost_model = self.model_train(model, input_data, model_train_param, spark_hdfs_manager)
    adaboost_model = model.fit(input_data)
  File "/tmp/spark-b18ed3a3-4d17-44bb-b4b4-a2a715f98090/userFiles-b2997951-b2a0-4dd1-b8b3-9bc5679d2372/gai_platform.zip/gai_algorithm_project/supervised/classification.py", line 37, in fit
  File "/tmp/spark-b18ed3a3-4d17-44bb-b4b4-a2a715f98090/userFiles-b2997951-b2a0-4dd1-b8b3-9bc5679d2372/gai_platform.zip/gai_algorithm_project/supervised/adaboost.py", line 47, in fit
    ensure_min_features, warn_on_dtype, estimator)
2019-01-16 19:19:58,139 - tornado.application - INFO - IDLE
2019-01-16 19:19:58,139 - tornado.application - INFO - sparkcontext process cost time:0.9798746109008789
2019-01-16 19:22:32,295 - tornado.application - INFO - {'state': 'heartbeat', 'worker_id': 29691}
2019-01-16 19:24:12,384 - tornado.application - INFO - #################  send msg to client successfully,the msg is as follow:  #################
+--------------------+
  File "/opt/www/gai_spark_connection/sparkcontextWorker.py", line 431, in exec_test
    return super(AdaBoostClassifier, self).fit(X, y, sample_weight)
2019-01-16 19:25:19,281 - tornado.application - INFO - IDLE
2019-01-16 19:25:19,281 - tornado.application - INFO - sparkcontext process cost time:0.9308769702911377
2019-01-16 19:25:50,441 - tornado.application - INFO - receive message
2019-01-16 19:25:50,442 - tornado.application - INFO - {'msgId': '17582dd5-3b97-4cff-806e-4d176735b32b', 'data': {'class_name': 'ExecuteAdaboost', 'param': {'workId': 1779, 'input': '/liyiwen1/15/1779/4fc93c17-bbc6-4068-a404-1baeedfef08d/bin', 'output': '/liyiwen1/15/1779/f5c64002-9514-4c43-8791-ca3de5453c87', 'if_bucket': '1', 'operation_name': 'train', 'input_bucket_dataset': '', 'model': 'adaboost_model', 'model_type': 'Adaboost', 'model_test_input': '', 'bucket_type': 'rate', 'bucket_num': 10, 'y_col': 'GEO_Y', 'select_fields': [{'checked': True, 'name': 'prin0', 'children': False, 'type': 'double', 'parent': 'DOUBLE', 'state': ''}, {'checked': True, 'name': 'prin1', 'children': False, 'type': 'double', 'parent': 'DOUBLE', 'state': ''}, {'checked': True, 'name': 'prin2', 'children': False, 'type': 'double', 'parent': 'DOUBLE', 'state': ''}, {'checked': True, 'name': 'prin3', 'children': False, 'type': 'double', 'parent': 'DOUBLE', 'state': ''}, {'checked': True, 'name': 'prin4', 'children': False, 'type': 'double', 'parent': 'DOUBLE', 'state': ''}, {'checked': True, 'name': 'prin5', 'children': False, 'type': 'double', 'parent': 'DOUBLE', 'state': ''}, {'checked': True, 'name': 'prin6', 'children': False, 'type': 'double', 'parent': 'DOUBLE', 'state': ''}, {'checked': True, 'name': 'prin7', 'children': False, 'type': 'double', 'parent': 'DOUBLE', 'state': ''}, {'checked': True, 'name': 'prin8', 'children': False, 'type': 'double', 'parent': 'DOUBLE', 'state': ''}, {'checked': True, 'name': 'prin9', 'children': False, 'type': 'double', 'parent': 'DOUBLE', 'state': ''}, {'checked': True, 'name': 'prin10', 'children': False, 'type': 'double', 'parent': 'DOUBLE', 'state': ''}, {'checked': True, 'name': 'prin11', 'children': False, 'type': 'double', 'parent': 'DOUBLE', 'state': ''}, {'checked': True, 'name': 'prin12', 'children': False, 'type': 'double', 'parent': 'DOUBLE', 'state': ''}, {'checked': True, 'name': 'prin13', 'children': False, 'type': 'double', 'parent': 'DOUBLE', 'state': ''}, {'checked': True, 'name': 'prin14', 'children': False, 'type': 'double', 'parent': 'DOUBLE', 'state': ''}, {'checked': True, 'name': 'prin15', 'children': False, 'type': 'double', 'parent': 'DOUBLE', 'state': ''}, {'checked': True, 'name': 'id', 'children': False, 'type': 'bigint', 'parent': 'BIGINT', 'state': ''}, {'checked': True, 'name': 'checking', 'children': False, 'type': 'bigint', 'parent': 'BIGINT', 'state': ''}, {'checked': True, 'name': 'duration', 'children': False, 'type': 'bigint', 'parent': 'BIGINT', 'state': ''}, {'checked': True, 'name': 'history', 'children': False, 'type': 'bigint', 'parent': 'BIGINT', 'state': ''}, {'checked': True, 'name': 'amount', 'children': False, 'type': 'bigint', 'parent': 'BIGINT', 'state': ''}, {'checked': True, 'name': 'savings', 'children': False, 'type': 'bigint', 'parent': 'BIGINT', 'state': ''}, {'checked': True, 'name': 'employed', 'children': False, 'type': 'bigint', 'parent': 'BIGINT', 'state': ''}, {'checked': True, 'name': 'installp', 'children': False, 'type': 'bigint', 'parent': 'BIGINT', 'state': ''}, {'checked': True, 'name': 'marital', 'children': False, 'type': 'bigint', 'parent': 'BIGINT', 'state': ''}, {'checked': True, 'name': 'coapp', 'children': False, 'type': 'bigint', 'parent': 'BIGINT', 'state': ''}, {'checked': True, 'name': 'resident', 'children': False, 'type': 'bigint', 'parent': 'BIGINT', 'state': ''}, {'checked': True, 'name': 'property', 'children': False, 'type': 'bigint', 'parent': 'BIGINT', 'state': ''}, {'checked': True, 'name': 'age', 'children': False, 'type': 'bigint', 'parent': 'BIGINT', 'state': ''}, {'checked': True, 'name': 'other', 'children': False, 'type': 'bigint', 'parent': 'BIGINT', 'state': ''}, {'checked': True, 'name': 'housing', 'children': False, 'type': 'bigint', 'parent': 'BIGINT', 'state': ''}, {'checked': True, 'name': 'existcr', 'children': False, 'type': 'bigint', 'parent': 'BIGINT', 'state': ''}, {'checked': True, 'name': 'job', 'children': False, 'type': 'bigint', 'parent': 'BIGINT', 'state': ''}, {'checked': True, 'name': 'depends', 'children': False, 'type': 'bigint', 'parent': 'BIGINT', 'state': ''}, {'checked': True, 'name': 'telephon', 'children': False, 'type': 'bigint', 'parent': 'BIGINT', 'state': ''}, {'checked': True, 'name': 'foreign', 'children': False, 'type': 'bigint', 'parent': 'BIGINT', 'state': ''}], 'model_param': {'algorithm': 'SAMME.R', 'n_estimators': 15, 'learning_rate': 1, 'max_features': 'None', 'max_depth': 5, 'min_samples_split': 2, 'min_samples_leaf': 1, 'min_weight_fraction_leaf': 0, 'max_leaf_nodes': ''}, 'scaledvalue': 800, 'odds': 50, 'pdo': 25, 'min_score': 300, 'max_score': 900, 'nodeId': 'f5c64002-9514-4c43-8791-ca3de5453c87', 'pre_node_id': '4fc93c17-bbc6-4068-a404-1baeedfef08d', 'small_batch': 1}, 'user_name': '12', 'node_id': 'f5c64002-9514-4c43-8791-ca3de5453c87'}}
2019-01-16 19:25:50,443 - tornado.application - INFO - {'user_name': '12', 'id': 'f5c64002-9514-4c43-8791-ca3de5453c87', 'method': 'ExecuteAdaboost', 'state': 'busy', 'worker_id': 29691}
2019-01-16 19:25:51,298 - tornado.application - INFO - #################  send msg to client successfully,the msg is as follow:  #################
2019-01-16 19:25:51,298 - tornado.application - ERROR - Error sending error message: Traceback (most recent call last):
    adaboost_model = model.fit(input_data)
    return self.model.fit(train_data)
    adaboost_model = ada.fit(x_train, y_target)
  File "/server/app/anaconda3/lib/python3.6/site-packages/sklearn/ensemble/weight_boosting.py", line 413, in fit
  File "/server/app/anaconda3/lib/python3.6/site-packages/sklearn/utils/validation.py", line 462, in check_array
ValueError: Found array with 0 sample(s) (shape=(0, 36)) while a minimum of 1 is required.
2019-01-16 19:26:40,113 - tornado.application - INFO - sparkcontext process cost time:7.446763038635254
2019-01-16 19:26:49,993 - tornado.application - INFO - receive message
2019-01-16 19:26:49,993 - tornado.application - INFO - {'msgId': 'c9cff1df-57dd-4b84-ac08-68bbc26bf97c', 'data': {'class_name': 'ExecuteRandomForest', 'param': {'workId': 1773, 'input': '/liyiwen/20/1773/76c242b9-c2af-4581-af89-c319e0d5a920/bin', 'output': '/liyiwen/20/1773/5cd4b763-cdcd-44cb-a848-d740248e30e9', 'if_bucket': '1', 'operation_name': 'train', 'input_bucket_dataset': '', 'model': 'RandomForest_model', 'model_type': 'RandomForest', 'model_test_input': '', 'y_col': 'GEO_Y', 'select_fields': [{'checked': True, 'name': 'prin0', 'children': False, 'type': 'double', 'parent': 'DOUBLE', 'state': ''}, {'checked': True, 'name': 'prin1', 'children': False, 'type': 'double', 'parent': 'DOUBLE', 'state': ''}, {'checked': True, 'name': 'prin2', 'children': False, 'type': 'double', 'parent': 'DOUBLE', 'state': ''}, {'checked': True, 'name': 'prin3', 'children': False, 'type': 'double', 'parent': 'DOUBLE', 'state': ''}, {'checked': True, 'name': 'prin4', 'children': False, 'type': 'double', 'parent': 'DOUBLE', 'state': ''}, {'checked': True, 'name': 'prin5', 'children': False, 'type': 'double', 'parent': 'DOUBLE', 'state': ''}, {'checked': True, 'name': 'prin6', 'children': False, 'type': 'double', 'parent': 'DOUBLE', 'state': ''}, {'checked': True, 'name': 'prin7', 'children': False, 'type': 'double', 'parent': 'DOUBLE', 'state': ''}, {'checked': True, 'name': 'prin8', 'children': False, 'type': 'double', 'parent': 'DOUBLE', 'state': ''}, {'checked': True, 'name': 'prin9', 'children': False, 'type': 'double', 'parent': 'DOUBLE', 'state': ''}, {'checked': True, 'name': 'prin10', 'children': False, 'type': 'double', 'parent': 'DOUBLE', 'state': ''}, {'checked': True, 'name': 'prin11', 'children': False, 'type': 'double', 'parent': 'DOUBLE', 'state': ''}, {'checked': True, 'name': 'prin12', 'children': False, 'type': 'double', 'parent': 'DOUBLE', 'state': ''}, {'checked': True, 'name': 'prin13', 'children': False, 'type': 'double', 'parent': 'DOUBLE', 'state': ''}, {'checked': True, 'name': 'prin14', 'children': False, 'type': 'double', 'parent': 'DOUBLE', 'state': ''}, {'checked': True, 'name': 'prin15', 'children': False, 'type': 'double', 'parent': 'DOUBLE', 'state': ''}, {'checked': True, 'name': 'id', 'children': False, 'type': 'bigint', 'parent': 'BIGINT', 'state': ''}, {'checked': True, 'name': 'checking', 'children': False, 'type': 'bigint', 'parent': 'BIGINT', 'state': ''}, {'checked': True, 'name': 'duration', 'children': False, 'type': 'bigint', 'parent': 'BIGINT', 'state': ''}, {'checked': True, 'name': 'history', 'children': False, 'type': 'bigint', 'parent': 'BIGINT', 'state': ''}, {'checked': True, 'name': 'amount', 'children': False, 'type': 'bigint', 'parent': 'BIGINT', 'state': ''}, {'checked': True, 'name': 'savings', 'children': False, 'type': 'bigint', 'parent': 'BIGINT', 'state': ''}, {'checked': True, 'name': 'employed', 'children': False, 'type': 'bigint', 'parent': 'BIGINT', 'state': ''}, {'checked': True, 'name': 'installp', 'children': False, 'type': 'bigint', 'parent': 'BIGINT', 'state': ''}, {'checked': True, 'name': 'marital', 'children': False, 'type': 'bigint', 'parent': 'BIGINT', 'state': ''}, {'checked': True, 'name': 'coapp', 'children': False, 'type': 'bigint', 'parent': 'BIGINT', 'state': ''}, {'checked': True, 'name': 'resident', 'children': False, 'type': 'bigint', 'parent': 'BIGINT', 'state': ''}, {'checked': True, 'name': 'property', 'children': False, 'type': 'bigint', 'parent': 'BIGINT', 'state': ''}, {'checked': True, 'name': 'age', 'children': False, 'type': 'bigint', 'parent': 'BIGINT', 'state': ''}, {'checked': True, 'name': 'other', 'children': False, 'type': 'bigint', 'parent': 'BIGINT', 'state': ''}, {'checked': True, 'name': 'housing', 'children': False, 'type': 'bigint', 'parent': 'BIGINT', 'state': ''}, {'checked': True, 'name': 'existcr', 'children': False, 'type': 'bigint', 'parent': 'BIGINT', 'state': ''}, {'checked': True, 'name': 'job', 'children': False, 'type': 'bigint', 'parent': 'BIGINT', 'state': ''}, {'checked': True, 'name': 'depends', 'children': False, 'type': 'bigint', 'parent': 'BIGINT', 'state': ''}, {'checked': True, 'name': 'telephon', 'children': False, 'type': 'bigint', 'parent': 'BIGINT', 'state': ''}, {'checked': True, 'name': 'foreign', 'children': False, 'type': 'bigint', 'parent': 'BIGINT', 'state': ''}], 'model_param': {'impurity': 'gini', 'numTrees': 20, 'maxDepth': 5, 'maxBins': 32, 'minInstancesPerNode': 1, 'minInfoGain': 0, 'featureSubsetStrategy': 'auto', 'subsamplingRate': 1}, 'scaledvalue': 800, 'odds': 50, 'pdo': 25, 'min_score': 300, 'max_score': 900, 'bucket_type': 'rate', 'bucket_num': 10, 'nodeId': '5cd4b763-cdcd-44cb-a848-d740248e30e9', 'pre_node_id': '76c242b9-c2af-4581-af89-c319e0d5a920', 'small_batch': 1}, 'user_name': '5', 'node_id': '5cd4b763-cdcd-44cb-a848-d740248e30e9'}}
2019-01-16 19:26:49,994 - tornado.application - INFO - #################  send msg to client successfully,the msg is as follow:  #################
2019-01-16 19:26:50,171 - tornado.application - INFO - #################  send msg to client successfully,the msg is as follow:  #################
2019-01-16 19:26:50,171 - tornado.application - INFO - ---job process  error---
  File "/opt/www/gai_spark_connection/sparkcontextWorker.py", line 412, in exec_test
  File "<frozen importlib._bootstrap>", line 971, in _find_and_load
    from pyspark2pmml import PMMLBuilder
2019-01-16 19:26:50,172 - tornado.application - INFO - sparkcontext process cost time:0.17850446701049805
2019-01-16 19:27:12,501 - tornado.application - INFO - {'state': 'heartbeat', 'worker_id': 29691}
2019-01-16 19:28:11,648 - tornado.application - INFO - ##############  Test Sparksession state  ##############
2019-01-16 19:28:12,646 - tornado.application - INFO - IDLE
##########################client request parameter in sparkworker    {'msgId': 'aade7a0c-02b7-40b2-aadc-5bd691467340', 'data': {'class_name': 'ExecuteAdaboost', 'param': {'scaledvalue': 800, 'bucket_type': 'rate', 'pre_node_id': '70cae320-ceb3-49ac-9319-b4af4c375cdb', 'select_fields': [{'parent': 'BIGINT', 'children': False, 'name': 'id', 'checked': True, 'state': '', 'type': 'bigint'}, {'parent': 'BIGINT', 'children': False, 'name': 'checking', 'checked': True, 'state': '', 'type': 'bigint'}, {'parent': 'BIGINT', 'children': False, 'name': 'duration', 'checked': True, 'state': '', 'type': 'bigint'}, {'parent': 'BIGINT', 'children': False, 'name': 'history', 'checked': True, 'state': '', 'type': 'bigint'}, {'parent': 'BIGINT', 'children': False, 'name': 'amount', 'checked': True, 'state': '', 'type': 'bigint'}, {'parent': 'BIGINT', 'children': False, 'name': 'savings', 'checked': True, 'state': '', 'type': 'bigint'}, {'parent': 'BIGINT', 'children': False, 'name': 'employed', 'checked': True, 'state': '', 'type': 'bigint'}, {'parent': 'BIGINT', 'children': False, 'name': 'installp', 'checked': True, 'state': '', 'type': 'bigint'}, {'parent': 'BIGINT', 'children': False, 'name': 'marital', 'checked': True, 'state': '', 'type': 'bigint'}, {'parent': 'BIGINT', 'children': False, 'name': 'coapp', 'checked': True, 'state': '', 'type': 'bigint'}, {'parent': 'BIGINT', 'children': False, 'name': 'resident', 'checked': True, 'state': '', 'type': 'bigint'}, {'parent': 'BIGINT', 'children': False, 'name': 'property', 'checked': True, 'state': '', 'type': 'bigint'}, {'parent': 'BIGINT', 'children': False, 'name': 'age', 'checked': True, 'state': '', 'type': 'bigint'}, {'parent': 'BIGINT', 'children': False, 'name': 'other', 'checked': True, 'state': '', 'type': 'bigint'}, {'parent': 'BIGINT', 'children': False, 'name': 'housing', 'checked': True, 'state': '', 'type': 'bigint'}, {'parent': 'BIGINT', 'children': False, 'name': 'existcr', 'checked': True, 'state': '', 'type': 'bigint'}, {'parent': 'BIGINT', 'children': False, 'name': 'job', 'checked': True, 'state': '', 'type': 'bigint'}, {'parent': 'BIGINT', 'children': False, 'name': 'depends', 'checked': True, 'state': '', 'type': 'bigint'}, {'parent': 'BIGINT', 'children': False, 'name': 'telephon', 'checked': True, 'state': '', 'type': 'bigint'}, {'parent': 'BIGINT', 'children': False, 'name': 'foreign', 'checked': True, 'state': '', 'type': 'bigint'}], 'model_type': 'Adaboost', 'model_test_input': '', 'model_param': {'max_features': 'None', 'max_leaf_nodes': '', 'max_depth': 5, 'min_samples_split': 2, 'n_estimators': 50, 'min_weight_fraction_leaf': 0, 'learning_rate': 1, 'min_samples_leaf': 1, 'algorithm': 'SAMME.R'}, 'input_bucket_dataset': '', 'bucket_num': 10, 'workId': 1780, 'min_score': 300, 'y_col': 'GEO_Y', 'output': '/liyiwen1/15/1780/c7080b19-ca92-4e6a-9f2f-7c72a1577ba0', 'operation_name': 'train', 'input': '/liyiwen1/15/1780/70cae320-ceb3-49ac-9319-b4af4c375cdb/add_feature_column', 'odds': 50, 'max_score': 900, 'model': 'adaboost_model', 'pdo': 25, 'small_batch': 1, 'nodeId': 'c7080b19-ca92-4e6a-9f2f-7c72a1577ba0', 'if_bucket': '1'}, 'user_name': '12', 'node_id': 'c7080b19-ca92-4e6a-9f2f-7c72a1577ba0'}}   ##########################  
2019-01-16 19:28:12,867 - tornado.application - INFO - #################  send msg to client successfully,the msg is as follow:  #################
2019-01-16 19:28:12,867 - tornado.application - INFO - ##############  Test Sparksession state  ##############
|[[parent -> BIGIN...|
[Stage 1023:========================>                            (93 + 3) / 200]
[Stage 1023:=========================================>          (158 + 3) / 200]
[Stage 1023:===========================================>        (167 + 3) / 200]
[Stage 1023:==================================================> (193 + 3) / 200]
[Stage 1026:===========================>                        (105 + 3) / 200]
+----------------+------------------+-----------+----+----+---------+---------+
|           std_A|             std_B|scaledvalue|odds| pdo|min_score|max_score|      best_threshold|
+----------------+------------------+-----------+----+----+---------+---------+--------------------+
[Stage 1045:>                                                     (0 + 12) / 50]
switchCustomBase: this key is error
is_modification: this key is error
std_score ---start----
  File "/server/app/anaconda3/lib/python3.6/site-packages/MySQLdb/cursors.py", line 247, in execute
    res = self._query(query)
  File "/server/app/anaconda3/lib/python3.6/site-packages/MySQLdb/cursors.py", line 374, in _do_query
    db.query(q)
Mysql Error:(1054, "Unknown column 'None' in 'where clause'")
SQL:SELECT rows FROM gai_component_rows WHERE work_id = None and node_id = "c7080b19-ca92-4e6a-9f2f-7c72a1577ba0" and output = "null"
Traceback (most recent call last):
  File "/tmp/spark-b18ed3a3-4d17-44bb-b4b4-a2a715f98090/userFiles-b2997951-b2a0-4dd1-b8b3-9bc5679d2372/gai_platform.zip/gai_feature_project/data_preprocessing_dataframe/MysqlUtils.py", line 46, in fetchRow
    result = self.cur.fetchone()

custom_fields: this key is error
is_modification: this key is error
19/01/16 19:28:30 WARN QuantileDiscretizer: Some quantiles were identical. Bucketing to 7 buckets as a result.
work_id = None and module_name like "c7080b19-ca92-4e6a-9f2f-7c72a1577ba0"
(1054, "Unknown column 'None' in 'where clause'")
  File "/server/app/anaconda3/lib/python3.6/site-packages/MySQLdb/cursors.py", line 250, in execute
  File "/server/app/anaconda3/lib/python3.6/site-packages/MySQLdb/connections.py", line 50, in defaulterrorhandler
    rowcount = self._do_query(q)
Traceback (most recent call last):
  File "/tmp/spark-b18ed3a3-4d17-44bb-b4b4-a2a715f98090/userFiles-b2997951-b2a0-4dd1-b8b3-9bc5679d2372/gai_platform.zip/gai_feature_project/data_preprocessing_dataframe/utils.py", line 519, in insert_table_rows_columns
  File "/tmp/spark-b18ed3a3-4d17-44bb-b4b4-a2a715f98090/userFiles-b2997951-b2a0-4dd1-b8b3-9bc5679d2372/gai_platform.zip/gai_feature_project/data_preprocessing_dataframe/MysqlUtils.py", line 46, in fetchRow
    result = self.cur.fetchone()
  File "/server/app/anaconda3/lib/python3.6/site-packages/MySQLdb/cursors.py", line 126, in _check_executed

19/01/16 19:28:35 WARN WindowExec: No Partition Defined for Window operation! Moving all data to a single partition, this can cause serious performance degradation.
|  indicator_data_tab|   score_segment_tab|    model_field_type|
+--------------------+--------------------+--------------------+--------------------+--------------------+-------------------------+--------------------+--------------------------------+
2019-01-16 19:28:41,255 - tornado.application - INFO - ---job process done---
2019-01-16 19:28:41,256 - tornado.application - INFO - IDLE
2019-01-16 19:30:21,317 - tornado.application - INFO - #################  send msg to client successfully,the msg is as follow:  #################
2019-01-16 19:30:41,337 - tornado.application - INFO - #################  send msg to client successfully,the msg is as follow:  #################
2019-01-16 19:31:01,356 - tornado.application - INFO - #################  send msg to client successfully,the msg is as follow:  #################
2019-01-16 19:31:01,356 - tornado.application - INFO - {'state': 'heartbeat', 'worker_id': 29691}
SELECT fields FROM gai_module_data WHERE work_id = 1780 and module_name like "70cae320-ceb3-49ac-9319-b4af4c375cdb"
2019-01-16 19:31:10,430 - tornado.application - INFO - {'user_name': '12', 'id': '14bd8173-fcb4-4c2f-a6d6-912eddc7fa7c', 'method': 'FeaturePCA', 'state': 'done', 'worker_id': 29691}
2019-01-16 19:31:10,430 - tornado.application - INFO - IDLE
2019-01-16 19:31:10,430 - tornado.application - INFO - sparkcontext process cost time:7.836531639099121
2019-01-16 19:31:10,601 - tornado.application - INFO - #################  send msg to client successfully,the msg is as follow:  #################
---busy--- {'user_name': '12', 'id': '1fccdbfe-b7c9-4a7a-ba2b-5d76906d20ba', 'method': 'ExecuteAdaboost', 'state': 'busy', 'worker_id': 29691}
|[[parent -> DOUBL...|
/server/app/anaconda3/lib/python3.6/site-packages/sklearn/ensemble/weight_boosting.py:533: RuntimeWarning: overflow encountered in exp
/server/app/anaconda3/lib/python3.6/site-packages/sklearn/ensemble/weight_boosting.py:166: RuntimeWarning: invalid value encountered in true_divide
  proba[proba < np.finfo(proba.dtype).eps] = np.finfo(proba.dtype).eps
  (estimator_weight < 0)))
/server/app/anaconda3/lib/python3.6/site-packages/sklearn/ensemble/weight_boosting.py:521: RuntimeWarning: invalid value encountered in less
  proba[proba < np.finfo(proba.dtype).eps] = np.finfo(proba.dtype).eps
/server/app/anaconda3/lib/python3.6/site-packages/sklearn/ensemble/weight_boosting.py:521: RuntimeWarning: invalid value encountered in less
  ((sample_weight > 0) |
  proba[proba < np.finfo(proba.dtype).eps] = np.finfo(proba.dtype).eps
/server/app/anaconda3/lib/python3.6/site-packages/sklearn/ensemble/weight_boosting.py:532: RuntimeWarning: invalid value encountered in greater
  ((sample_weight > 0) |
/server/app/anaconda3/lib/python3.6/site-packages/sklearn/ensemble/weight_boosting.py:533: RuntimeWarning: invalid value encountered in less
  proba[proba < np.finfo(proba.dtype).eps] = np.finfo(proba.dtype).eps
/server/app/anaconda3/lib/python3.6/site-packages/sklearn/ensemble/weight_boosting.py:533: RuntimeWarning: invalid value encountered in less
/server/app/anaconda3/lib/python3.6/site-packages/sklearn/ensemble/weight_boosting.py:533: RuntimeWarning: invalid value encountered in less
/server/app/anaconda3/lib/python3.6/site-packages/sklearn/ensemble/weight_boosting.py:521: RuntimeWarning: invalid value encountered in less
  proba[proba < np.finfo(proba.dtype).eps] = np.finfo(proba.dtype).eps
  proba[proba < np.finfo(proba.dtype).eps] = np.finfo(proba.dtype).eps
/server/app/anaconda3/lib/python3.6/site-packages/sklearn/ensemble/weight_boosting.py:533: RuntimeWarning: invalid value encountered in less
  (estimator_weight < 0)))
/server/app/anaconda3/lib/python3.6/site-packages/sklearn/ensemble/weight_boosting.py:533: RuntimeWarning: invalid value encountered in less
  (estimator_weight < 0)))
/server/app/anaconda3/lib/python3.6/site-packages/sklearn/ensemble/weight_boosting.py:532: RuntimeWarning: invalid value encountered in greater
/server/app/anaconda3/lib/python3.6/site-packages/sklearn/ensemble/weight_boosting.py:533: RuntimeWarning: invalid value encountered in less
  (estimator_weight < 0)))
  (estimator_weight < 0)))
  ((sample_weight > 0) |
/server/app/anaconda3/lib/python3.6/site-packages/sklearn/ensemble/weight_boosting.py:521: RuntimeWarning: invalid value encountered in less
/server/app/anaconda3/lib/python3.6/site-packages/sklearn/ensemble/weight_boosting.py:533: RuntimeWarning: invalid value encountered in less
  proba[proba < np.finfo(proba.dtype).eps] = np.finfo(proba.dtype).eps
  ((sample_weight > 0) |
  proba[proba < np.finfo(proba.dtype).eps] = np.finfo(proba.dtype).eps
/server/app/anaconda3/lib/python3.6/site-packages/sklearn/ensemble/weight_boosting.py:532: RuntimeWarning: invalid value encountered in greater
  (estimator_weight < 0)))
/server/app/anaconda3/lib/python3.6/site-packages/sklearn/ensemble/weight_boosting.py:521: RuntimeWarning: invalid value encountered in less
/server/app/anaconda3/lib/python3.6/site-packages/sklearn/ensemble/weight_boosting.py:533: RuntimeWarning: invalid value encountered in less
/server/app/anaconda3/lib/python3.6/site-packages/sklearn/ensemble/weight_boosting.py:521: RuntimeWarning: invalid value encountered in less
  proba[proba < np.finfo(proba.dtype).eps] = np.finfo(proba.dtype).eps
  ((sample_weight > 0) |
  proba[proba < np.finfo(proba.dtype).eps] = np.finfo(proba.dtype).eps
/server/app/anaconda3/lib/python3.6/site-packages/sklearn/ensemble/weight_boosting.py:532: RuntimeWarning: invalid value encountered in greater
/server/app/anaconda3/lib/python3.6/site-packages/sklearn/ensemble/weight_boosting.py:533: RuntimeWarning: invalid value encountered in less
/server/app/anaconda3/lib/python3.6/site-packages/sklearn/ensemble/weight_boosting.py:532: RuntimeWarning: invalid value encountered in greater
  ((sample_weight > 0) |
  (estimator_weight < 0)))
/server/app/anaconda3/lib/python3.6/site-packages/sklearn/ensemble/weight_boosting.py:521: RuntimeWarning: invalid value encountered in less
  ((sample_weight > 0) |
/server/app/anaconda3/lib/python3.6/site-packages/sklearn/ensemble/weight_boosting.py:532: RuntimeWarning: invalid value encountered in greater
/server/app/anaconda3/lib/python3.6/site-packages/sklearn/ensemble/weight_boosting.py:533: RuntimeWarning: invalid value encountered in less
  proba[proba < np.finfo(proba.dtype).eps] = np.finfo(proba.dtype).eps
/server/app/anaconda3/lib/python3.6/site-packages/sklearn/ensemble/weight_boosting.py:532: RuntimeWarning: invalid value encountered in greater
  ((sample_weight > 0) |
/server/app/anaconda3/lib/python3.6/site-packages/sklearn/ensemble/weight_boosting.py:533: RuntimeWarning: invalid value encountered in less
/server/app/anaconda3/lib/python3.6/site-packages/sklearn/ensemble/weight_boosting.py:521: RuntimeWarning: invalid value encountered in less
/server/app/anaconda3/lib/python3.6/site-packages/sklearn/ensemble/weight_boosting.py:533: RuntimeWarning: invalid value encountered in less
  ((sample_weight > 0) |
/server/app/anaconda3/lib/python3.6/site-packages/sklearn/ensemble/weight_boosting.py:533: RuntimeWarning: invalid value encountered in less
/server/app/anaconda3/lib/python3.6/site-packages/sklearn/ensemble/weight_boosting.py:532: RuntimeWarning: invalid value encountered in greater
  proba[proba < np.finfo(proba.dtype).eps] = np.finfo(proba.dtype).eps
/server/app/anaconda3/lib/python3.6/site-packages/sklearn/ensemble/weight_boosting.py:532: RuntimeWarning: invalid value encountered in greater
  proba[proba < np.finfo(proba.dtype).eps] = np.finfo(proba.dtype).eps
  ((sample_weight > 0) |
/server/app/anaconda3/lib/python3.6/site-packages/sklearn/ensemble/weight_boosting.py:533: RuntimeWarning: invalid value encountered in less
  (estimator_weight < 0)))
/server/app/anaconda3/lib/python3.6/site-packages/sklearn/ensemble/weight_boosting.py:521: RuntimeWarning: invalid value encountered in less
  proba[proba < np.finfo(proba.dtype).eps] = np.finfo(proba.dtype).eps
/server/app/anaconda3/lib/python3.6/site-packages/sklearn/ensemble/weight_boosting.py:533: RuntimeWarning: invalid value encountered in less
/server/app/anaconda3/lib/python3.6/site-packages/sklearn/ensemble/weight_boosting.py:521: RuntimeWarning: invalid value encountered in less
/server/app/anaconda3/lib/python3.6/site-packages/sklearn/ensemble/weight_boosting.py:532: RuntimeWarning: invalid value encountered in greater
/server/app/anaconda3/lib/python3.6/site-packages/sklearn/ensemble/weight_boosting.py:533: RuntimeWarning: invalid value encountered in less
  ((sample_weight > 0) |
/server/app/anaconda3/lib/python3.6/site-packages/sklearn/ensemble/weight_boosting.py:533: RuntimeWarning: invalid value encountered in less
/server/app/anaconda3/lib/python3.6/site-packages/sklearn/ensemble/weight_boosting.py:521: RuntimeWarning: invalid value encountered in less
  proba[proba < np.finfo(proba.dtype).eps] = np.finfo(proba.dtype).eps
[Stage 1242:======>                                              (25 + 7) / 200]
work_id = 1780 and module_name like "1fccdbfe-b7c9-4a7a-ba2b-5d76906d20ba"
2019-01-16 19:31:17,912 - tornado.application - INFO - {'user_name': '12', 'id': '1fccdbfe-b7c9-4a7a-ba2b-5d76906d20ba', 'method': 'ExecuteAdaboost', 'state': 'error', 'worker_id': 29691, 'errormessage': 'Traceback (most recent call last):\n  File "/opt/www/gai_spark_connection/sparkcontextWorker.py", line 431, in exec_test\n    result = handler.execute(gai_ss.sparkContext, gai_ss)\n  File "/tmp/spark-b18ed3a3-4d17-44bb-b4b4-a2a715f98090/userFiles-b2997951-b2a0-4dd1-b8b3-9bc5679d2372/gai_platform.zip/gai_model_project/ExecuteAdaboost.py", line 249, in execute\n    spark_hdfs_manager, spark)\n  File "/tmp/spark-b18ed3a3-4d17-44bb-b4b4-a2a715f98090/userFiles-b2997951-b2a0-4dd1-b8b3-9bc5679d2372/gai_platform.zip/gai_model_project/ExecuteAdaboost.py", line 105, in model_test\n    y_pred_df = model.predict(adaboost_model, test_data)\n  File "/tmp/spark-b18ed3a3-4d17-44bb-b4b4-a2a715f98090/userFiles-b2997951-b2a0-4dd1-b8b3-9bc5679d2372/gai_platform.zip/gai_algorithm_project/supervised/classification.py", line 46, in predict\n    return self.model.predict(model, test_data)\n  File "/tmp/spark-b18ed3a3-4d17-44bb-b4b4-a2a715f98090/userFiles-b2997951-b2a0-4dd1-b8b3-9bc5679d2372/gai_platform.zip/gai_algorithm_project/supervised/adaboost.py", line 60, in predict\n    fpr, tpr, thresholds = metrics.roc_curve(y_target.values.ravel(), prob_predict.values.ravel())\n  File "/server/app/anaconda3/lib/python3.6/site-packages/sklearn/metrics/ranking.py", line 534, in roc_curve\n    y_true, y_score, pos_label=pos_label, sample_weight=sample_weight)\n  File "/server/app/anaconda3/lib/python3.6/site-packages/sklearn/metrics/ranking.py", line 324, in _binary_clf_curve\n    assert_all_finite(y_score)\n  File "/server/app/anaconda3/lib/python3.6/site-packages/sklearn/utils/validation.py", line 54, in assert_all_finite\n    _assert_all_finite(X.data if sp.issparse(X) else X)\n  File "/server/app/anaconda3/lib/python3.6/site-packages/sklearn/utils/validation.py", line 44, in _assert_all_finite\n    " or a value too large for %r." % X.dtype)\nValueError: Input contains NaN, infinity or a value too large for dtype(\'float64\').\n'}
2019-01-16 19:31:17,912 - tornado.application - INFO - ---job process  error---
    y_pred_df = model.predict(adaboost_model, test_data)
  File "/tmp/spark-b18ed3a3-4d17-44bb-b4b4-a2a715f98090/userFiles-b2997951-b2a0-4dd1-b8b3-9bc5679d2372/gai_platform.zip/gai_algorithm_project/supervised/adaboost.py", line 60, in predict
    _assert_all_finite(X.data if sp.issparse(X) else X)

2019-01-16 19:31:17,913 - tornado.application - INFO - IDLE
2019-01-16 19:32:01,398 - tornado.application - INFO - {'state': 'heartbeat', 'worker_id': 29691}
2019-01-16 19:32:21,418 - tornado.application - INFO - #################  send msg to client successfully,the msg is as follow:  #################
2019-01-16 19:33:01,455 - tornado.application - INFO - {'state': 'heartbeat', 'worker_id': 29691}
2019-01-16 19:33:21,477 - tornado.application - INFO - #################  send msg to client successfully,the msg is as follow:  #################
2019-01-16 19:33:21,477 - tornado.application - INFO - {'state': 'heartbeat', 'worker_id': 29691}
2019-01-16 19:34:01,517 - tornado.application - INFO - #################  send msg to client successfully,the msg is as follow:  #################
2019-01-16 19:34:21,538 - tornado.application - INFO - {'state': 'heartbeat', 'worker_id': 29691}
2019-01-16 19:34:41,558 - tornado.application - INFO - #################  send msg to client successfully,the msg is as follow:  #################
2019-01-16 19:35:01,570 - tornado.application - INFO - {'state': 'heartbeat', 'worker_id': 29691}
2019-01-16 19:35:21,590 - tornado.application - INFO - #################  send msg to client successfully,the msg is as follow:  #################
2019-01-16 19:36:01,623 - tornado.application - INFO - {'state': 'heartbeat', 'worker_id': 29691}
2019-01-16 19:37:01,670 - tornado.application - INFO - {'state': 'heartbeat', 'worker_id': 29691}
2019-01-16 19:37:21,691 - tornado.application - INFO - {'state': 'heartbeat', 'worker_id': 29691}
2019-01-16 19:39:01,784 - tornado.application - INFO - {'state': 'heartbeat', 'worker_id': 29691}
2019-01-16 19:39:21,795 - tornado.application - INFO - #################  send msg to client successfully,the msg is as follow:  #################
2019-01-16 19:39:21,796 - tornado.application - INFO - {'state': 'heartbeat', 'worker_id': 29691}
2019-01-16 19:39:41,815 - tornado.application - INFO - {'state': 'heartbeat', 'worker_id': 29691}
2019-01-16 19:40:21,851 - tornado.application - INFO - #################  send msg to client successfully,the msg is as follow:  #################
2019-01-16 19:41:41,924 - tornado.application - INFO - #################  send msg to client successfully,the msg is as follow:  #################
2019-01-16 19:41:41,924 - tornado.application - INFO - {'state': 'heartbeat', 'worker_id': 29691}
2019-01-16 19:42:41,970 - tornado.application - INFO - {'state': 'heartbeat', 'worker_id': 29691}
2019-01-16 19:43:01,986 - tornado.application - INFO - {'state': 'heartbeat', 'worker_id': 29691}
2019-01-16 19:43:42,026 - tornado.application - INFO - {'state': 'heartbeat', 'worker_id': 29691}
2019-01-16 19:44:42,082 - tornado.application - INFO - {'state': 'heartbeat', 'worker_id': 29691}
2019-01-16 19:45:22,124 - tornado.application - INFO - {'state': 'heartbeat', 'worker_id': 29691}
2019-01-16 19:45:42,143 - tornado.application - INFO - {'state': 'heartbeat', 'worker_id': 29691}
2019-01-16 19:46:22,184 - tornado.application - INFO - #################  send msg to client successfully,the msg is as follow:  #################
2019-01-16 19:46:42,188 - tornado.application - INFO - {'state': 'heartbeat', 'worker_id': 29691}
2019-01-16 19:47:42,240 - tornado.application - INFO - #################  send msg to client successfully,the msg is as follow:  #################
2019-01-16 19:47:42,240 - tornado.application - INFO - {'state': 'heartbeat', 'worker_id': 29691}
2019-01-16 19:48:42,280 - tornado.application - INFO - {'state': 'heartbeat', 'worker_id': 29691}
2019-01-16 19:49:22,309 - tornado.application - INFO - #################  send msg to client successfully,the msg is as follow:  #################
2019-01-16 19:49:22,309 - tornado.application - INFO - {'state': 'heartbeat', 'worker_id': 29691}
2019-01-16 19:50:22,370 - tornado.application - INFO - #################  send msg to client successfully,the msg is as follow:  #################
2019-01-16 19:50:22,370 - tornado.application - INFO - {'state': 'heartbeat', 'worker_id': 29691}
2019-01-16 19:51:22,428 - tornado.application - INFO - {'state': 'heartbeat', 'worker_id': 29691}
2019-01-16 19:51:42,441 - tornado.application - INFO - #################  send msg to client successfully,the msg is as follow:  #################
2019-01-16 19:52:42,496 - tornado.application - INFO - {'state': 'heartbeat', 'worker_id': 29691}
2019-01-16 19:54:22,595 - tornado.application - INFO - {'state': 'heartbeat', 'worker_id': 29691}
2019-01-16 19:55:02,629 - tornado.application - INFO - #################  send msg to client successfully,the msg is as follow:  #################
2019-01-16 19:56:02,687 - tornado.application - INFO - {'state': 'heartbeat', 'worker_id': 29691}
2019-01-16 19:57:02,747 - tornado.application - INFO - #################  send msg to client successfully,the msg is as follow:  #################
2019-01-16 19:58:02,808 - tornado.application - INFO - #################  send msg to client successfully,the msg is as follow:  #################
2019-01-16 19:58:22,828 - tornado.application - INFO - #################  send msg to client successfully,the msg is as follow:  #################
2019-01-16 19:58:22,828 - tornado.application - INFO - {'state': 'heartbeat', 'worker_id': 29691}
2019-01-16 19:58:42,846 - tornado.application - INFO - #################  send msg to client successfully,the msg is as follow:  #################
2019-01-16 19:59:02,866 - tornado.application - INFO - #################  send msg to client successfully,the msg is as follow:  #################
2019-01-16 19:59:02,867 - tornado.application - INFO - {'state': 'heartbeat', 'worker_id': 29691}
2019-01-16 19:59:42,904 - tornado.application - INFO - {'state': 'heartbeat', 'worker_id': 29691}
2019-01-16 20:00:02,924 - tornado.application - INFO - #################  send msg to client successfully,the msg is as follow:  #################
2019-01-16 20:00:42,963 - tornado.application - INFO - {'state': 'heartbeat', 'worker_id': 29691}
2019-01-16 20:01:02,983 - tornado.application - INFO - {'state': 'heartbeat', 'worker_id': 29691}
2019-01-16 20:01:43,019 - tornado.application - INFO - {'state': 'heartbeat', 'worker_id': 29691}
2019-01-16 20:02:03,039 - tornado.application - INFO - #################  send msg to client successfully,the msg is as follow:  #################
2019-01-16 20:02:03,040 - tornado.application - INFO - {'state': 'heartbeat', 'worker_id': 29691}
2019-01-16 20:02:23,060 - tornado.application - INFO - #################  send msg to client successfully,the msg is as follow:  #################
2019-01-16 20:02:43,078 - tornado.application - INFO - {'state': 'heartbeat', 'worker_id': 29691}
2019-01-16 20:03:03,096 - tornado.application - INFO - {'state': 'heartbeat', 'worker_id': 29691}
2019-01-16 20:03:23,114 - tornado.application - INFO - {'state': 'heartbeat', 'worker_id': 29691}
2019-01-16 20:04:03,139 - tornado.application - INFO - #################  send msg to client successfully,the msg is as follow:  #################
2019-01-16 20:04:23,157 - tornado.application - INFO - #################  send msg to client successfully,the msg is as follow:  #################
usegai_spark_application_0
2019-01-16 20:04:58,622 - tornado.application - INFO - ##############  Test Sparksession state  ##############
+--------------------+

/server/app/anaconda3/lib/python3.6/site-packages/sklearn/ensemble/weight_boosting.py:533: RuntimeWarning: overflow encountered in exp
/server/app/anaconda3/lib/python3.6/site-packages/sklearn/ensemble/weight_boosting.py:521: RuntimeWarning: invalid value encountered in less
  ((sample_weight > 0) |
/server/app/anaconda3/lib/python3.6/site-packages/sklearn/ensemble/weight_boosting.py:521: RuntimeWarning: invalid value encountered in less
  (estimator_weight < 0)))
/server/app/anaconda3/lib/python3.6/site-packages/sklearn/ensemble/weight_boosting.py:532: RuntimeWarning: invalid value encountered in greater
  ((sample_weight > 0) |
  (estimator_weight < 0)))
/server/app/anaconda3/lib/python3.6/site-packages/sklearn/ensemble/weight_boosting.py:532: RuntimeWarning: invalid value encountered in greater
  ((sample_weight > 0) |
/server/app/anaconda3/lib/python3.6/site-packages/sklearn/ensemble/weight_boosting.py:532: RuntimeWarning: invalid value encountered in greater
/server/app/anaconda3/lib/python3.6/site-packages/sklearn/ensemble/weight_boosting.py:533: RuntimeWarning: invalid value encountered in less
  proba[proba < np.finfo(proba.dtype).eps] = np.finfo(proba.dtype).eps
  ((sample_weight > 0) |
/server/app/anaconda3/lib/python3.6/site-packages/sklearn/ensemble/weight_boosting.py:533: RuntimeWarning: invalid value encountered in less
  (estimator_weight < 0)))
  (estimator_weight < 0)))
  proba[proba < np.finfo(proba.dtype).eps] = np.finfo(proba.dtype).eps
  ((sample_weight > 0) |
/server/app/anaconda3/lib/python3.6/site-packages/sklearn/ensemble/weight_boosting.py:533: RuntimeWarning: invalid value encountered in less
/server/app/anaconda3/lib/python3.6/site-packages/sklearn/ensemble/weight_boosting.py:532: RuntimeWarning: invalid value encountered in greater
/server/app/anaconda3/lib/python3.6/site-packages/sklearn/ensemble/weight_boosting.py:521: RuntimeWarning: invalid value encountered in less
  proba[proba < np.finfo(proba.dtype).eps] = np.finfo(proba.dtype).eps
/server/app/anaconda3/lib/python3.6/site-packages/sklearn/ensemble/weight_boosting.py:532: RuntimeWarning: invalid value encountered in greater
  ((sample_weight > 0) |
/server/app/anaconda3/lib/python3.6/site-packages/sklearn/ensemble/weight_boosting.py:532: RuntimeWarning: invalid value encountered in greater
/server/app/anaconda3/lib/python3.6/site-packages/sklearn/ensemble/weight_boosting.py:533: RuntimeWarning: invalid value encountered in less
  (estimator_weight < 0)))
/server/app/anaconda3/lib/python3.6/site-packages/sklearn/ensemble/weight_boosting.py:521: RuntimeWarning: invalid value encountered in less
  proba[proba < np.finfo(proba.dtype).eps] = np.finfo(proba.dtype).eps
  ((sample_weight > 0) |
/server/app/anaconda3/lib/python3.6/site-packages/sklearn/ensemble/weight_boosting.py:533: RuntimeWarning: invalid value encountered in less
  (estimator_weight < 0)))
  ((sample_weight > 0) |
/server/app/anaconda3/lib/python3.6/site-packages/sklearn/ensemble/weight_boosting.py:532: RuntimeWarning: invalid value encountered in greater
  ((sample_weight > 0) |
/server/app/anaconda3/lib/python3.6/site-packages/sklearn/ensemble/weight_boosting.py:521: RuntimeWarning: invalid value encountered in less
  ((sample_weight > 0) |
  ((sample_weight > 0) |
/server/app/anaconda3/lib/python3.6/site-packages/sklearn/ensemble/weight_boosting.py:533: RuntimeWarning: invalid value encountered in less
  (estimator_weight < 0)))
  proba[proba < np.finfo(proba.dtype).eps] = np.finfo(proba.dtype).eps
/server/app/anaconda3/lib/python3.6/site-packages/sklearn/ensemble/weight_boosting.py:533: RuntimeWarning: invalid value encountered in less
  proba[proba < np.finfo(proba.dtype).eps] = np.finfo(proba.dtype).eps
  ((sample_weight > 0) |
  (estimator_weight < 0)))
/server/app/anaconda3/lib/python3.6/site-packages/sklearn/ensemble/weight_boosting.py:521: RuntimeWarning: invalid value encountered in less
  proba[proba < np.finfo(proba.dtype).eps] = np.finfo(proba.dtype).eps
/server/app/anaconda3/lib/python3.6/site-packages/sklearn/ensemble/weight_boosting.py:521: RuntimeWarning: invalid value encountered in less
  (estimator_weight < 0)))
/server/app/anaconda3/lib/python3.6/site-packages/sklearn/ensemble/weight_boosting.py:532: RuntimeWarning: invalid value encountered in greater
  ((sample_weight > 0) |
/server/app/anaconda3/lib/python3.6/site-packages/sklearn/ensemble/weight_boosting.py:533: RuntimeWarning: invalid value encountered in less
  proba[proba < np.finfo(proba.dtype).eps] = np.finfo(proba.dtype).eps
/server/app/anaconda3/lib/python3.6/site-packages/sklearn/ensemble/weight_boosting.py:533: RuntimeWarning: invalid value encountered in less
/server/app/anaconda3/lib/python3.6/site-packages/sklearn/ensemble/weight_boosting.py:532: RuntimeWarning: invalid value encountered in greater
/server/app/anaconda3/lib/python3.6/site-packages/sklearn/ensemble/weight_boosting.py:521: RuntimeWarning: invalid value encountered in less
  ((sample_weight > 0) |
/server/app/anaconda3/lib/python3.6/site-packages/sklearn/ensemble/weight_boosting.py:533: RuntimeWarning: invalid value encountered in less
/server/app/anaconda3/lib/python3.6/site-packages/sklearn/ensemble/weight_boosting.py:521: RuntimeWarning: invalid value encountered in less
/server/app/anaconda3/lib/python3.6/site-packages/sklearn/ensemble/weight_boosting.py:521: RuntimeWarning: invalid value encountered in less
  proba[proba < np.finfo(proba.dtype).eps] = np.finfo(proba.dtype).eps
  (estimator_weight < 0)))
  ((sample_weight > 0) |
  proba[proba < np.finfo(proba.dtype).eps] = np.finfo(proba.dtype).eps
/server/app/anaconda3/lib/python3.6/site-packages/sklearn/ensemble/weight_boosting.py:521: RuntimeWarning: invalid value encountered in less
/server/app/anaconda3/lib/python3.6/site-packages/sklearn/ensemble/weight_boosting.py:532: RuntimeWarning: invalid value encountered in greater
  (estimator_weight < 0)))
/server/app/anaconda3/lib/python3.6/site-packages/sklearn/ensemble/weight_boosting.py:521: RuntimeWarning: invalid value encountered in less
/server/app/anaconda3/lib/python3.6/site-packages/sklearn/ensemble/weight_boosting.py:521: RuntimeWarning: invalid value encountered in less
/server/app/anaconda3/lib/python3.6/site-packages/sklearn/ensemble/weight_boosting.py:532: RuntimeWarning: invalid value encountered in greater
  ((sample_weight > 0) |
  ((sample_weight > 0) |
/server/app/anaconda3/lib/python3.6/site-packages/sklearn/ensemble/weight_boosting.py:533: RuntimeWarning: invalid value encountered in less
  proba[proba < np.finfo(proba.dtype).eps] = np.finfo(proba.dtype).eps
  ((sample_weight > 0) |
/server/app/anaconda3/lib/python3.6/site-packages/sklearn/ensemble/weight_boosting.py:521: RuntimeWarning: invalid value encountered in less
  ((sample_weight > 0) |
[Stage 1257:======>                                              (24 + 3) / 200]
[Stage 1257:===============>                                     (59 + 3) / 200]
[Stage 1257:=================>                                   (67 + 3) / 200]
[Stage 1257:====================>                                (76 + 3) / 200]
[Stage 1257:============================>                       (108 + 3) / 200]
[Stage 1257:================================>                   (125 + 3) / 200]
[Stage 1257:===================================>                (137 + 3) / 200]
[Stage 1257:=======================================>            (152 + 3) / 200]
                                                                                
2019-01-16 20:05:07,017 - tornado.application - INFO - #################  send msg to client successfully,the msg is as follow:  #################
  File "/tmp/spark-b18ed3a3-4d17-44bb-b4b4-a2a715f98090/userFiles-b2997951-b2a0-4dd1-b8b3-9bc5679d2372/gai_platform.zip/gai_model_project/ExecuteAdaboost.py", line 249, in execute
  File "/tmp/spark-b18ed3a3-4d17-44bb-b4b4-a2a715f98090/userFiles-b2997951-b2a0-4dd1-b8b3-9bc5679d2372/gai_platform.zip/gai_model_project/ExecuteAdaboost.py", line 105, in model_test
    y_pred_df = model.predict(adaboost_model, test_data)
  File "/tmp/spark-b18ed3a3-4d17-44bb-b4b4-a2a715f98090/userFiles-b2997951-b2a0-4dd1-b8b3-9bc5679d2372/gai_platform.zip/gai_algorithm_project/supervised/adaboost.py", line 60, in predict
  File "/server/app/anaconda3/lib/python3.6/site-packages/sklearn/utils/validation.py", line 54, in assert_all_finite
    _assert_all_finite(X.data if sp.issparse(X) else X)
ValueError: Input contains NaN, infinity or a value too large for dtype('float64').
2019-01-16 20:05:07,018 - tornado.application - INFO - sparkcontext process cost time:8.397413730621338
2019-01-16 20:06:23,902 - tornado.application - INFO - {'msgId': '97789334-d57b-404b-abf6-9fdd825426df', 'data': {'class_name': 'ExecuteGBDT', 'param': {'workId': 1780, 'input': '/liyiwen1/15/1780/14bd8173-fcb4-4c2f-a6d6-912eddc7fa7c/bin', 'output': '/liyiwen1/15/1780/57a76fa0-3458-4067-9a65-e891d414112d', 'if_bucket': '1', 'operation_name': 'train', 'input_bucket_dataset': '', 'model': 'gbdt_model', 'model_type': 'GBDT', 'model_test_input': '', 'y_col': 'GEO_Y', 'select_fields': [{'checked': True, 'name': 'prin0', 'children': False, 'type': 'double', 'parent': 'DOUBLE', 'state': ''}, {'checked': True, 'name': 'prin1', 'children': False, 'type': 'double', 'parent': 'DOUBLE', 'state': ''}, {'checked': True, 'name': 'prin2', 'children': False, 'type': 'double', 'parent': 'DOUBLE', 'state': ''}, {'checked': True, 'name': 'prin3', 'children': False, 'type': 'double', 'parent': 'DOUBLE', 'state': ''}, {'checked': True, 'name': 'prin4', 'children': False, 'type': 'double', 'parent': 'DOUBLE', 'state': ''}, {'checked': True, 'name': 'prin5', 'children': False, 'type': 'double', 'parent': 'DOUBLE', 'state': ''}, {'checked': True, 'name': 'prin6', 'children': False, 'type': 'double', 'parent': 'DOUBLE', 'state': ''}, {'checked': True, 'name': 'prin7', 'children': False, 'type': 'double', 'parent': 'DOUBLE', 'state': ''}, {'checked': True, 'name': 'prin8', 'children': False, 'type': 'double', 'parent': 'DOUBLE', 'state': ''}, {'checked': True, 'name': 'prin9', 'children': False, 'type': 'double', 'parent': 'DOUBLE', 'state': ''}, {'checked': True, 'name': 'prin10', 'children': False, 'type': 'double', 'parent': 'DOUBLE', 'state': ''}, {'checked': True, 'name': 'prin11', 'children': False, 'type': 'double', 'parent': 'DOUBLE', 'state': ''}, {'checked': True, 'name': 'prin12', 'children': False, 'type': 'double', 'parent': 'DOUBLE', 'state': ''}, {'checked': True, 'name': 'prin13', 'children': False, 'type': 'double', 'parent': 'DOUBLE', 'state': ''}, {'checked': True, 'name': 'prin14', 'children': False, 'type': 'double', 'parent': 'DOUBLE', 'state': ''}, {'checked': True, 'name': 'prin15', 'children': False, 'type': 'double', 'parent': 'DOUBLE', 'state': ''}], 'model_param': {'maxIter': 20, 'stepSize': 0.1, 'maxDepth': 5, 'minInstancesPerNode': 1, 'minInfoGain': 0, 'maxBins': 32, 'subsamplingRate': 1}, 'scaledvalue': 800, 'odds': 50, 'pdo': 25, 'min_score': 300, 'max_score': 900, 'bucket_type': 'rate', 'bucket_num': 10, 'nodeId': '57a76fa0-3458-4067-9a65-e891d414112d', 'pre_node_id': '14bd8173-fcb4-4c2f-a6d6-912eddc7fa7c', 'small_batch': 1, 'switchStepwise': 0}, 'user_name': '12', 'node_id': '57a76fa0-3458-4067-9a65-e891d414112d'}}
usegai_spark_application_0
##########################client request parameter in sparkworker    {'msgId': '97789334-d57b-404b-abf6-9fdd825426df', 'data': {'class_name': 'ExecuteGBDT', 'param': {'workId': 1780, 'input': '/liyiwen1/15/1780/14bd8173-fcb4-4c2f-a6d6-912eddc7fa7c/bin', 'output': '/liyiwen1/15/1780/57a76fa0-3458-4067-9a65-e891d414112d', 'if_bucket': '1', 'operation_name': 'train', 'input_bucket_dataset': '', 'model': 'gbdt_model', 'model_type': 'GBDT', 'model_test_input': '', 'y_col': 'GEO_Y', 'select_fields': [{'checked': True, 'name': 'prin0', 'children': False, 'type': 'double', 'parent': 'DOUBLE', 'state': ''}, {'checked': True, 'name': 'prin1', 'children': False, 'type': 'double', 'parent': 'DOUBLE', 'state': ''}, {'checked': True, 'name': 'prin2', 'children': False, 'type': 'double', 'parent': 'DOUBLE', 'state': ''}, {'checked': True, 'name': 'prin3', 'children': False, 'type': 'double', 'parent': 'DOUBLE', 'state': ''}, {'checked': True, 'name': 'prin4', 'children': False, 'type': 'double', 'parent': 'DOUBLE', 'state': ''}, {'checked': True, 'name': 'prin5', 'children': False, 'type': 'double', 'parent': 'DOUBLE', 'state': ''}, {'checked': True, 'name': 'prin6', 'children': False, 'type': 'double', 'parent': 'DOUBLE', 'state': ''}, {'checked': True, 'name': 'prin7', 'children': False, 'type': 'double', 'parent': 'DOUBLE', 'state': ''}, {'checked': True, 'name': 'prin8', 'children': False, 'type': 'double', 'parent': 'DOUBLE', 'state': ''}, {'checked': True, 'name': 'prin9', 'children': False, 'type': 'double', 'parent': 'DOUBLE', 'state': ''}, {'checked': True, 'name': 'prin10', 'children': False, 'type': 'double', 'parent': 'DOUBLE', 'state': ''}, {'checked': True, 'name': 'prin11', 'children': False, 'type': 'double', 'parent': 'DOUBLE', 'state': ''}, {'checked': True, 'name': 'prin12', 'children': False, 'type': 'double', 'parent': 'DOUBLE', 'state': ''}, {'checked': True, 'name': 'prin13', 'children': False, 'type': 'double', 'parent': 'DOUBLE', 'state': ''}, {'checked': True, 'name': 'prin14', 'children': False, 'type': 'double', 'parent': 'DOUBLE', 'state': ''}, {'checked': True, 'name': 'prin15', 'children': False, 'type': 'double', 'parent': 'DOUBLE', 'state': ''}], 'model_param': {'maxIter': 20, 'stepSize': 0.1, 'maxDepth': 5, 'minInstancesPerNode': 1, 'minInfoGain': 0, 'maxBins': 32, 'subsamplingRate': 1}, 'scaledvalue': 800, 'odds': 50, 'pdo': 25, 'min_score': 300, 'max_score': 900, 'bucket_type': 'rate', 'bucket_num': 10, 'nodeId': '57a76fa0-3458-4067-9a65-e891d414112d', 'pre_node_id': '14bd8173-fcb4-4c2f-a6d6-912eddc7fa7c', 'small_batch': 1, 'switchStepwise': 0}, 'user_name': '12', 'node_id': '57a76fa0-3458-4067-9a65-e891d414112d'}}   ##########################  
2019-01-16 20:06:23,903 - tornado.application - INFO - {'user_name': '12', 'id': '57a76fa0-3458-4067-9a65-e891d414112d', 'method': 'ExecuteGBDT', 'state': 'busy', 'worker_id': 29691}
  File "<frozen importlib._bootstrap>", line 971, in _find_and_load
  File "<frozen importlib._bootstrap>", line 626, in _load_backward_compatible
    from pyspark2pmml import PMMLBuilder
2019-01-16 20:06:24,073 - tornado.application - INFO - IDLE
2019-01-16 20:07:07,102 - tornado.application - INFO - {'state': 'heartbeat', 'worker_id': 29691}
2019-01-16 20:07:47,143 - tornado.application - INFO - #################  send msg to client successfully,the msg is as follow:  #################
2019-01-16 20:08:07,157 - tornado.application - INFO - #################  send msg to client successfully,the msg is as follow:  #################
2019-01-16 20:08:47,178 - tornado.application - INFO - #################  send msg to client successfully,the msg is as follow:  #################
2019-01-16 20:09:27,197 - tornado.application - INFO - #################  send msg to client successfully,the msg is as follow:  #################
2019-01-16 20:09:27,197 - tornado.application - INFO - {'state': 'heartbeat', 'worker_id': 29691}
2019-01-16 20:09:47,213 - tornado.application - INFO - #################  send msg to client successfully,the msg is as follow:  #################
2019-01-16 20:09:47,213 - tornado.application - INFO - {'state': 'heartbeat', 'worker_id': 29691}
2019-01-16 20:10:27,250 - tornado.application - INFO - #################  send msg to client successfully,the msg is as follow:  #################
2019-01-16 20:11:07,287 - tornado.application - INFO - {'state': 'heartbeat', 'worker_id': 29691}
2019-01-16 20:11:27,290 - tornado.application - INFO - #################  send msg to client successfully,the msg is as follow:  #################
##########################client request parameter in sparkworker    {'msgId': 'd5f57ede-8a8f-4ffd-b90a-781bcc84a937', 'data': {'class_name': 'ExecuteGBDT', 'param': {'workId': 1773, 'input': '/liyiwen/20/1773/5aea1557-2fd3-4b26-8060-48e479f6b455/add_feature_column', 'output': '/liyiwen/20/1773/d9b6e7a9-c6af-4e62-bb07-82e35cc91ead', 'if_bucket': '1', 'operation_name': 'train', 'input_bucket_dataset': '', 'model': 'gbdt_model', 'model_type': 'GBDT', 'model_test_input': '', 'y_col': 'GEO_Y', 'select_fields': [{'checked': True, 'name': 'id', 'children': False, 'type': 'bigint', 'parent': 'BIGINT', 'state': ''}, {'checked': True, 'name': 'checking', 'children': False, 'type': 'bigint', 'parent': 'BIGINT', 'state': ''}, {'checked': True, 'name': 'duration', 'children': False, 'type': 'bigint', 'parent': 'BIGINT', 'state': ''}, {'checked': True, 'name': 'history', 'children': False, 'type': 'bigint', 'parent': 'BIGINT', 'state': ''}, {'checked': True, 'name': 'amount', 'children': False, 'type': 'bigint', 'parent': 'BIGINT', 'state': ''}, {'checked': True, 'name': 'savings', 'children': False, 'type': 'bigint', 'parent': 'BIGINT', 'state': ''}, {'checked': True, 'name': 'employed', 'children': False, 'type': 'bigint', 'parent': 'BIGINT', 'state': ''}, {'checked': True, 'name': 'installp', 'children': False, 'type': 'bigint', 'parent': 'BIGINT', 'state': ''}, {'checked': True, 'name': 'marital', 'children': False, 'type': 'bigint', 'parent': 'BIGINT', 'state': ''}, {'checked': True, 'name': 'coapp', 'children': False, 'type': 'bigint', 'parent': 'BIGINT', 'state': ''}, {'checked': True, 'name': 'resident', 'children': False, 'type': 'bigint', 'parent': 'BIGINT', 'state': ''}, {'checked': True, 'name': 'property', 'children': False, 'type': 'bigint', 'parent': 'BIGINT', 'state': ''}, {'checked': True, 'name': 'age', 'children': False, 'type': 'bigint', 'parent': 'BIGINT', 'state': ''}, {'checked': True, 'name': 'other', 'children': False, 'type': 'bigint', 'parent': 'BIGINT', 'state': ''}, {'checked': True, 'name': 'housing', 'children': False, 'type': 'bigint', 'parent': 'BIGINT', 'state': ''}, {'checked': True, 'name': 'existcr', 'children': False, 'type': 'bigint', 'parent': 'BIGINT', 'state': ''}, {'checked': True, 'name': 'job', 'children': False, 'type': 'bigint', 'parent': 'BIGINT', 'state': ''}, {'checked': True, 'name': 'depends', 'children': False, 'type': 'bigint', 'parent': 'BIGINT', 'state': ''}, {'checked': True, 'name': 'telephon', 'children': False, 'type': 'bigint', 'parent': 'BIGINT', 'state': ''}, {'checked': True, 'name': 'foreign', 'children': False, 'type': 'bigint', 'parent': 'BIGINT', 'state': ''}], 'model_param': {'maxIter': 20, 'stepSize': 0.1, 'maxDepth': 5, 'minInstancesPerNode': 1, 'minInfoGain': 0, 'maxBins': 32, 'subsamplingRate': 1}, 'scaledvalue': 800, 'odds': 50, 'pdo': 25, 'min_score': 300, 'max_score': 900, 'bucket_type': 'rate', 'bucket_num': 10, 'nodeId': 'd9b6e7a9-c6af-4e62-bb07-82e35cc91ead', 'pre_node_id': '5aea1557-2fd3-4b26-8060-48e479f6b455', 'small_batch': 1, 'switchStepwise': 0}, 'user_name': '5', 'node_id': 'd9b6e7a9-c6af-4e62-bb07-82e35cc91ead'}}   ##########################  
2019-01-16 20:12:02,588 - tornado.application - INFO - ##############  Test Sparksession state  ##############
2019-01-16 20:12:02,745 - tornado.application - INFO - {'user_name': '5', 'id': 'd9b6e7a9-c6af-4e62-bb07-82e35cc91ead', 'method': 'ExecuteGBDT', 'state': 'error', 'worker_id': 29691, 'errormessage': 'Traceback (most recent call last):\n  File "/opt/www/gai_spark_connection/sparkcontextWorker.py", line 412, in exec_test\n    module = importlib.import_module(import_module, BASE_DIR)\n  File "/server/app/anaconda3/lib/python3.6/importlib/__init__.py", line 126, in import_module\n    return _bootstrap._gcd_import(name[level:], package, level)\n  File "<frozen importlib._bootstrap>", line 994, in _gcd_import\n  File "<frozen importlib._bootstrap>", line 971, in _find_and_load\n  File "<frozen importlib._bootstrap>", line 955, in _find_and_load_unlocked\n  File "<frozen importlib._bootstrap>", line 656, in _load_unlocked\n  File "<frozen importlib._bootstrap>", line 626, in _load_backward_compatible\n  File "/tmp/spark-b18ed3a3-4d17-44bb-b4b4-a2a715f98090/userFiles-b2997951-b2a0-4dd1-b8b3-9bc5679d2372/gai_platform.zip/gai_model_project/ExecuteGBDT.py", line 26, in <module>\n    from pyspark2pmml import PMMLBuilder\nModuleNotFoundError: No module named \'pyspark2pmml\'\n'}
2019-01-16 20:12:02,745 - tornado.application - ERROR - Error sending error message: Traceback (most recent call last):
    return _bootstrap._gcd_import(name[level:], package, level)
  File "<frozen importlib._bootstrap>", line 955, in _find_and_load_unlocked
  File "<frozen importlib._bootstrap>", line 656, in _load_unlocked
  File "<frozen importlib._bootstrap>", line 626, in _load_backward_compatible
  File "/tmp/spark-b18ed3a3-4d17-44bb-b4b4-a2a715f98090/userFiles-b2997951-b2a0-4dd1-b8b3-9bc5679d2372/gai_platform.zip/gai_model_project/ExecuteGBDT.py", line 26, in <module>
2019-01-16 20:12:09,749 - tornado.application - INFO - {'msgId': 'd190ad2a-f885-4077-919a-f305615c5f94', 'data': {'class_name': 'ExecuteGBDT', 'param': {'workId': 1773, 'input': '/liyiwen/20/1773/5aea1557-2fd3-4b26-8060-48e479f6b455/add_feature_column', 'output': '/liyiwen/20/1773/d9b6e7a9-c6af-4e62-bb07-82e35cc91ead', 'if_bucket': '1', 'operation_name': 'train', 'input_bucket_dataset': '', 'model': 'gbdt_model', 'model_type': 'GBDT', 'model_test_input': '', 'y_col': 'GEO_Y', 'select_fields': [{'checked': True, 'name': 'id', 'children': False, 'type': 'bigint', 'parent': 'BIGINT', 'state': ''}, {'checked': True, 'name': 'checking', 'children': False, 'type': 'bigint', 'parent': 'BIGINT', 'state': ''}, {'checked': True, 'name': 'duration', 'children': False, 'type': 'bigint', 'parent': 'BIGINT', 'state': ''}, {'checked': True, 'name': 'history', 'children': False, 'type': 'bigint', 'parent': 'BIGINT', 'state': ''}, {'checked': True, 'name': 'amount', 'children': False, 'type': 'bigint', 'parent': 'BIGINT', 'state': ''}, {'checked': True, 'name': 'savings', 'children': False, 'type': 'bigint', 'parent': 'BIGINT', 'state': ''}, {'checked': True, 'name': 'employed', 'children': False, 'type': 'bigint', 'parent': 'BIGINT', 'state': ''}, {'checked': True, 'name': 'installp', 'children': False, 'type': 'bigint', 'parent': 'BIGINT', 'state': ''}, {'checked': True, 'name': 'marital', 'children': False, 'type': 'bigint', 'parent': 'BIGINT', 'state': ''}, {'checked': True, 'name': 'coapp', 'children': False, 'type': 'bigint', 'parent': 'BIGINT', 'state': ''}, {'checked': True, 'name': 'resident', 'children': False, 'type': 'bigint', 'parent': 'BIGINT', 'state': ''}, {'checked': True, 'name': 'property', 'children': False, 'type': 'bigint', 'parent': 'BIGINT', 'state': ''}, {'checked': True, 'name': 'age', 'children': False, 'type': 'bigint', 'parent': 'BIGINT', 'state': ''}, {'checked': True, 'name': 'other', 'children': False, 'type': 'bigint', 'parent': 'BIGINT', 'state': ''}, {'checked': True, 'name': 'housing', 'children': False, 'type': 'bigint', 'parent': 'BIGINT', 'state': ''}, {'checked': True, 'name': 'existcr', 'children': False, 'type': 'bigint', 'parent': 'BIGINT', 'state': ''}, {'checked': True, 'name': 'job', 'children': False, 'type': 'bigint', 'parent': 'BIGINT', 'state': ''}, {'checked': True, 'name': 'depends', 'children': False, 'type': 'bigint', 'parent': 'BIGINT', 'state': ''}, {'checked': True, 'name': 'telephon', 'children': False, 'type': 'bigint', 'parent': 'BIGINT', 'state': ''}, {'checked': True, 'name': 'foreign', 'children': False, 'type': 'bigint', 'parent': 'BIGINT', 'state': ''}], 'model_param': {'maxIter': 20, 'stepSize': 0.1, 'maxDepth': 5, 'minInstancesPerNode': 1, 'minInfoGain': 0, 'maxBins': 32, 'subsamplingRate': 1}, 'scaledvalue': 800, 'odds': 50, 'pdo': 25, 'min_score': 300, 'max_score': 900, 'bucket_type': 'rate', 'bucket_num': 10, 'nodeId': 'd9b6e7a9-c6af-4e62-bb07-82e35cc91ead', 'pre_node_id': '5aea1557-2fd3-4b26-8060-48e479f6b455', 'small_batch': 1, 'switchStepwise': 0}, 'user_name': '5', 'node_id': 'd9b6e7a9-c6af-4e62-bb07-82e35cc91ead'}}
usegai_spark_application_0
2019-01-16 20:12:09,750 - tornado.application - INFO - #################  send msg to client successfully,the msg is as follow:  #################
2019-01-16 20:12:09,750 - tornado.application - INFO - {'user_name': '5', 'id': 'd9b6e7a9-c6af-4e62-bb07-82e35cc91ead', 'method': 'ExecuteGBDT', 'state': 'busy', 'worker_id': 29691}
---busy--- {'user_name': '5', 'id': 'd9b6e7a9-c6af-4e62-bb07-82e35cc91ead', 'method': 'ExecuteGBDT', 'state': 'busy', 'worker_id': 29691}
2019-01-16 20:12:09,928 - tornado.application - INFO - #################  send msg to client successfully,the msg is as follow:  #################
2019-01-16 20:12:09,928 - tornado.application - INFO - {'user_name': '5', 'id': 'd9b6e7a9-c6af-4e62-bb07-82e35cc91ead', 'method': 'ExecuteGBDT', 'state': 'error', 'worker_id': 29691, 'errormessage': 'Traceback (most recent call last):\n  File "/opt/www/gai_spark_connection/sparkcontextWorker.py", line 412, in exec_test\n    module = importlib.import_module(import_module, BASE_DIR)\n  File "/server/app/anaconda3/lib/python3.6/importlib/__init__.py", line 126, in import_module\n    return _bootstrap._gcd_import(name[level:], package, level)\n  File "<frozen importlib._bootstrap>", line 994, in _gcd_import\n  File "<frozen importlib._bootstrap>", line 971, in _find_and_load\n  File "<frozen importlib._bootstrap>", line 955, in _find_and_load_unlocked\n  File "<frozen importlib._bootstrap>", line 656, in _load_unlocked\n  File "<frozen importlib._bootstrap>", line 626, in _load_backward_compatible\n  File "/tmp/spark-b18ed3a3-4d17-44bb-b4b4-a2a715f98090/userFiles-b2997951-b2a0-4dd1-b8b3-9bc5679d2372/gai_platform.zip/gai_model_project/ExecuteGBDT.py", line 26, in <module>\n    from pyspark2pmml import PMMLBuilder\nModuleNotFoundError: No module named \'pyspark2pmml\'\n'}
2019-01-16 20:12:09,929 - tornado.application - ERROR - Error sending error message: Traceback (most recent call last):
    module = importlib.import_module(import_module, BASE_DIR)
  File "/server/app/anaconda3/lib/python3.6/importlib/__init__.py", line 126, in import_module
    return _bootstrap._gcd_import(name[level:], package, level)
ModuleNotFoundError: No module named 'pyspark2pmml'

2019-01-16 20:12:09,929 - tornado.application - INFO - IDLE
2019-01-16 20:12:15,199 - tornado.application - INFO - #################  send msg to client successfully,the msg is as follow:  #################
2019-01-16 20:12:15,199 - tornado.application - INFO - ##############  Test Sparksession state  ##############
+--------------------+
|        columns_type|
|[[parent -> BIGIN...|
+--------------------+
[Stage 1275:============>                                        (47 + 7) / 200]
[Stage 1275:===========================>                        (107 + 6) / 200]
[Stage 1275:===============================>                    (122 + 6) / 200]
[Stage 1275:==========================================>         (163 + 6) / 200]
work_id = 1773 and module_name like "a8a6ab18-8879-4546-bf94-ac509f00cff9"
  warnings.warn("Using RDD of dict to inferSchema is deprecated. "
[658.903595255632, -36.06737602222406, 800.0, 50.0, 25.0, 300.0, 900.0]
+----------------+------------------+-----------+----+----+---------+---------+
+----------------+------------------+-----------+----+----+---------+---------+

0.0015395528010840728
+----------------+------------------+-----------+----+----+---------+---------+--------------------+

[Stage 1297:>                                                     (0 + 12) / 50]
[Stage 1297:=========>                                            (9 + 12) / 50]
workId: this key is error
is_modification: this key is error
19/01/16 20:12:27 WARN QuantileDiscretizer: Some quantiles were identical. Bucketing to 7 buckets as a result.
--------------get_final_bucket_df----------------
work_id = None and module_name like "a8a6ab18-8879-4546-bf94-ac509f00cff9"
  File "/tmp/spark-b18ed3a3-4d17-44bb-b4b4-a2a715f98090/userFiles-b2997951-b2a0-4dd1-b8b3-9bc5679d2372/gai_platform.zip/gai_feature_project/data_preprocessing_dataframe/utils.py", line 450, in update_table_structure
    return self.cur.execute(_sql)
    raise errorvalue
  File "/server/app/anaconda3/lib/python3.6/site-packages/MySQLdb/cursors.py", line 374, in _do_query
    db.query(q)
    _mysql.connection.query(self, query)
SELECT rows FROM gai_component_rows WHERE work_id = None and node_id = "a8a6ab18-8879-4546-bf94-ac509f00cff9" and output = "null"
    rows = handler.fetchRow()
  File "/server/app/anaconda3/lib/python3.6/site-packages/MySQLdb/cursors.py", line 422, in fetchone
  File "/server/app/anaconda3/lib/python3.6/site-packages/MySQLdb/connections.py", line 52, in defaulterrorhandler
is_modification: this key is error
splits: this key is error
19/01/16 20:12:31 WARN QuantileDiscretizer: Some quantiles were identical. Bucketing to 7 buckets as a result.
Traceback (most recent call last):
  File "/server/app/anaconda3/lib/python3.6/site-packages/MySQLdb/cursors.py", line 411, in _query
    rowcount = self._do_query(q)
    rows = handler.fetchRow()
    result = self.cur.fetchone()
    self.errorhandler(self, ProgrammingError, "execute() first")
19/01/16 20:12:36 WARN WindowExec: No Partition Defined for Window operation! Moving all data to a single partition, this can cause serious performance degradation.
19/01/16 20:12:36 WARN WindowExec: No Partition Defined for Window operation! Moving all data to a single partition, this can cause serious performance degradation.
+--------------------+--------------------+--------------------+
|[precision_score ...|[[0.0, 300.0 ~ 39...|[checking -> bigi...|
+--------------------+--------------------+--------------------+--------------------+--------------------+-------------------------+--------------------+--------------------------------+
|             auc_pic|              ks_pic|  violation_rate_pic|   good_bad_rate_pic|            lift_pic|interval_default_rate_pic|   adaboost_tree_pic|adaboost_feature_importance_data|
+--------------------+--------------------+--------------------+--------------------+--------------------+-------------------------+--------------------+--------------------------------+
|iVBORw0KGgoAAAANS...|iVBORw0KGgoAAAANS...|iVBORw0KGgoAAAANS...|iVBORw0KGgoAAAANS...|iVBORw0KGgoAAAANS...|     iVBORw0KGgoAAAANS...|iVBORw0KGgoAAAANS...|            [[name -> checkin...|
19/01/16 20:12:41 WARN TaskSetManager: Stage 1416 contains a task of very large size (441 KB). The maximum recommended task size is 100 KB.
------------------  over !!! --------------
2019-01-16 20:12:41,977 - tornado.application - INFO - IDLE
2019-01-16 20:13:09,810 - tornado.application - INFO - {'msgId': 'be130f99-bc29-4660-834c-a888cd4dacbe', 'data': {'class_name': 'ExecuteGBDT', 'param': {'workId': 1773, 'input': '/liyiwen/20/1773/5aea1557-2fd3-4b26-8060-48e479f6b455/add_feature_column', 'output': '/liyiwen/20/1773/3ae0548e-4944-4014-b24e-278946026be9', 'if_bucket': '1', 'operation_name': 'train', 'input_bucket_dataset': '', 'model': 'gbdt_model', 'model_type': 'GBDT', 'model_test_input': '', 'y_col': 'GEO_Y', 'select_fields': [{'checked': True, 'name': 'id', 'children': False, 'type': 'bigint', 'parent': 'BIGINT', 'state': ''}, {'checked': True, 'name': 'checking', 'children': False, 'type': 'bigint', 'parent': 'BIGINT', 'state': ''}, {'checked': True, 'name': 'duration', 'children': False, 'type': 'bigint', 'parent': 'BIGINT', 'state': ''}, {'checked': True, 'name': 'history', 'children': False, 'type': 'bigint', 'parent': 'BIGINT', 'state': ''}, {'checked': True, 'name': 'amount', 'children': False, 'type': 'bigint', 'parent': 'BIGINT', 'state': ''}, {'checked': True, 'name': 'savings', 'children': False, 'type': 'bigint', 'parent': 'BIGINT', 'state': ''}, {'checked': True, 'name': 'employed', 'children': False, 'type': 'bigint', 'parent': 'BIGINT', 'state': ''}, {'checked': True, 'name': 'installp', 'children': False, 'type': 'bigint', 'parent': 'BIGINT', 'state': ''}, {'checked': True, 'name': 'marital', 'children': False, 'type': 'bigint', 'parent': 'BIGINT', 'state': ''}, {'checked': True, 'name': 'coapp', 'children': False, 'type': 'bigint', 'parent': 'BIGINT', 'state': ''}, {'checked': True, 'name': 'resident', 'children': False, 'type': 'bigint', 'parent': 'BIGINT', 'state': ''}, {'checked': True, 'name': 'property', 'children': False, 'type': 'bigint', 'parent': 'BIGINT', 'state': ''}, {'checked': True, 'name': 'age', 'children': False, 'type': 'bigint', 'parent': 'BIGINT', 'state': ''}, {'checked': True, 'name': 'other', 'children': False, 'type': 'bigint', 'parent': 'BIGINT', 'state': ''}, {'checked': True, 'name': 'housing', 'children': False, 'type': 'bigint', 'parent': 'BIGINT', 'state': ''}, {'checked': True, 'name': 'existcr', 'children': False, 'type': 'bigint', 'parent': 'BIGINT', 'state': ''}, {'checked': True, 'name': 'job', 'children': False, 'type': 'bigint', 'parent': 'BIGINT', 'state': ''}, {'checked': True, 'name': 'depends', 'children': False, 'type': 'bigint', 'parent': 'BIGINT', 'state': ''}, {'checked': True, 'name': 'telephon', 'children': False, 'type': 'bigint', 'parent': 'BIGINT', 'state': ''}, {'checked': True, 'name': 'foreign', 'children': False, 'type': 'bigint', 'parent': 'BIGINT', 'state': ''}], 'model_param': {'maxIter': 20, 'stepSize': 0.1, 'maxDepth': 5, 'minInstancesPerNode': 1, 'minInfoGain': 0, 'maxBins': 32, 'subsamplingRate': 1}, 'scaledvalue': 800, 'odds': 50, 'pdo': 25, 'min_score': 300, 'max_score': 900, 'bucket_type': 'rate', 'bucket_num': 10, 'nodeId': '3ae0548e-4944-4014-b24e-278946026be9', 'pre_node_id': '5aea1557-2fd3-4b26-8060-48e479f6b455', 'small_batch': 1, 'switchStepwise': 0}, 'user_name': '5', 'node_id': '3ae0548e-4944-4014-b24e-278946026be9'}}
usegai_spark_application_0
2019-01-16 20:13:10,018 - tornado.application - INFO - ---job process  error---
    module = importlib.import_module(import_module, BASE_DIR)
  File "<frozen importlib._bootstrap>", line 994, in _gcd_import
  File "/tmp/spark-b18ed3a3-4d17-44bb-b4b4-a2a715f98090/userFiles-b2997951-b2a0-4dd1-b8b3-9bc5679d2372/gai_platform.zip/gai_model_project/ExecuteGBDT.py", line 26, in <module>
ModuleNotFoundError: No module named 'pyspark2pmml'
2019-01-16 20:13:10,019 - tornado.application - INFO - sparkcontext process cost time:0.20922303199768066
    module = importlib.import_module(import_module, BASE_DIR)
  File "<frozen importlib._bootstrap>", line 994, in _gcd_import
  File "<frozen importlib._bootstrap>", line 971, in _find_and_load
  File "<frozen importlib._bootstrap>", line 656, in _load_unlocked
    from pyspark2pmml import PMMLBuilder
2019-01-16 20:13:44,608 - tornado.application - INFO - IDLE
2019-01-16 20:14:13,651 - tornado.application - INFO - receive message
##########################client request parameter in sparkworker    {'msgId': 'c0332f2c-f4b0-47c8-b1b2-370a506a938a', 'data': {'class_name': 'ExecuteRandomForest', 'param': {'workId': 1771, 'input': '/liyiwen/20/1771/51d6941a-1db3-4c09-935b-f9142474f50a', 'output': '/liyiwen/20/1771/51d6941a-1db3-4c09-935b-f9142474f50a', 'if_bucket': '1', 'operation_name': 'train', 'input_bucket_dataset': '', 'model': 'RandomForest_model', 'model_type': 'RandomForest', 'model_test_input': '', 'y_col': 'GEO_Y', 'select_fields': [{'checked': True, 'name': 'id', 'children': False, 'type': 'bigint', 'parent': 'BIGINT', 'state': ''}, {'checked': True, 'name': 'checking', 'children': False, 'type': 'bigint', 'parent': 'BIGINT', 'state': ''}, {'checked': True, 'name': 'duration', 'children': False, 'type': 'bigint', 'parent': 'BIGINT', 'state': ''}, {'checked': True, 'name': 'history', 'children': False, 'type': 'bigint', 'parent': 'BIGINT', 'state': ''}, {'checked': True, 'name': 'amount', 'children': False, 'type': 'bigint', 'parent': 'BIGINT', 'state': ''}, {'checked': True, 'name': 'savings', 'children': False, 'type': 'bigint', 'parent': 'BIGINT', 'state': ''}, {'checked': True, 'name': 'employed', 'children': False, 'type': 'bigint', 'parent': 'BIGINT', 'state': ''}, {'checked': True, 'name': 'installp', 'children': False, 'type': 'bigint', 'parent': 'BIGINT', 'state': ''}, {'checked': True, 'name': 'marital', 'children': False, 'type': 'bigint', 'parent': 'BIGINT', 'state': ''}, {'checked': True, 'name': 'coapp', 'children': False, 'type': 'bigint', 'parent': 'BIGINT', 'state': ''}, {'checked': True, 'name': 'resident', 'children': False, 'type': 'bigint', 'parent': 'BIGINT', 'state': ''}, {'checked': True, 'name': 'property', 'children': False, 'type': 'bigint', 'parent': 'BIGINT', 'state': ''}, {'checked': True, 'name': 'age', 'children': False, 'type': 'bigint', 'parent': 'BIGINT', 'state': ''}, {'checked': True, 'name': 'other', 'children': False, 'type': 'bigint', 'parent': 'BIGINT', 'state': ''}, {'checked': True, 'name': 'housing', 'children': False, 'type': 'bigint', 'parent': 'BIGINT', 'state': ''}, {'checked': True, 'name': 'existcr', 'children': False, 'type': 'bigint', 'parent': 'BIGINT', 'state': ''}, {'checked': True, 'name': 'job', 'children': False, 'type': 'bigint', 'parent': 'BIGINT', 'state': ''}, {'checked': True, 'name': 'depends', 'children': False, 'type': 'bigint', 'parent': 'BIGINT', 'state': ''}, {'checked': True, 'name': 'telephon', 'children': False, 'type': 'bigint', 'parent': 'BIGINT', 'state': ''}, {'checked': True, 'name': 'foreign', 'children': False, 'type': 'bigint', 'parent': 'BIGINT', 'state': ''}], 'model_param': {'impurity': 'gini', 'numTrees': 20, 'maxDepth': 5, 'maxBins': 32, 'minInstancesPerNode': 1, 'minInfoGain': 0, 'featureSubsetStrategy': 'auto', 'subsamplingRate': 1}, 'scaledvalue': 800, 'odds': 50, 'pdo': 25, 'min_score': 300, 'max_score': 900, 'bucket_type': 'rate', 'bucket_num': 10, 'nodeId': '51d6941a-1db3-4c09-935b-f9142474f50a', 'pre_node_id': '9118a10d-7783-4f67-9836-a283dcc452ff', 'small_batch': 1}, 'user_name': '5', 'node_id': '51d6941a-1db3-4c09-935b-f9142474f50a'}}   ##########################  
2019-01-16 20:14:13,652 - tornado.application - INFO - #################  send msg to client successfully,the msg is as follow:  #################
2019-01-16 20:14:13,653 - tornado.application - INFO - ##############  Test Sparksession state  ##############
2019-01-16 20:14:13,841 - tornado.application - INFO - #################  send msg to client successfully,the msg is as follow:  #################
2019-01-16 20:14:13,841 - tornado.application - INFO - {'user_name': '5', 'id': '51d6941a-1db3-4c09-935b-f9142474f50a', 'method': 'ExecuteRandomForest', 'state': 'error', 'worker_id': 29691, 'errormessage': 'Traceback (most recent call last):\n  File "/opt/www/gai_spark_connection/sparkcontextWorker.py", line 412, in exec_test\n    module = importlib.import_module(import_module, BASE_DIR)\n  File "/server/app/anaconda3/lib/python3.6/importlib/__init__.py", line 126, in import_module\n    return _bootstrap._gcd_import(name[level:], package, level)\n  File "<frozen importlib._bootstrap>", line 994, in _gcd_import\n  File "<frozen importlib._bootstrap>", line 971, in _find_and_load\n  File "<frozen importlib._bootstrap>", line 955, in _find_and_load_unlocked\n  File "<frozen importlib._bootstrap>", line 656, in _load_unlocked\n  File "<frozen importlib._bootstrap>", line 626, in _load_backward_compatible\n  File "/tmp/spark-b18ed3a3-4d17-44bb-b4b4-a2a715f98090/userFiles-b2997951-b2a0-4dd1-b8b3-9bc5679d2372/gai_platform.zip/gai_model_project/ExecuteRandomForest.py", line 18, in <module>\n    from pyspark2pmml import PMMLBuilder\nModuleNotFoundError: No module named \'pyspark2pmml\'\n'}
2019-01-16 20:14:13,841 - tornado.application - INFO - ---job process  error---
  File "<frozen importlib._bootstrap>", line 971, in _find_and_load
  File "<frozen importlib._bootstrap>", line 955, in _find_and_load_unlocked
ModuleNotFoundError: No module named 'pyspark2pmml'
2019-01-16 20:14:13,842 - tornado.application - INFO - sparkcontext process cost time:0.19049668312072754
2019-01-16 20:15:22,090 - tornado.application - INFO - #################  send msg to client successfully,the msg is as follow:  #################
2019-01-16 20:15:42,107 - tornado.application - INFO - {'state': 'heartbeat', 'worker_id': 29691}
---busy--- {'user_name': '12', 'id': 'e2e8fc24-ce9f-4739-9155-f20369787b9f', 'method': 'FeatureSelectorRandomForest', 'state': 'busy', 'worker_id': 29691}
2019-01-16 20:15:50,765 - tornado.application - INFO - #################  send msg to client successfully,the msg is as follow:  #################
  File "/server/app/anaconda3/lib/python3.6/site-packages/py4j/protocol.py", line 319, in get_return_value
	at scala.collection.TraversableLike$class.flatMap(TraversableLike.scala:241)
	at scala.collection.immutable.List.flatMap(List.scala:344)
    result = handler.execute(gai_ss.sparkContext, gai_ss)
    raise AnalysisException(s.split(': ', 1)[1], stackTrace)
2019-01-16 20:17:02,166 - tornado.application - INFO - {'state': 'heartbeat', 'worker_id': 29691}
2019-01-16 20:18:57,140 - tornado.application - INFO - a sparkcontext is creating..
19/01/16 20:19:09 WARN Utils: Service 'SparkUI' could not bind on port 4040. Attempting port 4041.
2019-01-16 20:20:37,671 - tornado.application - INFO - on_connection_success
2019-01-16 20:20:37,671 - tornado.application - INFO - {'state': 'heartbeat', 'worker_id': 24447}
2019-01-16 20:20:37,672 - tornado.application - INFO - IDLE
2019-01-16 20:20:57,691 - tornado.application - INFO - {'state': 'heartbeat', 'worker_id': 24447}
[Stage 0:>                                                         (0 + 6) / 16]
2019-01-16 20:22:40,646 - tornado.application - INFO - #################  send msg to client successfully,the msg is as follow:  #################
  File "/opt/www/gai_spark_connection/sparkcontextWorker.py", line 412, in exec_test
  File "/tmp/spark-cf331f91-b599-4f17-8a86-060ba3e223af/userFiles-8615493d-da77-4509-af70-21d54b81a688/gai_platform.zip/gai_model_project/ExecuteRandomForest.py", line 18, in <module>
2019-01-16 20:23:00,664 - tornado.application - INFO - {'state': 'heartbeat', 'worker_id': 24447}
2019-01-16 20:23:40,686 - tornado.application - INFO - #################  send msg to client successfully,the msg is as follow:  #################
2019-01-16 20:24:20,714 - tornado.application - INFO - #################  send msg to client successfully,the msg is as follow:  #################
2019-01-16 20:25:00,735 - tornado.application - INFO - #################  send msg to client successfully,the msg is as follow:  #################
2019-01-16 20:25:00,736 - tornado.application - INFO - {'state': 'heartbeat', 'worker_id': 24447}
2019-01-16 20:28:10,387 - tornado.application - INFO - receive message
[Stage 0:>                                                        (0 + 14) / 16]
  File "<frozen importlib._bootstrap>", line 955, in _find_and_load_unlocked
    from pyspark2pmml import PMMLBuilder
2019-01-16 20:28:15,637 - tornado.application - INFO - IDLE
2019-01-16 20:29:02,187 - tornado.application - INFO - {'msgId': '6089a709-0b31-4bc6-b421-44eeb7eee92e', 'data': {'class_name': 'ExecuteRandomForest', 'param': {'workId': 1771, 'input': '/liyiwen/20/1771/9118a10d-7783-4f67-9836-a283dcc452ff/add_feature_column', 'output': '/liyiwen/20/1771/515e055c-cd57-4e54-9cd7-2f6aeadc9f40', 'if_bucket': '1', 'operation_name': 'train', 'input_bucket_dataset': '', 'model': 'RandomForest_model', 'model_type': 'RandomForest', 'model_test_input': '', 'y_col': 'GEO_Y', 'select_fields': [{'checked': True, 'name': 'id', 'children': False, 'type': 'bigint', 'parent': 'BIGINT', 'state': ''}, {'checked': True, 'name': 'checking', 'children': False, 'type': 'bigint', 'parent': 'BIGINT', 'state': ''}, {'checked': True, 'name': 'duration', 'children': False, 'type': 'bigint', 'parent': 'BIGINT', 'state': ''}, {'checked': True, 'name': 'history', 'children': False, 'type': 'bigint', 'parent': 'BIGINT', 'state': ''}, {'checked': True, 'name': 'amount', 'children': False, 'type': 'bigint', 'parent': 'BIGINT', 'state': ''}, {'checked': True, 'name': 'savings', 'children': False, 'type': 'bigint', 'parent': 'BIGINT', 'state': ''}, {'checked': True, 'name': 'employed', 'children': False, 'type': 'bigint', 'parent': 'BIGINT', 'state': ''}, {'checked': True, 'name': 'installp', 'children': False, 'type': 'bigint', 'parent': 'BIGINT', 'state': ''}, {'checked': True, 'name': 'marital', 'children': False, 'type': 'bigint', 'parent': 'BIGINT', 'state': ''}, {'checked': True, 'name': 'coapp', 'children': False, 'type': 'bigint', 'parent': 'BIGINT', 'state': ''}, {'checked': True, 'name': 'resident', 'children': False, 'type': 'bigint', 'parent': 'BIGINT', 'state': ''}, {'checked': True, 'name': 'property', 'children': False, 'type': 'bigint', 'parent': 'BIGINT', 'state': ''}, {'checked': True, 'name': 'age', 'children': False, 'type': 'bigint', 'parent': 'BIGINT', 'state': ''}, {'checked': True, 'name': 'other', 'children': False, 'type': 'bigint', 'parent': 'BIGINT', 'state': ''}, {'checked': True, 'name': 'housing', 'children': False, 'type': 'bigint', 'parent': 'BIGINT', 'state': ''}, {'checked': True, 'name': 'existcr', 'children': False, 'type': 'bigint', 'parent': 'BIGINT', 'state': ''}, {'checked': True, 'name': 'job', 'children': False, 'type': 'bigint', 'parent': 'BIGINT', 'state': ''}, {'checked': True, 'name': 'depends', 'children': False, 'type': 'bigint', 'parent': 'BIGINT', 'state': ''}, {'checked': True, 'name': 'telephon', 'children': False, 'type': 'bigint', 'parent': 'BIGINT', 'state': ''}, {'checked': True, 'name': 'foreign', 'children': False, 'type': 'bigint', 'parent': 'BIGINT', 'state': ''}], 'model_param': {'impurity': 'gini', 'numTrees': 20, 'maxDepth': 5, 'maxBins': 32, 'minInstancesPerNode': 1, 'minInfoGain': 0, 'featureSubsetStrategy': 'auto', 'subsamplingRate': 1}, 'scaledvalue': 800, 'odds': 50, 'pdo': 25, 'min_score': 300, 'max_score': 900, 'bucket_type': 'rate', 'bucket_num': 10, 'nodeId': '515e055c-cd57-4e54-9cd7-2f6aeadc9f40', 'pre_node_id': '9118a10d-7783-4f67-9836-a283dcc452ff', 'small_batch': 1}, 'user_name': '5', 'node_id': '515e055c-cd57-4e54-9cd7-2f6aeadc9f40'}}
2019-01-16 20:29:02,187 - tornado.application - INFO - {'user_name': '5', 'id': '515e055c-cd57-4e54-9cd7-2f6aeadc9f40', 'method': 'ExecuteRandomForest', 'state': 'busy', 'worker_id': 28743}
2019-01-16 20:29:04,143 - tornado.application - INFO - #################  send msg to client successfully,the msg is as follow:  #################
  File "<frozen importlib._bootstrap>", line 994, in _gcd_import
  File "<frozen importlib._bootstrap>", line 626, in _load_backward_compatible
ModuleNotFoundError: No module named 'pyspark2pmml'

2019-01-16 20:29:41,090 - tornado.application - INFO - #################  send msg to client successfully,the msg is as follow:  #################
2019-01-16 20:30:01,109 - tornado.application - INFO - {'state': 'heartbeat', 'worker_id': 28743}
2019-01-16 20:31:01,135 - tornado.application - INFO - #################  send msg to client successfully,the msg is as follow:  #################
2019-01-16 20:31:01,135 - tornado.application - INFO - {'state': 'heartbeat', 'worker_id': 28743}
2019-01-16 20:31:21,155 - tornado.application - INFO - {'state': 'heartbeat', 'worker_id': 28743}
2019-01-16 20:31:41,175 - tornado.application - INFO - #################  send msg to client successfully,the msg is as follow:  #################
2019-01-16 20:32:41,230 - tornado.application - INFO - {'state': 'heartbeat', 'worker_id': 28743}
2019-01-16 20:33:01,247 - tornado.application - INFO - #################  send msg to client successfully,the msg is as follow:  #################
2019-01-16 20:33:01,248 - tornado.application - INFO - {'state': 'heartbeat', 'worker_id': 28743}
2019-01-16 20:34:01,301 - tornado.application - INFO - #################  send msg to client successfully,the msg is as follow:  #################
2019-01-16 20:34:21,322 - tornado.application - INFO - {'state': 'heartbeat', 'worker_id': 28743}
2019-01-16 20:34:41,327 - tornado.application - INFO - {'state': 'heartbeat', 'worker_id': 28743}
2019-01-16 20:36:36,547 - tornado.application - INFO - a sparkcontext is created.
2019-01-16 20:36:36,552 - tornado.application - INFO - on_connection_success
2019-01-16 20:36:56,575 - tornado.application - INFO - {'state': 'heartbeat', 'worker_id': 661}
2019-01-16 20:37:21,621 - tornado.application - INFO - receive message
2019-01-16 20:37:21,621 - tornado.application - INFO - {'msgId': '8d929715-af94-4a49-9122-6128f20aae96', 'data': {'class_name': 'ExecuteRandomForest', 'param': {'workId': 1771, 'input': '/liyiwen/20/1771/9118a10d-7783-4f67-9836-a283dcc452ff/add_feature_column', 'output': '/liyiwen/20/1771/515e055c-cd57-4e54-9cd7-2f6aeadc9f40', 'if_bucket': '1', 'operation_name': 'train', 'input_bucket_dataset': '', 'model': 'RandomForest_model', 'model_type': 'RandomForest', 'model_test_input': '', 'y_col': 'GEO_Y', 'select_fields': [{'checked': True, 'name': 'id', 'children': False, 'type': 'bigint', 'parent': 'BIGINT', 'state': ''}, {'checked': True, 'name': 'checking', 'children': False, 'type': 'bigint', 'parent': 'BIGINT', 'state': ''}, {'checked': True, 'name': 'duration', 'children': False, 'type': 'bigint', 'parent': 'BIGINT', 'state': ''}, {'checked': True, 'name': 'history', 'children': False, 'type': 'bigint', 'parent': 'BIGINT', 'state': ''}, {'checked': True, 'name': 'amount', 'children': False, 'type': 'bigint', 'parent': 'BIGINT', 'state': ''}, {'checked': True, 'name': 'savings', 'children': False, 'type': 'bigint', 'parent': 'BIGINT', 'state': ''}, {'checked': True, 'name': 'employed', 'children': False, 'type': 'bigint', 'parent': 'BIGINT', 'state': ''}, {'checked': True, 'name': 'installp', 'children': False, 'type': 'bigint', 'parent': 'BIGINT', 'state': ''}, {'checked': True, 'name': 'marital', 'children': False, 'type': 'bigint', 'parent': 'BIGINT', 'state': ''}, {'checked': True, 'name': 'coapp', 'children': False, 'type': 'bigint', 'parent': 'BIGINT', 'state': ''}, {'checked': True, 'name': 'resident', 'children': False, 'type': 'bigint', 'parent': 'BIGINT', 'state': ''}, {'checked': True, 'name': 'property', 'children': False, 'type': 'bigint', 'parent': 'BIGINT', 'state': ''}, {'checked': True, 'name': 'age', 'children': False, 'type': 'bigint', 'parent': 'BIGINT', 'state': ''}, {'checked': True, 'name': 'other', 'children': False, 'type': 'bigint', 'parent': 'BIGINT', 'state': ''}, {'checked': True, 'name': 'housing', 'children': False, 'type': 'bigint', 'parent': 'BIGINT', 'state': ''}, {'checked': True, 'name': 'existcr', 'children': False, 'type': 'bigint', 'parent': 'BIGINT', 'state': ''}, {'checked': True, 'name': 'job', 'children': False, 'type': 'bigint', 'parent': 'BIGINT', 'state': ''}, {'checked': True, 'name': 'depends', 'children': False, 'type': 'bigint', 'parent': 'BIGINT', 'state': ''}, {'checked': True, 'name': 'telephon', 'children': False, 'type': 'bigint', 'parent': 'BIGINT', 'state': ''}, {'checked': True, 'name': 'foreign', 'children': False, 'type': 'bigint', 'parent': 'BIGINT', 'state': ''}], 'model_param': {'impurity': 'gini', 'numTrees': 20, 'maxDepth': 5, 'maxBins': 32, 'minInstancesPerNode': 1, 'minInfoGain': 0, 'featureSubsetStrategy': 'auto', 'subsamplingRate': 1}, 'scaledvalue': 800, 'odds': 50, 'pdo': 25, 'min_score': 300, 'max_score': 900, 'bucket_type': 'rate', 'bucket_num': 10, 'nodeId': '515e055c-cd57-4e54-9cd7-2f6aeadc9f40', 'pre_node_id': '9118a10d-7783-4f67-9836-a283dcc452ff', 'small_batch': 1}, 'user_name': '5', 'node_id': '515e055c-cd57-4e54-9cd7-2f6aeadc9f40'}}
2019-01-16 20:37:21,621 - tornado.application - INFO - #################  send msg to client successfully,the msg is as follow:  #################
2019-01-16 20:37:26,533 - tornado.application - INFO - {'user_name': '5', 'id': '515e055c-cd57-4e54-9cd7-2f6aeadc9f40', 'method': 'ExecuteRandomForest', 'state': 'error', 'worker_id': 661, 'errormessage': 'Traceback (most recent call last):\n  File "/opt/www/gai_spark_connection/sparkcontextWorker.py", line 412, in exec_test\n    module = importlib.import_module(import_module, BASE_DIR)\n  File "/server/app/anaconda3/lib/python3.6/importlib/__init__.py", line 126, in import_module\n    return _bootstrap._gcd_import(name[level:], package, level)\n  File "<frozen importlib._bootstrap>", line 994, in _gcd_import\n  File "<frozen importlib._bootstrap>", line 971, in _find_and_load\n  File "<frozen importlib._bootstrap>", line 955, in _find_and_load_unlocked\n  File "<frozen importlib._bootstrap>", line 656, in _load_unlocked\n  File "<frozen importlib._bootstrap>", line 626, in _load_backward_compatible\n  File "/tmp/spark-8e565456-63ac-461c-94e9-c3185f66170b/userFiles-14b1f546-8fa7-41d9-ba3d-dbba13bcee3d/gai_platform.zip/gai_model_project/ExecuteRandomForest.py", line 18, in <module>\n    from pyspark2pmml import PMMLBuilder\nModuleNotFoundError: No module named \'pyspark2pmml\'\n'}
2019-01-16 20:37:26,534 - tornado.application - ERROR - Error sending error message: Traceback (most recent call last):
  File "/opt/www/gai_spark_connection/sparkcontextWorker.py", line 412, in exec_test
  File "<frozen importlib._bootstrap>", line 994, in _gcd_import
  File "<frozen importlib._bootstrap>", line 626, in _load_backward_compatible
2019-01-16 20:37:26,534 - tornado.application - INFO - IDLE
2019-01-16 20:37:26,534 - tornado.application - INFO - sparkcontext process cost time:4.913071870803833
2019-01-16 20:38:36,206 - tornado.application - INFO - {'msgId': '42c0d07d-1665-4b54-9c16-0dd6bb493bbd', 'data': {'class_name': 'ExecuteRandomForest', 'param': {'workId': 1771, 'input': '/liyiwen/20/1771/d299ba5f-c8f5-46c2-b627-53dc3346ff88', 'output': '/liyiwen/20/1771/d299ba5f-c8f5-46c2-b627-53dc3346ff88', 'if_bucket': '1', 'operation_name': 'train', 'input_bucket_dataset': '', 'model': 'RandomForest_model', 'model_type': 'RandomForest', 'model_test_input': '', 'y_col': 'GEO_Y', 'select_fields': [{'checked': True, 'name': 'id', 'children': False, 'type': 'bigint', 'parent': 'BIGINT', 'state': ''}, {'checked': True, 'name': 'checking', 'children': False, 'type': 'bigint', 'parent': 'BIGINT', 'state': ''}, {'checked': True, 'name': 'duration', 'children': False, 'type': 'bigint', 'parent': 'BIGINT', 'state': ''}, {'checked': True, 'name': 'history', 'children': False, 'type': 'bigint', 'parent': 'BIGINT', 'state': ''}, {'checked': True, 'name': 'amount', 'children': False, 'type': 'bigint', 'parent': 'BIGINT', 'state': ''}, {'checked': True, 'name': 'savings', 'children': False, 'type': 'bigint', 'parent': 'BIGINT', 'state': ''}, {'checked': True, 'name': 'employed', 'children': False, 'type': 'bigint', 'parent': 'BIGINT', 'state': ''}, {'checked': True, 'name': 'installp', 'children': False, 'type': 'bigint', 'parent': 'BIGINT', 'state': ''}, {'checked': True, 'name': 'marital', 'children': False, 'type': 'bigint', 'parent': 'BIGINT', 'state': ''}, {'checked': True, 'name': 'coapp', 'children': False, 'type': 'bigint', 'parent': 'BIGINT', 'state': ''}, {'checked': True, 'name': 'resident', 'children': False, 'type': 'bigint', 'parent': 'BIGINT', 'state': ''}, {'checked': True, 'name': 'property', 'children': False, 'type': 'bigint', 'parent': 'BIGINT', 'state': ''}, {'checked': True, 'name': 'age', 'children': False, 'type': 'bigint', 'parent': 'BIGINT', 'state': ''}, {'checked': True, 'name': 'other', 'children': False, 'type': 'bigint', 'parent': 'BIGINT', 'state': ''}, {'checked': True, 'name': 'housing', 'children': False, 'type': 'bigint', 'parent': 'BIGINT', 'state': ''}, {'checked': True, 'name': 'existcr', 'children': False, 'type': 'bigint', 'parent': 'BIGINT', 'state': ''}, {'checked': True, 'name': 'job', 'children': False, 'type': 'bigint', 'parent': 'BIGINT', 'state': ''}, {'checked': True, 'name': 'depends', 'children': False, 'type': 'bigint', 'parent': 'BIGINT', 'state': ''}, {'checked': True, 'name': 'telephon', 'children': False, 'type': 'bigint', 'parent': 'BIGINT', 'state': ''}, {'checked': True, 'name': 'foreign', 'children': False, 'type': 'bigint', 'parent': 'BIGINT', 'state': ''}], 'model_param': {'impurity': 'gini', 'numTrees': 20, 'maxDepth': 5, 'maxBins': 32, 'minInstancesPerNode': 1, 'minInfoGain': 0, 'featureSubsetStrategy': 'auto', 'subsamplingRate': 1}, 'scaledvalue': 800, 'odds': 50, 'pdo': 25, 'min_score': 300, 'max_score': 900, 'bucket_type': 'rate', 'bucket_num': 10, 'nodeId': 'd299ba5f-c8f5-46c2-b627-53dc3346ff88', 'pre_node_id': '9118a10d-7783-4f67-9836-a283dcc452ff', 'small_batch': 1}, 'user_name': '5', 'node_id': 'd299ba5f-c8f5-46c2-b627-53dc3346ff88'}}
2019-01-16 20:38:36,207 - tornado.application - INFO - {'user_name': '5', 'id': 'd299ba5f-c8f5-46c2-b627-53dc3346ff88', 'method': 'ExecuteRandomForest', 'state': 'busy', 'worker_id': 661}
2019-01-16 20:38:36,207 - tornado.application - INFO - ##############  Test Sparksession state  ##############
[Stage 1:>                                                        (0 + 12) / 16]
[Stage 1:>                                                        (0 + 15) / 16]
    module = importlib.import_module(import_module, BASE_DIR)
  File "<frozen importlib._bootstrap>", line 971, in _find_and_load
  File "<frozen importlib._bootstrap>", line 656, in _load_unlocked
    from pyspark2pmml import PMMLBuilder
ModuleNotFoundError: No module named 'pyspark2pmml'

2019-01-16 20:38:38,438 - tornado.application - INFO - IDLE
2019-01-16 20:38:58,440 - tornado.application - INFO - #################  send msg to client successfully,the msg is as follow:  #################
2019-01-16 20:38:58,440 - tornado.application - INFO - {'state': 'heartbeat', 'worker_id': 661}
2019-01-16 20:39:18,460 - tornado.application - INFO - {'state': 'heartbeat', 'worker_id': 661}
2019-01-16 20:39:38,479 - tornado.application - INFO - {'state': 'heartbeat', 'worker_id': 661}
2019-01-16 20:39:58,500 - tornado.application - INFO - #################  send msg to client successfully,the msg is as follow:  #################
2019-01-16 20:41:38,591 - tornado.application - INFO - #################  send msg to client successfully,the msg is as follow:  #################
2019-01-16 20:41:58,610 - tornado.application - INFO - #################  send msg to client successfully,the msg is as follow:  #################
2019-01-16 20:42:18,630 - tornado.application - INFO - #################  send msg to client successfully,the msg is as follow:  #################
2019-01-16 20:42:58,667 - tornado.application - INFO - {'state': 'heartbeat', 'worker_id': 661}
2019-01-16 20:44:18,742 - tornado.application - INFO - #################  send msg to client successfully,the msg is as follow:  #################
2019-01-16 20:45:18,803 - tornado.application - INFO - {'state': 'heartbeat', 'worker_id': 661}
2019-01-16 20:45:38,819 - tornado.application - INFO - #################  send msg to client successfully,the msg is as follow:  #################
2019-01-16 20:45:38,820 - tornado.application - INFO - {'state': 'heartbeat', 'worker_id': 661}
2019-01-16 20:46:18,856 - tornado.application - INFO - #################  send msg to client successfully,the msg is as follow:  #################
usegai_spark_application_0
2019-01-16 20:46:57,101 - tornado.application - INFO - #################  send msg to client successfully,the msg is as follow:  #################
2019-01-16 20:46:57,102 - tornado.application - ERROR - Error sending error message: Traceback (most recent call last):
    return _bootstrap._gcd_import(name[level:], package, level)
  File "<frozen importlib._bootstrap>", line 994, in _gcd_import
  File "<frozen importlib._bootstrap>", line 971, in _find_and_load

2019-01-16 20:47:18,893 - tornado.application - INFO - #################  send msg to client successfully,the msg is as follow:  #################
2019-01-16 20:48:18,943 - tornado.application - INFO - #################  send msg to client successfully,the msg is as follow:  #################
2019-01-16 20:48:58,970 - tornado.application - INFO - #################  send msg to client successfully,the msg is as follow:  #################
2019-01-16 20:50:19,026 - tornado.application - INFO - #################  send msg to client successfully,the msg is as follow:  #################
2019-01-16 20:51:24,328 - tornado.application - INFO - receive message
  File "/opt/www/gai_spark_connection/sparkcontextWorker.py", line 412, in exec_test
    module = importlib.import_module(import_module, BASE_DIR)
    return _bootstrap._gcd_import(name[level:], package, level)
  File "<frozen importlib._bootstrap>", line 626, in _load_backward_compatible
  File "/tmp/spark-8e565456-63ac-461c-94e9-c3185f66170b/userFiles-14b1f546-8fa7-41d9-ba3d-dbba13bcee3d/gai_platform.zip/gai_model_project/ExecuteGBDT.py", line 26, in <module>
2019-01-16 20:51:24,636 - tornado.application - INFO - sparkcontext process cost time:0.3077824115753174
2019-01-16 20:51:38,011 - tornado.application - INFO - {'user_name': '12', 'id': '57a76fa0-3458-4067-9a65-e891d414112d', 'method': 'ExecuteGBDT', 'state': 'busy', 'worker_id': 661}
2019-01-16 20:51:38,293 - tornado.application - INFO - ---job process  error---
  File "<frozen importlib._bootstrap>", line 955, in _find_and_load_unlocked
  File "<frozen importlib._bootstrap>", line 626, in _load_backward_compatible

2019-01-16 20:51:38,294 - tornado.application - INFO - IDLE
2019-01-16 20:52:19,100 - tornado.application - INFO - {'state': 'heartbeat', 'worker_id': 661}
To adjust logging level use sc.setLogLevel(newLevel). For SparkR, use setLogLevel(newLevel).
2019-01-16 20:54:33,123 - tornado.application - INFO - #################  send msg to client successfully,the msg is as follow:  #################
2019-01-16 20:54:33,124 - tornado.application - INFO - IDLE
2019-01-16 20:54:36,367 - tornado.application - INFO - ##############  Test Sparksession state  ##############
[Stage 0:==========>                                               (3 + 7) / 16]
2019-01-16 20:54:41,660 - tornado.application - INFO - {'user_name': '5', 'id': 'd299ba5f-c8f5-46c2-b627-53dc3346ff88', 'method': 'ExecuteRandomForest', 'state': 'error', 'worker_id': 9708, 'errormessage': 'Traceback (most recent call last):\n  File "/opt/www/gai_spark_connection/sparkcontextWorker.py", line 412, in exec_test\n    module = importlib.import_module(import_module, BASE_DIR)\n  File "/server/app/anaconda3/lib/python3.6/importlib/__init__.py", line 126, in import_module\n    return _bootstrap._gcd_import(name[level:], package, level)\n  File "<frozen importlib._bootstrap>", line 994, in _gcd_import\n  File "<frozen importlib._bootstrap>", line 971, in _find_and_load\n  File "<frozen importlib._bootstrap>", line 955, in _find_and_load_unlocked\n  File "<frozen importlib._bootstrap>", line 656, in _load_unlocked\n  File "<frozen importlib._bootstrap>", line 626, in _load_backward_compatible\n  File "/tmp/spark-d597c493-b0e1-4659-8154-30a39198fe66/userFiles-966a7c53-6377-4f78-b3ab-cb2b125b847c/gai_platform.zip/gai_model_project/ExecuteRandomForest.py", line 18, in <module>\n    from pyspark2pmml import PMMLBuilder\nModuleNotFoundError: No module named \'pyspark2pmml\'\n'}
2019-01-16 20:54:41,660 - tornado.application - INFO - ---job process  error---
  File "/opt/www/gai_spark_connection/sparkcontextWorker.py", line 412, in exec_test
  File "<frozen importlib._bootstrap>", line 656, in _load_unlocked
  File "<frozen importlib._bootstrap>", line 626, in _load_backward_compatible
  File "/tmp/spark-d597c493-b0e1-4659-8154-30a39198fe66/userFiles-966a7c53-6377-4f78-b3ab-cb2b125b847c/gai_platform.zip/gai_model_project/ExecuteRandomForest.py", line 18, in <module>
    from pyspark2pmml import PMMLBuilder
2019-01-16 20:54:41,661 - tornado.application - INFO - sparkcontext process cost time:5.293818712234497
2019-01-16 20:54:43,862 - tornado.application - INFO - receive message
2019-01-16 20:54:43,863 - tornado.application - INFO - ##############  Test Sparksession state  ##############
                                                                                

To adjust logging level use sc.setLogLevel(newLevel). For SparkR, use setLogLevel(newLevel).
Setting default log level to "WARN".
19/01/16 20:56:32 WARN Utils: Service 'SparkUI' could not bind on port 4040. Attempting port 4041.
2019-01-16 21:01:15,058 - tornado.application - INFO - a sparkcontext is creating..
To adjust logging level use sc.setLogLevel(newLevel). For SparkR, use setLogLevel(newLevel).
Setting default log level to "WARN".
Setting default log level to "WARN".
To adjust logging level use sc.setLogLevel(newLevel). For SparkR, use setLogLevel(newLevel).
2019-01-17 10:13:46,546 - tornado.application - INFO - #################  send msg to client successfully,the msg is as follow:  #################
2019-01-17 10:13:46,546 - tornado.application - INFO - {'state': 'heartbeat', 'worker_id': 13065}
2019-01-17 10:13:46,548 - tornado.application - INFO - receive message
2019-01-17 10:14:26,587 - tornado.application - INFO - {'state': 'heartbeat', 'worker_id': 13065}
2019-01-17 10:15:26,660 - tornado.application - INFO - #################  send msg to client successfully,the msg is as follow:  #################
2019-01-17 10:16:26,741 - tornado.application - INFO - #################  send msg to client successfully,the msg is as follow:  #################
2019-01-17 10:16:26,741 - tornado.application - INFO - {'state': 'heartbeat', 'worker_id': 13065}
2019-01-17 10:16:46,767 - tornado.application - INFO - #################  send msg to client successfully,the msg is as follow:  #################
2019-01-17 10:17:06,791 - tornado.application - INFO - #################  send msg to client successfully,the msg is as follow:  #################
2019-01-17 10:18:06,857 - tornado.application - INFO - #################  send msg to client successfully,the msg is as follow:  #################
2019-01-17 10:18:06,857 - tornado.application - INFO - {'state': 'heartbeat', 'worker_id': 13065}
2019-01-17 10:18:46,896 - tornado.application - INFO - {'state': 'heartbeat', 'worker_id': 13065}
2019-01-17 10:19:06,924 - tornado.application - INFO - #################  send msg to client successfully,the msg is as follow:  #################
2019-01-17 10:19:26,946 - tornado.application - INFO - #################  send msg to client successfully,the msg is as follow:  #################
2019-01-17 10:19:46,969 - tornado.application - INFO - {'state': 'heartbeat', 'worker_id': 13065}
2019-01-17 10:20:06,990 - tornado.application - INFO - {'state': 'heartbeat', 'worker_id': 13065}
2019-01-17 10:20:47,042 - tornado.application - INFO - {'state': 'heartbeat', 'worker_id': 13065}
2019-01-17 10:21:07,066 - tornado.application - INFO - #################  send msg to client successfully,the msg is as follow:  #################
2019-01-17 10:21:27,086 - tornado.application - INFO - #################  send msg to client successfully,the msg is as follow:  #################
2019-01-17 10:22:47,190 - tornado.application - INFO - #################  send msg to client successfully,the msg is as follow:  #################
2019-01-17 10:23:27,235 - tornado.application - INFO - #################  send msg to client successfully,the msg is as follow:  #################
2019-01-17 10:25:27,359 - tornado.application - INFO - #################  send msg to client successfully,the msg is as follow:  #################
2019-01-17 10:26:07,399 - tornado.application - INFO - {'state': 'heartbeat', 'worker_id': 13065}
2019-01-17 10:26:47,444 - tornado.application - INFO - #################  send msg to client successfully,the msg is as follow:  #################
2019-01-17 10:27:47,518 - tornado.application - INFO - #################  send msg to client successfully,the msg is as follow:  #################
2019-01-17 10:28:07,545 - tornado.application - INFO - #################  send msg to client successfully,the msg is as follow:  #################
2019-01-17 10:29:27,630 - tornado.application - INFO - {'state': 'heartbeat', 'worker_id': 13065}
2019-01-17 10:30:17,723 - tornado.application - INFO - #################  send msg to client successfully,the msg is as follow:  #################
2019-01-17 10:30:17,723 - tornado.application - INFO - {'state': 'heartbeat', 'worker_id': 13065}
2019-01-17 10:30:37,751 - tornado.application - INFO - {'state': 'heartbeat', 'worker_id': 13065}
2019-01-17 10:30:57,775 - tornado.application - INFO - #################  send msg to client successfully,the msg is as follow:  #################
2019-01-17 10:31:17,800 - tornado.application - INFO - {'state': 'heartbeat', 'worker_id': 13065}
2019-01-17 10:31:37,830 - tornado.application - INFO - #################  send msg to client successfully,the msg is as follow:  #################
2019-01-17 10:31:37,830 - tornado.application - INFO - {'state': 'heartbeat', 'worker_id': 13065}
2019-01-17 10:33:17,942 - tornado.application - INFO - {'state': 'heartbeat', 'worker_id': 13065}
2019-01-17 10:34:38,048 - tornado.application - INFO - {'state': 'heartbeat', 'worker_id': 13065}
2019-01-17 10:35:58,147 - tornado.application - INFO - {'state': 'heartbeat', 'worker_id': 13065}
2019-01-17 10:36:18,169 - tornado.application - INFO - {'state': 'heartbeat', 'worker_id': 13065}
2019-01-17 10:37:58,288 - tornado.application - INFO - #################  send msg to client successfully,the msg is as follow:  #################
2019-01-17 10:38:18,311 - tornado.application - INFO - {'state': 'heartbeat', 'worker_id': 13065}
2019-01-17 10:38:38,331 - tornado.application - INFO - #################  send msg to client successfully,the msg is as follow:  #################
2019-01-17 10:38:38,331 - tornado.application - INFO - {'state': 'heartbeat', 'worker_id': 13065}
2019-01-17 10:38:54,218 - tornado.application - INFO - receive message
2019-01-17 10:38:54,219 - tornado.application - INFO - #################  send msg to client successfully,the msg is as follow:  #################
2019-01-17 10:39:01,265 - tornado.application - ERROR - Error sending error message: Traceback (most recent call last):
    format(target_id, ".", name), value)
py4j.protocol.Py4JJavaError: An error occurred while calling o257.csv.
	at scala.collection.immutable.List.foreach(List.scala:381)
	at org.apache.spark.sql.execution.datasources.DataSource.resolveRelation(DataSource.scala:388)
	at org.apache.spark.sql.DataFrameReader.loadV1Source(DataFrameReader.scala:239)
	at org.apache.spark.sql.DataFrameReader.load(DataFrameReader.scala:227)
	at py4j.commands.AbstractCommand.invokeMethod(AbstractCommand.java:132)

    inferSchema=True).repartition(50)
  File "/server/app/anaconda3/lib/python3.6/site-packages/pyspark/sql/readwriter.py", line 439, in csv
    return self._df(self._jreader.csv(self._spark._sc._jvm.PythonUtils.toSeq(path)))
  File "/server/app/anaconda3/lib/python3.6/site-packages/py4j/java_gateway.py", line 1133, in __call__
pyspark.sql.utils.AnalysisException: 'Path does not exist: hdfs://namenode.ai.test.com:8020/home/jerry/geoplatform/gai_platform/data/feature_filter/fill_null_4000lie.csv;'
2019-01-17 10:39:01,266 - tornado.application - INFO - IDLE
8888
2019-01-17 10:39:31,321 - tornado.application - INFO - #################  send msg to client successfully,the msg is as follow:  #################
To adjust logging level use sc.setLogLevel(newLevel). For SparkR, use setLogLevel(newLevel).
19/01/17 10:40:21 WARN Utils: Service 'SparkUI' could not bind on port 4040. Attempting port 4041.
To adjust logging level use sc.setLogLevel(newLevel). For SparkR, use setLogLevel(newLevel).
2019-01-17 10:47:13,008 - tornado.application - INFO - {'state': 'heartbeat', 'worker_id': 6433}
2019-01-17 10:47:33,039 - tornado.application - INFO - #################  send msg to client successfully,the msg is as follow:  #################
2019-01-17 10:47:53,059 - tornado.application - INFO - {'state': 'heartbeat', 'worker_id': 6433}
2019-01-17 10:50:13,227 - tornado.application - INFO - {'state': 'heartbeat', 'worker_id': 6433}
2019-01-17 10:51:33,302 - tornado.application - INFO - #################  send msg to client successfully,the msg is as follow:  #################
2019-01-17 10:52:33,369 - tornado.application - INFO - #################  send msg to client successfully,the msg is as follow:  #################
2019-01-17 10:53:33,427 - tornado.application - INFO - #################  send msg to client successfully,the msg is as follow:  #################
2019-01-17 10:54:13,482 - tornado.application - INFO - #################  send msg to client successfully,the msg is as follow:  #################
2019-01-17 10:54:33,504 - tornado.application - INFO - #################  send msg to client successfully,the msg is as follow:  #################
2019-01-17 10:54:33,504 - tornado.application - INFO - {'state': 'heartbeat', 'worker_id': 6433}
2019-01-17 10:54:53,532 - tornado.application - INFO - {'state': 'heartbeat', 'worker_id': 6433}
2019-01-17 10:55:13,553 - tornado.application - INFO - {'state': 'heartbeat', 'worker_id': 6433}
2019-01-17 10:55:33,575 - tornado.application - INFO - #################  send msg to client successfully,the msg is as follow:  #################
2019-01-17 10:58:36,917 - tornado.application - INFO - run in worker model worker
Setting default log level to "WARN".
To adjust logging level use sc.setLogLevel(newLevel). For SparkR, use setLogLevel(newLevel).
19/01/17 10:58:49 WARN Utils: Service 'SparkUI' could not bind on port 4040. Attempting port 4041.
	at py4j.reflection.ReflectionEngine.invoke(ReflectionEngine.java:357)
	at py4j.Gateway.invoke(Gateway.java:238)
	at py4j.commands.ConstructorCommand.invokeConstructor(ConstructorCommand.java:80)
	at py4j.reflection.MethodInvoker.invoke(MethodInvoker.java:247)
	at py4j.commands.ConstructorCommand.execute(ConstructorCommand.java:69)
19/01/17 10:58:59 ERROR SparkContext: Error initializing SparkContext.
	at org.apache.hadoop.fs.RawLocalFileSystem.getFileStatus(RawLocalFileSystem.java:614)
	at org.apache.spark.deploy.yarn.Client$$anonfun$prepareLocalResources$13.apply(Client.scala:612)
	at scala.collection.immutable.List.foreach(List.scala:381)
	at sun.reflect.NativeConstructorAccessorImpl.newInstance0(Native Method)
	at py4j.Gateway.invoke(Gateway.java:238)
worker
Traceback (most recent call last):
  File "/opt/www/gai_spark_connection/server.py", line 48, in <module>
  File "/opt/www/gai_spark_connection/server.py", line 29, in main
    self.sparkcontext = GaiSparkContext()
  File "/server/app/anaconda3/lib/python3.6/site-packages/py4j/java_gateway.py", line 1401, in __call__
	at org.apache.spark.deploy.yarn.Client.org$apache$spark$deploy$yarn$Client$$distribute$1(Client.scala:478)
	at org.apache.spark.SparkContext.<init>(SparkContext.scala:500)
	at sun.reflect.NativeConstructorAccessorImpl.newInstance(NativeConstructorAccessorImpl.java:62)
	at py4j.reflection.MethodInvoker.invoke(MethodInvoker.java:247)

